Component: ARM Compiler 6.16 Tool: armlink [5dfeaa00]

==============================================================================

Section Cross References

    cm4_boot_main.o(.ARM.exidx.text.main) refers to cm4_boot_main.o(.text.main) for [Anonymous Symbol]
    iap_18xx_43xx.o(.ARM.exidx.text.Chip_IAP_PreSectorForReadWrite) refers to iap_18xx_43xx.o(.text.Chip_IAP_PreSectorForReadWrite) for [Anonymous Symbol]
    iap_18xx_43xx.o(.text.Chip_IAP_CopyRamToFlash) refers to system_lpc43xx.o(.data.SystemCoreClock) for SystemCoreClock
    iap_18xx_43xx.o(.ARM.exidx.text.Chip_IAP_CopyRamToFlash) refers to iap_18xx_43xx.o(.text.Chip_IAP_CopyRamToFlash) for [Anonymous Symbol]
    iap_18xx_43xx.o(.text.Chip_IAP_EraseSector) refers to system_lpc43xx.o(.data.SystemCoreClock) for SystemCoreClock
    iap_18xx_43xx.o(.ARM.exidx.text.Chip_IAP_EraseSector) refers to iap_18xx_43xx.o(.text.Chip_IAP_EraseSector) for [Anonymous Symbol]
    iap_18xx_43xx.o(.ARM.exidx.text.Chip_IAP_BlankCheckSector) refers to iap_18xx_43xx.o(.text.Chip_IAP_BlankCheckSector) for [Anonymous Symbol]
    iap_18xx_43xx.o(.ARM.exidx.text.Chip_IAP_ReadPID) refers to iap_18xx_43xx.o(.text.Chip_IAP_ReadPID) for [Anonymous Symbol]
    iap_18xx_43xx.o(.ARM.exidx.text.Chip_IAP_ReadBootCode) refers to iap_18xx_43xx.o(.text.Chip_IAP_ReadBootCode) for [Anonymous Symbol]
    iap_18xx_43xx.o(.ARM.exidx.text.Chip_IAP_Compare) refers to iap_18xx_43xx.o(.text.Chip_IAP_Compare) for [Anonymous Symbol]
    iap_18xx_43xx.o(.ARM.exidx.text.Chip_IAP_ReinvokeISP) refers to iap_18xx_43xx.o(.text.Chip_IAP_ReinvokeISP) for [Anonymous Symbol]
    iap_18xx_43xx.o(.ARM.exidx.text.Chip_IAP_ReadUID) refers to iap_18xx_43xx.o(.text.Chip_IAP_ReadUID) for [Anonymous Symbol]
    iap_18xx_43xx.o(.text.Chip_IAP_ErasePage) refers to system_lpc43xx.o(.data.SystemCoreClock) for SystemCoreClock
    iap_18xx_43xx.o(.ARM.exidx.text.Chip_IAP_ErasePage) refers to iap_18xx_43xx.o(.text.Chip_IAP_ErasePage) for [Anonymous Symbol]
    iap_18xx_43xx.o(.text.Chip_IAP_SetBootFlashBank) refers to system_lpc43xx.o(.data.SystemCoreClock) for SystemCoreClock
    iap_18xx_43xx.o(.ARM.exidx.text.Chip_IAP_SetBootFlashBank) refers to iap_18xx_43xx.o(.text.Chip_IAP_SetBootFlashBank) for [Anonymous Symbol]
    iap_18xx_43xx.o(.text.Chip_IAP_Init) refers to iap_18xx_43xx.o(.rodata.cst16) for .L__const.Chip_IAP_Init.result
    iap_18xx_43xx.o(.ARM.exidx.text.Chip_IAP_Init) refers to iap_18xx_43xx.o(.text.Chip_IAP_Init) for [Anonymous Symbol]
    ssp_lpc43xx.o(.ARM.exidx.text.SSPx_GPDMA_Tx_SignalEvent) refers to ssp_lpc43xx.o(.text.SSPx_GPDMA_Tx_SignalEvent) for [Anonymous Symbol]
    ssp_lpc43xx.o(.ARM.exidx.text.SSPx_GPDMA_Rx_SignalEvent) refers to ssp_lpc43xx.o(.text.SSPx_GPDMA_Rx_SignalEvent) for [Anonymous Symbol]
    ssp_lpc43xx.o(.text.SSP0_GPDMA_Tx_SignalEvent) refers to ssp_lpc43xx.o(.bss.SSP0_Xfer) for SSP0_Xfer
    ssp_lpc43xx.o(.ARM.exidx.text.SSP0_GPDMA_Tx_SignalEvent) refers to ssp_lpc43xx.o(.text.SSP0_GPDMA_Tx_SignalEvent) for [Anonymous Symbol]
    ssp_lpc43xx.o(.text.SSP0_GPDMA_Rx_SignalEvent) refers to ssp_lpc43xx.o(.bss.SSP0_Xfer) for SSP0_Xfer
    ssp_lpc43xx.o(.text.SSP0_GPDMA_Rx_SignalEvent) refers to ssp_lpc43xx.o(.bss.SSP0_Info.0) for SSP0_Info.0
    ssp_lpc43xx.o(.text.SSP0_GPDMA_Rx_SignalEvent) refers to ssp_lpc43xx.o(.bss.SSP0_Info.1.0) for SSP0_Info.1.0
    ssp_lpc43xx.o(.ARM.exidx.text.SSP0_GPDMA_Rx_SignalEvent) refers to ssp_lpc43xx.o(.text.SSP0_GPDMA_Rx_SignalEvent) for [Anonymous Symbol]
    ssp_lpc43xx.o(.text.SSP0_IRQHandler) refers to ssp_lpc43xx.o(.bss.SSP0_Xfer) for SSP0_Xfer
    ssp_lpc43xx.o(.text.SSP0_IRQHandler) refers to ssp_lpc43xx.o(.bss.SSP0_Info.0) for SSP0_Info.0
    ssp_lpc43xx.o(.text.SSP0_IRQHandler) refers to ssp_lpc43xx.o(.bss.SSP0_Info.1.0) for SSP0_Info.1.0
    ssp_lpc43xx.o(.text.SSP0_IRQHandler) refers to ssp_lpc43xx.o(.bss.SSP0_Info.1.1) for SSP0_Info.1.1
    ssp_lpc43xx.o(.ARM.exidx.text.SSP0_IRQHandler) refers to ssp_lpc43xx.o(.text.SSP0_IRQHandler) for [Anonymous Symbol]
    ssp_lpc43xx.o(.ARM.exidx.text.SSP_GetVersion) refers to ssp_lpc43xx.o(.text.SSP_GetVersion) for [Anonymous Symbol]
    ssp_lpc43xx.o(.ARM.exidx.text.SSP_GetCapabilities) refers to ssp_lpc43xx.o(.text.SSP_GetCapabilities) for [Anonymous Symbol]
    ssp_lpc43xx.o(.text.SSP0_Initialize) refers to ssp_lpc43xx.o(.bss.SSP0_Info.3) for SSP0_Info.3
    ssp_lpc43xx.o(.text.SSP0_Initialize) refers to ssp_lpc43xx.o(.bss.SSP0_Info.0) for SSP0_Info.0
    ssp_lpc43xx.o(.text.SSP0_Initialize) refers to ssp_lpc43xx.o(.bss.SSP0_Info.1.0) for SSP0_Info.1.0
    ssp_lpc43xx.o(.text.SSP0_Initialize) refers to ssp_lpc43xx.o(.bss.SSP0_Info.1.1) for SSP0_Info.1.1
    ssp_lpc43xx.o(.text.SSP0_Initialize) refers to ssp_lpc43xx.o(.bss.SSP0_Xfer) for SSP0_Xfer
    ssp_lpc43xx.o(.text.SSP0_Initialize) refers to scu_lpc43xx.o(.text.SCU_PinConfigure) for SCU_PinConfigure
    ssp_lpc43xx.o(.ARM.exidx.text.SSP0_Initialize) refers to ssp_lpc43xx.o(.text.SSP0_Initialize) for [Anonymous Symbol]
    ssp_lpc43xx.o(.text.SSP0_Uninitialize) refers to scu_lpc43xx.o(.text.SCU_PinConfigure) for SCU_PinConfigure
    ssp_lpc43xx.o(.text.SSP0_Uninitialize) refers to ssp_lpc43xx.o(.bss.SSP0_Info.3) for SSP0_Info.3
    ssp_lpc43xx.o(.ARM.exidx.text.SSP0_Uninitialize) refers to ssp_lpc43xx.o(.text.SSP0_Uninitialize) for [Anonymous Symbol]
    ssp_lpc43xx.o(.text.SSP0_PowerControl) refers to system_lpc43xx.o(.data.SystemCoreClock) for SystemCoreClock
    ssp_lpc43xx.o(.text.SSP0_PowerControl) refers to ssp_lpc43xx.o(.bss.SSP0_Info.1.0) for SSP0_Info.1.0
    ssp_lpc43xx.o(.text.SSP0_PowerControl) refers to ssp_lpc43xx.o(.bss.SSP0_Info.1.1) for SSP0_Info.1.1
    ssp_lpc43xx.o(.text.SSP0_PowerControl) refers to ssp_lpc43xx.o(.bss.SSP0_Info.3) for SSP0_Info.3
    ssp_lpc43xx.o(.text.SSP0_PowerControl) refers to ssp_lpc43xx.o(.bss.SSP0_Xfer) for SSP0_Xfer
    ssp_lpc43xx.o(.ARM.exidx.text.SSP0_PowerControl) refers to ssp_lpc43xx.o(.text.SSP0_PowerControl) for [Anonymous Symbol]
    ssp_lpc43xx.o(.text.SSP0_Send) refers to ssp_lpc43xx.o(.bss.SSP0_Info.3) for SSP0_Info.3
    ssp_lpc43xx.o(.text.SSP0_Send) refers to ssp_lpc43xx.o(.bss.SSP0_Info.1.0) for SSP0_Info.1.0
    ssp_lpc43xx.o(.text.SSP0_Send) refers to ssp_lpc43xx.o(.bss.SSP0_Info.1.1) for SSP0_Info.1.1
    ssp_lpc43xx.o(.text.SSP0_Send) refers to ssp_lpc43xx.o(.bss.SSP0_Xfer) for SSP0_Xfer
    ssp_lpc43xx.o(.ARM.exidx.text.SSP0_Send) refers to ssp_lpc43xx.o(.text.SSP0_Send) for [Anonymous Symbol]
    ssp_lpc43xx.o(.text.SSP0_Receive) refers to ssp_lpc43xx.o(.bss.SSP0_Info.3) for SSP0_Info.3
    ssp_lpc43xx.o(.text.SSP0_Receive) refers to ssp_lpc43xx.o(.bss.SSP0_Info.1.0) for SSP0_Info.1.0
    ssp_lpc43xx.o(.text.SSP0_Receive) refers to ssp_lpc43xx.o(.bss.SSP0_Info.1.1) for SSP0_Info.1.1
    ssp_lpc43xx.o(.text.SSP0_Receive) refers to ssp_lpc43xx.o(.bss.SSP0_Xfer) for SSP0_Xfer
    ssp_lpc43xx.o(.ARM.exidx.text.SSP0_Receive) refers to ssp_lpc43xx.o(.text.SSP0_Receive) for [Anonymous Symbol]
    ssp_lpc43xx.o(.text.SSP0_Transfer) refers to ssp_lpc43xx.o(.bss.SSP0_Info.3) for SSP0_Info.3
    ssp_lpc43xx.o(.text.SSP0_Transfer) refers to ssp_lpc43xx.o(.bss.SSP0_Info.1.0) for SSP0_Info.1.0
    ssp_lpc43xx.o(.text.SSP0_Transfer) refers to ssp_lpc43xx.o(.bss.SSP0_Info.1.1) for SSP0_Info.1.1
    ssp_lpc43xx.o(.text.SSP0_Transfer) refers to ssp_lpc43xx.o(.bss.SSP0_Xfer) for SSP0_Xfer
    ssp_lpc43xx.o(.ARM.exidx.text.SSP0_Transfer) refers to ssp_lpc43xx.o(.text.SSP0_Transfer) for [Anonymous Symbol]
    ssp_lpc43xx.o(.text.SSP0_GetDataCount) refers to ssp_lpc43xx.o(.bss.SSP0_Info.3) for SSP0_Info.3
    ssp_lpc43xx.o(.text.SSP0_GetDataCount) refers to ssp_lpc43xx.o(.bss.SSP0_Xfer) for SSP0_Xfer
    ssp_lpc43xx.o(.ARM.exidx.text.SSP0_GetDataCount) refers to ssp_lpc43xx.o(.text.SSP0_GetDataCount) for [Anonymous Symbol]
    ssp_lpc43xx.o(.text.SSP0_Control) refers to ssp_lpc43xx.o(.bss.SSP0_Info.3) for SSP0_Info.3
    ssp_lpc43xx.o(.text.SSP0_Control) refers to ssp_lpc43xx.o(.bss.SSP0_Xfer) for SSP0_Xfer
    ssp_lpc43xx.o(.text.SSP0_Control) refers to ssp_lpc43xx.o(.bss.SSP0_Info.1.0) for SSP0_Info.1.0
    ssp_lpc43xx.o(.text.SSP0_Control) refers to ssp_lpc43xx.o(.bss.SSP0_Info.2) for SSP0_Info.2
    ssp_lpc43xx.o(.text.SSP0_Control) refers to system_lpc43xx.o(.text.GetClockFreq) for GetClockFreq
    ssp_lpc43xx.o(.text.SSP0_Control) refers to gpio_lpc43xx.o(.text.GPIO_PinWrite) for GPIO_PinWrite
    ssp_lpc43xx.o(.text.SSP0_Control) refers to scu_lpc43xx.o(.text.SCU_PinConfigure) for SCU_PinConfigure
    ssp_lpc43xx.o(.text.SSP0_Control) refers to gpio_lpc43xx.o(.text.GPIO_SetDir) for GPIO_SetDir
    ssp_lpc43xx.o(.ARM.exidx.text.SSP0_Control) refers to ssp_lpc43xx.o(.text.SSP0_Control) for [Anonymous Symbol]
    ssp_lpc43xx.o(.text.SSP0_GetStatus) refers to ssp_lpc43xx.o(.bss.SSP0_Info.1.0) for SSP0_Info.1.0
    ssp_lpc43xx.o(.text.SSP0_GetStatus) refers to ssp_lpc43xx.o(.bss.SSP0_Info.1.1) for SSP0_Info.1.1
    ssp_lpc43xx.o(.ARM.exidx.text.SSP0_GetStatus) refers to ssp_lpc43xx.o(.text.SSP0_GetStatus) for [Anonymous Symbol]
    ssp_lpc43xx.o(.rodata.Driver_SPI0) refers to ssp_lpc43xx.o(.text.SSP_GetVersion) for SSP_GetVersion
    ssp_lpc43xx.o(.rodata.Driver_SPI0) refers to ssp_lpc43xx.o(.text.SSP_GetCapabilities) for SSP_GetCapabilities
    ssp_lpc43xx.o(.rodata.Driver_SPI0) refers to ssp_lpc43xx.o(.text.SSP0_Initialize) for SSP0_Initialize
    ssp_lpc43xx.o(.rodata.Driver_SPI0) refers to ssp_lpc43xx.o(.text.SSP0_Uninitialize) for SSP0_Uninitialize
    ssp_lpc43xx.o(.rodata.Driver_SPI0) refers to ssp_lpc43xx.o(.text.SSP0_PowerControl) for SSP0_PowerControl
    ssp_lpc43xx.o(.rodata.Driver_SPI0) refers to ssp_lpc43xx.o(.text.SSP0_Send) for SSP0_Send
    ssp_lpc43xx.o(.rodata.Driver_SPI0) refers to ssp_lpc43xx.o(.text.SSP0_Receive) for SSP0_Receive
    ssp_lpc43xx.o(.rodata.Driver_SPI0) refers to ssp_lpc43xx.o(.text.SSP0_Transfer) for SSP0_Transfer
    ssp_lpc43xx.o(.rodata.Driver_SPI0) refers to ssp_lpc43xx.o(.text.SSP0_GetDataCount) for SSP0_GetDataCount
    ssp_lpc43xx.o(.rodata.Driver_SPI0) refers to ssp_lpc43xx.o(.text.SSP0_Control) for SSP0_Control
    ssp_lpc43xx.o(.rodata.Driver_SPI0) refers to ssp_lpc43xx.o(.text.SSP0_GetStatus) for SSP0_GetStatus
    gpdma_lpc43xx.o(.text.GPDMA_Initialize) refers to gpdma_lpc43xx.o(.bss.Init_cnt) for Init_cnt
    gpdma_lpc43xx.o(.text.GPDMA_Initialize) refers to system_lpc43xx.o(.data.SystemCoreClock) for SystemCoreClock
    gpdma_lpc43xx.o(.text.GPDMA_Initialize) refers to gpdma_lpc43xx.o(.bss.Channel_info) for Channel_info
    gpdma_lpc43xx.o(.ARM.exidx.text.GPDMA_Initialize) refers to gpdma_lpc43xx.o(.text.GPDMA_Initialize) for [Anonymous Symbol]
    gpdma_lpc43xx.o(.text.GPDMA_Uninitialize) refers to gpdma_lpc43xx.o(.bss.Init_cnt) for Init_cnt
    gpdma_lpc43xx.o(.ARM.exidx.text.GPDMA_Uninitialize) refers to gpdma_lpc43xx.o(.text.GPDMA_Uninitialize) for [Anonymous Symbol]
    gpdma_lpc43xx.o(.ARM.exidx.text.GPDMA_PeripheralSelect) refers to gpdma_lpc43xx.o(.text.GPDMA_PeripheralSelect) for [Anonymous Symbol]
    gpdma_lpc43xx.o(.text.GPDMA_ChannelConfigure) refers to gpdma_lpc43xx.o(.bss.Channel_active) for Channel_active
    gpdma_lpc43xx.o(.text.GPDMA_ChannelConfigure) refers to gpdma_lpc43xx.o(.bss.Channel_info) for Channel_info
    gpdma_lpc43xx.o(.text.GPDMA_ChannelConfigure) refers to system_lpc43xx.o(.data.SystemCoreClock) for SystemCoreClock
    gpdma_lpc43xx.o(.ARM.exidx.text.GPDMA_ChannelConfigure) refers to gpdma_lpc43xx.o(.text.GPDMA_ChannelConfigure) for [Anonymous Symbol]
    gpdma_lpc43xx.o(.text.GPDMA_ChannelEnable) refers to gpdma_lpc43xx.o(.bss.Channel_active) for Channel_active
    gpdma_lpc43xx.o(.ARM.exidx.text.GPDMA_ChannelEnable) refers to gpdma_lpc43xx.o(.text.GPDMA_ChannelEnable) for [Anonymous Symbol]
    gpdma_lpc43xx.o(.text.GPDMA_ChannelDisable) refers to gpdma_lpc43xx.o(.bss.Channel_active) for Channel_active
    gpdma_lpc43xx.o(.ARM.exidx.text.GPDMA_ChannelDisable) refers to gpdma_lpc43xx.o(.text.GPDMA_ChannelDisable) for [Anonymous Symbol]
    gpdma_lpc43xx.o(.text.GPDMA_ChannelGetStatus) refers to gpdma_lpc43xx.o(.bss.Channel_active) for Channel_active
    gpdma_lpc43xx.o(.ARM.exidx.text.GPDMA_ChannelGetStatus) refers to gpdma_lpc43xx.o(.text.GPDMA_ChannelGetStatus) for [Anonymous Symbol]
    gpdma_lpc43xx.o(.text.GPDMA_ChannelGetCount) refers to gpdma_lpc43xx.o(.bss.Channel_info) for Channel_info
    gpdma_lpc43xx.o(.ARM.exidx.text.GPDMA_ChannelGetCount) refers to gpdma_lpc43xx.o(.text.GPDMA_ChannelGetCount) for [Anonymous Symbol]
    gpdma_lpc43xx.o(.text.DMA_IRQHandler) refers to gpdma_lpc43xx.o(.bss.Channel_active) for Channel_active
    gpdma_lpc43xx.o(.text.DMA_IRQHandler) refers to gpdma_lpc43xx.o(.bss.Channel_info) for Channel_info
    gpdma_lpc43xx.o(.ARM.exidx.text.DMA_IRQHandler) refers to gpdma_lpc43xx.o(.text.DMA_IRQHandler) for [Anonymous Symbol]
    gpio_lpc43xx.o(.text.GPIO_PortClock) refers to system_lpc43xx.o(.data.SystemCoreClock) for SystemCoreClock
    gpio_lpc43xx.o(.ARM.exidx.text.GPIO_PortClock) refers to gpio_lpc43xx.o(.text.GPIO_PortClock) for [Anonymous Symbol]
    gpio_lpc43xx.o(.ARM.exidx.text.GPIO_SetDir) refers to gpio_lpc43xx.o(.text.GPIO_SetDir) for [Anonymous Symbol]
    gpio_lpc43xx.o(.ARM.exidx.text.GPIO_PinWrite) refers to gpio_lpc43xx.o(.text.GPIO_PinWrite) for [Anonymous Symbol]
    gpio_lpc43xx.o(.ARM.exidx.text.GPIO_PinRead) refers to gpio_lpc43xx.o(.text.GPIO_PinRead) for [Anonymous Symbol]
    gpio_lpc43xx.o(.ARM.exidx.text.GPIO_PortWrite) refers to gpio_lpc43xx.o(.text.GPIO_PortWrite) for [Anonymous Symbol]
    gpio_lpc43xx.o(.ARM.exidx.text.GPIO_PortRead) refers to gpio_lpc43xx.o(.text.GPIO_PortRead) for [Anonymous Symbol]
    scu_lpc43xx.o(.ARM.exidx.text.SCU_PinConfigure) refers to scu_lpc43xx.o(.text.SCU_PinConfigure) for [Anonymous Symbol]
    scu_lpc43xx.o(.ARM.exidx.text.SCU_CLK_PinConfigure) refers to scu_lpc43xx.o(.text.SCU_CLK_PinConfigure) for [Anonymous Symbol]
    scu_lpc43xx.o(.ARM.exidx.text.SCU_USB1_PinConfigure) refers to scu_lpc43xx.o(.text.SCU_USB1_PinConfigure) for [Anonymous Symbol]
    scu_lpc43xx.o(.ARM.exidx.text.SCU_I2C_PinConfigure) refers to scu_lpc43xx.o(.text.SCU_I2C_PinConfigure) for [Anonymous Symbol]
    scu_lpc43xx.o(.ARM.exidx.text.SCU_ADC_ChannelPinConfigure) refers to scu_lpc43xx.o(.text.SCU_ADC_ChannelPinConfigure) for [Anonymous Symbol]
    scu_lpc43xx.o(.ARM.exidx.text.SCU_DAC_PinConfigure) refers to scu_lpc43xx.o(.text.SCU_DAC_PinConfigure) for [Anonymous Symbol]
    scu_lpc43xx.o(.ARM.exidx.text.SCU_PinInterruptSourceSelect) refers to scu_lpc43xx.o(.text.SCU_PinInterruptSourceSelect) for [Anonymous Symbol]
    startup_lpc43xx.o(STACK) refers (Special) to heapauxi.o(.text) for __use_two_region_memory
    startup_lpc43xx.o(HEAP) refers (Special) to heapauxi.o(.text) for __use_two_region_memory
    startup_lpc43xx.o(RESET) refers (Special) to heapauxi.o(.text) for __use_two_region_memory
    startup_lpc43xx.o(RESET) refers to startup_lpc43xx.o(STACK) for __initial_sp
    startup_lpc43xx.o(RESET) refers to startup_lpc43xx.o(.text) for Reset_Handler
    startup_lpc43xx.o(RESET) refers to gpdma_lpc43xx.o(.text.DMA_IRQHandler) for DMA_IRQHandler
    startup_lpc43xx.o(RESET) refers to ssp_lpc43xx.o(.text.SSP0_IRQHandler) for SSP0_IRQHandler
    startup_lpc43xx.o(.text) refers (Special) to heapauxi.o(.text) for __use_two_region_memory
    startup_lpc43xx.o(.text) refers to system_lpc43xx.o(.text.SystemInit) for SystemInit
    startup_lpc43xx.o(.text) refers to __main.o(!!!main) for __main
    startup_lpc43xx.o(.text) refers to startup_lpc43xx.o(HEAP) for Heap_Mem
    startup_lpc43xx.o(.text) refers to startup_lpc43xx.o(STACK) for Stack_Mem
    system_lpc43xx.o(.ARM.exidx.text.MeasureFreq) refers to system_lpc43xx.o(.text.MeasureFreq) for [Anonymous Symbol]
    system_lpc43xx.o(.ARM.exidx.text.GetClockFreq) refers to system_lpc43xx.o(.text.GetClockFreq) for [Anonymous Symbol]
    system_lpc43xx.o(.text.SystemCoreClockUpdate) refers to system_lpc43xx.o(.text.GetClockFreq) for GetClockFreq
    system_lpc43xx.o(.text.SystemCoreClockUpdate) refers to system_lpc43xx.o(.data.SystemCoreClock) for SystemCoreClock
    system_lpc43xx.o(.ARM.exidx.text.SystemCoreClockUpdate) refers to system_lpc43xx.o(.text.SystemCoreClockUpdate) for [Anonymous Symbol]
    system_lpc43xx.o(.text.SystemInit) refers to startup_lpc43xx.o(RESET) for __Vectors
    system_lpc43xx.o(.text.SystemInit) refers to system_lpc43xx.o(.text.GetClockFreq) for GetClockFreq
    system_lpc43xx.o(.text.SystemInit) refers to system_lpc43xx.o(.data.SystemCoreClock) for SystemCoreClock
    system_lpc43xx.o(.text.SystemInit) refers to lludivv7m.o(.text) for __aeabi_uldivmod
    system_lpc43xx.o(.ARM.exidx.text.SystemInit) refers to system_lpc43xx.o(.text.SystemInit) for [Anonymous Symbol]
    __main.o(!!!main) refers to __rtentry.o(.ARM.Collect$$rtentry$$00000000) for __rt_entry
    __rtentry.o(.ARM.Collect$$rtentry$$00000000) refers (Special) to __rtentry2.o(.ARM.Collect$$rtentry$$0000000A) for __rt_entry_li
    __rtentry.o(.ARM.Collect$$rtentry$$00000000) refers (Special) to __rtentry2.o(.ARM.Collect$$rtentry$$0000000D) for __rt_entry_main
    __rtentry.o(.ARM.Collect$$rtentry$$00000000) refers (Special) to __rtentry2.o(.ARM.Collect$$rtentry$$0000000C) for __rt_entry_postli_1
    __rtentry.o(.ARM.Collect$$rtentry$$00000000) refers (Special) to __rtentry2.o(.ARM.Collect$$rtentry$$00000009) for __rt_entry_postsh_1
    __rtentry.o(.ARM.Collect$$rtentry$$00000000) refers (Special) to __rtentry2.o(.ARM.Collect$$rtentry$$00000002) for __rt_entry_presh_1
    __rtentry.o(.ARM.Collect$$rtentry$$00000000) refers (Special) to __rtentry4.o(.ARM.Collect$$rtentry$$00000004) for __rt_entry_sh
    aeabi_ldiv0_sigfpe.o(.text) refers to rt_div0.o(.text) for __rt_div0
    __rtentry2.o(.ARM.Collect$$rtentry$$00000008) refers to boardinit2.o(.text) for _platform_post_stackheap_init
    __rtentry2.o(.ARM.Collect$$rtentry$$0000000A) refers to libinit.o(.ARM.Collect$$libinit$$00000000) for __rt_lib_init
    __rtentry2.o(.ARM.Collect$$rtentry$$0000000B) refers to boardinit3.o(.text) for _platform_post_lib_init
    __rtentry2.o(.ARM.Collect$$rtentry$$0000000D) refers to cm4_boot_main.o(.text.main) for main
    __rtentry2.o(.ARM.Collect$$rtentry$$0000000D) refers to exit.o(.text) for exit
    __rtentry2.o(.ARM.exidx) refers to __rtentry2.o(.ARM.Collect$$rtentry$$00000001) for .ARM.Collect$$rtentry$$00000001
    __rtentry2.o(.ARM.exidx) refers to __rtentry2.o(.ARM.Collect$$rtentry$$00000008) for .ARM.Collect$$rtentry$$00000008
    __rtentry2.o(.ARM.exidx) refers to __rtentry2.o(.ARM.Collect$$rtentry$$0000000A) for .ARM.Collect$$rtentry$$0000000A
    __rtentry2.o(.ARM.exidx) refers to __rtentry2.o(.ARM.Collect$$rtentry$$0000000B) for .ARM.Collect$$rtentry$$0000000B
    __rtentry2.o(.ARM.exidx) refers to __rtentry2.o(.ARM.Collect$$rtentry$$0000000D) for .ARM.Collect$$rtentry$$0000000D
    __rtentry4.o(.ARM.Collect$$rtentry$$00000004) refers to sys_stackheap_outer.o(.text) for __user_setup_stackheap
    __rtentry4.o(.ARM.exidx) refers to __rtentry4.o(.ARM.Collect$$rtentry$$00000004) for .ARM.Collect$$rtentry$$00000004
    rt_div0.o(.text) refers to defsig_fpe_outer.o(.text) for __rt_SIGFPE
    sys_stackheap_outer.o(.text) refers to libspace.o(.text) for __user_perproc_libspace
    sys_stackheap_outer.o(.text) refers to startup_lpc43xx.o(.text) for __user_initial_stackheap
    exit.o(.text) refers to rtexit.o(.ARM.Collect$$rtexit$$00000000) for __rt_exit
    defsig_fpe_outer.o(.text) refers to defsig_fpe_inner.o(.text) for __rt_SIGFPE_inner
    defsig_fpe_outer.o(.text) refers to defsig_exit.o(.text) for __sig_exit
    defsig_fpe_formal.o(.text) refers to rt_raise.o(.text) for __rt_raise
    libinit.o(.ARM.Collect$$libinit$$00000000) refers (Special) to libinit2.o(.ARM.Collect$$libinit$$0000002E) for __rt_lib_init_alloca_1
    libinit.o(.ARM.Collect$$libinit$$00000000) refers (Special) to libinit2.o(.ARM.Collect$$libinit$$0000002C) for __rt_lib_init_argv_1
    libinit.o(.ARM.Collect$$libinit$$00000000) refers (Special) to libinit2.o(.ARM.Collect$$libinit$$0000001B) for __rt_lib_init_atexit_1
    libinit.o(.ARM.Collect$$libinit$$00000000) refers (Special) to libinit2.o(.ARM.Collect$$libinit$$00000021) for __rt_lib_init_clock_1
    libinit.o(.ARM.Collect$$libinit$$00000000) refers (Special) to libinit2.o(.ARM.Collect$$libinit$$00000032) for __rt_lib_init_cpp_1
    libinit.o(.ARM.Collect$$libinit$$00000000) refers (Special) to libinit2.o(.ARM.Collect$$libinit$$00000030) for __rt_lib_init_exceptions_1
    libinit.o(.ARM.Collect$$libinit$$00000000) refers (Special) to libinit2.o(.ARM.Collect$$libinit$$00000001) for __rt_lib_init_fp_1
    libinit.o(.ARM.Collect$$libinit$$00000000) refers (Special) to libinit2.o(.ARM.Collect$$libinit$$0000001F) for __rt_lib_init_fp_trap_1
    libinit.o(.ARM.Collect$$libinit$$00000000) refers (Special) to libinit2.o(.ARM.Collect$$libinit$$00000023) for __rt_lib_init_getenv_1
    libinit.o(.ARM.Collect$$libinit$$00000000) refers (Special) to libinit2.o(.ARM.Collect$$libinit$$0000000A) for __rt_lib_init_heap_1
    libinit.o(.ARM.Collect$$libinit$$00000000) refers (Special) to libinit2.o(.ARM.Collect$$libinit$$00000011) for __rt_lib_init_lc_collate_1
    libinit.o(.ARM.Collect$$libinit$$00000000) refers (Special) to libinit2.o(.ARM.Collect$$libinit$$00000013) for __rt_lib_init_lc_ctype_1
    libinit.o(.ARM.Collect$$libinit$$00000000) refers (Special) to libinit2.o(.ARM.Collect$$libinit$$00000015) for __rt_lib_init_lc_monetary_1
    libinit.o(.ARM.Collect$$libinit$$00000000) refers (Special) to libinit2.o(.ARM.Collect$$libinit$$00000017) for __rt_lib_init_lc_numeric_1
    libinit.o(.ARM.Collect$$libinit$$00000000) refers (Special) to libinit2.o(.ARM.Collect$$libinit$$00000019) for __rt_lib_init_lc_time_1
    libinit.o(.ARM.Collect$$libinit$$00000000) refers (Special) to libinit2.o(.ARM.Collect$$libinit$$00000004) for __rt_lib_init_preinit_1
    libinit.o(.ARM.Collect$$libinit$$00000000) refers (Special) to libinit2.o(.ARM.Collect$$libinit$$0000000E) for __rt_lib_init_rand_1
    libinit.o(.ARM.Collect$$libinit$$00000000) refers (Special) to libinit2.o(.ARM.Collect$$libinit$$00000033) for __rt_lib_init_return
    libinit.o(.ARM.Collect$$libinit$$00000000) refers (Special) to libinit2.o(.ARM.Collect$$libinit$$0000001D) for __rt_lib_init_signal_1
    libinit.o(.ARM.Collect$$libinit$$00000000) refers (Special) to libinit2.o(.ARM.Collect$$libinit$$00000025) for __rt_lib_init_stdio_1
    libinit.o(.ARM.Collect$$libinit$$00000000) refers (Special) to libinit2.o(.ARM.Collect$$libinit$$0000000C) for __rt_lib_init_user_alloc_1
    libspace.o(.text) refers to libspace.o(.bss) for __libspace_start
    rtexit.o(.ARM.Collect$$rtexit$$00000000) refers (Special) to rtexit2.o(.ARM.Collect$$rtexit$$00000004) for __rt_exit_exit
    rtexit.o(.ARM.Collect$$rtexit$$00000000) refers (Special) to rtexit2.o(.ARM.Collect$$rtexit$$00000003) for __rt_exit_ls
    rtexit.o(.ARM.Collect$$rtexit$$00000000) refers (Special) to rtexit2.o(.ARM.Collect$$rtexit$$00000002) for __rt_exit_prels_1
    rtexit.o(.ARM.exidx) refers (Special) to rtexit2.o(.ARM.Collect$$rtexit$$00000004) for __rt_exit_exit
    rtexit.o(.ARM.exidx) refers (Special) to rtexit2.o(.ARM.Collect$$rtexit$$00000003) for __rt_exit_ls
    rtexit.o(.ARM.exidx) refers (Special) to rtexit2.o(.ARM.Collect$$rtexit$$00000002) for __rt_exit_prels_1
    rtexit.o(.ARM.exidx) refers to rtexit.o(.ARM.Collect$$rtexit$$00000000) for .ARM.Collect$$rtexit$$00000000
    rt_raise.o(.text) refers to __raise.o(.text) for __raise
    rt_raise.o(.text) refers to sys_exit.o(.text) for _sys_exit
    defsig_exit.o(.text) refers to sys_exit.o(.text) for _sys_exit
    defsig_fpe_inner.o(.text) refers to defsig_general.o(.text) for __default_signal_display
    libinit2.o(.ARM.Collect$$libinit$$00000001) refers to fpinit.o(x$fpl$fpinit) for _fp_init
    libinit2.o(.ARM.Collect$$libinit$$00000010) refers to libinit2.o(.ARM.Collect$$libinit$$0000000F) for .ARM.Collect$$libinit$$0000000F
    libinit2.o(.ARM.Collect$$libinit$$00000012) refers to libinit2.o(.ARM.Collect$$libinit$$0000000F) for .ARM.Collect$$libinit$$0000000F
    libinit2.o(.ARM.Collect$$libinit$$00000014) refers to libinit2.o(.ARM.Collect$$libinit$$0000000F) for .ARM.Collect$$libinit$$0000000F
    libinit2.o(.ARM.Collect$$libinit$$00000016) refers to libinit2.o(.ARM.Collect$$libinit$$0000000F) for .ARM.Collect$$libinit$$0000000F
    libinit2.o(.ARM.Collect$$libinit$$00000018) refers to libinit2.o(.ARM.Collect$$libinit$$0000000F) for .ARM.Collect$$libinit$$0000000F
    libinit2.o(.ARM.Collect$$libinit$$00000026) refers to argv_veneer.o(.emb_text) for __ARM_argv_veneer
    libinit2.o(.ARM.Collect$$libinit$$00000027) refers to argv_veneer.o(.emb_text) for __ARM_argv_veneer
    sys_exit.o(.text) refers (Special) to use_no_semi.o(.text) for __I$use$semihosting
    sys_exit.o(.text) refers (Special) to indicate_semi.o(.text) for __semihosting_library_function
    sys_exit_hlt.o(.text) refers (Special) to use_no_semi.o(.text) for __I$use$semihosting
    sys_exit_hlt.o(.text) refers (Special) to indicate_semi.o(.text) for __semihosting_library_function
    rtexit2.o(.ARM.Collect$$rtexit$$00000003) refers to libshutdown.o(.ARM.Collect$$libshutdown$$00000000) for __rt_lib_shutdown
    rtexit2.o(.ARM.Collect$$rtexit$$00000004) refers to sys_exit.o(.text) for _sys_exit
    rtexit2.o(.ARM.exidx) refers to rtexit2.o(.ARM.Collect$$rtexit$$00000001) for .ARM.Collect$$rtexit$$00000001
    rtexit2.o(.ARM.exidx) refers to rtexit2.o(.ARM.Collect$$rtexit$$00000003) for .ARM.Collect$$rtexit$$00000003
    rtexit2.o(.ARM.exidx) refers to rtexit2.o(.ARM.Collect$$rtexit$$00000004) for .ARM.Collect$$rtexit$$00000004
    __raise.o(.text) refers to defsig.o(CL$$defsig) for __default_signal_handler
    defsig_general.o(.text) refers to sys_wrch.o(.text) for _ttywrch
    argv_veneer.o(.emb_text) refers to no_argv.o(.text) for __ARM_get_argv
    sys_wrch.o(.text) refers (Special) to use_no_semi.o(.text) for __I$use$semihosting
    sys_wrch.o(.text) refers (Special) to indicate_semi.o(.text) for __semihosting_library_function
    sys_wrch_hlt.o(.text) refers (Special) to use_no_semi.o(.text) for __I$use$semihosting
    sys_wrch_hlt.o(.text) refers (Special) to indicate_semi.o(.text) for __semihosting_library_function
    defsig.o(CL$$defsig) refers to defsig_fpe_inner.o(.text) for __rt_SIGFPE_inner
    defsig.o(CL$$defsig) refers to defsig_rtmem_inner.o(.text) for __rt_SIGRTMEM_inner
    _get_argv_nomalloc.o(.text) refers (Special) to hrguard.o(.text) for __heap_region$guard
    _get_argv_nomalloc.o(.text) refers to defsig_rtmem_outer.o(.text) for __rt_SIGRTMEM
    _get_argv_nomalloc.o(.text) refers to sys_command.o(.text) for _sys_command_string
    libshutdown.o(.ARM.Collect$$libshutdown$$00000000) refers (Special) to libshutdown2.o(.ARM.Collect$$libshutdown$$00000002) for __rt_lib_shutdown_cpp_1
    libshutdown.o(.ARM.Collect$$libshutdown$$00000000) refers (Special) to libshutdown2.o(.ARM.Collect$$libshutdown$$00000007) for __rt_lib_shutdown_fp_trap_1
    libshutdown.o(.ARM.Collect$$libshutdown$$00000000) refers (Special) to libshutdown2.o(.ARM.Collect$$libshutdown$$0000000F) for __rt_lib_shutdown_heap_1
    libshutdown.o(.ARM.Collect$$libshutdown$$00000000) refers (Special) to libshutdown2.o(.ARM.Collect$$libshutdown$$00000010) for __rt_lib_shutdown_return
    libshutdown.o(.ARM.Collect$$libshutdown$$00000000) refers (Special) to libshutdown2.o(.ARM.Collect$$libshutdown$$0000000A) for __rt_lib_shutdown_signal_1
    libshutdown.o(.ARM.Collect$$libshutdown$$00000000) refers (Special) to libshutdown2.o(.ARM.Collect$$libshutdown$$00000004) for __rt_lib_shutdown_stdio_1
    libshutdown.o(.ARM.Collect$$libshutdown$$00000000) refers (Special) to libshutdown2.o(.ARM.Collect$$libshutdown$$0000000C) for __rt_lib_shutdown_user_alloc_1
    sys_command.o(.text) refers (Special) to use_no_semi.o(.text) for __I$use$semihosting
    sys_command.o(.text) refers (Special) to indicate_semi.o(.text) for __semihosting_library_function
    sys_command_hlt.o(.text) refers (Special) to use_no_semi.o(.text) for __I$use$semihosting
    sys_command_hlt.o(.text) refers (Special) to indicate_semi.o(.text) for __semihosting_library_function
    defsig_abrt_inner.o(.text) refers to defsig_general.o(.text) for __default_signal_display
    defsig_rtred_inner.o(.text) refers to defsig_general.o(.text) for __default_signal_display
    defsig_rtmem_inner.o(.text) refers to defsig_general.o(.text) for __default_signal_display
    defsig_rtmem_outer.o(.text) refers to defsig_rtmem_inner.o(.text) for __rt_SIGRTMEM_inner
    defsig_rtmem_outer.o(.text) refers to defsig_exit.o(.text) for __sig_exit
    defsig_rtmem_formal.o(.text) refers to rt_raise.o(.text) for __rt_raise
    defsig_stak_inner.o(.text) refers to defsig_general.o(.text) for __default_signal_display
    defsig_pvfn_inner.o(.text) refers to defsig_general.o(.text) for __default_signal_display
    defsig_cppl_inner.o(.text) refers to defsig_general.o(.text) for __default_signal_display
    defsig_segv_inner.o(.text) refers to defsig_general.o(.text) for __default_signal_display
    defsig_other.o(.text) refers to defsig_general.o(.text) for __default_signal_display


==============================================================================

Removing Unused input sections from the image.

    Removing cm4_boot_main.o(.text), (0 bytes).
    Removing cm4_boot_main.o(.ARM.exidx.text.main), (8 bytes).
    Removing cm4_boot_main.o(.ARM.use_no_argv), (4 bytes).
    Removing iap_18xx_43xx.o(.text), (0 bytes).
    Removing iap_18xx_43xx.o(.text.Chip_IAP_PreSectorForReadWrite), (38 bytes).
    Removing iap_18xx_43xx.o(.ARM.exidx.text.Chip_IAP_PreSectorForReadWrite), (8 bytes).
    Removing iap_18xx_43xx.o(.text.Chip_IAP_CopyRamToFlash), (68 bytes).
    Removing iap_18xx_43xx.o(.ARM.exidx.text.Chip_IAP_CopyRamToFlash), (8 bytes).
    Removing iap_18xx_43xx.o(.text.Chip_IAP_EraseSector), (68 bytes).
    Removing iap_18xx_43xx.o(.ARM.exidx.text.Chip_IAP_EraseSector), (8 bytes).
    Removing iap_18xx_43xx.o(.text.Chip_IAP_BlankCheckSector), (38 bytes).
    Removing iap_18xx_43xx.o(.ARM.exidx.text.Chip_IAP_BlankCheckSector), (8 bytes).
    Removing iap_18xx_43xx.o(.text.Chip_IAP_ReadPID), (30 bytes).
    Removing iap_18xx_43xx.o(.ARM.exidx.text.Chip_IAP_ReadPID), (8 bytes).
    Removing iap_18xx_43xx.o(.text.Chip_IAP_ReadBootCode), (32 bytes).
    Removing iap_18xx_43xx.o(.ARM.exidx.text.Chip_IAP_ReadBootCode), (8 bytes).
    Removing iap_18xx_43xx.o(.text.Chip_IAP_Compare), (38 bytes).
    Removing iap_18xx_43xx.o(.ARM.exidx.text.Chip_IAP_Compare), (8 bytes).
    Removing iap_18xx_43xx.o(.text.Chip_IAP_ReinvokeISP), (32 bytes).
    Removing iap_18xx_43xx.o(.ARM.exidx.text.Chip_IAP_ReinvokeISP), (8 bytes).
    Removing iap_18xx_43xx.o(.text.Chip_IAP_ReadUID), (30 bytes).
    Removing iap_18xx_43xx.o(.ARM.exidx.text.Chip_IAP_ReadUID), (8 bytes).
    Removing iap_18xx_43xx.o(.text.Chip_IAP_ErasePage), (62 bytes).
    Removing iap_18xx_43xx.o(.ARM.exidx.text.Chip_IAP_ErasePage), (8 bytes).
    Removing iap_18xx_43xx.o(.text.Chip_IAP_SetBootFlashBank), (60 bytes).
    Removing iap_18xx_43xx.o(.ARM.exidx.text.Chip_IAP_SetBootFlashBank), (8 bytes).
    Removing iap_18xx_43xx.o(.text.Chip_IAP_Init), (56 bytes).
    Removing iap_18xx_43xx.o(.ARM.exidx.text.Chip_IAP_Init), (8 bytes).
    Removing iap_18xx_43xx.o(.rodata.cst16), (16 bytes).
    Removing ssp_lpc43xx.o(.text), (0 bytes).
    Removing ssp_lpc43xx.o(.text.SSPx_GPDMA_Tx_SignalEvent), (14 bytes).
    Removing ssp_lpc43xx.o(.ARM.exidx.text.SSPx_GPDMA_Tx_SignalEvent), (8 bytes).
    Removing ssp_lpc43xx.o(.text.SSPx_GPDMA_Rx_SignalEvent), (28 bytes).
    Removing ssp_lpc43xx.o(.ARM.exidx.text.SSPx_GPDMA_Rx_SignalEvent), (8 bytes).
    Removing ssp_lpc43xx.o(.text.SSP0_GPDMA_Tx_SignalEvent), (20 bytes).
    Removing ssp_lpc43xx.o(.ARM.exidx.text.SSP0_GPDMA_Tx_SignalEvent), (8 bytes).
    Removing ssp_lpc43xx.o(.text.SSP0_GPDMA_Rx_SignalEvent), (48 bytes).
    Removing ssp_lpc43xx.o(.ARM.exidx.text.SSP0_GPDMA_Rx_SignalEvent), (8 bytes).
    Removing ssp_lpc43xx.o(.ARM.exidx.text.SSP0_IRQHandler), (8 bytes).
    Removing ssp_lpc43xx.o(.text.SSP_GetVersion), (10 bytes).
    Removing ssp_lpc43xx.o(.ARM.exidx.text.SSP_GetVersion), (8 bytes).
    Removing ssp_lpc43xx.o(.text.SSP_GetCapabilities), (4 bytes).
    Removing ssp_lpc43xx.o(.ARM.exidx.text.SSP_GetCapabilities), (8 bytes).
    Removing ssp_lpc43xx.o(.text.SSP0_Initialize), (118 bytes).
    Removing ssp_lpc43xx.o(.ARM.exidx.text.SSP0_Initialize), (8 bytes).
    Removing ssp_lpc43xx.o(.text.SSP0_Uninitialize), (58 bytes).
    Removing ssp_lpc43xx.o(.ARM.exidx.text.SSP0_Uninitialize), (8 bytes).
    Removing ssp_lpc43xx.o(.text.SSP0_PowerControl), (526 bytes).
    Removing ssp_lpc43xx.o(.ARM.exidx.text.SSP0_PowerControl), (8 bytes).
    Removing ssp_lpc43xx.o(.text.SSP0_Send), (104 bytes).
    Removing ssp_lpc43xx.o(.ARM.exidx.text.SSP0_Send), (8 bytes).
    Removing ssp_lpc43xx.o(.text.SSP0_Receive), (104 bytes).
    Removing ssp_lpc43xx.o(.ARM.exidx.text.SSP0_Receive), (8 bytes).
    Removing ssp_lpc43xx.o(.text.SSP0_Transfer), (118 bytes).
    Removing ssp_lpc43xx.o(.ARM.exidx.text.SSP0_Transfer), (8 bytes).
    Removing ssp_lpc43xx.o(.text.SSP0_GetDataCount), (28 bytes).
    Removing ssp_lpc43xx.o(.ARM.exidx.text.SSP0_GetDataCount), (8 bytes).
    Removing ssp_lpc43xx.o(.text.SSP0_Control), (1344 bytes).
    Removing ssp_lpc43xx.o(.ARM.exidx.text.SSP0_Control), (8 bytes).
    Removing ssp_lpc43xx.o(.text.SSP0_GetStatus), (26 bytes).
    Removing ssp_lpc43xx.o(.ARM.exidx.text.SSP0_GetStatus), (8 bytes).
    Removing ssp_lpc43xx.o(.rodata.Driver_SPI0), (44 bytes).
    Removing ssp_lpc43xx.o(.bss.SSP0_Info.2), (4 bytes).
    Removing ssp_lpc43xx.o(.bss.SSP0_Info.3), (1 bytes).
    Removing gpdma_lpc43xx.o(.text), (0 bytes).
    Removing gpdma_lpc43xx.o(.text.GPDMA_Initialize), (260 bytes).
    Removing gpdma_lpc43xx.o(.ARM.exidx.text.GPDMA_Initialize), (8 bytes).
    Removing gpdma_lpc43xx.o(.text.GPDMA_Uninitialize), (74 bytes).
    Removing gpdma_lpc43xx.o(.ARM.exidx.text.GPDMA_Uninitialize), (8 bytes).
    Removing gpdma_lpc43xx.o(.text.GPDMA_PeripheralSelect), (50 bytes).
    Removing gpdma_lpc43xx.o(.ARM.exidx.text.GPDMA_PeripheralSelect), (8 bytes).
    Removing gpdma_lpc43xx.o(.text.GPDMA_ChannelConfigure), (390 bytes).
    Removing gpdma_lpc43xx.o(.ARM.exidx.text.GPDMA_ChannelConfigure), (8 bytes).
    Removing gpdma_lpc43xx.o(.text.GPDMA_ChannelEnable), (126 bytes).
    Removing gpdma_lpc43xx.o(.ARM.exidx.text.GPDMA_ChannelEnable), (8 bytes).
    Removing gpdma_lpc43xx.o(.text.GPDMA_ChannelDisable), (108 bytes).
    Removing gpdma_lpc43xx.o(.ARM.exidx.text.GPDMA_ChannelDisable), (8 bytes).
    Removing gpdma_lpc43xx.o(.text.GPDMA_ChannelGetStatus), (28 bytes).
    Removing gpdma_lpc43xx.o(.ARM.exidx.text.GPDMA_ChannelGetStatus), (8 bytes).
    Removing gpdma_lpc43xx.o(.text.GPDMA_ChannelGetCount), (46 bytes).
    Removing gpdma_lpc43xx.o(.ARM.exidx.text.GPDMA_ChannelGetCount), (8 bytes).
    Removing gpdma_lpc43xx.o(.ARM.exidx.text.DMA_IRQHandler), (8 bytes).
    Removing gpdma_lpc43xx.o(.bss.Init_cnt), (4 bytes).
    Removing gpio_lpc43xx.o(.text), (0 bytes).
    Removing gpio_lpc43xx.o(.text.GPIO_PortClock), (138 bytes).
    Removing gpio_lpc43xx.o(.ARM.exidx.text.GPIO_PortClock), (8 bytes).
    Removing gpio_lpc43xx.o(.text.GPIO_SetDir), (36 bytes).
    Removing gpio_lpc43xx.o(.ARM.exidx.text.GPIO_SetDir), (8 bytes).
    Removing gpio_lpc43xx.o(.text.GPIO_PinWrite), (26 bytes).
    Removing gpio_lpc43xx.o(.ARM.exidx.text.GPIO_PinWrite), (8 bytes).
    Removing gpio_lpc43xx.o(.text.GPIO_PinRead), (20 bytes).
    Removing gpio_lpc43xx.o(.ARM.exidx.text.GPIO_PinRead), (8 bytes).
    Removing gpio_lpc43xx.o(.text.GPIO_PortWrite), (24 bytes).
    Removing gpio_lpc43xx.o(.ARM.exidx.text.GPIO_PortWrite), (8 bytes).
    Removing gpio_lpc43xx.o(.text.GPIO_PortRead), (14 bytes).
    Removing gpio_lpc43xx.o(.ARM.exidx.text.GPIO_PortRead), (8 bytes).
    Removing scu_lpc43xx.o(.text), (0 bytes).
    Removing scu_lpc43xx.o(.text.SCU_PinConfigure), (36 bytes).
    Removing scu_lpc43xx.o(.ARM.exidx.text.SCU_PinConfigure), (8 bytes).
    Removing scu_lpc43xx.o(.text.SCU_CLK_PinConfigure), (26 bytes).
    Removing scu_lpc43xx.o(.ARM.exidx.text.SCU_CLK_PinConfigure), (8 bytes).
    Removing scu_lpc43xx.o(.text.SCU_USB1_PinConfigure), (16 bytes).
    Removing scu_lpc43xx.o(.ARM.exidx.text.SCU_USB1_PinConfigure), (8 bytes).
    Removing scu_lpc43xx.o(.text.SCU_I2C_PinConfigure), (38 bytes).
    Removing scu_lpc43xx.o(.ARM.exidx.text.SCU_I2C_PinConfigure), (8 bytes).
    Removing scu_lpc43xx.o(.text.SCU_ADC_ChannelPinConfigure), (76 bytes).
    Removing scu_lpc43xx.o(.ARM.exidx.text.SCU_ADC_ChannelPinConfigure), (8 bytes).
    Removing scu_lpc43xx.o(.text.SCU_DAC_PinConfigure), (38 bytes).
    Removing scu_lpc43xx.o(.ARM.exidx.text.SCU_DAC_PinConfigure), (8 bytes).
    Removing scu_lpc43xx.o(.text.SCU_PinInterruptSourceSelect), (114 bytes).
    Removing scu_lpc43xx.o(.ARM.exidx.text.SCU_PinInterruptSourceSelect), (8 bytes).
    Removing system_lpc43xx.o(.text), (0 bytes).
    Removing system_lpc43xx.o(.text.MeasureFreq), (140 bytes).
    Removing system_lpc43xx.o(.ARM.exidx.text.MeasureFreq), (8 bytes).
    Removing system_lpc43xx.o(.ARM.exidx.text.GetClockFreq), (8 bytes).
    Removing system_lpc43xx.o(.text.SystemCoreClockUpdate), (30 bytes).
    Removing system_lpc43xx.o(.ARM.exidx.text.SystemCoreClockUpdate), (8 bytes).
    Removing system_lpc43xx.o(.ARM.exidx.text.SystemInit), (8 bytes).

118 unused section(s) (total 5469 bytes) removed from the image.

==============================================================================

Adding Veneers to the image

    Adding TT veneer (10 bytes, Long) for call to '__rt_entry' from __main.o(!!!main).
    Adding TT veneer (10 bytes, Long) for call to '__user_initial_stackheap' from sys_stackheap_outer.o(.text).
    Adding TT veneer (10 bytes, Long) for call to '_fp_init' from libinit2.o(.ARM.Collect$$libinit$$00000001).
    Adding TT veneer (10 bytes, Long) for call to '__user_setup_stackheap' from __rtentry4.o(.ARM.Collect$$rtentry$$00000004).
    Adding TT veneer (10 bytes, Long) for call to '__rt_exit' from exit.o(.text).
    Adding TT veneer (10 bytes, Long) for call to 'GetClockFreq' from system_lpc43xx.o(.text.SystemInit).
    Adding TT veneer (10 bytes, Long) for call to '__aeabi_uldivmod' from system_lpc43xx.o(.text.SystemInit).

7 Veneer(s) (total 70 bytes) added to the image.

==============================================================================

Image Symbol Table

    Local Symbols

    Symbol Name                              Value     Ov Type        Size  Object(Section)

    ../clib/angel/boardlib.s                 0x00000000   Number         0  boardinit1.o ABSOLUTE
    ../clib/angel/boardlib.s                 0x00000000   Number         0  boardinit2.o ABSOLUTE
    ../clib/angel/boardlib.s                 0x00000000   Number         0  boardinit3.o ABSOLUTE
    ../clib/angel/boardlib.s                 0x00000000   Number         0  boardshut.o ABSOLUTE
    ../clib/angel/handlers.s                 0x00000000   Number         0  __scatter_copy.o ABSOLUTE
    ../clib/angel/handlers.s                 0x00000000   Number         0  __scatter_zi.o ABSOLUTE
    ../clib/angel/kernel.s                   0x00000000   Number         0  __rtentry.o ABSOLUTE
    ../clib/angel/kernel.s                   0x00000000   Number         0  __rtentry2.o ABSOLUTE
    ../clib/angel/kernel.s                   0x00000000   Number         0  __rtentry4.o ABSOLUTE
    ../clib/angel/kernel.s                   0x00000000   Number         0  rtexit.o ABSOLUTE
    ../clib/angel/kernel.s                   0x00000000   Number         0  rtexit2.o ABSOLUTE
    ../clib/angel/rt.s                       0x00000000   Number         0  aeabi_ldiv0.o ABSOLUTE
    ../clib/angel/rt.s                       0x00000000   Number         0  aeabi_ldiv0_sigfpe.o ABSOLUTE
    ../clib/angel/rt.s                       0x00000000   Number         0  rt_div0.o ABSOLUTE
    ../clib/angel/rt.s                       0x00000000   Number         0  rt_raise.o ABSOLUTE
    ../clib/angel/scatter.s                  0x00000000   Number         0  __scatter.o ABSOLUTE
    ../clib/angel/startup.s                  0x00000000   Number         0  __main.o ABSOLUTE
    ../clib/angel/sys.s                      0x00000000   Number         0  sys_stackheap_outer.o ABSOLUTE
    ../clib/angel/sys.s                      0x00000000   Number         0  libspace.o ABSOLUTE
    ../clib/angel/sys.s                      0x00000000   Number         0  use_no_semi.o ABSOLUTE
    ../clib/angel/sys.s                      0x00000000   Number         0  indicate_semi.o ABSOLUTE
    ../clib/angel/sysapp.c                   0x00000000   Number         0  sys_exit.o ABSOLUTE
    ../clib/angel/sysapp.c                   0x00000000   Number         0  sys_exit_hlt.o ABSOLUTE
    ../clib/angel/sysapp.c                   0x00000000   Number         0  sys_wrch.o ABSOLUTE
    ../clib/angel/sysapp.c                   0x00000000   Number         0  sys_wrch_hlt.o ABSOLUTE
    ../clib/angel/sysapp.c                   0x00000000   Number         0  sys_command.o ABSOLUTE
    ../clib/angel/sysapp.c                   0x00000000   Number         0  sys_command_hlt.o ABSOLUTE
    ../clib/armsys.c                         0x00000000   Number         0  argv_veneer.o ABSOLUTE
    ../clib/armsys.c                         0x00000000   Number         0  argv_veneer.o ABSOLUTE
    ../clib/armsys.c                         0x00000000   Number         0  _get_argv_nomalloc.o ABSOLUTE
    ../clib/armsys.c                         0x00000000   Number         0  no_argv.o ABSOLUTE
    ../clib/heapalloc.c                      0x00000000   Number         0  hrguard.o ABSOLUTE
    ../clib/heapaux.c                        0x00000000   Number         0  heapauxi.o ABSOLUTE
    ../clib/libinit.s                        0x00000000   Number         0  libinit.o ABSOLUTE
    ../clib/libinit.s                        0x00000000   Number         0  libinit2.o ABSOLUTE
    ../clib/libinit.s                        0x00000000   Number         0  libshutdown.o ABSOLUTE
    ../clib/libinit.s                        0x00000000   Number         0  libshutdown2.o ABSOLUTE
    ../clib/longlong.s                       0x00000000   Number         0  lludivv7m.o ABSOLUTE
    ../clib/signal.c                         0x00000000   Number         0  defsig_fpe_outer.o ABSOLUTE
    ../clib/signal.c                         0x00000000   Number         0  defsig_fpe_formal.o ABSOLUTE
    ../clib/signal.c                         0x00000000   Number         0  defsig_exit.o ABSOLUTE
    ../clib/signal.c                         0x00000000   Number         0  defsig_fpe_inner.o ABSOLUTE
    ../clib/signal.c                         0x00000000   Number         0  __raise.o ABSOLUTE
    ../clib/signal.c                         0x00000000   Number         0  defsig_general.o ABSOLUTE
    ../clib/signal.c                         0x00000000   Number         0  defsig_abrt_inner.o ABSOLUTE
    ../clib/signal.c                         0x00000000   Number         0  defsig_rtred_inner.o ABSOLUTE
    ../clib/signal.c                         0x00000000   Number         0  defsig_rtmem_inner.o ABSOLUTE
    ../clib/signal.c                         0x00000000   Number         0  defsig_rtmem_outer.o ABSOLUTE
    ../clib/signal.c                         0x00000000   Number         0  defsig_rtmem_formal.o ABSOLUTE
    ../clib/signal.c                         0x00000000   Number         0  defsig_stak_inner.o ABSOLUTE
    ../clib/signal.c                         0x00000000   Number         0  defsig_pvfn_inner.o ABSOLUTE
    ../clib/signal.c                         0x00000000   Number         0  defsig_cppl_inner.o ABSOLUTE
    ../clib/signal.c                         0x00000000   Number         0  defsig_segv_inner.o ABSOLUTE
    ../clib/signal.c                         0x00000000   Number         0  defsig_other.o ABSOLUTE
    ../clib/signal.s                         0x00000000   Number         0  defsig.o ABSOLUTE
    ../clib/stdlib.c                         0x00000000   Number         0  exit.o ABSOLUTE
    ../fplib/fpinit.s                        0x00000000   Number         0  fpinit.o ABSOLUTE
    GPDMA_LPC43xx.c                          0x00000000   Number         0  gpdma_lpc43xx.o ABSOLUTE
    GPIO_LPC43xx.c                           0x00000000   Number         0  gpio_lpc43xx.o ABSOLUTE
    RTE/Device/LPC4357_Cortex-M4/startup_LPC43xx.s 0x00000000   Number         0  startup_lpc43xx.o ABSOLUTE
    SCU_LPC43xx.c                            0x00000000   Number         0  scu_lpc43xx.o ABSOLUTE
    SSP_LPC43xx.c                            0x00000000   Number         0  ssp_lpc43xx.o ABSOLUTE
    cm4_boot_main.c                          0x00000000   Number         0  cm4_boot_main.o ABSOLUTE
    dc.s                                     0x00000000   Number         0  dc.o ABSOLUTE
    iap_18xx_43xx.c                          0x00000000   Number         0  iap_18xx_43xx.o ABSOLUTE
    system_LPC43xx.c                         0x00000000   Number         0  system_lpc43xx.o ABSOLUTE
    RESET                                    0x1a000000   Section      768  startup_lpc43xx.o(RESET)
    !!!main                                  0x1a000300   Section        8  __main.o(!!!main)
    !!!scatter                               0x1a000308   Section       52  __scatter.o(!!!scatter)
    !!handler_copy                           0x1a00033c   Section       26  __scatter_copy.o(!!handler_copy)
    !!handler_zi                             0x1a000358   Section       28  __scatter_zi.o(!!handler_zi)
    .ARM.Collect$$libshutdown$$00000000      0x1a000374   Section        2  libshutdown.o(.ARM.Collect$$libshutdown$$00000000)
    .ARM.Collect$$libshutdown$$00000002      0x1a000376   Section        0  libshutdown2.o(.ARM.Collect$$libshutdown$$00000002)
    .ARM.Collect$$libshutdown$$00000004      0x1a000376   Section        0  libshutdown2.o(.ARM.Collect$$libshutdown$$00000004)
    .ARM.Collect$$libshutdown$$00000007      0x1a000376   Section        0  libshutdown2.o(.ARM.Collect$$libshutdown$$00000007)
    .ARM.Collect$$libshutdown$$0000000A      0x1a000376   Section        0  libshutdown2.o(.ARM.Collect$$libshutdown$$0000000A)
    .ARM.Collect$$libshutdown$$0000000C      0x1a000376   Section        0  libshutdown2.o(.ARM.Collect$$libshutdown$$0000000C)
    .ARM.Collect$$libshutdown$$0000000F      0x1a000376   Section        0  libshutdown2.o(.ARM.Collect$$libshutdown$$0000000F)
    .ARM.Collect$$libshutdown$$00000010      0x1a000376   Section        2  libshutdown2.o(.ARM.Collect$$libshutdown$$00000010)
    .ARM.Collect$$rtexit$$00000000           0x1a000378   Section        2  rtexit.o(.ARM.Collect$$rtexit$$00000000)
    .ARM.Collect$$rtexit$$00000002           0x1a00037a   Section        0  rtexit2.o(.ARM.Collect$$rtexit$$00000002)
    .ARM.Collect$$rtexit$$00000003           0x1a00037a   Section        4  rtexit2.o(.ARM.Collect$$rtexit$$00000003)
    .ARM.Collect$$rtexit$$00000004           0x1a00037e   Section        6  rtexit2.o(.ARM.Collect$$rtexit$$00000004)
    .text                                    0x1a000384   Section      240  lludivv7m.o(.text)
    .text                                    0x1a000474   Section        0  heapauxi.o(.text)
    .text                                    0x1a00047a   Section       74  sys_stackheap_outer.o(.text)
    .text                                    0x1a0004c4   Section        8  libspace.o(.text)
    .text                                    0x1a0004cc   Section        0  sys_exit.o(.text)
    [Anonymous Symbol]                       0x1a0004d8   Section        0  gpdma_lpc43xx.o(.text.DMA_IRQHandler)
    [Anonymous Symbol]                       0x1a000640   Section        0  system_lpc43xx.o(.text.GetClockFreq)
    $v0                                      0x1a000754   Number         0  fpinit.o(x$fpl$fpinit)
    x$fpl$fpinit                             0x1a000754   Section       26  fpinit.o(x$fpl$fpinit)
    .ARM.Collect$$libinit$$00000000          0x1b000000   Section        2  libinit.o(.ARM.Collect$$libinit$$00000000)
    .ARM.Collect$$libinit$$00000001          0x1b000002   Section        4  libinit2.o(.ARM.Collect$$libinit$$00000001)
    .ARM.Collect$$libinit$$00000004          0x1b000006   Section        0  libinit2.o(.ARM.Collect$$libinit$$00000004)
    .ARM.Collect$$libinit$$0000000A          0x1b000006   Section        0  libinit2.o(.ARM.Collect$$libinit$$0000000A)
    .ARM.Collect$$libinit$$0000000C          0x1b000006   Section        0  libinit2.o(.ARM.Collect$$libinit$$0000000C)
    .ARM.Collect$$libinit$$0000000E          0x1b000006   Section        0  libinit2.o(.ARM.Collect$$libinit$$0000000E)
    .ARM.Collect$$libinit$$00000011          0x1b000006   Section        0  libinit2.o(.ARM.Collect$$libinit$$00000011)
    .ARM.Collect$$libinit$$00000013          0x1b000006   Section        0  libinit2.o(.ARM.Collect$$libinit$$00000013)
    .ARM.Collect$$libinit$$00000015          0x1b000006   Section        0  libinit2.o(.ARM.Collect$$libinit$$00000015)
    .ARM.Collect$$libinit$$00000017          0x1b000006   Section        0  libinit2.o(.ARM.Collect$$libinit$$00000017)
    .ARM.Collect$$libinit$$00000019          0x1b000006   Section        0  libinit2.o(.ARM.Collect$$libinit$$00000019)
    .ARM.Collect$$libinit$$0000001B          0x1b000006   Section        0  libinit2.o(.ARM.Collect$$libinit$$0000001B)
    .ARM.Collect$$libinit$$0000001D          0x1b000006   Section        0  libinit2.o(.ARM.Collect$$libinit$$0000001D)
    .ARM.Collect$$libinit$$0000001F          0x1b000006   Section        0  libinit2.o(.ARM.Collect$$libinit$$0000001F)
    .ARM.Collect$$libinit$$00000021          0x1b000006   Section        0  libinit2.o(.ARM.Collect$$libinit$$00000021)
    .ARM.Collect$$libinit$$00000023          0x1b000006   Section        0  libinit2.o(.ARM.Collect$$libinit$$00000023)
    .ARM.Collect$$libinit$$00000025          0x1b000006   Section        0  libinit2.o(.ARM.Collect$$libinit$$00000025)
    .ARM.Collect$$libinit$$0000002C          0x1b000006   Section        0  libinit2.o(.ARM.Collect$$libinit$$0000002C)
    .ARM.Collect$$libinit$$0000002E          0x1b000006   Section        0  libinit2.o(.ARM.Collect$$libinit$$0000002E)
    .ARM.Collect$$libinit$$00000030          0x1b000006   Section        0  libinit2.o(.ARM.Collect$$libinit$$00000030)
    .ARM.Collect$$libinit$$00000032          0x1b000006   Section        0  libinit2.o(.ARM.Collect$$libinit$$00000032)
    .ARM.Collect$$libinit$$00000033          0x1b000006   Section        2  libinit2.o(.ARM.Collect$$libinit$$00000033)
    .ARM.Collect$$rtentry$$00000000          0x1b000008   Section        0  __rtentry.o(.ARM.Collect$$rtentry$$00000000)
    .ARM.Collect$$rtentry$$00000002          0x1b000008   Section        0  __rtentry2.o(.ARM.Collect$$rtentry$$00000002)
    .ARM.Collect$$rtentry$$00000004          0x1b000008   Section        6  __rtentry4.o(.ARM.Collect$$rtentry$$00000004)
    .ARM.Collect$$rtentry$$00000009          0x1b00000e   Section        0  __rtentry2.o(.ARM.Collect$$rtentry$$00000009)
    .ARM.Collect$$rtentry$$0000000A          0x1b00000e   Section        4  __rtentry2.o(.ARM.Collect$$rtentry$$0000000A)
    .ARM.Collect$$rtentry$$0000000C          0x1b000012   Section        0  __rtentry2.o(.ARM.Collect$$rtentry$$0000000C)
    .ARM.Collect$$rtentry$$0000000D          0x1b000012   Section        8  __rtentry2.o(.ARM.Collect$$rtentry$$0000000D)
    $v0                                      0x1b00001c   Number         0  startup_lpc43xx.o(.text)
    .text                                    0x1b00001c   Section       64  startup_lpc43xx.o(.text)
    .text                                    0x1b00005c   Section        0  exit.o(.text)
    .text                                    0x1b00006e   Section        2  use_no_semi.o(.text)
    [Anonymous Symbol]                       0x1b000070   Section        0  ssp_lpc43xx.o(.text.SSP0_IRQHandler)
    .text                                    0x1b000070   Section        0  indicate_semi.o(.text)
    [Anonymous Symbol]                       0x1b000154   Section        0  system_lpc43xx.o(.text.SystemInit)
    [Anonymous Symbol]                       0x1b0006ec   Section        0  cm4_boot_main.o(.text.main)
    .bss                                     0x20000008   Section       96  libspace.o(.bss)
    Channel_active                           0x20000068   Data           4  gpdma_lpc43xx.o(.bss.Channel_active)
    [Anonymous Symbol]                       0x20000068   Section        0  gpdma_lpc43xx.o(.bss.Channel_active)
    Channel_info                             0x2000006c   Data         160  gpdma_lpc43xx.o(.bss.Channel_info)
    [Anonymous Symbol]                       0x2000006c   Section        0  gpdma_lpc43xx.o(.bss.Channel_info)
    SSP0_Info.0                              0x2000010c   Data           4  ssp_lpc43xx.o(.bss.SSP0_Info.0)
    [Anonymous Symbol]                       0x2000010c   Section        0  ssp_lpc43xx.o(.bss.SSP0_Info.0)
    SSP0_Info.1.0                            0x20000110   Data           1  ssp_lpc43xx.o(.bss.SSP0_Info.1.0)
    [Anonymous Symbol]                       0x20000110   Section        0  ssp_lpc43xx.o(.bss.SSP0_Info.1.0)
    SSP0_Info.1.1                            0x20000114   Data           1  ssp_lpc43xx.o(.bss.SSP0_Info.1.1)
    [Anonymous Symbol]                       0x20000114   Section        0  ssp_lpc43xx.o(.bss.SSP0_Info.1.1)
    SSP0_Xfer                                0x20000118   Data          28  ssp_lpc43xx.o(.bss.SSP0_Xfer)
    [Anonymous Symbol]                       0x20000118   Section        0  ssp_lpc43xx.o(.bss.SSP0_Xfer)
    Heap_Mem                                 0x20000138   Data         512  startup_lpc43xx.o(HEAP)
    HEAP                                     0x20000138   Section      512  startup_lpc43xx.o(HEAP)
    Stack_Mem                                0x20000338   Data        1024  startup_lpc43xx.o(STACK)
    STACK                                    0x20000338   Section     1024  startup_lpc43xx.o(STACK)
    __initial_sp                             0x20000738   Data           0  startup_lpc43xx.o(STACK)

    Global Symbols

    Symbol Name                              Value     Ov Type        Size  Object(Section)

    BuildAttributes$$THM_ISAv4$E$P$D$K$B$S$7EM$VFPi3$EXTD16$VFPS$VFMA$PE$A:L22UL41UL21$X:L11$S22US41US21$IEEE1$IW$~IW$USESV6$~STKCKD$USESV7$~SHL$OTIME$ROPI$EBA8$UX$STANDARDLIB$REQ8$PRES8$EABIv2 0x00000000   Number         0  anon$$obj.o ABSOLUTE
    __ARM_exceptions_init                     - Undefined Weak Reference
    __alloca_initialize                       - Undefined Weak Reference
    __arm_preinit_                            - Undefined Weak Reference
    __cpp_initialize__aeabi_                  - Undefined Weak Reference
    __cxa_finalize                            - Undefined Weak Reference
    __rt_locale                               - Undefined Weak Reference
    __sigvec_lookup                           - Undefined Weak Reference
    _atexit_init                              - Undefined Weak Reference
    _call_atexit_fns                          - Undefined Weak Reference
    _clock_init                               - Undefined Weak Reference
    _fp_trap_init                             - Undefined Weak Reference
    _fp_trap_shutdown                         - Undefined Weak Reference
    _get_lc_collate                           - Undefined Weak Reference
    _get_lc_ctype                             - Undefined Weak Reference
    _get_lc_monetary                          - Undefined Weak Reference
    _get_lc_numeric                           - Undefined Weak Reference
    _get_lc_time                              - Undefined Weak Reference
    _getenv_init                              - Undefined Weak Reference
    _handle_redirection                       - Undefined Weak Reference
    _init_alloc                               - Undefined Weak Reference
    _init_user_alloc                          - Undefined Weak Reference
    _initio                                   - Undefined Weak Reference
    _rand_init                                - Undefined Weak Reference
    _signal_finish                            - Undefined Weak Reference
    _signal_init                              - Undefined Weak Reference
    _terminate_alloc                          - Undefined Weak Reference
    _terminate_user_alloc                     - Undefined Weak Reference
    _terminateio                              - Undefined Weak Reference
    __Vectors                                0x1a000000   Data           4  startup_lpc43xx.o(RESET)
    __main                                   0x1a000301   Thumb Code     8  __main.o(!!!main)
    __scatterload                            0x1a000309   Thumb Code     0  __scatter.o(!!!scatter)
    __scatterload_rt2                        0x1a000309   Thumb Code    44  __scatter.o(!!!scatter)
    __scatterload_rt2_thumb_only             0x1a000309   Thumb Code     0  __scatter.o(!!!scatter)
    __scatterload_null                       0x1a000317   Thumb Code     0  __scatter.o(!!!scatter)
    __scatterload_copy                       0x1a00033d   Thumb Code    26  __scatter_copy.o(!!handler_copy)
    __scatterload_zeroinit                   0x1a000359   Thumb Code    28  __scatter_zi.o(!!handler_zi)
    __rt_lib_shutdown                        0x1a000375   Thumb Code     0  libshutdown.o(.ARM.Collect$$libshutdown$$00000000)
    __rt_lib_shutdown_cpp_1                  0x1a000377   Thumb Code     0  libshutdown2.o(.ARM.Collect$$libshutdown$$00000002)
    __rt_lib_shutdown_fp_trap_1              0x1a000377   Thumb Code     0  libshutdown2.o(.ARM.Collect$$libshutdown$$00000007)
    __rt_lib_shutdown_heap_1                 0x1a000377   Thumb Code     0  libshutdown2.o(.ARM.Collect$$libshutdown$$0000000F)
    __rt_lib_shutdown_return                 0x1a000377   Thumb Code     0  libshutdown2.o(.ARM.Collect$$libshutdown$$00000010)
    __rt_lib_shutdown_signal_1               0x1a000377   Thumb Code     0  libshutdown2.o(.ARM.Collect$$libshutdown$$0000000A)
    __rt_lib_shutdown_stdio_1                0x1a000377   Thumb Code     0  libshutdown2.o(.ARM.Collect$$libshutdown$$00000004)
    __rt_lib_shutdown_user_alloc_1           0x1a000377   Thumb Code     0  libshutdown2.o(.ARM.Collect$$libshutdown$$0000000C)
    __rt_exit                                0x1a000379   Thumb Code     0  rtexit.o(.ARM.Collect$$rtexit$$00000000)
    __rt_exit_ls                             0x1a00037b   Thumb Code     0  rtexit2.o(.ARM.Collect$$rtexit$$00000003)
    __rt_exit_prels_1                        0x1a00037b   Thumb Code     0  rtexit2.o(.ARM.Collect$$rtexit$$00000002)
    __rt_exit_exit                           0x1a00037f   Thumb Code     0  rtexit2.o(.ARM.Collect$$rtexit$$00000004)
    __aeabi_uldivmod                         0x1a000385   Thumb Code     0  lludivv7m.o(.text)
    _ll_udiv                                 0x1a000385   Thumb Code   240  lludivv7m.o(.text)
    __use_two_region_memory                  0x1a000475   Thumb Code     2  heapauxi.o(.text)
    __rt_heap_escrow$2region                 0x1a000477   Thumb Code     2  heapauxi.o(.text)
    __rt_heap_expand$2region                 0x1a000479   Thumb Code     2  heapauxi.o(.text)
    __user_setup_stackheap                   0x1a00047b   Thumb Code    74  sys_stackheap_outer.o(.text)
    __user_libspace                          0x1a0004c5   Thumb Code     8  libspace.o(.text)
    __user_perproc_libspace                  0x1a0004c5   Thumb Code     0  libspace.o(.text)
    __user_perthread_libspace                0x1a0004c5   Thumb Code     0  libspace.o(.text)
    _sys_exit                                0x1a0004cd   Thumb Code     8  sys_exit.o(.text)
    DMA_IRQHandler                           0x1a0004d9   Thumb Code   358  gpdma_lpc43xx.o(.text.DMA_IRQHandler)
    GetClockFreq                             0x1a000641   Thumb Code   256  system_lpc43xx.o(.text.GetClockFreq)
    Long Thumb to Thumb Veneer to __rt_entry 0x1a000741   Thumb Code    10  anon$$obj.o(Veneer$$Code)
    Long Thumb to Thumb Veneer to __user_initial_stackheap 0x1a00074b   Thumb Code    10  anon$$obj.o(Veneer$$Code)
    _fp_init                                 0x1a000755   Thumb Code    26  fpinit.o(x$fpl$fpinit)
    __fplib_config_fpu_vfp                   0x1a00076d   Thumb Code     0  fpinit.o(x$fpl$fpinit)
    __fplib_config_pureend_doubles           0x1a00076d   Thumb Code     0  fpinit.o(x$fpl$fpinit)
    Region$$Table$$Base                      0x1a000770   Number         0  anon$$obj.o(Region$$Table)
    Region$$Table$$Limit                     0x1a000790   Number         0  anon$$obj.o(Region$$Table)
    __rt_lib_init                            0x1b000001   Thumb Code     0  libinit.o(.ARM.Collect$$libinit$$00000000)
    __rt_lib_init_fp_1                       0x1b000003   Thumb Code     0  libinit2.o(.ARM.Collect$$libinit$$00000001)
    __rt_lib_init_alloca_1                   0x1b000007   Thumb Code     0  libinit2.o(.ARM.Collect$$libinit$$0000002E)
    __rt_lib_init_argv_1                     0x1b000007   Thumb Code     0  libinit2.o(.ARM.Collect$$libinit$$0000002C)
    __rt_lib_init_atexit_1                   0x1b000007   Thumb Code     0  libinit2.o(.ARM.Collect$$libinit$$0000001B)
    __rt_lib_init_clock_1                    0x1b000007   Thumb Code     0  libinit2.o(.ARM.Collect$$libinit$$00000021)
    __rt_lib_init_cpp_1                      0x1b000007   Thumb Code     0  libinit2.o(.ARM.Collect$$libinit$$00000032)
    __rt_lib_init_exceptions_1               0x1b000007   Thumb Code     0  libinit2.o(.ARM.Collect$$libinit$$00000030)
    __rt_lib_init_fp_trap_1                  0x1b000007   Thumb Code     0  libinit2.o(.ARM.Collect$$libinit$$0000001F)
    __rt_lib_init_getenv_1                   0x1b000007   Thumb Code     0  libinit2.o(.ARM.Collect$$libinit$$00000023)
    __rt_lib_init_heap_1                     0x1b000007   Thumb Code     0  libinit2.o(.ARM.Collect$$libinit$$0000000A)
    __rt_lib_init_lc_collate_1               0x1b000007   Thumb Code     0  libinit2.o(.ARM.Collect$$libinit$$00000011)
    __rt_lib_init_lc_ctype_1                 0x1b000007   Thumb Code     0  libinit2.o(.ARM.Collect$$libinit$$00000013)
    __rt_lib_init_lc_monetary_1              0x1b000007   Thumb Code     0  libinit2.o(.ARM.Collect$$libinit$$00000015)
    __rt_lib_init_lc_numeric_1               0x1b000007   Thumb Code     0  libinit2.o(.ARM.Collect$$libinit$$00000017)
    __rt_lib_init_lc_time_1                  0x1b000007   Thumb Code     0  libinit2.o(.ARM.Collect$$libinit$$00000019)
    __rt_lib_init_preinit_1                  0x1b000007   Thumb Code     0  libinit2.o(.ARM.Collect$$libinit$$00000004)
    __rt_lib_init_rand_1                     0x1b000007   Thumb Code     0  libinit2.o(.ARM.Collect$$libinit$$0000000E)
    __rt_lib_init_return                     0x1b000007   Thumb Code     0  libinit2.o(.ARM.Collect$$libinit$$00000033)
    __rt_lib_init_signal_1                   0x1b000007   Thumb Code     0  libinit2.o(.ARM.Collect$$libinit$$0000001D)
    __rt_lib_init_stdio_1                    0x1b000007   Thumb Code     0  libinit2.o(.ARM.Collect$$libinit$$00000025)
    __rt_lib_init_user_alloc_1               0x1b000007   Thumb Code     0  libinit2.o(.ARM.Collect$$libinit$$0000000C)
    __rt_entry                               0x1b000009   Thumb Code     0  __rtentry.o(.ARM.Collect$$rtentry$$00000000)
    __rt_entry_presh_1                       0x1b000009   Thumb Code     0  __rtentry2.o(.ARM.Collect$$rtentry$$00000002)
    __rt_entry_sh                            0x1b000009   Thumb Code     0  __rtentry4.o(.ARM.Collect$$rtentry$$00000004)
    __rt_entry_li                            0x1b00000f   Thumb Code     0  __rtentry2.o(.ARM.Collect$$rtentry$$0000000A)
    __rt_entry_postsh_1                      0x1b00000f   Thumb Code     0  __rtentry2.o(.ARM.Collect$$rtentry$$00000009)
    __rt_entry_main                          0x1b000013   Thumb Code     0  __rtentry2.o(.ARM.Collect$$rtentry$$0000000D)
    __rt_entry_postli_1                      0x1b000013   Thumb Code     0  __rtentry2.o(.ARM.Collect$$rtentry$$0000000C)
    Reset_Handler                            0x1b00001d   Thumb Code     8  startup_lpc43xx.o(.text)
    NMI_Handler                              0x1b000025   Thumb Code     2  startup_lpc43xx.o(.text)
    HardFault_Handler                        0x1b000027   Thumb Code     2  startup_lpc43xx.o(.text)
    MemManage_Handler                        0x1b000029   Thumb Code     2  startup_lpc43xx.o(.text)
    BusFault_Handler                         0x1b00002b   Thumb Code     2  startup_lpc43xx.o(.text)
    UsageFault_Handler                       0x1b00002d   Thumb Code     2  startup_lpc43xx.o(.text)
    SVC_Handler                              0x1b00002f   Thumb Code     2  startup_lpc43xx.o(.text)
    DebugMon_Handler                         0x1b000031   Thumb Code     2  startup_lpc43xx.o(.text)
    PendSV_Handler                           0x1b000033   Thumb Code     2  startup_lpc43xx.o(.text)
    SysTick_Handler                          0x1b000035   Thumb Code     2  startup_lpc43xx.o(.text)
    ADC0_IRQHandler                          0x1b000037   Thumb Code     0  startup_lpc43xx.o(.text)
    ADC1_IRQHandler                          0x1b000037   Thumb Code     0  startup_lpc43xx.o(.text)
    ADCHS_IRQHandler                         0x1b000037   Thumb Code     0  startup_lpc43xx.o(.text)
    ATIMER_IRQHandler                        0x1b000037   Thumb Code     0  startup_lpc43xx.o(.text)
    C_CAN0_IRQHandler                        0x1b000037   Thumb Code     0  startup_lpc43xx.o(.text)
    C_CAN1_IRQHandler                        0x1b000037   Thumb Code     0  startup_lpc43xx.o(.text)
    DAC_IRQHandler                           0x1b000037   Thumb Code     0  startup_lpc43xx.o(.text)
    ETHERNET_IRQHandler                      0x1b000037   Thumb Code     0  startup_lpc43xx.o(.text)
    EVENTROUTER_IRQHandler                   0x1b000037   Thumb Code     0  startup_lpc43xx.o(.text)
    FLASHEEPROM_IRQHandler                   0x1b000037   Thumb Code     0  startup_lpc43xx.o(.text)
    GINT0_IRQHandler                         0x1b000037   Thumb Code     0  startup_lpc43xx.o(.text)
    GINT1_IRQHandler                         0x1b000037   Thumb Code     0  startup_lpc43xx.o(.text)
    I2C0_IRQHandler                          0x1b000037   Thumb Code     0  startup_lpc43xx.o(.text)
    I2C1_IRQHandler                          0x1b000037   Thumb Code     0  startup_lpc43xx.o(.text)
    I2S0_IRQHandler                          0x1b000037   Thumb Code     0  startup_lpc43xx.o(.text)
    I2S1_IRQHandler                          0x1b000037   Thumb Code     0  startup_lpc43xx.o(.text)
    LCD_IRQHandler                           0x1b000037   Thumb Code     0  startup_lpc43xx.o(.text)
    M0APP_IRQHandler                         0x1b000037   Thumb Code     0  startup_lpc43xx.o(.text)
    M0SUB_IRQHandler                         0x1b000037   Thumb Code     0  startup_lpc43xx.o(.text)
    MCPWM_IRQHandler                         0x1b000037   Thumb Code     0  startup_lpc43xx.o(.text)
    PIN_INT0_IRQHandler                      0x1b000037   Thumb Code     0  startup_lpc43xx.o(.text)
    PIN_INT1_IRQHandler                      0x1b000037   Thumb Code     0  startup_lpc43xx.o(.text)
    PIN_INT2_IRQHandler                      0x1b000037   Thumb Code     0  startup_lpc43xx.o(.text)
    PIN_INT3_IRQHandler                      0x1b000037   Thumb Code     0  startup_lpc43xx.o(.text)
    PIN_INT4_IRQHandler                      0x1b000037   Thumb Code     0  startup_lpc43xx.o(.text)
    PIN_INT5_IRQHandler                      0x1b000037   Thumb Code     0  startup_lpc43xx.o(.text)
    PIN_INT6_IRQHandler                      0x1b000037   Thumb Code     0  startup_lpc43xx.o(.text)
    PIN_INT7_IRQHandler                      0x1b000037   Thumb Code     0  startup_lpc43xx.o(.text)
    QEI_IRQHandler                           0x1b000037   Thumb Code     0  startup_lpc43xx.o(.text)
    RITIMER_IRQHandler                       0x1b000037   Thumb Code     0  startup_lpc43xx.o(.text)
    RTC_IRQHandler                           0x1b000037   Thumb Code     0  startup_lpc43xx.o(.text)
    SCT_IRQHandler                           0x1b000037   Thumb Code     0  startup_lpc43xx.o(.text)
    SDIO_IRQHandler                          0x1b000037   Thumb Code     0  startup_lpc43xx.o(.text)
    SGPIO_IRQHandler                         0x1b000037   Thumb Code     0  startup_lpc43xx.o(.text)
    SPIFI_IRQHandler                         0x1b000037   Thumb Code     0  startup_lpc43xx.o(.text)
    SPI_IRQHandler                           0x1b000037   Thumb Code     0  startup_lpc43xx.o(.text)
    SSP1_IRQHandler                          0x1b000037   Thumb Code     0  startup_lpc43xx.o(.text)
    TIMER0_IRQHandler                        0x1b000037   Thumb Code     0  startup_lpc43xx.o(.text)
    TIMER1_IRQHandler                        0x1b000037   Thumb Code     0  startup_lpc43xx.o(.text)
    TIMER2_IRQHandler                        0x1b000037   Thumb Code     0  startup_lpc43xx.o(.text)
    TIMER3_IRQHandler                        0x1b000037   Thumb Code     0  startup_lpc43xx.o(.text)
    UART1_IRQHandler                         0x1b000037   Thumb Code     0  startup_lpc43xx.o(.text)
    USART0_IRQHandler                        0x1b000037   Thumb Code     0  startup_lpc43xx.o(.text)
    USART2_IRQHandler                        0x1b000037   Thumb Code     0  startup_lpc43xx.o(.text)
    USART3_IRQHandler                        0x1b000037   Thumb Code     0  startup_lpc43xx.o(.text)
    USB0_IRQHandler                          0x1b000037   Thumb Code     0  startup_lpc43xx.o(.text)
    USB1_IRQHandler                          0x1b000037   Thumb Code     0  startup_lpc43xx.o(.text)
    WWDT_IRQHandler                          0x1b000037   Thumb Code     0  startup_lpc43xx.o(.text)
    __user_initial_stackheap                 0x1b000039   Thumb Code     0  startup_lpc43xx.o(.text)
    exit                                     0x1b00005d   Thumb Code    18  exit.o(.text)
    __I$use$semihosting                      0x1b00006f   Thumb Code     0  use_no_semi.o(.text)
    __use_no_semihosting_swi                 0x1b00006f   Thumb Code     2  use_no_semi.o(.text)
    SSP0_IRQHandler                          0x1b000071   Thumb Code   226  ssp_lpc43xx.o(.text.SSP0_IRQHandler)
    __semihosting_library_function           0x1b000071   Thumb Code     0  indicate_semi.o(.text)
    SystemInit                               0x1b000155   Thumb Code  1430  system_lpc43xx.o(.text.SystemInit)
    main                                     0x1b0006ed   Thumb Code     2  cm4_boot_main.o(.text.main)
    Long Thumb to Thumb Veneer to _fp_init   0x1b0006ef   Thumb Code    10  anon$$obj.o(Veneer$$Code)
    Long Thumb to Thumb Veneer to __user_setup_stackheap 0x1b0006f9   Thumb Code    10  anon$$obj.o(Veneer$$Code)
    Long Thumb to Thumb Veneer to __rt_exit  0x1b000703   Thumb Code    10  anon$$obj.o(Veneer$$Code)
    Long Thumb to Thumb Veneer to GetClockFreq 0x1b00070d   Thumb Code    10  anon$$obj.o(Veneer$$Code)
    Long Thumb to Thumb Veneer to __aeabi_uldivmod 0x1b000717   Thumb Code    10  anon$$obj.o(Veneer$$Code)
    SystemCoreClock                          0x20000000   Data           4  system_lpc43xx.o(.data.SystemCoreClock)
    __libspace_start                         0x20000008   Data          96  libspace.o(.bss)
    __temporary_stack_top$libspace           0x20000068   Data           0  libspace.o(.bss)



==============================================================================

Memory Map of the image

  Image Entry point : 0x1a000301

  Load Region LR_IROM1 (Base: 0x1a000000, Size: 0x00000798, Max: 0x00080000, ABSOLUTE)

    Execution Region ER_IROM1 (Exec base: 0x1a000000, Load base: 0x1a000000, Size: 0x00000790, Max: 0x00080000, ABSOLUTE)

    Exec Addr    Load Addr    Size         Type   Attr      Idx    E Section Name        Object

    0x1a000000   0x1a000000   0x00000300   Data   RO          163    RESET               startup_lpc43xx.o
    0x1a000300   0x1a000300   0x00000008   Code   RO          193  * !!!main             c_w.l(__main.o)
    0x1a000308   0x1a000308   0x00000034   Code   RO          366    !!!scatter          c_w.l(__scatter.o)
    0x1a00033c   0x1a00033c   0x0000001a   Code   RO          368    !!handler_copy      c_w.l(__scatter_copy.o)
    0x1a000356   0x1a000356   0x00000002   PAD
    0x1a000358   0x1a000358   0x0000001c   Code   RO          370    !!handler_zi        c_w.l(__scatter_zi.o)
    0x1a000374   0x1a000374   0x00000002   Code   RO          321    .ARM.Collect$$libshutdown$$00000000  c_w.l(libshutdown.o)
    0x1a000376   0x1a000376   0x00000000   Code   RO          349    .ARM.Collect$$libshutdown$$00000002  c_w.l(libshutdown2.o)
    0x1a000376   0x1a000376   0x00000000   Code   RO          351    .ARM.Collect$$libshutdown$$00000004  c_w.l(libshutdown2.o)
    0x1a000376   0x1a000376   0x00000000   Code   RO          354    .ARM.Collect$$libshutdown$$00000007  c_w.l(libshutdown2.o)
    0x1a000376   0x1a000376   0x00000000   Code   RO          357    .ARM.Collect$$libshutdown$$0000000A  c_w.l(libshutdown2.o)
    0x1a000376   0x1a000376   0x00000000   Code   RO          359    .ARM.Collect$$libshutdown$$0000000C  c_w.l(libshutdown2.o)
    0x1a000376   0x1a000376   0x00000000   Code   RO          362    .ARM.Collect$$libshutdown$$0000000F  c_w.l(libshutdown2.o)
    0x1a000376   0x1a000376   0x00000002   Code   RO          363    .ARM.Collect$$libshutdown$$00000010  c_w.l(libshutdown2.o)
    0x1a000378   0x1a000378   0x00000002   Code   RO          234    .ARM.Collect$$rtexit$$00000000  c_w.l(rtexit.o)
    0x1a00037a   0x1a00037a   0x00000000   Code   RO          292    .ARM.Collect$$rtexit$$00000002  c_w.l(rtexit2.o)
    0x1a00037a   0x1a00037a   0x00000004   Code   RO          293    .ARM.Collect$$rtexit$$00000003  c_w.l(rtexit2.o)
    0x1a00037e   0x1a00037e   0x00000006   Code   RO          294    .ARM.Collect$$rtexit$$00000004  c_w.l(rtexit2.o)
    0x1a000384   0x1a000384   0x000000f0   Code   RO          189    .text               c_w.l(lludivv7m.o)
    0x1a000474   0x1a000474   0x00000006   Code   RO          191    .text               c_w.l(heapauxi.o)
    0x1a00047a   0x1a00047a   0x0000004a   Code   RO          217    .text               c_w.l(sys_stackheap_outer.o)
    0x1a0004c4   0x1a0004c4   0x00000008   Code   RO          231    .text               c_w.l(libspace.o)
    0x1a0004cc   0x1a0004cc   0x0000000c   Code   RO          287    .text               c_w.l(sys_exit.o)
    0x1a0004d8   0x1a0004d8   0x00000166   Code   RO          107    .text.DMA_IRQHandler  gpdma_lpc43xx.o
    0x1a00063e   0x1a00063e   0x00000002   PAD
    0x1a000640   0x1a000640   0x00000100   Code   RO          173    .text.GetClockFreq  system_lpc43xx.o
    0x1a000740   0x1a000740   0x0000000a   Ven    RO          372    Veneer$$Code        anon$$obj.o
    0x1a00074a   0x1a00074a   0x0000000a   Ven    RO          373    Veneer$$Code        anon$$obj.o
    0x1a000754   0x1a000754   0x0000001a   Code   RO          304    x$fpl$fpinit        fz_wm.l(fpinit.o)
    0x1a00076e   0x1a00076e   0x00000002   PAD
    0x1a000770   0x1a000770   0x00000020   Data   RO          365    Region$$Table       anon$$obj.o


    Execution Region RW_IRAM2 (Exec base: 0x20000000, Load base: 0x1a000790, Size: 0x00000738, Max: 0x00010000, ABSOLUTE)

    Exec Addr    Load Addr    Size         Type   Attr      Idx    E Section Name        Object

    0x20000000   0x1a000790   0x00000004   Data   RW          179    .data.SystemCoreClock  system_lpc43xx.o
    0x20000004   0x1a000794   0x00000004   PAD
    0x20000008        -       0x00000060   Zero   RW          232    .bss                c_w.l(libspace.o)
    0x20000068        -       0x00000004   Zero   RW          111    .bss.Channel_active  gpdma_lpc43xx.o
    0x2000006c        -       0x000000a0   Zero   RW          110    .bss.Channel_info   gpdma_lpc43xx.o
    0x2000010c        -       0x00000004   Zero   RW           78    .bss.SSP0_Info.0    ssp_lpc43xx.o
    0x20000110        -       0x00000001   Zero   RW           81    .bss.SSP0_Info.1.0  ssp_lpc43xx.o
    0x20000111   0x1a000794   0x00000003   PAD
    0x20000114        -       0x00000001   Zero   RW           82    .bss.SSP0_Info.1.1  ssp_lpc43xx.o
    0x20000115   0x1a000794   0x00000003   PAD
    0x20000118        -       0x0000001c   Zero   RW           77    .bss.SSP0_Xfer      ssp_lpc43xx.o
    0x20000134   0x1a000794   0x00000004   PAD
    0x20000138        -       0x00000200   Zero   RW          162    HEAP                startup_lpc43xx.o
    0x20000338        -       0x00000400   Zero   RW          161    STACK               startup_lpc43xx.o



  Load Region LR_IROM2 (Base: 0x1b000000, Size: 0x00000720, Max: 0x00080000, ABSOLUTE)

    Execution Region ER_IROM2 (Exec base: 0x1b000000, Load base: 0x1b000000, Size: 0x00000720, Max: 0x00080000, ABSOLUTE)

    Exec Addr    Load Addr    Size         Type   Attr      Idx    E Section Name        Object

    0x1b000000   0x1b000000   0x00000002   Code   RO          230    .ARM.Collect$$libinit$$00000000  c_w.l(libinit.o)
    0x1b000002   0x1b000002   0x00000004   Code   RO          242    .ARM.Collect$$libinit$$00000001  c_w.l(libinit2.o)
    0x1b000006   0x1b000006   0x00000000   Code   RO          245    .ARM.Collect$$libinit$$00000004  c_w.l(libinit2.o)
    0x1b000006   0x1b000006   0x00000000   Code   RO          248    .ARM.Collect$$libinit$$0000000A  c_w.l(libinit2.o)
    0x1b000006   0x1b000006   0x00000000   Code   RO          250    .ARM.Collect$$libinit$$0000000C  c_w.l(libinit2.o)
    0x1b000006   0x1b000006   0x00000000   Code   RO          252    .ARM.Collect$$libinit$$0000000E  c_w.l(libinit2.o)
    0x1b000006   0x1b000006   0x00000000   Code   RO          255    .ARM.Collect$$libinit$$00000011  c_w.l(libinit2.o)
    0x1b000006   0x1b000006   0x00000000   Code   RO          257    .ARM.Collect$$libinit$$00000013  c_w.l(libinit2.o)
    0x1b000006   0x1b000006   0x00000000   Code   RO          259    .ARM.Collect$$libinit$$00000015  c_w.l(libinit2.o)
    0x1b000006   0x1b000006   0x00000000   Code   RO          261    .ARM.Collect$$libinit$$00000017  c_w.l(libinit2.o)
    0x1b000006   0x1b000006   0x00000000   Code   RO          263    .ARM.Collect$$libinit$$00000019  c_w.l(libinit2.o)
    0x1b000006   0x1b000006   0x00000000   Code   RO          265    .ARM.Collect$$libinit$$0000001B  c_w.l(libinit2.o)
    0x1b000006   0x1b000006   0x00000000   Code   RO          267    .ARM.Collect$$libinit$$0000001D  c_w.l(libinit2.o)
    0x1b000006   0x1b000006   0x00000000   Code   RO          269    .ARM.Collect$$libinit$$0000001F  c_w.l(libinit2.o)
    0x1b000006   0x1b000006   0x00000000   Code   RO          271    .ARM.Collect$$libinit$$00000021  c_w.l(libinit2.o)
    0x1b000006   0x1b000006   0x00000000   Code   RO          273    .ARM.Collect$$libinit$$00000023  c_w.l(libinit2.o)
    0x1b000006   0x1b000006   0x00000000   Code   RO          275    .ARM.Collect$$libinit$$00000025  c_w.l(libinit2.o)
    0x1b000006   0x1b000006   0x00000000   Code   RO          279    .ARM.Collect$$libinit$$0000002C  c_w.l(libinit2.o)
    0x1b000006   0x1b000006   0x00000000   Code   RO          281    .ARM.Collect$$libinit$$0000002E  c_w.l(libinit2.o)
    0x1b000006   0x1b000006   0x00000000   Code   RO          283    .ARM.Collect$$libinit$$00000030  c_w.l(libinit2.o)
    0x1b000006   0x1b000006   0x00000000   Code   RO          285    .ARM.Collect$$libinit$$00000032  c_w.l(libinit2.o)
    0x1b000006   0x1b000006   0x00000002   Code   RO          286    .ARM.Collect$$libinit$$00000033  c_w.l(libinit2.o)
    0x1b000008   0x1b000008   0x00000000   Code   RO          195    .ARM.Collect$$rtentry$$00000000  c_w.l(__rtentry.o)
    0x1b000008   0x1b000008   0x00000000   Code   RO          201    .ARM.Collect$$rtentry$$00000002  c_w.l(__rtentry2.o)
    0x1b000008   0x1b000008   0x00000006   Code   RO          213    .ARM.Collect$$rtentry$$00000004  c_w.l(__rtentry4.o)
    0x1b00000e   0x1b00000e   0x00000000   Code   RO          203    .ARM.Collect$$rtentry$$00000009  c_w.l(__rtentry2.o)
    0x1b00000e   0x1b00000e   0x00000004   Code   RO          204    .ARM.Collect$$rtentry$$0000000A  c_w.l(__rtentry2.o)
    0x1b000012   0x1b000012   0x00000000   Code   RO          206    .ARM.Collect$$rtentry$$0000000C  c_w.l(__rtentry2.o)
    0x1b000012   0x1b000012   0x00000008   Code   RO          207    .ARM.Collect$$rtentry$$0000000D  c_w.l(__rtentry2.o)
    0x1b00001a   0x1b00001a   0x00000002   PAD
    0x1b00001c   0x1b00001c   0x00000040   Code   RO          164    .text               startup_lpc43xx.o
    0x1b00005c   0x1b00005c   0x00000012   Code   RO          219    .text               c_w.l(exit.o)
    0x1b00006e   0x1b00006e   0x00000002   Code   RO          310    .text               c_w.l(use_no_semi.o)
    0x1b000070   0x1b000070   0x00000000   Code   RO          312    .text               c_w.l(indicate_semi.o)
    0x1b000070   0x1b000070   0x000000e2   Code   RO           52    .text.SSP0_IRQHandler  ssp_lpc43xx.o
    0x1b000152   0x1b000152   0x00000002   PAD
    0x1b000154   0x1b000154   0x00000596   Code   RO          177    .text.SystemInit    system_lpc43xx.o
    0x1b0006ea   0x1b0006ea   0x00000002   PAD
    0x1b0006ec   0x1b0006ec   0x00000002   Code   RO            2    .text.main          cm4_boot_main.o
    0x1b0006ee   0x1b0006ee   0x0000000a   Ven    RO          374    Veneer$$Code        anon$$obj.o
    0x1b0006f8   0x1b0006f8   0x0000000a   Ven    RO          375    Veneer$$Code        anon$$obj.o
    0x1b000702   0x1b000702   0x0000000a   Ven    RO          376    Veneer$$Code        anon$$obj.o
    0x1b00070c   0x1b00070c   0x0000000a   Ven    RO          377    Veneer$$Code        anon$$obj.o
    0x1b000716   0x1b000716   0x0000000a   Ven    RO          378    Veneer$$Code        anon$$obj.o


==============================================================================

Image component sizes


      Code (inc. data)   RO Data    RW Data    ZI Data      Debug   Object Name

         2          0          0          0          0        342   cm4_boot_main.o
       358          0          0          0        164      14683   gpdma_lpc43xx.o
       226          0          0          0         34      15193   ssp_lpc43xx.o
        64         26        768          0       1536        884   startup_lpc43xx.o
      1686         18          0          4          0      19311   system_lpc43xx.o

    ----------------------------------------------------------------------
      2412         44        800          4       1748      50413   Object Totals
        70          0         32          0          0          0   (incl. Generated)
         6          0          0          0         14          0   (incl. Padding)

    ----------------------------------------------------------------------

      Code (inc. data)   RO Data    RW Data    ZI Data      Debug   Library Member Name

         8          0          0          0          0         68   __main.o
         0          0          0          0          0          0   __rtentry.o
        12          0          0          0          0          0   __rtentry2.o
         6          0          0          0          0          0   __rtentry4.o
        52          8          0          0          0          0   __scatter.o
        26          0          0          0          0          0   __scatter_copy.o
        28          0          0          0          0          0   __scatter_zi.o
        18          0          0          0          0         80   exit.o
         6          0          0          0          0        152   heapauxi.o
         0          0          0          0          0          0   indicate_semi.o
         2          0          0          0          0          0   libinit.o
         6          0          0          0          0          0   libinit2.o
         2          0          0          0          0          0   libshutdown.o
         2          0          0          0          0          0   libshutdown2.o
         8          4          0          0         96         68   libspace.o
       240          0          0          0          0        100   lludivv7m.o
         2          0          0          0          0          0   rtexit.o
        10          0          0          0          0          0   rtexit2.o
        12          4          0          0          0         68   sys_exit.o
        74          0          0          0          0         80   sys_stackheap_outer.o
         2          0          0          0          0         68   use_no_semi.o
        26          0          0          0          0        116   fpinit.o

    ----------------------------------------------------------------------
       548         16          0          0         96        800   Library Totals
         6          0          0          0          0          0   (incl. Padding)

    ----------------------------------------------------------------------

      Code (inc. data)   RO Data    RW Data    ZI Data      Debug   Library Name

       516         16          0          0         96        684   c_w.l
        26          0          0          0          0        116   fz_wm.l

    ----------------------------------------------------------------------
       548         16          0          0         96        800   Library Totals

    ----------------------------------------------------------------------

==============================================================================


      Code (inc. data)   RO Data    RW Data    ZI Data      Debug   

      2960         60        800          4       1844      50945   Grand Totals
      2960         60        800          4       1844      50945   ELF Image Totals
      2960         60        800          4          0          0   ROM Totals

==============================================================================

    Total RO  Size (Code + RO Data)                 3760 (   3.67kB)
    Total RW  Size (RW Data + ZI Data)              1848 (   1.80kB)
    Total ROM Size (Code + RO Data + RW Data)       3764 (   3.68kB)

==============================================================================

