<!doctype html public "-//w3c//dtd html 4.0 transitional//en">
<html><head>
<title>Static Call Graph - [.\Objects\cm4_boot.axf]</title></head>
<body><HR>
<H1>Static Call Graph for image .\Objects\cm4_boot.axf</H1><HR>
<BR><P>#&#060CALLGRAPH&#062# ARM Linker, 6160001: Last Updated: Mon Feb 13 19:03:54 2023
<BR><P>
<H3>Maximum Stack Usage =         96 bytes + Unknown(Functions without stacksize, Cycles, Untraceable Function Pointers)</H3><H3>
Call chain for Maximum Stack Depth:</H3>
SystemInit &rArr; __aeabi_uldivmod
<P>
<H3>
Functions with no stack information
</H3><UL>
 <LI><a href="#[48]">__user_initial_stackheap</a>
</UL>
</UL>
<P>
<H3>
Mutually Recursive functions
</H3> <LI><a href="#[1]">NMI_Handler</a>&nbsp;&nbsp;&nbsp;&rArr;&nbsp;&nbsp;&nbsp;<a href="#[1]">NMI_Handler</a><BR>
 <LI><a href="#[2]">HardFault_Handler</a>&nbsp;&nbsp;&nbsp;&rArr;&nbsp;&nbsp;&nbsp;<a href="#[2]">HardFault_Handler</a><BR>
 <LI><a href="#[3]">MemManage_Handler</a>&nbsp;&nbsp;&nbsp;&rArr;&nbsp;&nbsp;&nbsp;<a href="#[3]">MemManage_Handler</a><BR>
 <LI><a href="#[4]">BusFault_Handler</a>&nbsp;&nbsp;&nbsp;&rArr;&nbsp;&nbsp;&nbsp;<a href="#[4]">BusFault_Handler</a><BR>
 <LI><a href="#[5]">UsageFault_Handler</a>&nbsp;&nbsp;&nbsp;&rArr;&nbsp;&nbsp;&nbsp;<a href="#[5]">UsageFault_Handler</a><BR>
 <LI><a href="#[6]">SVC_Handler</a>&nbsp;&nbsp;&nbsp;&rArr;&nbsp;&nbsp;&nbsp;<a href="#[6]">SVC_Handler</a><BR>
 <LI><a href="#[7]">DebugMon_Handler</a>&nbsp;&nbsp;&nbsp;&rArr;&nbsp;&nbsp;&nbsp;<a href="#[7]">DebugMon_Handler</a><BR>
 <LI><a href="#[8]">PendSV_Handler</a>&nbsp;&nbsp;&nbsp;&rArr;&nbsp;&nbsp;&nbsp;<a href="#[8]">PendSV_Handler</a><BR>
 <LI><a href="#[9]">SysTick_Handler</a>&nbsp;&nbsp;&nbsp;&rArr;&nbsp;&nbsp;&nbsp;<a href="#[9]">SysTick_Handler</a><BR>
 <LI><a href="#[1a]">ADC0_IRQHandler</a>&nbsp;&nbsp;&nbsp;&rArr;&nbsp;&nbsp;&nbsp;<a href="#[1a]">ADC0_IRQHandler</a><BR>
 <LI><a href="#[4f]">main</a>&nbsp;&nbsp;&nbsp;&rArr;&nbsp;&nbsp;&nbsp;<a href="#[4f]">main</a><BR>
</UL>
<P>
<H3>
Function Pointers
</H3><UL>
 <LI><a href="#[1a]">ADC0_IRQHandler</a> from startup_lpc43xx.o(.text) referenced from startup_lpc43xx.o(RESET)
 <LI><a href="#[1e]">ADC1_IRQHandler</a> from startup_lpc43xx.o(.text) referenced from startup_lpc43xx.o(RESET)
 <LI><a href="#[35]">ADCHS_IRQHandler</a> from startup_lpc43xx.o(.text) referenced from startup_lpc43xx.o(RESET)
 <LI><a href="#[36]">ATIMER_IRQHandler</a> from startup_lpc43xx.o(.text) referenced from startup_lpc43xx.o(RESET)
 <LI><a href="#[4]">BusFault_Handler</a> from startup_lpc43xx.o(.text) referenced from startup_lpc43xx.o(RESET)
 <LI><a href="#[3a]">C_CAN0_IRQHandler</a> from startup_lpc43xx.o(.text) referenced from startup_lpc43xx.o(RESET)
 <LI><a href="#[34]">C_CAN1_IRQHandler</a> from startup_lpc43xx.o(.text) referenced from startup_lpc43xx.o(RESET)
 <LI><a href="#[a]">DAC_IRQHandler</a> from startup_lpc43xx.o(.text) referenced from startup_lpc43xx.o(RESET)
 <LI><a href="#[c]">DMA_IRQHandler</a> from gpdma_lpc43xx.o(.text.DMA_IRQHandler) referenced from startup_lpc43xx.o(RESET)
 <LI><a href="#[7]">DebugMon_Handler</a> from startup_lpc43xx.o(.text) referenced from startup_lpc43xx.o(RESET)
 <LI><a href="#[e]">ETHERNET_IRQHandler</a> from startup_lpc43xx.o(.text) referenced from startup_lpc43xx.o(RESET)
 <LI><a href="#[33]">EVENTROUTER_IRQHandler</a> from startup_lpc43xx.o(.text) referenced from startup_lpc43xx.o(RESET)
 <LI><a href="#[d]">FLASHEEPROM_IRQHandler</a> from startup_lpc43xx.o(.text) referenced from startup_lpc43xx.o(RESET)
 <LI><a href="#[31]">GINT0_IRQHandler</a> from startup_lpc43xx.o(.text) referenced from startup_lpc43xx.o(RESET)
 <LI><a href="#[32]">GINT1_IRQHandler</a> from startup_lpc43xx.o(.text) referenced from startup_lpc43xx.o(RESET)
 <LI><a href="#[2]">HardFault_Handler</a> from startup_lpc43xx.o(.text) referenced from startup_lpc43xx.o(RESET)
 <LI><a href="#[1b]">I2C0_IRQHandler</a> from startup_lpc43xx.o(.text) referenced from startup_lpc43xx.o(RESET)
 <LI><a href="#[1c]">I2C1_IRQHandler</a> from startup_lpc43xx.o(.text) referenced from startup_lpc43xx.o(RESET)
 <LI><a href="#[25]">I2S0_IRQHandler</a> from startup_lpc43xx.o(.text) referenced from startup_lpc43xx.o(RESET)
 <LI><a href="#[26]">I2S1_IRQHandler</a> from startup_lpc43xx.o(.text) referenced from startup_lpc43xx.o(RESET)
 <LI><a href="#[10]">LCD_IRQHandler</a> from startup_lpc43xx.o(.text) referenced from startup_lpc43xx.o(RESET)
 <LI><a href="#[b]">M0APP_IRQHandler</a> from startup_lpc43xx.o(.text) referenced from startup_lpc43xx.o(RESET)
 <LI><a href="#[39]">M0SUB_IRQHandler</a> from startup_lpc43xx.o(.text) referenced from startup_lpc43xx.o(RESET)
 <LI><a href="#[19]">MCPWM_IRQHandler</a> from startup_lpc43xx.o(.text) referenced from startup_lpc43xx.o(RESET)
 <LI><a href="#[3]">MemManage_Handler</a> from startup_lpc43xx.o(.text) referenced from startup_lpc43xx.o(RESET)
 <LI><a href="#[1]">NMI_Handler</a> from startup_lpc43xx.o(.text) referenced from startup_lpc43xx.o(RESET)
 <LI><a href="#[29]">PIN_INT0_IRQHandler</a> from startup_lpc43xx.o(.text) referenced from startup_lpc43xx.o(RESET)
 <LI><a href="#[2a]">PIN_INT1_IRQHandler</a> from startup_lpc43xx.o(.text) referenced from startup_lpc43xx.o(RESET)
 <LI><a href="#[2b]">PIN_INT2_IRQHandler</a> from startup_lpc43xx.o(.text) referenced from startup_lpc43xx.o(RESET)
 <LI><a href="#[2c]">PIN_INT3_IRQHandler</a> from startup_lpc43xx.o(.text) referenced from startup_lpc43xx.o(RESET)
 <LI><a href="#[2d]">PIN_INT4_IRQHandler</a> from startup_lpc43xx.o(.text) referenced from startup_lpc43xx.o(RESET)
 <LI><a href="#[2e]">PIN_INT5_IRQHandler</a> from startup_lpc43xx.o(.text) referenced from startup_lpc43xx.o(RESET)
 <LI><a href="#[2f]">PIN_INT6_IRQHandler</a> from startup_lpc43xx.o(.text) referenced from startup_lpc43xx.o(RESET)
 <LI><a href="#[30]">PIN_INT7_IRQHandler</a> from startup_lpc43xx.o(.text) referenced from startup_lpc43xx.o(RESET)
 <LI><a href="#[8]">PendSV_Handler</a> from startup_lpc43xx.o(.text) referenced from startup_lpc43xx.o(RESET)
 <LI><a href="#[3b]">QEI_IRQHandler</a> from startup_lpc43xx.o(.text) referenced from startup_lpc43xx.o(RESET)
 <LI><a href="#[14]">RITIMER_IRQHandler</a> from startup_lpc43xx.o(.text) referenced from startup_lpc43xx.o(RESET)
 <LI><a href="#[37]">RTC_IRQHandler</a> from startup_lpc43xx.o(.text) referenced from startup_lpc43xx.o(RESET)
 <LI><a href="#[0]">Reset_Handler</a> from startup_lpc43xx.o(.text) referenced from startup_lpc43xx.o(RESET)
 <LI><a href="#[13]">SCT_IRQHandler</a> from startup_lpc43xx.o(.text) referenced from startup_lpc43xx.o(RESET)
 <LI><a href="#[f]">SDIO_IRQHandler</a> from startup_lpc43xx.o(.text) referenced from startup_lpc43xx.o(RESET)
 <LI><a href="#[28]">SGPIO_IRQHandler</a> from startup_lpc43xx.o(.text) referenced from startup_lpc43xx.o(RESET)
 <LI><a href="#[27]">SPIFI_IRQHandler</a> from startup_lpc43xx.o(.text) referenced from startup_lpc43xx.o(RESET)
 <LI><a href="#[1d]">SPI_IRQHandler</a> from startup_lpc43xx.o(.text) referenced from startup_lpc43xx.o(RESET)
 <LI><a href="#[1f]">SSP0_IRQHandler</a> from ssp_lpc43xx.o(.text.SSP0_IRQHandler) referenced from startup_lpc43xx.o(RESET)
 <LI><a href="#[20]">SSP1_IRQHandler</a> from startup_lpc43xx.o(.text) referenced from startup_lpc43xx.o(RESET)
 <LI><a href="#[6]">SVC_Handler</a> from startup_lpc43xx.o(.text) referenced from startup_lpc43xx.o(RESET)
 <LI><a href="#[9]">SysTick_Handler</a> from startup_lpc43xx.o(.text) referenced from startup_lpc43xx.o(RESET)
 <LI><a href="#[3c]">SystemInit</a> from system_lpc43xx.o(.text.SystemInit) referenced from startup_lpc43xx.o(.text)
 <LI><a href="#[15]">TIMER0_IRQHandler</a> from startup_lpc43xx.o(.text) referenced from startup_lpc43xx.o(RESET)
 <LI><a href="#[16]">TIMER1_IRQHandler</a> from startup_lpc43xx.o(.text) referenced from startup_lpc43xx.o(RESET)
 <LI><a href="#[17]">TIMER2_IRQHandler</a> from startup_lpc43xx.o(.text) referenced from startup_lpc43xx.o(RESET)
 <LI><a href="#[18]">TIMER3_IRQHandler</a> from startup_lpc43xx.o(.text) referenced from startup_lpc43xx.o(RESET)
 <LI><a href="#[22]">UART1_IRQHandler</a> from startup_lpc43xx.o(.text) referenced from startup_lpc43xx.o(RESET)
 <LI><a href="#[21]">USART0_IRQHandler</a> from startup_lpc43xx.o(.text) referenced from startup_lpc43xx.o(RESET)
 <LI><a href="#[23]">USART2_IRQHandler</a> from startup_lpc43xx.o(.text) referenced from startup_lpc43xx.o(RESET)
 <LI><a href="#[24]">USART3_IRQHandler</a> from startup_lpc43xx.o(.text) referenced from startup_lpc43xx.o(RESET)
 <LI><a href="#[11]">USB0_IRQHandler</a> from startup_lpc43xx.o(.text) referenced from startup_lpc43xx.o(RESET)
 <LI><a href="#[12]">USB1_IRQHandler</a> from startup_lpc43xx.o(.text) referenced from startup_lpc43xx.o(RESET)
 <LI><a href="#[5]">UsageFault_Handler</a> from startup_lpc43xx.o(.text) referenced from startup_lpc43xx.o(RESET)
 <LI><a href="#[38]">WWDT_IRQHandler</a> from startup_lpc43xx.o(.text) referenced from startup_lpc43xx.o(RESET)
 <LI><a href="#[3d]">__main</a> from __main.o(!!!main) referenced from startup_lpc43xx.o(.text)
</UL>
<P>
<H3>
Global Symbols
</H3>
<P><STRONG><a name="[3d]"></a>__main</STRONG> (Thumb, 8 bytes, Stack size 0 bytes, __main.o(!!!main))
<BR><BR>[Calls]<UL><LI><a href="#[3e]">&gt;&gt;</a>&nbsp;&nbsp;&nbsp;__scatterload
<LI><a href="#[3f]">&gt;&gt;</a>&nbsp;&nbsp;&nbsp;__rt_entry (via Veneer)
</UL>
<BR>[Address Reference Count : 1]<UL><LI> startup_lpc43xx.o(.text)
</UL>
<P><STRONG><a name="[3e]"></a>__scatterload</STRONG> (Thumb, 0 bytes, Stack size unknown bytes, __scatter.o(!!!scatter))
<BR><BR>[Called By]<UL><LI><a href="#[3d]">&gt;&gt;</a>&nbsp;&nbsp;&nbsp;__main
</UL>

<P><STRONG><a name="[40]"></a>__scatterload_rt2</STRONG> (Thumb, 44 bytes, Stack size unknown bytes, __scatter.o(!!!scatter), UNUSED)
<BR><BR>[Calls]<UL><LI><a href="#[3f]">&gt;&gt;</a>&nbsp;&nbsp;&nbsp;__rt_entry (via Veneer)
</UL>

<P><STRONG><a name="[54]"></a>__scatterload_rt2_thumb_only</STRONG> (Thumb, 0 bytes, Stack size unknown bytes, __scatter.o(!!!scatter), UNUSED)

<P><STRONG><a name="[55]"></a>__scatterload_null</STRONG> (Thumb, 0 bytes, Stack size unknown bytes, __scatter.o(!!!scatter), UNUSED)

<P><STRONG><a name="[41]"></a>__scatterload_copy</STRONG> (Thumb, 26 bytes, Stack size unknown bytes, __scatter_copy.o(!!handler_copy), UNUSED)
<BR><BR>[Calls]<UL><LI><a href="#[41]">&gt;&gt;</a>&nbsp;&nbsp;&nbsp;__scatterload_copy
</UL>
<BR>[Called By]<UL><LI><a href="#[41]">&gt;&gt;</a>&nbsp;&nbsp;&nbsp;__scatterload_copy
</UL>

<P><STRONG><a name="[56]"></a>__scatterload_zeroinit</STRONG> (Thumb, 28 bytes, Stack size unknown bytes, __scatter_zi.o(!!handler_zi), UNUSED)

<P><STRONG><a name="[43]"></a>__rt_lib_shutdown</STRONG> (Thumb, 0 bytes, Stack size unknown bytes, libshutdown.o(.ARM.Collect$$libshutdown$$00000000))
<BR><BR>[Called By]<UL><LI><a href="#[42]">&gt;&gt;</a>&nbsp;&nbsp;&nbsp;__rt_exit_ls
</UL>

<P><STRONG><a name="[57]"></a>__rt_lib_shutdown_cpp_1</STRONG> (Thumb, 0 bytes, Stack size unknown bytes, libshutdown2.o(.ARM.Collect$$libshutdown$$00000002))

<P><STRONG><a name="[58]"></a>__rt_lib_shutdown_fp_trap_1</STRONG> (Thumb, 0 bytes, Stack size unknown bytes, libshutdown2.o(.ARM.Collect$$libshutdown$$00000007))

<P><STRONG><a name="[59]"></a>__rt_lib_shutdown_heap_1</STRONG> (Thumb, 0 bytes, Stack size unknown bytes, libshutdown2.o(.ARM.Collect$$libshutdown$$0000000F))

<P><STRONG><a name="[5a]"></a>__rt_lib_shutdown_return</STRONG> (Thumb, 0 bytes, Stack size unknown bytes, libshutdown2.o(.ARM.Collect$$libshutdown$$00000010))

<P><STRONG><a name="[5b]"></a>__rt_lib_shutdown_signal_1</STRONG> (Thumb, 0 bytes, Stack size unknown bytes, libshutdown2.o(.ARM.Collect$$libshutdown$$0000000A))

<P><STRONG><a name="[5c]"></a>__rt_lib_shutdown_stdio_1</STRONG> (Thumb, 0 bytes, Stack size unknown bytes, libshutdown2.o(.ARM.Collect$$libshutdown$$00000004))

<P><STRONG><a name="[5d]"></a>__rt_lib_shutdown_user_alloc_1</STRONG> (Thumb, 0 bytes, Stack size unknown bytes, libshutdown2.o(.ARM.Collect$$libshutdown$$0000000C))

<P><STRONG><a name="[51]"></a>__rt_exit</STRONG> (Thumb, 0 bytes, Stack size unknown bytes, rtexit.o(.ARM.Collect$$rtexit$$00000000))
<BR><BR>[Called By]<UL><LI><a href="#[50]">&gt;&gt;</a>&nbsp;&nbsp;&nbsp;exit (via Veneer)
</UL>

<P><STRONG><a name="[42]"></a>__rt_exit_ls</STRONG> (Thumb, 0 bytes, Stack size unknown bytes, rtexit2.o(.ARM.Collect$$rtexit$$00000003))
<BR><BR>[Calls]<UL><LI><a href="#[43]">&gt;&gt;</a>&nbsp;&nbsp;&nbsp;__rt_lib_shutdown
</UL>

<P><STRONG><a name="[5e]"></a>__rt_exit_prels_1</STRONG> (Thumb, 0 bytes, Stack size unknown bytes, rtexit2.o(.ARM.Collect$$rtexit$$00000002))

<P><STRONG><a name="[44]"></a>__rt_exit_exit</STRONG> (Thumb, 0 bytes, Stack size unknown bytes, rtexit2.o(.ARM.Collect$$rtexit$$00000004))
<BR><BR>[Calls]<UL><LI><a href="#[45]">&gt;&gt;</a>&nbsp;&nbsp;&nbsp;_sys_exit
</UL>

<P><STRONG><a name="[53]"></a>__aeabi_uldivmod</STRONG> (Thumb, 0 bytes, Stack size 48 bytes, lludivv7m.o(.text))
<BR><BR>[Stack]<UL><LI>Max Depth = 48<LI>Call Chain = __aeabi_uldivmod
</UL>
<BR>[Called By]<UL><LI><a href="#[3c]">&gt;&gt;</a>&nbsp;&nbsp;&nbsp;SystemInit (via Veneer)
</UL>

<P><STRONG><a name="[5f]"></a>_ll_udiv</STRONG> (Thumb, 240 bytes, Stack size 48 bytes, lludivv7m.o(.text), UNUSED)

<P><STRONG><a name="[60]"></a>__use_two_region_memory</STRONG> (Thumb, 2 bytes, Stack size 0 bytes, heapauxi.o(.text), UNUSED)

<P><STRONG><a name="[61]"></a>__rt_heap_escrow$2region</STRONG> (Thumb, 2 bytes, Stack size 0 bytes, heapauxi.o(.text), UNUSED)

<P><STRONG><a name="[62]"></a>__rt_heap_expand$2region</STRONG> (Thumb, 2 bytes, Stack size 0 bytes, heapauxi.o(.text), UNUSED)

<P><STRONG><a name="[46]"></a>__user_setup_stackheap</STRONG> (Thumb, 74 bytes, Stack size 8 bytes, sys_stackheap_outer.o(.text))
<BR><BR>[Stack]<UL><LI>Max Depth = 8 + Unknown Stack Size
<LI>Call Chain = __user_setup_stackheap
</UL>
<BR>[Calls]<UL><LI><a href="#[47]">&gt;&gt;</a>&nbsp;&nbsp;&nbsp;__user_perproc_libspace
<LI><a href="#[48]">&gt;&gt;</a>&nbsp;&nbsp;&nbsp;__user_initial_stackheap (via Veneer)
</UL>
<BR>[Called By]<UL><LI><a href="#[4b]">&gt;&gt;</a>&nbsp;&nbsp;&nbsp;__rt_entry_sh (via Veneer)
</UL>

<P><STRONG><a name="[63]"></a>__user_libspace</STRONG> (Thumb, 8 bytes, Stack size 0 bytes, libspace.o(.text), UNUSED)

<P><STRONG><a name="[47]"></a>__user_perproc_libspace</STRONG> (Thumb, 0 bytes, Stack size 0 bytes, libspace.o(.text))
<BR><BR>[Called By]<UL><LI><a href="#[46]">&gt;&gt;</a>&nbsp;&nbsp;&nbsp;__user_setup_stackheap
</UL>

<P><STRONG><a name="[64]"></a>__user_perthread_libspace</STRONG> (Thumb, 0 bytes, Stack size 0 bytes, libspace.o(.text), UNUSED)

<P><STRONG><a name="[45]"></a>_sys_exit</STRONG> (Thumb, 8 bytes, Stack size 0 bytes, sys_exit.o(.text))
<BR><BR>[Called By]<UL><LI><a href="#[44]">&gt;&gt;</a>&nbsp;&nbsp;&nbsp;__rt_exit_exit
</UL>

<P><STRONG><a name="[c]"></a>DMA_IRQHandler</STRONG> (Thumb, 358 bytes, Stack size 40 bytes, gpdma_lpc43xx.o(.text.DMA_IRQHandler))
<BR><BR>[Stack]<UL><LI>Max Depth = 40<LI>Call Chain = DMA_IRQHandler
</UL>
<BR>[Address Reference Count : 1]<UL><LI> startup_lpc43xx.o(RESET)
</UL>
<P><STRONG><a name="[52]"></a>GetClockFreq</STRONG> (Thumb, 256 bytes, Stack size 16 bytes, system_lpc43xx.o(.text.GetClockFreq))
<BR><BR>[Stack]<UL><LI>Max Depth = 16<LI>Call Chain = GetClockFreq
</UL>
<BR>[Called By]<UL><LI><a href="#[3c]">&gt;&gt;</a>&nbsp;&nbsp;&nbsp;SystemInit (via Veneer)
</UL>

<P><STRONG><a name="[4a]"></a>_fp_init</STRONG> (Thumb, 26 bytes, Stack size 0 bytes, fpinit.o(x$fpl$fpinit))
<BR><BR>[Called By]<UL><LI><a href="#[49]">&gt;&gt;</a>&nbsp;&nbsp;&nbsp;__rt_lib_init_fp_1 (via Veneer)
</UL>

<P><STRONG><a name="[65]"></a>__fplib_config_fpu_vfp</STRONG> (Thumb, 0 bytes, Stack size unknown bytes, fpinit.o(x$fpl$fpinit), UNUSED)

<P><STRONG><a name="[66]"></a>__fplib_config_pureend_doubles</STRONG> (Thumb, 0 bytes, Stack size unknown bytes, fpinit.o(x$fpl$fpinit), UNUSED)

<P><STRONG><a name="[4d]"></a>__rt_lib_init</STRONG> (Thumb, 0 bytes, Stack size unknown bytes, libinit.o(.ARM.Collect$$libinit$$00000000))
<BR><BR>[Called By]<UL><LI><a href="#[4c]">&gt;&gt;</a>&nbsp;&nbsp;&nbsp;__rt_entry_li
</UL>

<P><STRONG><a name="[49]"></a>__rt_lib_init_fp_1</STRONG> (Thumb, 0 bytes, Stack size unknown bytes, libinit2.o(.ARM.Collect$$libinit$$00000001))
<BR><BR>[Calls]<UL><LI><a href="#[4a]">&gt;&gt;</a>&nbsp;&nbsp;&nbsp;_fp_init (via Veneer)
</UL>

<P><STRONG><a name="[67]"></a>__rt_lib_init_alloca_1</STRONG> (Thumb, 0 bytes, Stack size unknown bytes, libinit2.o(.ARM.Collect$$libinit$$0000002E))

<P><STRONG><a name="[68]"></a>__rt_lib_init_argv_1</STRONG> (Thumb, 0 bytes, Stack size unknown bytes, libinit2.o(.ARM.Collect$$libinit$$0000002C))

<P><STRONG><a name="[69]"></a>__rt_lib_init_atexit_1</STRONG> (Thumb, 0 bytes, Stack size unknown bytes, libinit2.o(.ARM.Collect$$libinit$$0000001B))

<P><STRONG><a name="[6a]"></a>__rt_lib_init_clock_1</STRONG> (Thumb, 0 bytes, Stack size unknown bytes, libinit2.o(.ARM.Collect$$libinit$$00000021))

<P><STRONG><a name="[6b]"></a>__rt_lib_init_cpp_1</STRONG> (Thumb, 0 bytes, Stack size unknown bytes, libinit2.o(.ARM.Collect$$libinit$$00000032))

<P><STRONG><a name="[6c]"></a>__rt_lib_init_exceptions_1</STRONG> (Thumb, 0 bytes, Stack size unknown bytes, libinit2.o(.ARM.Collect$$libinit$$00000030))

<P><STRONG><a name="[6d]"></a>__rt_lib_init_fp_trap_1</STRONG> (Thumb, 0 bytes, Stack size unknown bytes, libinit2.o(.ARM.Collect$$libinit$$0000001F))

<P><STRONG><a name="[6e]"></a>__rt_lib_init_getenv_1</STRONG> (Thumb, 0 bytes, Stack size unknown bytes, libinit2.o(.ARM.Collect$$libinit$$00000023))

<P><STRONG><a name="[6f]"></a>__rt_lib_init_heap_1</STRONG> (Thumb, 0 bytes, Stack size unknown bytes, libinit2.o(.ARM.Collect$$libinit$$0000000A))

<P><STRONG><a name="[70]"></a>__rt_lib_init_lc_collate_1</STRONG> (Thumb, 0 bytes, Stack size unknown bytes, libinit2.o(.ARM.Collect$$libinit$$00000011))

<P><STRONG><a name="[71]"></a>__rt_lib_init_lc_ctype_1</STRONG> (Thumb, 0 bytes, Stack size unknown bytes, libinit2.o(.ARM.Collect$$libinit$$00000013))

<P><STRONG><a name="[72]"></a>__rt_lib_init_lc_monetary_1</STRONG> (Thumb, 0 bytes, Stack size unknown bytes, libinit2.o(.ARM.Collect$$libinit$$00000015))

<P><STRONG><a name="[73]"></a>__rt_lib_init_lc_numeric_1</STRONG> (Thumb, 0 bytes, Stack size unknown bytes, libinit2.o(.ARM.Collect$$libinit$$00000017))

<P><STRONG><a name="[74]"></a>__rt_lib_init_lc_time_1</STRONG> (Thumb, 0 bytes, Stack size unknown bytes, libinit2.o(.ARM.Collect$$libinit$$00000019))

<P><STRONG><a name="[75]"></a>__rt_lib_init_preinit_1</STRONG> (Thumb, 0 bytes, Stack size unknown bytes, libinit2.o(.ARM.Collect$$libinit$$00000004))

<P><STRONG><a name="[76]"></a>__rt_lib_init_rand_1</STRONG> (Thumb, 0 bytes, Stack size unknown bytes, libinit2.o(.ARM.Collect$$libinit$$0000000E))

<P><STRONG><a name="[77]"></a>__rt_lib_init_return</STRONG> (Thumb, 0 bytes, Stack size unknown bytes, libinit2.o(.ARM.Collect$$libinit$$00000033))

<P><STRONG><a name="[78]"></a>__rt_lib_init_signal_1</STRONG> (Thumb, 0 bytes, Stack size unknown bytes, libinit2.o(.ARM.Collect$$libinit$$0000001D))

<P><STRONG><a name="[79]"></a>__rt_lib_init_stdio_1</STRONG> (Thumb, 0 bytes, Stack size unknown bytes, libinit2.o(.ARM.Collect$$libinit$$00000025))

<P><STRONG><a name="[7a]"></a>__rt_lib_init_user_alloc_1</STRONG> (Thumb, 0 bytes, Stack size unknown bytes, libinit2.o(.ARM.Collect$$libinit$$0000000C))

<P><STRONG><a name="[3f]"></a>__rt_entry</STRONG> (Thumb, 0 bytes, Stack size unknown bytes, __rtentry.o(.ARM.Collect$$rtentry$$00000000))
<BR><BR>[Called By]<UL><LI><a href="#[40]">&gt;&gt;</a>&nbsp;&nbsp;&nbsp;__scatterload_rt2 (via Veneer)
<LI><a href="#[3d]">&gt;&gt;</a>&nbsp;&nbsp;&nbsp;__main (via Veneer)
</UL>

<P><STRONG><a name="[7b]"></a>__rt_entry_presh_1</STRONG> (Thumb, 0 bytes, Stack size unknown bytes, __rtentry2.o(.ARM.Collect$$rtentry$$00000002))

<P><STRONG><a name="[4b]"></a>__rt_entry_sh</STRONG> (Thumb, 0 bytes, Stack size unknown bytes, __rtentry4.o(.ARM.Collect$$rtentry$$00000004))
<BR><BR>[Stack]<UL><LI>Max Depth = 8 + Unknown Stack Size
<LI>Call Chain = __rt_entry_sh &rArr; __user_setup_stackheap
</UL>
<BR>[Calls]<UL><LI><a href="#[46]">&gt;&gt;</a>&nbsp;&nbsp;&nbsp;__user_setup_stackheap (via Veneer)
</UL>

<P><STRONG><a name="[4c]"></a>__rt_entry_li</STRONG> (Thumb, 0 bytes, Stack size unknown bytes, __rtentry2.o(.ARM.Collect$$rtentry$$0000000A))
<BR><BR>[Calls]<UL><LI><a href="#[4d]">&gt;&gt;</a>&nbsp;&nbsp;&nbsp;__rt_lib_init
</UL>

<P><STRONG><a name="[7c]"></a>__rt_entry_postsh_1</STRONG> (Thumb, 0 bytes, Stack size unknown bytes, __rtentry2.o(.ARM.Collect$$rtentry$$00000009))

<P><STRONG><a name="[4e]"></a>__rt_entry_main</STRONG> (Thumb, 0 bytes, Stack size unknown bytes, __rtentry2.o(.ARM.Collect$$rtentry$$0000000D))
<BR><BR>[Stack]<UL><LI>Max Depth = 8 + Unknown Stack Size
<LI>Call Chain = __rt_entry_main &rArr; exit
</UL>
<BR>[Calls]<UL><LI><a href="#[50]">&gt;&gt;</a>&nbsp;&nbsp;&nbsp;exit
<LI><a href="#[4f]">&gt;&gt;</a>&nbsp;&nbsp;&nbsp;main
</UL>

<P><STRONG><a name="[7d]"></a>__rt_entry_postli_1</STRONG> (Thumb, 0 bytes, Stack size unknown bytes, __rtentry2.o(.ARM.Collect$$rtentry$$0000000C))

<P><STRONG><a name="[0]"></a>Reset_Handler</STRONG> (Thumb, 8 bytes, Stack size 0 bytes, startup_lpc43xx.o(.text))
<BR>[Address Reference Count : 1]<UL><LI> startup_lpc43xx.o(RESET)
</UL>
<P><STRONG><a name="[1]"></a>NMI_Handler</STRONG> (Thumb, 2 bytes, Stack size 0 bytes, startup_lpc43xx.o(.text))
<BR><BR>[Calls]<UL><LI><a href="#[1]">&gt;&gt;</a>&nbsp;&nbsp;&nbsp;NMI_Handler
</UL>
<BR>[Called By]<UL><LI><a href="#[1]">&gt;&gt;</a>&nbsp;&nbsp;&nbsp;NMI_Handler
</UL>
<BR>[Address Reference Count : 1]<UL><LI> startup_lpc43xx.o(RESET)
</UL>
<P><STRONG><a name="[2]"></a>HardFault_Handler</STRONG> (Thumb, 2 bytes, Stack size 0 bytes, startup_lpc43xx.o(.text))
<BR><BR>[Calls]<UL><LI><a href="#[2]">&gt;&gt;</a>&nbsp;&nbsp;&nbsp;HardFault_Handler
</UL>
<BR>[Called By]<UL><LI><a href="#[2]">&gt;&gt;</a>&nbsp;&nbsp;&nbsp;HardFault_Handler
</UL>
<BR>[Address Reference Count : 1]<UL><LI> startup_lpc43xx.o(RESET)
</UL>
<P><STRONG><a name="[3]"></a>MemManage_Handler</STRONG> (Thumb, 2 bytes, Stack size 0 bytes, startup_lpc43xx.o(.text))
<BR><BR>[Calls]<UL><LI><a href="#[3]">&gt;&gt;</a>&nbsp;&nbsp;&nbsp;MemManage_Handler
</UL>
<BR>[Called By]<UL><LI><a href="#[3]">&gt;&gt;</a>&nbsp;&nbsp;&nbsp;MemManage_Handler
</UL>
<BR>[Address Reference Count : 1]<UL><LI> startup_lpc43xx.o(RESET)
</UL>
<P><STRONG><a name="[4]"></a>BusFault_Handler</STRONG> (Thumb, 2 bytes, Stack size 0 bytes, startup_lpc43xx.o(.text))
<BR><BR>[Calls]<UL><LI><a href="#[4]">&gt;&gt;</a>&nbsp;&nbsp;&nbsp;BusFault_Handler
</UL>
<BR>[Called By]<UL><LI><a href="#[4]">&gt;&gt;</a>&nbsp;&nbsp;&nbsp;BusFault_Handler
</UL>
<BR>[Address Reference Count : 1]<UL><LI> startup_lpc43xx.o(RESET)
</UL>
<P><STRONG><a name="[5]"></a>UsageFault_Handler</STRONG> (Thumb, 2 bytes, Stack size 0 bytes, startup_lpc43xx.o(.text))
<BR><BR>[Calls]<UL><LI><a href="#[5]">&gt;&gt;</a>&nbsp;&nbsp;&nbsp;UsageFault_Handler
</UL>
<BR>[Called By]<UL><LI><a href="#[5]">&gt;&gt;</a>&nbsp;&nbsp;&nbsp;UsageFault_Handler
</UL>
<BR>[Address Reference Count : 1]<UL><LI> startup_lpc43xx.o(RESET)
</UL>
<P><STRONG><a name="[6]"></a>SVC_Handler</STRONG> (Thumb, 2 bytes, Stack size 0 bytes, startup_lpc43xx.o(.text))
<BR><BR>[Calls]<UL><LI><a href="#[6]">&gt;&gt;</a>&nbsp;&nbsp;&nbsp;SVC_Handler
</UL>
<BR>[Called By]<UL><LI><a href="#[6]">&gt;&gt;</a>&nbsp;&nbsp;&nbsp;SVC_Handler
</UL>
<BR>[Address Reference Count : 1]<UL><LI> startup_lpc43xx.o(RESET)
</UL>
<P><STRONG><a name="[7]"></a>DebugMon_Handler</STRONG> (Thumb, 2 bytes, Stack size 0 bytes, startup_lpc43xx.o(.text))
<BR><BR>[Calls]<UL><LI><a href="#[7]">&gt;&gt;</a>&nbsp;&nbsp;&nbsp;DebugMon_Handler
</UL>
<BR>[Called By]<UL><LI><a href="#[7]">&gt;&gt;</a>&nbsp;&nbsp;&nbsp;DebugMon_Handler
</UL>
<BR>[Address Reference Count : 1]<UL><LI> startup_lpc43xx.o(RESET)
</UL>
<P><STRONG><a name="[8]"></a>PendSV_Handler</STRONG> (Thumb, 2 bytes, Stack size 0 bytes, startup_lpc43xx.o(.text))
<BR><BR>[Calls]<UL><LI><a href="#[8]">&gt;&gt;</a>&nbsp;&nbsp;&nbsp;PendSV_Handler
</UL>
<BR>[Called By]<UL><LI><a href="#[8]">&gt;&gt;</a>&nbsp;&nbsp;&nbsp;PendSV_Handler
</UL>
<BR>[Address Reference Count : 1]<UL><LI> startup_lpc43xx.o(RESET)
</UL>
<P><STRONG><a name="[9]"></a>SysTick_Handler</STRONG> (Thumb, 2 bytes, Stack size 0 bytes, startup_lpc43xx.o(.text))
<BR><BR>[Calls]<UL><LI><a href="#[9]">&gt;&gt;</a>&nbsp;&nbsp;&nbsp;SysTick_Handler
</UL>
<BR>[Called By]<UL><LI><a href="#[9]">&gt;&gt;</a>&nbsp;&nbsp;&nbsp;SysTick_Handler
</UL>
<BR>[Address Reference Count : 1]<UL><LI> startup_lpc43xx.o(RESET)
</UL>
<P><STRONG><a name="[1a]"></a>ADC0_IRQHandler</STRONG> (Thumb, 0 bytes, Stack size 0 bytes, startup_lpc43xx.o(.text))
<BR><BR>[Calls]<UL><LI><a href="#[1a]">&gt;&gt;</a>&nbsp;&nbsp;&nbsp;ADC0_IRQHandler
</UL>
<BR>[Called By]<UL><LI><a href="#[1a]">&gt;&gt;</a>&nbsp;&nbsp;&nbsp;ADC0_IRQHandler
</UL>
<BR>[Address Reference Count : 1]<UL><LI> startup_lpc43xx.o(RESET)
</UL>
<P><STRONG><a name="[1e]"></a>ADC1_IRQHandler</STRONG> (Thumb, 0 bytes, Stack size 0 bytes, startup_lpc43xx.o(.text))
<BR>[Address Reference Count : 1]<UL><LI> startup_lpc43xx.o(RESET)
</UL>
<P><STRONG><a name="[35]"></a>ADCHS_IRQHandler</STRONG> (Thumb, 0 bytes, Stack size 0 bytes, startup_lpc43xx.o(.text))
<BR>[Address Reference Count : 1]<UL><LI> startup_lpc43xx.o(RESET)
</UL>
<P><STRONG><a name="[36]"></a>ATIMER_IRQHandler</STRONG> (Thumb, 0 bytes, Stack size 0 bytes, startup_lpc43xx.o(.text))
<BR>[Address Reference Count : 1]<UL><LI> startup_lpc43xx.o(RESET)
</UL>
<P><STRONG><a name="[3a]"></a>C_CAN0_IRQHandler</STRONG> (Thumb, 0 bytes, Stack size 0 bytes, startup_lpc43xx.o(.text))
<BR>[Address Reference Count : 1]<UL><LI> startup_lpc43xx.o(RESET)
</UL>
<P><STRONG><a name="[34]"></a>C_CAN1_IRQHandler</STRONG> (Thumb, 0 bytes, Stack size 0 bytes, startup_lpc43xx.o(.text))
<BR>[Address Reference Count : 1]<UL><LI> startup_lpc43xx.o(RESET)
</UL>
<P><STRONG><a name="[a]"></a>DAC_IRQHandler</STRONG> (Thumb, 0 bytes, Stack size 0 bytes, startup_lpc43xx.o(.text))
<BR>[Address Reference Count : 1]<UL><LI> startup_lpc43xx.o(RESET)
</UL>
<P><STRONG><a name="[e]"></a>ETHERNET_IRQHandler</STRONG> (Thumb, 0 bytes, Stack size 0 bytes, startup_lpc43xx.o(.text))
<BR>[Address Reference Count : 1]<UL><LI> startup_lpc43xx.o(RESET)
</UL>
<P><STRONG><a name="[33]"></a>EVENTROUTER_IRQHandler</STRONG> (Thumb, 0 bytes, Stack size 0 bytes, startup_lpc43xx.o(.text))
<BR>[Address Reference Count : 1]<UL><LI> startup_lpc43xx.o(RESET)
</UL>
<P><STRONG><a name="[d]"></a>FLASHEEPROM_IRQHandler</STRONG> (Thumb, 0 bytes, Stack size 0 bytes, startup_lpc43xx.o(.text))
<BR>[Address Reference Count : 1]<UL><LI> startup_lpc43xx.o(RESET)
</UL>
<P><STRONG><a name="[31]"></a>GINT0_IRQHandler</STRONG> (Thumb, 0 bytes, Stack size 0 bytes, startup_lpc43xx.o(.text))
<BR>[Address Reference Count : 1]<UL><LI> startup_lpc43xx.o(RESET)
</UL>
<P><STRONG><a name="[32]"></a>GINT1_IRQHandler</STRONG> (Thumb, 0 bytes, Stack size 0 bytes, startup_lpc43xx.o(.text))
<BR>[Address Reference Count : 1]<UL><LI> startup_lpc43xx.o(RESET)
</UL>
<P><STRONG><a name="[1b]"></a>I2C0_IRQHandler</STRONG> (Thumb, 0 bytes, Stack size 0 bytes, startup_lpc43xx.o(.text))
<BR>[Address Reference Count : 1]<UL><LI> startup_lpc43xx.o(RESET)
</UL>
<P><STRONG><a name="[1c]"></a>I2C1_IRQHandler</STRONG> (Thumb, 0 bytes, Stack size 0 bytes, startup_lpc43xx.o(.text))
<BR>[Address Reference Count : 1]<UL><LI> startup_lpc43xx.o(RESET)
</UL>
<P><STRONG><a name="[25]"></a>I2S0_IRQHandler</STRONG> (Thumb, 0 bytes, Stack size 0 bytes, startup_lpc43xx.o(.text))
<BR>[Address Reference Count : 1]<UL><LI> startup_lpc43xx.o(RESET)
</UL>
<P><STRONG><a name="[26]"></a>I2S1_IRQHandler</STRONG> (Thumb, 0 bytes, Stack size 0 bytes, startup_lpc43xx.o(.text))
<BR>[Address Reference Count : 1]<UL><LI> startup_lpc43xx.o(RESET)
</UL>
<P><STRONG><a name="[10]"></a>LCD_IRQHandler</STRONG> (Thumb, 0 bytes, Stack size 0 bytes, startup_lpc43xx.o(.text))
<BR>[Address Reference Count : 1]<UL><LI> startup_lpc43xx.o(RESET)
</UL>
<P><STRONG><a name="[b]"></a>M0APP_IRQHandler</STRONG> (Thumb, 0 bytes, Stack size 0 bytes, startup_lpc43xx.o(.text))
<BR>[Address Reference Count : 1]<UL><LI> startup_lpc43xx.o(RESET)
</UL>
<P><STRONG><a name="[39]"></a>M0SUB_IRQHandler</STRONG> (Thumb, 0 bytes, Stack size 0 bytes, startup_lpc43xx.o(.text))
<BR>[Address Reference Count : 1]<UL><LI> startup_lpc43xx.o(RESET)
</UL>
<P><STRONG><a name="[19]"></a>MCPWM_IRQHandler</STRONG> (Thumb, 0 bytes, Stack size 0 bytes, startup_lpc43xx.o(.text))
<BR>[Address Reference Count : 1]<UL><LI> startup_lpc43xx.o(RESET)
</UL>
<P><STRONG><a name="[29]"></a>PIN_INT0_IRQHandler</STRONG> (Thumb, 0 bytes, Stack size 0 bytes, startup_lpc43xx.o(.text))
<BR>[Address Reference Count : 1]<UL><LI> startup_lpc43xx.o(RESET)
</UL>
<P><STRONG><a name="[2a]"></a>PIN_INT1_IRQHandler</STRONG> (Thumb, 0 bytes, Stack size 0 bytes, startup_lpc43xx.o(.text))
<BR>[Address Reference Count : 1]<UL><LI> startup_lpc43xx.o(RESET)
</UL>
<P><STRONG><a name="[2b]"></a>PIN_INT2_IRQHandler</STRONG> (Thumb, 0 bytes, Stack size 0 bytes, startup_lpc43xx.o(.text))
<BR>[Address Reference Count : 1]<UL><LI> startup_lpc43xx.o(RESET)
</UL>
<P><STRONG><a name="[2c]"></a>PIN_INT3_IRQHandler</STRONG> (Thumb, 0 bytes, Stack size 0 bytes, startup_lpc43xx.o(.text))
<BR>[Address Reference Count : 1]<UL><LI> startup_lpc43xx.o(RESET)
</UL>
<P><STRONG><a name="[2d]"></a>PIN_INT4_IRQHandler</STRONG> (Thumb, 0 bytes, Stack size 0 bytes, startup_lpc43xx.o(.text))
<BR>[Address Reference Count : 1]<UL><LI> startup_lpc43xx.o(RESET)
</UL>
<P><STRONG><a name="[2e]"></a>PIN_INT5_IRQHandler</STRONG> (Thumb, 0 bytes, Stack size 0 bytes, startup_lpc43xx.o(.text))
<BR>[Address Reference Count : 1]<UL><LI> startup_lpc43xx.o(RESET)
</UL>
<P><STRONG><a name="[2f]"></a>PIN_INT6_IRQHandler</STRONG> (Thumb, 0 bytes, Stack size 0 bytes, startup_lpc43xx.o(.text))
<BR>[Address Reference Count : 1]<UL><LI> startup_lpc43xx.o(RESET)
</UL>
<P><STRONG><a name="[30]"></a>PIN_INT7_IRQHandler</STRONG> (Thumb, 0 bytes, Stack size 0 bytes, startup_lpc43xx.o(.text))
<BR>[Address Reference Count : 1]<UL><LI> startup_lpc43xx.o(RESET)
</UL>
<P><STRONG><a name="[3b]"></a>QEI_IRQHandler</STRONG> (Thumb, 0 bytes, Stack size 0 bytes, startup_lpc43xx.o(.text))
<BR>[Address Reference Count : 1]<UL><LI> startup_lpc43xx.o(RESET)
</UL>
<P><STRONG><a name="[14]"></a>RITIMER_IRQHandler</STRONG> (Thumb, 0 bytes, Stack size 0 bytes, startup_lpc43xx.o(.text))
<BR>[Address Reference Count : 1]<UL><LI> startup_lpc43xx.o(RESET)
</UL>
<P><STRONG><a name="[37]"></a>RTC_IRQHandler</STRONG> (Thumb, 0 bytes, Stack size 0 bytes, startup_lpc43xx.o(.text))
<BR>[Address Reference Count : 1]<UL><LI> startup_lpc43xx.o(RESET)
</UL>
<P><STRONG><a name="[13]"></a>SCT_IRQHandler</STRONG> (Thumb, 0 bytes, Stack size 0 bytes, startup_lpc43xx.o(.text))
<BR>[Address Reference Count : 1]<UL><LI> startup_lpc43xx.o(RESET)
</UL>
<P><STRONG><a name="[f]"></a>SDIO_IRQHandler</STRONG> (Thumb, 0 bytes, Stack size 0 bytes, startup_lpc43xx.o(.text))
<BR>[Address Reference Count : 1]<UL><LI> startup_lpc43xx.o(RESET)
</UL>
<P><STRONG><a name="[28]"></a>SGPIO_IRQHandler</STRONG> (Thumb, 0 bytes, Stack size 0 bytes, startup_lpc43xx.o(.text))
<BR>[Address Reference Count : 1]<UL><LI> startup_lpc43xx.o(RESET)
</UL>
<P><STRONG><a name="[27]"></a>SPIFI_IRQHandler</STRONG> (Thumb, 0 bytes, Stack size 0 bytes, startup_lpc43xx.o(.text))
<BR>[Address Reference Count : 1]<UL><LI> startup_lpc43xx.o(RESET)
</UL>
<P><STRONG><a name="[1d]"></a>SPI_IRQHandler</STRONG> (Thumb, 0 bytes, Stack size 0 bytes, startup_lpc43xx.o(.text))
<BR>[Address Reference Count : 1]<UL><LI> startup_lpc43xx.o(RESET)
</UL>
<P><STRONG><a name="[20]"></a>SSP1_IRQHandler</STRONG> (Thumb, 0 bytes, Stack size 0 bytes, startup_lpc43xx.o(.text))
<BR>[Address Reference Count : 1]<UL><LI> startup_lpc43xx.o(RESET)
</UL>
<P><STRONG><a name="[15]"></a>TIMER0_IRQHandler</STRONG> (Thumb, 0 bytes, Stack size 0 bytes, startup_lpc43xx.o(.text))
<BR>[Address Reference Count : 1]<UL><LI> startup_lpc43xx.o(RESET)
</UL>
<P><STRONG><a name="[16]"></a>TIMER1_IRQHandler</STRONG> (Thumb, 0 bytes, Stack size 0 bytes, startup_lpc43xx.o(.text))
<BR>[Address Reference Count : 1]<UL><LI> startup_lpc43xx.o(RESET)
</UL>
<P><STRONG><a name="[17]"></a>TIMER2_IRQHandler</STRONG> (Thumb, 0 bytes, Stack size 0 bytes, startup_lpc43xx.o(.text))
<BR>[Address Reference Count : 1]<UL><LI> startup_lpc43xx.o(RESET)
</UL>
<P><STRONG><a name="[18]"></a>TIMER3_IRQHandler</STRONG> (Thumb, 0 bytes, Stack size 0 bytes, startup_lpc43xx.o(.text))
<BR>[Address Reference Count : 1]<UL><LI> startup_lpc43xx.o(RESET)
</UL>
<P><STRONG><a name="[22]"></a>UART1_IRQHandler</STRONG> (Thumb, 0 bytes, Stack size 0 bytes, startup_lpc43xx.o(.text))
<BR>[Address Reference Count : 1]<UL><LI> startup_lpc43xx.o(RESET)
</UL>
<P><STRONG><a name="[21]"></a>USART0_IRQHandler</STRONG> (Thumb, 0 bytes, Stack size 0 bytes, startup_lpc43xx.o(.text))
<BR>[Address Reference Count : 1]<UL><LI> startup_lpc43xx.o(RESET)
</UL>
<P><STRONG><a name="[23]"></a>USART2_IRQHandler</STRONG> (Thumb, 0 bytes, Stack size 0 bytes, startup_lpc43xx.o(.text))
<BR>[Address Reference Count : 1]<UL><LI> startup_lpc43xx.o(RESET)
</UL>
<P><STRONG><a name="[24]"></a>USART3_IRQHandler</STRONG> (Thumb, 0 bytes, Stack size 0 bytes, startup_lpc43xx.o(.text))
<BR>[Address Reference Count : 1]<UL><LI> startup_lpc43xx.o(RESET)
</UL>
<P><STRONG><a name="[11]"></a>USB0_IRQHandler</STRONG> (Thumb, 0 bytes, Stack size 0 bytes, startup_lpc43xx.o(.text))
<BR>[Address Reference Count : 1]<UL><LI> startup_lpc43xx.o(RESET)
</UL>
<P><STRONG><a name="[12]"></a>USB1_IRQHandler</STRONG> (Thumb, 0 bytes, Stack size 0 bytes, startup_lpc43xx.o(.text))
<BR>[Address Reference Count : 1]<UL><LI> startup_lpc43xx.o(RESET)
</UL>
<P><STRONG><a name="[38]"></a>WWDT_IRQHandler</STRONG> (Thumb, 0 bytes, Stack size 0 bytes, startup_lpc43xx.o(.text))
<BR>[Address Reference Count : 1]<UL><LI> startup_lpc43xx.o(RESET)
</UL>
<P><STRONG><a name="[48]"></a>__user_initial_stackheap</STRONG> (Thumb, 0 bytes, Stack size unknown bytes, startup_lpc43xx.o(.text))
<BR><BR>[Called By]<UL><LI><a href="#[46]">&gt;&gt;</a>&nbsp;&nbsp;&nbsp;__user_setup_stackheap (via Veneer)
</UL>

<P><STRONG><a name="[50]"></a>exit</STRONG> (Thumb, 18 bytes, Stack size 8 bytes, exit.o(.text))
<BR><BR>[Stack]<UL><LI>Max Depth = 8 + Unknown Stack Size
<LI>Call Chain = exit
</UL>
<BR>[Calls]<UL><LI><a href="#[51]">&gt;&gt;</a>&nbsp;&nbsp;&nbsp;__rt_exit (via Veneer)
</UL>
<BR>[Called By]<UL><LI><a href="#[4e]">&gt;&gt;</a>&nbsp;&nbsp;&nbsp;__rt_entry_main
</UL>

<P><STRONG><a name="[7e]"></a>__I$use$semihosting</STRONG> (Thumb, 0 bytes, Stack size 0 bytes, use_no_semi.o(.text), UNUSED)

<P><STRONG><a name="[7f]"></a>__use_no_semihosting_swi</STRONG> (Thumb, 2 bytes, Stack size 0 bytes, use_no_semi.o(.text), UNUSED)

<P><STRONG><a name="[1f]"></a>SSP0_IRQHandler</STRONG> (Thumb, 226 bytes, Stack size 8 bytes, ssp_lpc43xx.o(.text.SSP0_IRQHandler))
<BR><BR>[Stack]<UL><LI>Max Depth = 8<LI>Call Chain = SSP0_IRQHandler
</UL>
<BR>[Address Reference Count : 1]<UL><LI> startup_lpc43xx.o(RESET)
</UL>
<P><STRONG><a name="[80]"></a>__semihosting_library_function</STRONG> (Thumb, 0 bytes, Stack size 8 bytes, indicate_semi.o(.text), UNUSED)

<P><STRONG><a name="[3c]"></a>SystemInit</STRONG> (Thumb, 1430 bytes, Stack size 48 bytes, system_lpc43xx.o(.text.SystemInit))
<BR><BR>[Stack]<UL><LI>Max Depth = 96<LI>Call Chain = SystemInit &rArr; __aeabi_uldivmod
</UL>
<BR>[Calls]<UL><LI><a href="#[53]">&gt;&gt;</a>&nbsp;&nbsp;&nbsp;__aeabi_uldivmod (via Veneer)
<LI><a href="#[52]">&gt;&gt;</a>&nbsp;&nbsp;&nbsp;GetClockFreq (via Veneer)
</UL>
<BR>[Address Reference Count : 1]<UL><LI> startup_lpc43xx.o(.text)
</UL>
<P><STRONG><a name="[4f]"></a>main</STRONG> (Thumb, 2 bytes, Stack size 0 bytes, cm4_boot_main.o(.text.main))
<BR><BR>[Calls]<UL><LI><a href="#[4f]">&gt;&gt;</a>&nbsp;&nbsp;&nbsp;main
</UL>
<BR>[Called By]<UL><LI><a href="#[4e]">&gt;&gt;</a>&nbsp;&nbsp;&nbsp;__rt_entry_main
<LI><a href="#[4f]">&gt;&gt;</a>&nbsp;&nbsp;&nbsp;main
</UL>
<P>
<H3>
Local Symbols
</H3><P>
<H3>
Undefined Global Symbols
</H3><HR></body></html>
