<html>
<body>
<pre>
<h1>µVision Build Log</h1>
<h2>Tool Versions:</h2>
IDE-Version: µVision V5.36.0.0
Copyright (C) 2021 ARM Ltd and ARM Germany GmbH. All rights reserved.
License Information: V V, S, LIC=SDA0P-MAKCX-GK6BG-V8DZA-47UG9-NFRGX
 
Tool Versions:
Toolchain:       MDK-ARM Plus  Version: 5.36.0.0
Toolchain Path:  C:\Keil_v5\ARM\ARMCLANG\Bin
C Compiler:      ArmClang.exe V6.16
Assembler:       Armasm.exe V6.16
Linker/Locator:  ArmLink.exe V6.16
Library Manager: ArmAr.exe V6.16
Hex Converter:   FromElf.exe V6.16
CPU DLL:         SARMCM3.DLL V5.36.0.0
Dialog DLL:      DCM.DLL V1.17.3.0
Target DLL:      UL2CM3.DLL V1.164.0.0
Dialog DLL:      TCM.DLL V1.53.0.0
 
<h2>Project:</h2>
D:\GitHub\lpc_power_modes\Cproject\DualCore\CM4_Boot\cm4_boot.uvprojx
Project File Date:  02/17/2023

<h2>Output:</h2>
*** Using Compiler 'V6.16', folder: 'C:\Keil_v5\ARM\ARMCLANG\Bin'
Build Project 'cm4_boot' - Target 'Target 1'
compiling cm4_boot_main.c...
compiling iap_18xx_43xx.c...
compiling GPIO_LPC43xx.c...
compiling SCU_LPC43xx.c...
compiling GPDMA_LPC43xx.c...
compiling system_LPC43xx.c...
compiling SSP_LPC43xx.c...
linking...
Program Size: Code=2960 RO-data=800 RW-data=4 ZI-data=1844  
After Build - User command #2: fromelf --cadcombined --output="..\CM4\boot_Image.c" ".\Objects\cm4_boot.axf"
".\Objects\cm4_boot.axf" - 0 Error(s), 0 Warning(s).

<h2>Software Packages used:</h2>

Package Vendor: ARM
                http://www.keil.com/pack/ARM.CMSIS.5.9.0.pack
                ARM.CMSIS.5.9.0
                CMSIS (Common Microcontroller Software Interface Standard)
   * Component: SPI Version: 2.3.0
   * Component: CORE Version: 5.6.0

Package Vendor: Keil
                http://www.keil.com/pack/Keil.LPC4300_DFP.2.10.1.pack
                Keil.LPC4300_DFP.2.10.1
                NXP LPC4300 Series Device Support, Drivers and Examples
   * Component: SSP Version: 2.12.0
   * Component: GPDMA Version: 1.6.0
   * Component: GPIO Version: 1.1.0
   * Component: SCU Version: 1.2.0
   * Component: Startup Version: 1.0.0

<h2>Collection of Component include folders:</h2>
  .\RTE\Device\LPC4357_Cortex-M4
  .\RTE\_Target_1
  C:\Keil_packs\ARM\CMSIS\5.9.0\CMSIS\Core\Include
  C:\Keil_packs\ARM\CMSIS\5.9.0\CMSIS\Driver\Include
  C:\Keil_packs\Keil\LPC4300_DFP\2.10.1\Device\Include
  C:\Keil_packs\Keil\LPC4300_DFP\2.10.1\RTE_Driver

<h2>Collection of Component Files used:</h2>

   * Component: ::CMSIS Driver:SPI:2.3.0 (API)
      Include file:  CMSIS\Driver\Include\Driver_SPI.h

   * Component: ARM::CMSIS:CORE:5.6.0

   * Component: Keil::CMSIS Driver:SPI:SSP:2.12.0
      Include file:  RTE_Driver\SSP_LPC43xx.h
      Source file:   RTE_Driver\SSP_LPC43xx.c

   * Component: Keil::Device:GPDMA:1.6.0
      Include file:  RTE_Driver\GPDMA_LPC43xx.h
      Source file:   RTE_Driver\GPDMA_LPC43xx.c

   * Component: Keil::Device:GPIO:1.1.0
      Include file:  RTE_Driver\GPIO_LPC43xx.h
      Source file:   RTE_Driver\GPIO_LPC43xx.c

   * Component: Keil::Device:SCU:1.2.0
      Source file:   RTE_Driver\SCU_LPC43xx.c
      Include file:  RTE_Driver\SCU_LPC43xx.h

   * Component: Keil::Device:Startup:1.0.0
      Include file:  RTE_Driver\Config\RTE_Device.h
      Source file:   Device\Source\system_LPC43xx.c
      Source file:   Device\Source\ARM\startup_LPC43xx.s
      Include file:  Device\Include\LPC43xx.h
Build Time Elapsed:  00:00:02
</pre>
</body>
</html>
