Component: ARM Compiler 6.16 Tool: armlink [5dfeaa00]

==============================================================================

Section Cross References

    cm4_main.o(.text._delay_ms) refers to cm4_main.o(.bss.m4_cycle_counter) for m4_cycle_counter
    cm4_main.o(.ARM.exidx.text._delay_ms) refers to cm4_main.o(.text._delay_ms) for [Anonymous Symbol]
    cm4_main.o(.text.SysTick_Handler) refers to cm4_main.o(.bss.m4_cycle_counter) for m4_cycle_counter
    cm4_main.o(.ARM.exidx.text.SysTick_Handler) refers to cm4_main.o(.text.SysTick_Handler) for [Anonymous Symbol]
    cm4_main.o(.ARM.exidx.text.Load_CM0_Image) refers to cm4_main.o(.text.Load_CM0_Image) for [Anonymous Symbol]
    cm4_main.o(.text.Receive_signal_from_CM0) refers to samsat_queue.o(.text.IPC_setM4Flag) for IPC_setM4Flag
    cm4_main.o(.text.Receive_signal_from_CM0) refers to samsat_queue.o(.text.IPC_getM0RespFlag) for IPC_getM0RespFlag
    cm4_main.o(.text.Receive_signal_from_CM0) refers to samsat_queue.o(.text.IPC_setM0RespFlag) for IPC_setM0RespFlag
    cm4_main.o(.ARM.exidx.text.Receive_signal_from_CM0) refers to cm4_main.o(.text.Receive_signal_from_CM0) for [Anonymous Symbol]
    cm4_main.o(.text.main) refers to system_lpc43xx.o(.text.SystemInit) for SystemInit
    cm4_main.o(.text.main) refers to system_lpc43xx.o(.data.SystemCoreClock) for SystemCoreClock
    cm4_main.o(.text.main) refers to cm4_main.o(.text.SysTick_Config) for SysTick_Config
    cm4_main.o(.text.main) refers to system_lpc43xx.o(.text.SystemCoreClockUpdate) for SystemCoreClockUpdate
    cm4_main.o(.text.main) refers to usart_lpc43xx.o(.rodata.Driver_USART3) for Driver_USART3
    cm4_main.o(.text.main) refers to samsat_uart.o(.text.samsat_uart_init) for samsat_uart_init
    cm4_main.o(.text.main) refers to cm4_main.o(.text.__NVIC_EnableIRQ) for __NVIC_EnableIRQ
    cm4_main.o(.text.main) refers to samsat_queue.o(.text.IPC_setM4Flag) for IPC_setM4Flag
    cm4_main.o(.text.main) refers to cm4_main.o(.rodata..L.str) for .L.str
    cm4_main.o(.text.main) refers to developer_kit_lpc4357_rev_c.o(.text.Print_Uart) for Print_Uart
    cm4_main.o(.text.main) refers to cm4_main.o(.rodata..L.str.1) for .L.str.1
    cm4_main.o(.text.main) refers to cm4_main.o(.rodata.LR0) for LR0
    cm4_main.o(.text.main) refers to cm4_main.o(.text.Load_CM0_Image) for Load_CM0_Image
    cm4_main.o(.text.main) refers to cm4_main.o(.bss.msg) for msg
    cm4_main.o(.text.main) refers to samsat_queue.o(.text.IPC_initMsgQueue) for IPC_initMsgQueue
    cm4_main.o(.text.main) refers to cm4_main.o(.rodata..L.str.2) for .L.str.2
    cm4_main.o(.text.main) refers to samsat_queue.o(.text.IPC_getM0RespFlag) for IPC_getM0RespFlag
    cm4_main.o(.text.main) refers to samsat_queue.o(.text.IPC_setM0RespFlag) for IPC_setM0RespFlag
    cm4_main.o(.text.main) refers to cm4_main.o(.bss.msg_m4) for msg_m4
    cm4_main.o(.text.main) refers to samsat_queue.o(.text.IPC_getM4Flag) for IPC_getM4Flag
    cm4_main.o(.text.main) refers to cm4_main.o(.text.IPC_tryPushMsg) for IPC_tryPushMsg
    cm4_main.o(.text.main) refers to samsat_queue.o(.text.IPC_msgNotify) for IPC_msgNotify
    cm4_main.o(.text.main) refers to cm4_main.o(.text._delay_ms) for _delay_ms
    cm4_main.o(.text.main) refers to cm4_main.o(.text.IPC_tryPopMsg) for IPC_tryPopMsg
    cm4_main.o(.text.main) refers to cm4_main.o(.bss.line) for line
    cm4_main.o(.text.main) refers to cm4_main.o(.rodata..L.str.3) for .L.str.3
    cm4_main.o(.text.main) refers to sprintf.o(.text) for sprintf
    cm4_main.o(.text.main) refers to rt_memclr.o(.text) for __aeabi_memclr
    cm4_main.o(.text.main) refers to rt_memcpy_v6.o(.text) for __aeabi_memcpy
    cm4_main.o(.text.main) refers to cm4_main.o(.bss.main.counter) for main.counter
    cm4_main.o(.text.main) refers to cm4_main.o(.rodata..L.str.4) for .L.str.4
    cm4_main.o(.text.main) refers to cm4_main.o(.text.__NVIC_DisableIRQ) for __NVIC_DisableIRQ
    cm4_main.o(.text.main) refers to iap_18xx_43xx.o(.text.Chip_IAP_Init) for Chip_IAP_Init
    cm4_main.o(.text.main) refers to iap_18xx_43xx.o(.text.Chip_IAP_ReadPID) for Chip_IAP_ReadPID
    cm4_main.o(.text.main) refers to cm4_main.o(.bss.main.i) for main.i
    cm4_main.o(.text.main) refers to iap_18xx_43xx.o(.text.Chip_IAP_PreSectorForReadWrite) for Chip_IAP_PreSectorForReadWrite
    cm4_main.o(.text.main) refers to cm4_main.o(.rodata..L.str.5) for .L.str.5
    cm4_main.o(.text.main) refers to iap_18xx_43xx.o(.text.Chip_IAP_EraseSector) for Chip_IAP_EraseSector
    cm4_main.o(.text.main) refers to cm4_main.o(.data.LR5) for LR5
    cm4_main.o(.text.main) refers to iap_18xx_43xx.o(.text.Chip_IAP_CopyRamToFlash) for Chip_IAP_CopyRamToFlash
    cm4_main.o(.text.main) refers to cm4_main.o(.rodata.str1.1) for .L.str.6
    cm4_main.o(.text.main) refers to iap_18xx_43xx.o(.text.Chip_IAP_SetBootFlashBank) for Chip_IAP_SetBootFlashBank
    cm4_main.o(.ARM.exidx.text.main) refers to cm4_main.o(.text.main) for [Anonymous Symbol]
[...]
    [Anonymous Symbol]                       0x1a0022a0   Section        0  system_lpc43xx.o(.text.GetPLL1Param)
    [Anonymous Symbol]                       0x1a002324   Section        0  samsat_queue.o(.text.IPC_getM0RespFlag)
    [Anonymous Symbol]                       0x1a002330   Section        0  samsat_queue.o(.text.IPC_getM4Flag)
    [Anonymous Symbol]                       0x1a00233c   Section        0  samsat_queue.o(.text.IPC_initMsgQueue)
    [Anonymous Symbol]                       0x1a0023b8   Section        0  samsat_queue.o(.text.IPC_msgNotify)
    [Anonymous Symbol]                       0x1a0023c0   Section        0  samsat_queue.o(.text.IPC_popMsgTout)
    [Anonymous Symbol]                       0x1a00252c   Section        0  samsat_queue.o(.text.IPC_pushMsgTout)
    [Anonymous Symbol]                       0x1a0026ac   Section        0  samsat_queue.o(.text.IPC_setM0RespFlag)
    [Anonymous Symbol]                       0x1a0026c4   Section        0  samsat_queue.o(.text.IPC_setM4Flag)
    IPC_tryPopMsg                            0x1a0026dd   Thumb Code    18  cm4_main.o(.text.IPC_tryPopMsg)
    [Anonymous Symbol]                       0x1a0026dc   Section        0  cm4_main.o(.text.IPC_tryPopMsg)
    IPC_tryPushMsg                           0x1a0026f1   Thumb Code    18  cm4_main.o(.text.IPC_tryPushMsg)
    [Anonymous Symbol]                       0x1a0026f0   Section        0  cm4_main.o(.text.IPC_tryPushMsg)
    [Anonymous Symbol]                       0x1a002704   Section        0  cm4_main.o(.text.Load_CM0_Image)
    [Anonymous Symbol]                       0x1a002744   Section        0  samsat_queue.o(.text.M0APP_IRQHandler)
    [Anonymous Symbol]                       0x1a00275c   Section        0  developer_kit_lpc4357_rev_c.o(.text.Print_Uart)
    [Anonymous Symbol]                       0x1a002794   Section        0  scu_lpc43xx.o(.text.SCU_PinConfigure)
    SetClock                                 0x1a0027e5   Thumb Code   504  system_lpc43xx.o(.text.SetClock)
    [Anonymous Symbol]                       0x1a0027e4   Section        0  system_lpc43xx.o(.text.SetClock)
    Set_Channel_active_flag                  0x1a0029dd   Thumb Code    92  gpdma_lpc43xx.o(.text.Set_Channel_active_flag)
    [Anonymous Symbol]                       0x1a0029dc   Section        0  gpdma_lpc43xx.o(.text.Set_Channel_active_flag)
    SysTick_Config                           0x1a002a39   Thumb Code    84  cm4_main.o(.text.SysTick_Config)
    [Anonymous Symbol]                       0x1a002a38   Section        0  cm4_main.o(.text.SysTick_Config)
    [Anonymous Symbol]                       0x1a002a8c   Section        0  cm4_main.o(.text.SysTick_Handler)
    [Anonymous Symbol]                       0x1a002a9c   Section        0  system_lpc43xx.o(.text.SystemCoreClockUpdate)
    [Anonymous Symbol]                       0x1a002ac4   Section        0  system_lpc43xx.o(.text.SystemInit)
    SystemInit_ExtMemCtl                     0x1a002b19   Thumb Code  1968  system_lpc43xx.o(.text.SystemInit_ExtMemCtl)
    [Anonymous Symbol]                       0x1a002b18   Section        0  system_lpc43xx.o(.text.SystemInit_ExtMemCtl)
    USART3_Control                           0x1a0032c9   Thumb Code    28  usart_lpc43xx.o(.text.USART3_Control)
    [Anonymous Symbol]                       0x1a0032c8   Section        0  usart_lpc43xx.o(.text.USART3_Control)
    USART3_GetCapabilities                   0x1a0032e5   Thumb Code    24  usart_lpc43xx.o(.text.USART3_GetCapabilities)
    [Anonymous Symbol]                       0x1a0032e4   Section        0  usart_lpc43xx.o(.text.USART3_GetCapabilities)
    USART3_GetModemStatus                    0x1a0032fd   Thumb Code    24  usart_lpc43xx.o(.text.USART3_GetModemStatus)
    [Anonymous Symbol]                       0x1a0032fc   Section        0  usart_lpc43xx.o(.text.USART3_GetModemStatus)
    USART3_GetRxCount                        0x1a003315   Thumb Code    16  usart_lpc43xx.o(.text.USART3_GetRxCount)
    [Anonymous Symbol]                       0x1a003314   Section        0  usart_lpc43xx.o(.text.USART3_GetRxCount)
    USART3_GetStatus                         0x1a003325   Thumb Code    24  usart_lpc43xx.o(.text.USART3_GetStatus)
    [Anonymous Symbol]                       0x1a003324   Section        0  usart_lpc43xx.o(.text.USART3_GetStatus)
    USART3_GetTxCount                        0x1a00333d   Thumb Code    16  usart_lpc43xx.o(.text.USART3_GetTxCount)
    [Anonymous Symbol]                       0x1a00333c   Section        0  usart_lpc43xx.o(.text.USART3_GetTxCount)
    [Anonymous Symbol]                       0x1a00334c   Section        0  usart_lpc43xx.o(.text.USART3_IRQHandler)
    USART3_Initialize                        0x1a00335d   Thumb Code    24  usart_lpc43xx.o(.text.USART3_Initialize)
    [Anonymous Symbol]                       0x1a00335c   Section        0  usart_lpc43xx.o(.text.USART3_Initialize)
    USART3_PowerControl                      0x1a003375   Thumb Code    28  usart_lpc43xx.o(.text.USART3_PowerControl)
    [Anonymous Symbol]                       0x1a003374   Section        0  usart_lpc43xx.o(.text.USART3_PowerControl)
    USART3_Receive                           0x1a003391   Thumb Code    28  usart_lpc43xx.o(.text.USART3_Receive)
    [Anonymous Symbol]                       0x1a003390   Section        0  usart_lpc43xx.o(.text.USART3_Receive)
    USART3_Send                              0x1a0033ad   Thumb Code    28  usart_lpc43xx.o(.text.USART3_Send)
    [Anonymous Symbol]                       0x1a0033ac   Section        0  usart_lpc43xx.o(.text.USART3_Send)
    USART3_SetModemControl                   0x1a0033c9   Thumb Code    28  usart_lpc43xx.o(.text.USART3_SetModemControl)
    [Anonymous Symbol]                       0x1a0033c8   Section        0  usart_lpc43xx.o(.text.USART3_SetModemControl)
    USART3_Transfer                          0x1a0033e5   Thumb Code    32  usart_lpc43xx.o(.text.USART3_Transfer)
    [Anonymous Symbol]                       0x1a0033e4   Section        0  usart_lpc43xx.o(.text.USART3_Transfer)
    USART3_Uninitialize                      0x1a003405   Thumb Code    16  usart_lpc43xx.o(.text.USART3_Uninitialize)
    [Anonymous Symbol]                       0x1a003404   Section        0  usart_lpc43xx.o(.text.USART3_Uninitialize)
    USART_Control                            0x1a003415   Thumb Code  2662  usart_lpc43xx.o(.text.USART_Control)
    [Anonymous Symbol]                       0x1a003414   Section        0  usart_lpc43xx.o(.text.USART_Control)
    USART_GetCapabilities                    0x1a003e7d   Thumb Code    16  usart_lpc43xx.o(.text.USART_GetCapabilities)
    [Anonymous Symbol]                       0x1a003e7c   Section        0  usart_lpc43xx.o(.text.USART_GetCapabilities)
    USART_GetModemStatus                     0x1a003e8d   Thumb Code   188  usart_lpc43xx.o(.text.USART_GetModemStatus)
    [Anonymous Symbol]                       0x1a003e8c   Section        0  usart_lpc43xx.o(.text.USART_GetModemStatus)
    USART_GetRxCount                         0x1a003f49   Thumb Code    44  usart_lpc43xx.o(.text.USART_GetRxCount)
    [Anonymous Symbol]                       0x1a003f48   Section        0  usart_lpc43xx.o(.text.USART_GetRxCount)
    USART_GetStatus                          0x1a003f75   Thumb Code   174  usart_lpc43xx.o(.text.USART_GetStatus)
    [Anonymous Symbol]                       0x1a003f74   Section        0  usart_lpc43xx.o(.text.USART_GetStatus)
    USART_GetTxCount                         0x1a004025   Thumb Code    44  usart_lpc43xx.o(.text.USART_GetTxCount)
    [Anonymous Symbol]                       0x1a004024   Section        0  usart_lpc43xx.o(.text.USART_GetTxCount)
    USART_IRQHandler                         0x1a004051   Thumb Code   880  usart_lpc43xx.o(.text.USART_IRQHandler)
    [Anonymous Symbol]                       0x1a004050   Section        0  usart_lpc43xx.o(.text.USART_IRQHandler)
    USART_Initialize                         0x1a0043c1   Thumb Code   336  usart_lpc43xx.o(.text.USART_Initialize)
    [Anonymous Symbol]                       0x1a0043c0   Section        0  usart_lpc43xx.o(.text.USART_Initialize)
    USART_PIN_Configure                      0x1a004511   Thumb Code   264  usart_lpc43xx.o(.text.USART_PIN_Configure)
    [Anonymous Symbol]                       0x1a004510   Section        0  usart_lpc43xx.o(.text.USART_PIN_Configure)
    USART_PowerControl                       0x1a004619   Thumb Code   908  usart_lpc43xx.o(.text.USART_PowerControl)
    [Anonymous Symbol]                       0x1a004618   Section        0  usart_lpc43xx.o(.text.USART_PowerControl)
    USART_Receive                            0x1a0049a5   Thumb Code   400  usart_lpc43xx.o(.text.USART_Receive)
    [Anonymous Symbol]                       0x1a0049a4   Section        0  usart_lpc43xx.o(.text.USART_Receive)
    USART_RxLineIntHandler                   0x1a004b35   Thumb Code   184  usart_lpc43xx.o(.text.USART_RxLineIntHandler)
    [Anonymous Symbol]                       0x1a004b34   Section        0  usart_lpc43xx.o(.text.USART_RxLineIntHandler)
    USART_Send                               0x1a004bed   Thumb Code   586  usart_lpc43xx.o(.text.USART_Send)
    [Anonymous Symbol]                       0x1a004bec   Section        0  usart_lpc43xx.o(.text.USART_Send)
    [Anonymous Symbol]                       0x1a004e38   Section        0  usart_lpc43xx.o(.text.USART_SetBaudrate)
    USART_SetModemControl                    0x1a0053e9   Thumb Code   242  usart_lpc43xx.o(.text.USART_SetModemControl)
    [Anonymous Symbol]                       0x1a0053e8   Section        0  usart_lpc43xx.o(.text.USART_SetModemControl)
    USART_Transfer                           0x1a0054dd   Thumb Code   170  usart_lpc43xx.o(.text.USART_Transfer)
    [Anonymous Symbol]                       0x1a0054dc   Section        0  usart_lpc43xx.o(.text.USART_Transfer)
    USART_Uninitialize                       0x1a005589   Thumb Code   316  usart_lpc43xx.o(.text.USART_Uninitialize)
    [Anonymous Symbol]                       0x1a005588   Section        0  usart_lpc43xx.o(.text.USART_Uninitialize)
    USARTx_GetVersion                        0x1a0056c5   Thumb Code    20  usart_lpc43xx.o(.text.USARTx_GetVersion)
    [Anonymous Symbol]                       0x1a0056c4   Section        0  usart_lpc43xx.o(.text.USARTx_GetVersion)
    WaitUs                                   0x1a0056d9   Thumb Code    76  system_lpc43xx.o(.text.WaitUs)
    [Anonymous Symbol]                       0x1a0056d8   Section        0  system_lpc43xx.o(.text.WaitUs)
    __NVIC_ClearPendingIRQ                   0x1a005725   Thumb Code    48  usart_lpc43xx.o(.text.__NVIC_ClearPendingIRQ)
    [Anonymous Symbol]                       0x1a005724   Section        0  usart_lpc43xx.o(.text.__NVIC_ClearPendingIRQ)
    __NVIC_ClearPendingIRQ                   0x1a005755   Thumb Code    48  gpdma_lpc43xx.o(.text.__NVIC_ClearPendingIRQ)
    [Anonymous Symbol]                       0x1a005754   Section        0  gpdma_lpc43xx.o(.text.__NVIC_ClearPendingIRQ)
    __NVIC_DisableIRQ                        0x1a005785   Thumb Code    56  cm4_main.o(.text.__NVIC_DisableIRQ)
    [Anonymous Symbol]                       0x1a005784   Section        0  cm4_main.o(.text.__NVIC_DisableIRQ)
    __NVIC_DisableIRQ                        0x1a0057bd   Thumb Code    56  usart_lpc43xx.o(.text.__NVIC_DisableIRQ)
    [Anonymous Symbol]                       0x1a0057bc   Section        0  usart_lpc43xx.o(.text.__NVIC_DisableIRQ)
    __NVIC_DisableIRQ                        0x1a0057f5   Thumb Code    56  gpdma_lpc43xx.o(.text.__NVIC_DisableIRQ)
    [Anonymous Symbol]                       0x1a0057f4   Section        0  gpdma_lpc43xx.o(.text.__NVIC_DisableIRQ)
    __NVIC_EnableIRQ                         0x1a00582d   Thumb Code    48  cm4_main.o(.text.__NVIC_EnableIRQ)
    [Anonymous Symbol]                       0x1a00582c   Section        0  cm4_main.o(.text.__NVIC_EnableIRQ)
    __NVIC_EnableIRQ                         0x1a00585d   Thumb Code    48  samsat_queue.o(.text.__NVIC_EnableIRQ)
    [Anonymous Symbol]                       0x1a00585c   Section        0  samsat_queue.o(.text.__NVIC_EnableIRQ)
    __NVIC_EnableIRQ                         0x1a00588d   Thumb Code    48  usart_lpc43xx.o(.text.__NVIC_EnableIRQ)
    [Anonymous Symbol]                       0x1a00588c   Section        0  usart_lpc43xx.o(.text.__NVIC_EnableIRQ)
    __NVIC_EnableIRQ                         0x1a0058bd   Thumb Code    48  gpdma_lpc43xx.o(.text.__NVIC_EnableIRQ)
    [Anonymous Symbol]                       0x1a0058bc   Section        0  gpdma_lpc43xx.o(.text.__NVIC_EnableIRQ)
    __NVIC_SetPriority                       0x1a0058ed   Thumb Code    66  cm4_main.o(.text.__NVIC_SetPriority)
    [Anonymous Symbol]                       0x1a0058ec   Section        0  cm4_main.o(.text.__NVIC_SetPriority)
    __NVIC_SetPriority                       0x1a005931   Thumb Code    66  samsat_queue.o(.text.__NVIC_SetPriority)
    [Anonymous Symbol]                       0x1a005930   Section        0  samsat_queue.o(.text.__NVIC_SetPriority)
    [Anonymous Symbol]                       0x1a005974   Section        0  cm4_main.o(.text._delay_ms)
    iap_entry                                0x1a0059a5   Thumb Code    28  iap_18xx_43xx.o(.text.iap_entry)
    [Anonymous Symbol]                       0x1a0059a4   Section        0  iap_18xx_43xx.o(.text.iap_entry)
    ipc_send_signal                          0x1a0059c1   Thumb Code     8  samsat_queue.o(.text.ipc_send_signal)
    [Anonymous Symbol]                       0x1a0059c0   Section        0  samsat_queue.o(.text.ipc_send_signal)
    [Anonymous Symbol]                       0x1a0059c8   Section        0  cm4_main.o(.text.main)
    myUSART_callback                         0x1a005f59   Thumb Code    24  samsat_uart.o(.text.myUSART_callback)
    [Anonymous Symbol]                       0x1a005f58   Section        0  samsat_uart.o(.text.myUSART_callback)
    [Anonymous Symbol]                       0x1a005f70   Section        0  samsat_uart.o(.text.samsat_uart_init)
    [Anonymous Symbol]                       0x1a0060a4   Section        0  samsat_uart.o(.text.samsat_uart_write)
    CL$$btod_d2e                             0x1a006184   Section       62  btod.o(CL$$btod_d2e)
    CL$$btod_d2e_denorm_low                  0x1a0061c2   Section       70  btod.o(CL$$btod_d2e_denorm_low)
    CL$$btod_d2e_norm_op1                    0x1a006208   Section       96  btod.o(CL$$btod_d2e_norm_op1)
    CL$$btod_div_common                      0x1a006268   Section      824  btod.o(CL$$btod_div_common)
    CL$$btod_e2e                             0x1a0065a0   Section      220  btod.o(CL$$btod_e2e)
    CL$$btod_ediv                            0x1a00667c   Section       42  btod.o(CL$$btod_ediv)
    CL$$btod_emul                            0x1a0066a6   Section       42  btod.o(CL$$btod_emul)
    CL$$btod_mult_common                     0x1a0066d0   Section      580  btod.o(CL$$btod_mult_common)
    i.__ARM_fpclassify                       0x1a006914   Section        0  fpclassify.o(i.__ARM_fpclassify)
    i._is_digit                              0x1a006944   Section        0  __printf_wp.o(i._is_digit)
    locale$$code                             0x1a006954   Section       44  lc_numeric_c.o(locale$$code)
    locale$$code                             0x1a006980   Section       44  lc_ctype_c.o(locale$$code)
    $v0                                      0x1a0069ac   Number         0  fpinit.o(x$fpl$fpinit)
    x$fpl$fpinit                             0x1a0069ac   Section       26  fpinit.o(x$fpl$fpinit)
    $v0                                      0x1a0069c6   Number         0  printf1.o(x$fpl$printf1)
    x$fpl$printf1                            0x1a0069c6   Section        4  printf1.o(x$fpl$printf1)
    $v0                                      0x1a0069ca   Number         0  printf2.o(x$fpl$printf2)
    x$fpl$printf2                            0x1a0069ca   Section        4  printf2.o(x$fpl$printf2)
    x$fpl$usenofp                            0x1a0069ce   Section        0  usenofp.o(x$fpl$usenofp)
    initial_mbstate                          0x1a0069d0   Data           8  _printf_wctomb.o(.constdata)
    .constdata                               0x1a0069d0   Section        8  _printf_wctomb.o(.constdata)
    uc_hextab                                0x1a0069d8   Data          20  _printf_hex_int_ll_ptr.o(.constdata)
    .constdata                               0x1a0069d8   Section       40  _printf_hex_int_ll_ptr.o(.constdata)
    lc_hextab                                0x1a0069ec   Data          20  _printf_hex_int_ll_ptr.o(.constdata)
    maptable                                 0x1a006a00   Data          17  __printf_flags_ss_wp.o(.constdata)
    .constdata                               0x1a006a00   Section       17  __printf_flags_ss_wp.o(.constdata)
    lc_hextab                                0x1a006a11   Data          19  _printf_fp_hex.o(.constdata)
    .constdata                               0x1a006a11   Section       38  _printf_fp_hex.o(.constdata)
    uc_hextab                                0x1a006a24   Data          19  _printf_fp_hex.o(.constdata)
    tenpwrs_x                                0x1a006a38   Data          60  bigflt0.o(.constdata)
    .constdata                               0x1a006a38   Section      148  bigflt0.o(.constdata)
    tenpwrs_i                                0x1a006a74   Data          64  bigflt0.o(.constdata)
    .L.str                                   0x1a006acc   Data          18  cm4_main.o(.rodata..L.str)
    .L.str.1                                 0x1a006ade   Data          11  cm4_main.o(.rodata..L.str.1)
    .L.str.2                                 0x1a006ae9   Data          17  cm4_main.o(.rodata..L.str.2)
    .L.str.3                                 0x1a006afa   Data          15  cm4_main.o(.rodata..L.str.3)
    .L.str.4                                 0x1a006b09   Data          19  cm4_main.o(.rodata..L.str.4)
    .L.str.5                                 0x1a006b1c   Data          49  cm4_main.o(.rodata..L.str.5)
    USART3_Resources                         0x1a008388   Data         104  usart_lpc43xx.o(.rodata.USART3_Resources)
    [Anonymous Symbol]                       0x1a008388   Section        0  usart_lpc43xx.o(.rodata.USART3_Resources)
    USART3_pin_rx                            0x1a0083f0   Data           8  usart_lpc43xx.o(.rodata.USART3_pin_rx)
    [Anonymous Symbol]                       0x1a0083f0   Section        0  usart_lpc43xx.o(.rodata.USART3_pin_rx)
    USART3_pin_tx                            0x1a0083f8   Data           8  usart_lpc43xx.o(.rodata.USART3_pin_tx)
    [Anonymous Symbol]                       0x1a0083f8   Section        0  usart_lpc43xx.o(.rodata.USART3_pin_tx)
    .L__const.Chip_IAP_Init.result           0x1a008400   Data          16  iap_18xx_43xx.o(.rodata.cst16)
    emcdivby2_opc                            0x1a008410   Data          20  system_lpc43xx.o(.rodata.emcdivby2_opc)
    [Anonymous Symbol]                       0x1a008410   Section        0  system_lpc43xx.o(.rodata.emcdivby2_opc)
    fract_div_lookup_table                   0x1a008424   Data         288  usart_lpc43xx.o(.rodata.fract_div_lookup_table)
    [Anonymous Symbol]                       0x1a008424   Section        0  usart_lpc43xx.o(.rodata.fract_div_lookup_table)
    .L.str.6                                 0x1a008544   Data          48  cm4_main.o(.rodata.str1.1)
    [Anonymous Symbol]                       0x1a008544   Section        0  cm4_main.o(.rodata.str1.1)
    usart_driver_version                     0x1a008574   Data           4  usart_lpc43xx.o(.rodata.usart_driver_version)
    [Anonymous Symbol]                       0x1a008574   Section        0  usart_lpc43xx.o(.rodata.usart_driver_version)
    locale$$data                             0x1a008598   Section       28  lc_numeric_c.o(locale$$data)
    __lcnum_c_name                           0x1a00859c   Data           2  lc_numeric_c.o(locale$$data)
    __lcnum_c_start                          0x1a0085a4   Data           0  lc_numeric_c.o(locale$$data)
    __lcnum_c_point                          0x1a0085b0   Data           0  lc_numeric_c.o(locale$$data)
    __lcnum_c_thousands                      0x1a0085b2   Data           0  lc_numeric_c.o(locale$$data)
    __lcnum_c_grouping                       0x1a0085b3   Data           0  lc_numeric_c.o(locale$$data)
    __lcnum_c_end                            0x1a0085b4   Data           0  lc_numeric_c.o(locale$$data)
    locale$$data                             0x1a0085b4   Section      272  lc_ctype_c.o(locale$$data)
    __lcctype_c_name                         0x1a0085b8   Data           2  lc_ctype_c.o(locale$$data)
    __lcctype_c_start                        0x1a0085c0   Data           0  lc_ctype_c.o(locale$$data)
    __lcctype_c_end                          0x1a0086c4   Data           0  lc_ctype_c.o(locale$$data)

    Global Symbols

    Symbol Name                              Value     Ov Type        Size  Object(Section)

    BuildAttributes$$THM_ISAv4$E$P$D$K$B$S$7EM$VFPi3$EXTD16$VFPS$VFMA$PE$A:L22UL41UL21$X:L11$S22US41US21$IEEE1$IW$~IW$USESV6$~STKCKD$USESV7$~SHL$OTIME$ROPI$IEEEJ$EBA8$UX$STANDARDLIB$REQ8$PRES8$EABIv2 0x00000000   Number         0  anon$$obj.o ABSOLUTE
    _printf_flags                            0x00000000   Number         0  printf_stubs.o ABSOLUTE
    _printf_return_value                     0x00000000   Number         0  printf_stubs.o ABSOLUTE
    _printf_sizespec                         0x00000000   Number         0  printf_stubs.o ABSOLUTE
    _printf_widthprec                        0x00000000   Number         0  printf_stubs.o ABSOLUTE
    __ARM_exceptions_init                     - Undefined Weak Reference
    __alloca_initialize                       - Undefined Weak Reference
    __arm_preinit_                            - Undefined Weak Reference
    __cpp_initialize__aeabi_                  - Undefined Weak Reference
    __cxa_finalize                            - Undefined Weak Reference
    __sigvec_lookup                           - Undefined Weak Reference
    _atexit_init                              - Undefined Weak Reference
    _call_atexit_fns                          - Undefined Weak Reference
    _clock_init                               - Undefined Weak Reference
    _fp_trap_init                             - Undefined Weak Reference
    _fp_trap_shutdown                         - Undefined Weak Reference
    _get_lc_collate                           - Undefined Weak Reference
    _get_lc_monetary                          - Undefined Weak Reference
    _get_lc_time                              - Undefined Weak Reference
    _getenv_init                              - Undefined Weak Reference
    _handle_redirection                       - Undefined Weak Reference
    _init_alloc                               - Undefined Weak Reference
    _init_user_alloc                          - Undefined Weak Reference
    _initio                                   - Undefined Weak Reference
    _printf_mbtowc                            - Undefined Weak Reference
    _printf_wc                                - Undefined Weak Reference
    _rand_init                                - Undefined Weak Reference
    _signal_finish                            - Undefined Weak Reference
    _signal_init                              - Undefined Weak Reference
    _terminate_alloc                          - Undefined Weak Reference
    _terminate_user_alloc                     - Undefined Weak Reference
    _terminateio                              - Undefined Weak Reference
    LR5                                      0x10000000   Data        6144  cm4_main.o(.data.LR5)
    SystemCoreClock                          0x10001800   Data           4  system_lpc43xx.o(.data.SystemCoreClock)
    __libspace_start                         0x10001810   Data          96  libspace.o(.bss)
    __temporary_stack_top$libspace           0x10001870   Data           0  libspace.o(.bss)
    line                                     0x10001954   Data         100  cm4_main.o(.bss.line)
    m4_cycle_counter                         0x100019b8   Data           4  cm4_main.o(.bss.m4_cycle_counter)
    msg                                      0x100019c4   Data         256  cm4_main.o(.bss.msg)
    msg_m4                                   0x10001ac4   Data           8  cm4_main.o(.bss.msg_m4)
    string_to_print                          0x10001acc   Data         150  developer_kit_lpc4357_rev_c.o(.bss.string_to_print)
    __Vectors                                0x1a000000   Data           4  startup_lpc43xx.o(RESET)
    __main                                   0x1a000301   Thumb Code     8  __main.o(!!!main)
    __scatterload                            0x1a000309   Thumb Code     0  __scatter.o(!!!scatter)
    __scatterload_rt2                        0x1a000309   Thumb Code    44  __scatter.o(!!!scatter)
    __scatterload_rt2_thumb_only             0x1a000309   Thumb Code     0  __scatter.o(!!!scatter)
    __scatterload_null                       0x1a000317   Thumb Code     0  __scatter.o(!!!scatter)
    __decompress                             0x1a00033d   Thumb Code   100  __dclz77c.o(!!dclz77c)
    __decompress2                            0x1a00033d   Thumb Code     0  __dclz77c.o(!!dclz77c)
    __scatterload_zeroinit                   0x1a0003a1   Thumb Code    28  __scatter_zi.o(!!handler_zi)
    _printf_n                                0x1a0003bd   Thumb Code     0  _printf_n.o(.ARM.Collect$$_printf_percent$$00000001)
    _printf_percent                          0x1a0003bd   Thumb Code     0  _printf_percent.o(.ARM.Collect$$_printf_percent$$00000000)
    _printf_p                                0x1a0003c3   Thumb Code     0  _printf_p.o(.ARM.Collect$$_printf_percent$$00000002)
    _printf_f                                0x1a0003c9   Thumb Code     0  _printf_f.o(.ARM.Collect$$_printf_percent$$00000003)
    _printf_e                                0x1a0003cf   Thumb Code     0  _printf_e.o(.ARM.Collect$$_printf_percent$$00000004)
    _printf_g                                0x1a0003d5   Thumb Code     0  _printf_g.o(.ARM.Collect$$_printf_percent$$00000005)
    _printf_a                                0x1a0003db   Thumb Code     0  _printf_a.o(.ARM.Collect$$_printf_percent$$00000006)
    _printf_ll                               0x1a0003e1   Thumb Code     0  _printf_ll.o(.ARM.Collect$$_printf_percent$$00000007)
    _printf_i                                0x1a0003eb   Thumb Code     0  _printf_i.o(.ARM.Collect$$_printf_percent$$00000008)
    _printf_d                                0x1a0003f1   Thumb Code     0  _printf_d.o(.ARM.Collect$$_printf_percent$$00000009)
    _printf_u                                0x1a0003f7   Thumb Code     0  _printf_u.o(.ARM.Collect$$_printf_percent$$0000000A)
    _printf_o                                0x1a0003fd   Thumb Code     0  _printf_o.o(.ARM.Collect$$_printf_percent$$0000000B)
    _printf_x                                0x1a000403   Thumb Code     0  _printf_x.o(.ARM.Collect$$_printf_percent$$0000000C)
    _printf_lli                              0x1a000409   Thumb Code     0  _printf_lli.o(.ARM.Collect$$_printf_percent$$0000000D)
    _printf_lld                              0x1a00040f   Thumb Code     0  _printf_lld.o(.ARM.Collect$$_printf_percent$$0000000E)
    _printf_llu                              0x1a000415   Thumb Code     0  _printf_llu.o(.ARM.Collect$$_printf_percent$$0000000F)
    _printf_llo                              0x1a00041b   Thumb Code     0  _printf_llo.o(.ARM.Collect$$_printf_percent$$00000010)
    _printf_llx                              0x1a000421   Thumb Code     0  _printf_llx.o(.ARM.Collect$$_printf_percent$$00000011)
    _printf_l                                0x1a000427   Thumb Code     0  _printf_l.o(.ARM.Collect$$_printf_percent$$00000012)
    _printf_c                                0x1a000431   Thumb Code     0  _printf_c.o(.ARM.Collect$$_printf_percent$$00000013)
    _printf_s                                0x1a000437   Thumb Code     0  _printf_s.o(.ARM.Collect$$_printf_percent$$00000014)
    _printf_lc                               0x1a00043d   Thumb Code     0  _printf_lc.o(.ARM.Collect$$_printf_percent$$00000015)
    _printf_ls                               0x1a000443   Thumb Code     0  _printf_ls.o(.ARM.Collect$$_printf_percent$$00000016)
    _printf_percent_end                      0x1a000449   Thumb Code     0  _printf_percent_end.o(.ARM.Collect$$_printf_percent$$00000017)
    __rt_lib_init                            0x1a00044d   Thumb Code     0  libinit.o(.ARM.Collect$$libinit$$00000000)
    __rt_lib_init_fp_1                       0x1a00044f   Thumb Code     0  libinit2.o(.ARM.Collect$$libinit$$00000001)
    __rt_lib_init_heap_1                     0x1a000453   Thumb Code     0  libinit2.o(.ARM.Collect$$libinit$$0000000A)
    __rt_lib_init_lc_common                  0x1a000453   Thumb Code     0  libinit2.o(.ARM.Collect$$libinit$$0000000F)
    __rt_lib_init_preinit_1                  0x1a000453   Thumb Code     0  libinit2.o(.ARM.Collect$$libinit$$00000004)
    __rt_lib_init_rand_1                     0x1a000453   Thumb Code     0  libinit2.o(.ARM.Collect$$libinit$$0000000E)
    __rt_lib_init_user_alloc_1               0x1a000453   Thumb Code     0  libinit2.o(.ARM.Collect$$libinit$$0000000C)
    __rt_lib_init_lc_collate_1               0x1a000459   Thumb Code     0  libinit2.o(.ARM.Collect$$libinit$$00000011)
    __rt_lib_init_lc_ctype_2                 0x1a000459   Thumb Code     0  libinit2.o(.ARM.Collect$$libinit$$00000012)
    __rt_lib_init_lc_ctype_1                 0x1a000465   Thumb Code     0  libinit2.o(.ARM.Collect$$libinit$$00000013)
    __rt_lib_init_lc_monetary_1              0x1a000465   Thumb Code     0  libinit2.o(.ARM.Collect$$libinit$$00000015)
    __rt_lib_init_lc_numeric_2               0x1a000465   Thumb Code     0  libinit2.o(.ARM.Collect$$libinit$$00000016)
    __rt_lib_init_alloca_1                   0x1a00046f   Thumb Code     0  libinit2.o(.ARM.Collect$$libinit$$0000002E)
    __rt_lib_init_argv_1                     0x1a00046f   Thumb Code     0  libinit2.o(.ARM.Collect$$libinit$$0000002C)
    __rt_lib_init_atexit_1                   0x1a00046f   Thumb Code     0  libinit2.o(.ARM.Collect$$libinit$$0000001B)
    __rt_lib_init_clock_1                    0x1a00046f   Thumb Code     0  libinit2.o(.ARM.Collect$$libinit$$00000021)
    __rt_lib_init_cpp_1                      0x1a00046f   Thumb Code     0  libinit2.o(.ARM.Collect$$libinit$$00000032)
    __rt_lib_init_exceptions_1               0x1a00046f   Thumb Code     0  libinit2.o(.ARM.Collect$$libinit$$00000030)
    __rt_lib_init_fp_trap_1                  0x1a00046f   Thumb Code     0  libinit2.o(.ARM.Collect$$libinit$$0000001F)
    __rt_lib_init_getenv_1                   0x1a00046f   Thumb Code     0  libinit2.o(.ARM.Collect$$libinit$$00000023)
    __rt_lib_init_lc_numeric_1               0x1a00046f   Thumb Code     0  libinit2.o(.ARM.Collect$$libinit$$00000017)
    __rt_lib_init_lc_time_1                  0x1a00046f   Thumb Code     0  libinit2.o(.ARM.Collect$$libinit$$00000019)
    __rt_lib_init_return                     0x1a00046f   Thumb Code     0  libinit2.o(.ARM.Collect$$libinit$$00000033)
    __rt_lib_init_signal_1                   0x1a00046f   Thumb Code     0  libinit2.o(.ARM.Collect$$libinit$$0000001D)
    __rt_lib_init_stdio_1                    0x1a00046f   Thumb Code     0  libinit2.o(.ARM.Collect$$libinit$$00000025)
    __rt_lib_shutdown                        0x1a000471   Thumb Code     0  libshutdown.o(.ARM.Collect$$libshutdown$$00000000)
    __rt_lib_shutdown_cpp_1                  0x1a000473   Thumb Code     0  libshutdown2.o(.ARM.Collect$$libshutdown$$00000002)
    __rt_lib_shutdown_fp_trap_1              0x1a000473   Thumb Code     0  libshutdown2.o(.ARM.Collect$$libshutdown$$00000007)
    __rt_lib_shutdown_heap_1                 0x1a000473   Thumb Code     0  libshutdown2.o(.ARM.Collect$$libshutdown$$0000000F)
    __rt_lib_shutdown_return                 0x1a000473   Thumb Code     0  libshutdown2.o(.ARM.Collect$$libshutdown$$00000010)
    __rt_lib_shutdown_signal_1               0x1a000473   Thumb Code     0  libshutdown2.o(.ARM.Collect$$libshutdown$$0000000A)
    __rt_lib_shutdown_stdio_1                0x1a000473   Thumb Code     0  libshutdown2.o(.ARM.Collect$$libshutdown$$00000004)
    __rt_lib_shutdown_user_alloc_1           0x1a000473   Thumb Code     0  libshutdown2.o(.ARM.Collect$$libshutdown$$0000000C)
    __rt_entry                               0x1a000475   Thumb Code     0  __rtentry.o(.ARM.Collect$$rtentry$$00000000)
    __rt_entry_presh_1                       0x1a000475   Thumb Code     0  __rtentry2.o(.ARM.Collect$$rtentry$$00000002)
    __rt_entry_sh                            0x1a000475   Thumb Code     0  __rtentry4.o(.ARM.Collect$$rtentry$$00000004)
    __rt_entry_li                            0x1a00047b   Thumb Code     0  __rtentry2.o(.ARM.Collect$$rtentry$$0000000A)
    __rt_entry_postsh_1                      0x1a00047b   Thumb Code     0  __rtentry2.o(.ARM.Collect$$rtentry$$00000009)
    __rt_entry_main                          0x1a00047f   Thumb Code     0  __rtentry2.o(.ARM.Collect$$rtentry$$0000000D)
    __rt_entry_postli_1                      0x1a00047f   Thumb Code     0  __rtentry2.o(.ARM.Collect$$rtentry$$0000000C)
    __rt_exit                                0x1a000487   Thumb Code     0  rtexit.o(.ARM.Collect$$rtexit$$00000000)
    __rt_exit_ls                             0x1a000489   Thumb Code     0  rtexit2.o(.ARM.Collect$$rtexit$$00000003)
    __rt_exit_prels_1                        0x1a000489   Thumb Code     0  rtexit2.o(.ARM.Collect$$rtexit$$00000002)
    __rt_exit_exit                           0x1a00048d   Thumb Code     0  rtexit2.o(.ARM.Collect$$rtexit$$00000004)
    Reset_Handler                            0x1a000495   Thumb Code     8  startup_lpc43xx.o(.text)
    NMI_Handler                              0x1a00049d   Thumb Code     2  startup_lpc43xx.o(.text)
    HardFault_Handler                        0x1a00049f   Thumb Code     2  startup_lpc43xx.o(.text)
    MemManage_Handler                        0x1a0004a1   Thumb Code     2  startup_lpc43xx.o(.text)
    BusFault_Handler                         0x1a0004a3   Thumb Code     2  startup_lpc43xx.o(.text)
    UsageFault_Handler                       0x1a0004a5   Thumb Code     2  startup_lpc43xx.o(.text)
    SVC_Handler                              0x1a0004a7   Thumb Code     2  startup_lpc43xx.o(.text)
    DebugMon_Handler                         0x1a0004a9   Thumb Code     2  startup_lpc43xx.o(.text)
    PendSV_Handler                           0x1a0004ab   Thumb Code     2  startup_lpc43xx.o(.text)
    ADC0_IRQHandler                          0x1a0004af   Thumb Code     0  startup_lpc43xx.o(.text)
    ADC1_IRQHandler                          0x1a0004af   Thumb Code     0  startup_lpc43xx.o(.text)
    ADCHS_IRQHandler                         0x1a0004af   Thumb Code     0  startup_lpc43xx.o(.text)
    ATIMER_IRQHandler                        0x1a0004af   Thumb Code     0  startup_lpc43xx.o(.text)
    C_CAN0_IRQHandler                        0x1a0004af   Thumb Code     0  startup_lpc43xx.o(.text)
    C_CAN1_IRQHandler                        0x1a0004af   Thumb Code     0  startup_lpc43xx.o(.text)
    DAC_IRQHandler                           0x1a0004af   Thumb Code     0  startup_lpc43xx.o(.text)
    ETHERNET_IRQHandler                      0x1a0004af   Thumb Code     0  startup_lpc43xx.o(.text)
    EVENTROUTER_IRQHandler                   0x1a0004af   Thumb Code     0  startup_lpc43xx.o(.text)
    FLASHEEPROM_IRQHandler                   0x1a0004af   Thumb Code     0  startup_lpc43xx.o(.text)
    GINT0_IRQHandler                         0x1a0004af   Thumb Code     0  startup_lpc43xx.o(.text)
    GINT1_IRQHandler                         0x1a0004af   Thumb Code     0  startup_lpc43xx.o(.text)
    I2C0_IRQHandler                          0x1a0004af   Thumb Code     0  startup_lpc43xx.o(.text)
    I2C1_IRQHandler                          0x1a0004af   Thumb Code     0  startup_lpc43xx.o(.text)
    I2S0_IRQHandler                          0x1a0004af   Thumb Code     0  startup_lpc43xx.o(.text)
    I2S1_IRQHandler                          0x1a0004af   Thumb Code     0  startup_lpc43xx.o(.text)
    LCD_IRQHandler                           0x1a0004af   Thumb Code     0  startup_lpc43xx.o(.text)
    M0SUB_IRQHandler                         0x1a0004af   Thumb Code     0  startup_lpc43xx.o(.text)
    MCPWM_IRQHandler                         0x1a0004af   Thumb Code     0  startup_lpc43xx.o(.text)
    PIN_INT0_IRQHandler                      0x1a0004af   Thumb Code     0  startup_lpc43xx.o(.text)
    PIN_INT1_IRQHandler                      0x1a0004af   Thumb Code     0  startup_lpc43xx.o(.text)
    PIN_INT2_IRQHandler                      0x1a0004af   Thumb Code     0  startup_lpc43xx.o(.text)
    PIN_INT3_IRQHandler                      0x1a0004af   Thumb Code     0  startup_lpc43xx.o(.text)
    PIN_INT4_IRQHandler                      0x1a0004af   Thumb Code     0  startup_lpc43xx.o(.text)
    PIN_INT5_IRQHandler                      0x1a0004af   Thumb Code     0  startup_lpc43xx.o(.text)
    PIN_INT6_IRQHandler                      0x1a0004af   Thumb Code     0  startup_lpc43xx.o(.text)
    PIN_INT7_IRQHandler                      0x1a0004af   Thumb Code     0  startup_lpc43xx.o(.text)
    QEI_IRQHandler                           0x1a0004af   Thumb Code     0  startup_lpc43xx.o(.text)
    RITIMER_IRQHandler                       0x1a0004af   Thumb Code     0  startup_lpc43xx.o(.text)
    RTC_IRQHandler                           0x1a0004af   Thumb Code     0  startup_lpc43xx.o(.text)
    SCT_IRQHandler                           0x1a0004af   Thumb Code     0  startup_lpc43xx.o(.text)
    SDIO_IRQHandler                          0x1a0004af   Thumb Code     0  startup_lpc43xx.o(.text)
    SGPIO_IRQHandler                         0x1a0004af   Thumb Code     0  startup_lpc43xx.o(.text)
    SPIFI_IRQHandler                         0x1a0004af   Thumb Code     0  startup_lpc43xx.o(.text)
    SPI_IRQHandler                           0x1a0004af   Thumb Code     0  startup_lpc43xx.o(.text)
    SSP0_IRQHandler                          0x1a0004af   Thumb Code     0  startup_lpc43xx.o(.text)
    SSP1_IRQHandler                          0x1a0004af   Thumb Code     0  startup_lpc43xx.o(.text)
    TIMER0_IRQHandler                        0x1a0004af   Thumb Code     0  startup_lpc43xx.o(.text)
    TIMER1_IRQHandler                        0x1a0004af   Thumb Code     0  startup_lpc43xx.o(.text)
    TIMER2_IRQHandler                        0x1a0004af   Thumb Code     0  startup_lpc43xx.o(.text)
    TIMER3_IRQHandler                        0x1a0004af   Thumb Code     0  startup_lpc43xx.o(.text)
    UART1_IRQHandler                         0x1a0004af   Thumb Code     0  startup_lpc43xx.o(.text)
    USART0_IRQHandler                        0x1a0004af   Thumb Code     0  startup_lpc43xx.o(.text)
    USART2_IRQHandler                        0x1a0004af   Thumb Code     0  startup_lpc43xx.o(.text)
    USB0_IRQHandler                          0x1a0004af   Thumb Code     0  startup_lpc43xx.o(.text)
    USB1_IRQHandler                          0x1a0004af   Thumb Code     0  startup_lpc43xx.o(.text)
    WWDT_IRQHandler                          0x1a0004af   Thumb Code     0  startup_lpc43xx.o(.text)
    __user_initial_stackheap                 0x1a0004b1   Thumb Code     0  startup_lpc43xx.o(.text)
    __aeabi_uldivmod                         0x1a0004d5   Thumb Code     0  lludivv7m.o(.text)
    _ll_udiv                                 0x1a0004d5   Thumb Code   240  lludivv7m.o(.text)
    sprintf                                  0x1a0005c5   Thumb Code    38  sprintf.o(.text)
    strlen                                   0x1a0005f1   Thumb Code    62  strlen.o(.text)
    __aeabi_memcpy                           0x1a00062f   Thumb Code     0  rt_memcpy_v6.o(.text)
    __rt_memcpy                              0x1a00062f   Thumb Code   138  rt_memcpy_v6.o(.text)
    _memcpy_lastbytes                        0x1a000695   Thumb Code     0  rt_memcpy_v6.o(.text)
    __aeabi_memclr                           0x1a0006b9   Thumb Code     0  rt_memclr.o(.text)
    __rt_memclr                              0x1a0006b9   Thumb Code     0  rt_memclr.o(.text)
    _memset                                  0x1a0006bd   Thumb Code    64  rt_memclr.o(.text)
    __use_two_region_memory                  0x1a0006fd   Thumb Code     2  heapauxi.o(.text)
    __rt_heap_escrow$2region                 0x1a0006ff   Thumb Code     2  heapauxi.o(.text)
    __rt_heap_expand$2region                 0x1a000701   Thumb Code     2  heapauxi.o(.text)
    _printf_pre_padding                      0x1a000703   Thumb Code    44  _printf_pad.o(.text)
    _printf_post_padding                     0x1a00072f   Thumb Code    34  _printf_pad.o(.text)
    _printf_truncate_signed                  0x1a000751   Thumb Code    18  _printf_truncate.o(.text)
    _printf_truncate_unsigned                0x1a000763   Thumb Code    18  _printf_truncate.o(.text)
    _printf_str                              0x1a000775   Thumb Code    82  _printf_str.o(.text)
    _printf_int_dec                          0x1a0007c9   Thumb Code   104  _printf_dec.o(.text)
    _printf_charcount                        0x1a000841   Thumb Code    40  _printf_charcount.o(.text)
    _printf_char_common                      0x1a000873   Thumb Code    32  _printf_char_common.o(.text)
    _sputc                                   0x1a000899   Thumb Code    10  _sputc.o(.text)
    _printf_wctomb                           0x1a0008a5   Thumb Code   182  _printf_wctomb.o(.text)
    _printf_longlong_dec                     0x1a000961   Thumb Code   108  _printf_longlong_dec.o(.text)
    _printf_longlong_oct                     0x1a0009dd   Thumb Code    68  _printf_oct_int_ll.o(.text)
    _printf_int_oct                          0x1a000a21   Thumb Code    24  _printf_oct_int_ll.o(.text)
    _printf_ll_oct                           0x1a000a39   Thumb Code    12  _printf_oct_int_ll.o(.text)
    _printf_longlong_hex                     0x1a000a4d   Thumb Code    86  _printf_hex_int_ll_ptr.o(.text)
    _printf_int_hex                          0x1a000aa3   Thumb Code    28  _printf_hex_int_ll_ptr.o(.text)
    _printf_ll_hex                           0x1a000abf   Thumb Code    12  _printf_hex_int_ll_ptr.o(.text)
    _printf_hex_ptr                          0x1a000acb   Thumb Code    18  _printf_hex_int_ll_ptr.o(.text)
    __printf                                 0x1a000ae1   Thumb Code   388  __printf_flags_ss_wp.o(.text)
    __aeabi_memcpy4                          0x1a000c69   Thumb Code     0  rt_memcpy_w.o(.text)
    __aeabi_memcpy8                          0x1a000c69   Thumb Code     0  rt_memcpy_w.o(.text)
    __rt_memcpy_w                            0x1a000c69   Thumb Code   100  rt_memcpy_w.o(.text)
    _memcpy_lastbytes_aligned                0x1a000cb1   Thumb Code     0  rt_memcpy_w.o(.text)
    __aeabi_memclr4                          0x1a000ccd   Thumb Code     0  rt_memclr_w.o(.text)
    __aeabi_memclr8                          0x1a000ccd   Thumb Code     0  rt_memclr_w.o(.text)
    __rt_memclr_w                            0x1a000ccd   Thumb Code     0  rt_memclr_w.o(.text)
    _memset_w                                0x1a000cd1   Thumb Code    74  rt_memclr_w.o(.text)
    _ll_udiv10                               0x1a000d1b   Thumb Code   138  lludiv10.o(.text)
    _printf_int_common                       0x1a000da5   Thumb Code   178  _printf_intcommon.o(.text)
    _printf_fp_dec_real                      0x1a001007   Thumb Code   620  _printf_fp_dec.o(.text)
    _printf_fp_hex_real                      0x1a001275   Thumb Code   756  _printf_fp_hex.o(.text)
    _printf_cs_common                        0x1a001571   Thumb Code    20  _printf_char.o(.text)
    _printf_char                             0x1a001585   Thumb Code    16  _printf_char.o(.text)
    _printf_string                           0x1a001595   Thumb Code     8  _printf_char.o(.text)
    _printf_lcs_common                       0x1a00159d   Thumb Code    20  _printf_wchar.o(.text)
    _printf_wchar                            0x1a0015b1   Thumb Code    16  _printf_wchar.o(.text)
    _printf_wstring                          0x1a0015c1   Thumb Code     8  _printf_wchar.o(.text)
    _c16rtomb                                0x1a0015c9   Thumb Code    72  _c16rtomb.o(.text)
    _wcrtomb                                 0x1a0015c9   Thumb Code     0  _c16rtomb.o(.text)
    __user_setup_stackheap                   0x1a001611   Thumb Code    74  sys_stackheap_outer.o(.text)
    __rt_ctype_table                         0x1a00165d   Thumb Code    16  rt_ctype_table.o(.text)
    __rt_locale                              0x1a00166d   Thumb Code     8  rt_locale_intlibspace.o(.text)
    _printf_fp_infnan                        0x1a001675   Thumb Code   112  _printf_fp_infnan.o(.text)
    _btod_etento                             0x1a0016f5   Thumb Code   224  bigflt0.o(.text)
    exit                                     0x1a0017d9   Thumb Code    18  exit.o(.text)
    __user_libspace                          0x1a0017ed   Thumb Code     8  libspace.o(.text)
    __user_perproc_libspace                  0x1a0017ed   Thumb Code     0  libspace.o(.text)
    __user_perthread_libspace                0x1a0017ed   Thumb Code     0  libspace.o(.text)
    strcmp                                   0x1a0017f9   Thumb Code   124  strcmpv7em.o(.text)
    _sys_exit                                0x1a001875   Thumb Code     8  sys_exit.o(.text)
    __I$use$semihosting                      0x1a001881   Thumb Code     0  use_no_semi.o(.text)
    __use_no_semihosting_swi                 0x1a001881   Thumb Code     2  use_no_semi.o(.text)
    __semihosting_library_function           0x1a001883   Thumb Code     0  indicate_semi.o(.text)
    Chip_IAP_CopyRamToFlash                  0x1a001885   Thumb Code    68  iap_18xx_43xx.o(.text.Chip_IAP_CopyRamToFlash)
    Chip_IAP_EraseSector                     0x1a0018c9   Thumb Code    72  iap_18xx_43xx.o(.text.Chip_IAP_EraseSector)
    Chip_IAP_Init                            0x1a001911   Thumb Code    48  iap_18xx_43xx.o(.text.Chip_IAP_Init)
    Chip_IAP_PreSectorForReadWrite           0x1a001941   Thumb Code    46  iap_18xx_43xx.o(.text.Chip_IAP_PreSectorForReadWrite)
    Chip_IAP_ReadPID                         0x1a001971   Thumb Code    22  iap_18xx_43xx.o(.text.Chip_IAP_ReadPID)
    Chip_IAP_SetBootFlashBank                0x1a001989   Thumb Code    60  iap_18xx_43xx.o(.text.Chip_IAP_SetBootFlashBank)
    DMA_IRQHandler                           0x1a0019f5   Thumb Code   586  gpdma_lpc43xx.o(.text.DMA_IRQHandler)
    GPDMA_ChannelConfigure                   0x1a001c41   Thumb Code   450  gpdma_lpc43xx.o(.text.GPDMA_ChannelConfigure)
    GPDMA_ChannelDisable                     0x1a001e05   Thumb Code    68  gpdma_lpc43xx.o(.text.GPDMA_ChannelDisable)
    GPDMA_ChannelGetCount                    0x1a001e49   Thumb Code    72  gpdma_lpc43xx.o(.text.GPDMA_ChannelGetCount)
    GPDMA_Initialize                         0x1a001e91   Thumb Code   272  gpdma_lpc43xx.o(.text.GPDMA_Initialize)
    GPDMA_PeripheralSelect                   0x1a001fa1   Thumb Code    82  gpdma_lpc43xx.o(.text.GPDMA_PeripheralSelect)
    GPDMA_Uninitialize                       0x1a001ff5   Thumb Code    94  gpdma_lpc43xx.o(.text.GPDMA_Uninitialize)
    GetClockFreq                             0x1a00215d   Thumb Code   324  system_lpc43xx.o(.text.GetClockFreq)
    IPC_getM0RespFlag                        0x1a002325   Thumb Code    12  samsat_queue.o(.text.IPC_getM0RespFlag)
    IPC_getM4Flag                            0x1a002331   Thumb Code    12  samsat_queue.o(.text.IPC_getM4Flag)
    IPC_initMsgQueue                         0x1a00233d   Thumb Code   124  samsat_queue.o(.text.IPC_initMsgQueue)
    IPC_msgNotify                            0x1a0023b9   Thumb Code     8  samsat_queue.o(.text.IPC_msgNotify)
    IPC_popMsgTout                           0x1a0023c1   Thumb Code   362  samsat_queue.o(.text.IPC_popMsgTout)
    IPC_pushMsgTout                          0x1a00252d   Thumb Code   384  samsat_queue.o(.text.IPC_pushMsgTout)
    IPC_setM0RespFlag                        0x1a0026ad   Thumb Code    24  samsat_queue.o(.text.IPC_setM0RespFlag)
    IPC_setM4Flag                            0x1a0026c5   Thumb Code    24  samsat_queue.o(.text.IPC_setM4Flag)
    Load_CM0_Image                           0x1a002705   Thumb Code    64  cm4_main.o(.text.Load_CM0_Image)
    M0APP_IRQHandler                         0x1a002745   Thumb Code    22  samsat_queue.o(.text.M0APP_IRQHandler)
    Print_Uart                               0x1a00275d   Thumb Code    54  developer_kit_lpc4357_rev_c.o(.text.Print_Uart)
    SCU_PinConfigure                         0x1a002795   Thumb Code    78  scu_lpc43xx.o(.text.SCU_PinConfigure)
    SysTick_Handler                          0x1a002a8d   Thumb Code    16  cm4_main.o(.text.SysTick_Handler)
    SystemCoreClockUpdate                    0x1a002a9d   Thumb Code    38  system_lpc43xx.o(.text.SystemCoreClockUpdate)
    SystemInit                               0x1a002ac5   Thumb Code    84  system_lpc43xx.o(.text.SystemInit)
    USART3_IRQHandler                        0x1a00334d   Thumb Code    16  usart_lpc43xx.o(.text.USART3_IRQHandler)
    USART_SetBaudrate                        0x1a004e39   Thumb Code  1456  usart_lpc43xx.o(.text.USART_SetBaudrate)
    _delay_ms                                0x1a005975   Thumb Code    46  cm4_main.o(.text._delay_ms)
    main                                     0x1a0059c9   Thumb Code  1424  cm4_main.o(.text.main)
    samsat_uart_init                         0x1a005f71   Thumb Code   308  samsat_uart.o(.text.samsat_uart_init)
    samsat_uart_write                        0x1a0060a5   Thumb Code   224  samsat_uart.o(.text.samsat_uart_write)
    _btod_d2e                                0x1a006185   Thumb Code    62  btod.o(CL$$btod_d2e)
    _d2e_denorm_low                          0x1a0061c3   Thumb Code    70  btod.o(CL$$btod_d2e_denorm_low)
    _d2e_norm_op1                            0x1a006209   Thumb Code    96  btod.o(CL$$btod_d2e_norm_op1)
    __btod_div_common                        0x1a006269   Thumb Code   696  btod.o(CL$$btod_div_common)
    _e2e                                     0x1a0065a1   Thumb Code   220  btod.o(CL$$btod_e2e)
    _btod_ediv                               0x1a00667d   Thumb Code    42  btod.o(CL$$btod_ediv)
    _btod_emul                               0x1a0066a7   Thumb Code    42  btod.o(CL$$btod_emul)
    __btod_mult_common                       0x1a0066d1   Thumb Code   580  btod.o(CL$$btod_mult_common)
    __ARM_fpclassify                         0x1a006915   Thumb Code    48  fpclassify.o(i.__ARM_fpclassify)
    _is_digit                                0x1a006945   Thumb Code    14  __printf_wp.o(i._is_digit)
    _get_lc_numeric                          0x1a006955   Thumb Code    44  lc_numeric_c.o(locale$$code)
    _get_lc_ctype                            0x1a006981   Thumb Code    44  lc_ctype_c.o(locale$$code)
    _fp_init                                 0x1a0069ad   Thumb Code    26  fpinit.o(x$fpl$fpinit)
    __fplib_config_fpu_vfp                   0x1a0069c5   Thumb Code     0  fpinit.o(x$fpl$fpinit)
    __fplib_config_pureend_doubles           0x1a0069c5   Thumb Code     0  fpinit.o(x$fpl$fpinit)
    _printf_fp_dec                           0x1a0069c7   Thumb Code     4  printf1.o(x$fpl$printf1)
    _printf_fp_hex                           0x1a0069cb   Thumb Code     4  printf2.o(x$fpl$printf2)
    __I$use$fp                               0x1a0069ce   Number         0  usenofp.o(x$fpl$usenofp)
    Driver_USART3                            0x1a006b50   Data          56  usart_lpc43xx.o(.rodata.Driver_USART3)
    LR0                                      0x1a006b88   Data        6144  cm4_main.o(.rodata.LR0)
    Region$$Table$$Base                      0x1a008578   Number         0  anon$$obj.o(Region$$Table)
    Region$$Table$$Limit                     0x1a008598   Number         0  anon$$obj.o(Region$$Table)
    __ctype                                  0x1a0085c1   Data           0  lc_ctype_c.o(locale$$data)



==============================================================================

Memory Map of the image

  Image Entry point : 0x1a000301

  Load Region LR_IROM1 (Base: 0x1a000000, Size: 0x00009ed8, Max: 0x00080000, ABSOLUTE, COMPRESSED[0x00009ad8])

    Execution Region RW_IRAM1 (Exec base: 0x10000000, Load base: 0x1a0086c8, Size: 0x00002768, Max: 0x00008000, ABSOLUTE, COMPRESSED[0x00001410])

    Exec Addr    Load Addr    Size         Type   Attr      Idx    E Section Name        Object

    0x10000000   COMPRESSED   0x00001800   Data   RW           25    .data.LR5           cm4_main.o
    0x10001800   COMPRESSED   0x00000004   Data   RW          318    .data.SystemCoreClock  system_lpc43xx.o
    0x10001804   COMPRESSED   0x00000004   Data   RW           79    .data.qrd           samsat_queue.o
    0x10001808   COMPRESSED   0x00000004   Data   RW           78    .data.qwr           samsat_queue.o
    0x1000180c   COMPRESSED   0x00000004   PAD
    0x10001810        -       0x00000060   Zero   RW          546    .bss                c_w.l(libspace.o)
    0x10001870        -       0x00000004   Zero   RW          262    .bss.Channel_active  gpdma_lpc43xx.o
    0x10001874        -       0x000000a0   Zero   RW          261    .bss.Channel_info   gpdma_lpc43xx.o
    0x10001914        -       0x00000004   Zero   RW          260    .bss.Init_cnt       gpdma_lpc43xx.o
    0x10001918        -       0x00000001   Zero   RW           76    .bss.M0RespFlag     samsat_queue.o
    0x10001919        -       0x00000001   Zero   RW           77    .bss.M4Flag         samsat_queue.o
    0x1000191a   COMPRESSED   0x00000002   PAD
    0x1000191c        -       0x00000004   Zero   RW           97    .bss.UART_Event     samsat_uart.o
    0x10001920        -       0x00000034   Zero   RW          222    .bss.USART3_Info    usart_lpc43xx.o
    0x10001954        -       0x00000064   Zero   RW           35    .bss.line           cm4_main.o
    0x100019b8        -       0x00000004   Zero   RW           26    .bss.m4_cycle_counter  cm4_main.o
    0x100019bc        -       0x00000004   Zero   RW           29    .bss.main.counter   cm4_main.o
    0x100019c0        -       0x00000004   Zero   RW           27    .bss.main.i         cm4_main.o
    0x100019c4        -       0x00000100   Zero   RW           32    .bss.msg            cm4_main.o
    0x10001ac4        -       0x00000008   Zero   RW           34    .bss.msg_m4         cm4_main.o
    0x10001acc        -       0x00000096   Zero   RW          107    .bss.string_to_print  developer_kit_lpc4357_rev_c.o
    0x10001b62   COMPRESSED   0x00000006   PAD
    0x10001b68        -       0x00000400   Zero   RW          291    HEAP                startup_lpc43xx.o
    0x10001f68        -       0x00000800   Zero   RW          290    STACK               startup_lpc43xx.o


    Execution Region ER_IROM1 (Exec base: 0x1a000000, Load base: 0x1a000000, Size: 0x000086c4, Max: 0x00080000, ABSOLUTE)

    Exec Addr    Load Addr    Size         Type   Attr      Idx    E Section Name        Object

    0x1a000000   0x1a000000   0x00000300   Data   RO          292    RESET               startup_lpc43xx.o
    0x1a000300   0x1a000300   0x00000008   Code   RO          340  * !!!main             c_w.l(__main.o)
    0x1a000308   0x1a000308   0x00000034   Code   RO          691    !!!scatter          c_w.l(__scatter.o)
    0x1a00033c   0x1a00033c   0x00000064   Code   RO          689    !!dclz77c           c_w.l(__dclz77c.o)
    0x1a0003a0   0x1a0003a0   0x0000001c   Code   RO          693    !!handler_zi        c_w.l(__scatter_zi.o)
    0x1a0003bc   0x1a0003bc   0x00000000   Code   RO          428    .ARM.Collect$$_printf_percent$$00000000  c_w.l(_printf_percent.o)
    0x1a0003bc   0x1a0003bc   0x00000006   Code   RO          417    .ARM.Collect$$_printf_percent$$00000001  c_w.l(_printf_n.o)
    0x1a0003c2   0x1a0003c2   0x00000006   Code   RO          419    .ARM.Collect$$_printf_percent$$00000002  c_w.l(_printf_p.o)
    0x1a0003c8   0x1a0003c8   0x00000006   Code   RO          424    .ARM.Collect$$_printf_percent$$00000003  c_w.l(_printf_f.o)
    0x1a0003ce   0x1a0003ce   0x00000006   Code   RO          425    .ARM.Collect$$_printf_percent$$00000004  c_w.l(_printf_e.o)
    0x1a0003d4   0x1a0003d4   0x00000006   Code   RO          426    .ARM.Collect$$_printf_percent$$00000005  c_w.l(_printf_g.o)
    0x1a0003da   0x1a0003da   0x00000006   Code   RO          427    .ARM.Collect$$_printf_percent$$00000006  c_w.l(_printf_a.o)
    0x1a0003e0   0x1a0003e0   0x0000000a   Code   RO          432    .ARM.Collect$$_printf_percent$$00000007  c_w.l(_printf_ll.o)
    0x1a0003ea   0x1a0003ea   0x00000006   Code   RO          421    .ARM.Collect$$_printf_percent$$00000008  c_w.l(_printf_i.o)
    0x1a0003f0   0x1a0003f0   0x00000006   Code   RO          422    .ARM.Collect$$_printf_percent$$00000009  c_w.l(_printf_d.o)
    0x1a0003f6   0x1a0003f6   0x00000006   Code   RO          423    .ARM.Collect$$_printf_percent$$0000000A  c_w.l(_printf_u.o)
    0x1a0003fc   0x1a0003fc   0x00000006   Code   RO          420    .ARM.Collect$$_printf_percent$$0000000B  c_w.l(_printf_o.o)
    0x1a000402   0x1a000402   0x00000006   Code   RO          418    .ARM.Collect$$_printf_percent$$0000000C  c_w.l(_printf_x.o)
    0x1a000408   0x1a000408   0x00000006   Code   RO          429    .ARM.Collect$$_printf_percent$$0000000D  c_w.l(_printf_lli.o)
    0x1a00040e   0x1a00040e   0x00000006   Code   RO          430    .ARM.Collect$$_printf_percent$$0000000E  c_w.l(_printf_lld.o)
    0x1a000414   0x1a000414   0x00000006   Code   RO          431    .ARM.Collect$$_printf_percent$$0000000F  c_w.l(_printf_llu.o)
    0x1a00041a   0x1a00041a   0x00000006   Code   RO          436    .ARM.Collect$$_printf_percent$$00000010  c_w.l(_printf_llo.o)
    0x1a000420   0x1a000420   0x00000006   Code   RO          437    .ARM.Collect$$_printf_percent$$00000011  c_w.l(_printf_llx.o)
    0x1a000426   0x1a000426   0x0000000a   Code   RO          433    .ARM.Collect$$_printf_percent$$00000012  c_w.l(_printf_l.o)
    0x1a000430   0x1a000430   0x00000006   Code   RO          415    .ARM.Collect$$_printf_percent$$00000013  c_w.l(_printf_c.o)
    0x1a000436   0x1a000436   0x00000006   Code   RO          416    .ARM.Collect$$_printf_percent$$00000014  c_w.l(_printf_s.o)
    0x1a00043c   0x1a00043c   0x00000006   Code   RO          434    .ARM.Collect$$_printf_percent$$00000015  c_w.l(_printf_lc.o)
    0x1a000442   0x1a000442   0x00000006   Code   RO          435    .ARM.Collect$$_printf_percent$$00000016  c_w.l(_printf_ls.o)
    0x1a000448   0x1a000448   0x00000004   Code   RO          484    .ARM.Collect$$_printf_percent$$00000017  c_w.l(_printf_percent_end.o)
    0x1a00044c   0x1a00044c   0x00000002   Code   RO          539    .ARM.Collect$$libinit$$00000000  c_w.l(libinit.o)
    0x1a00044e   0x1a00044e   0x00000004   Code   RO          563    .ARM.Collect$$libinit$$00000001  c_w.l(libinit2.o)
    0x1a000452   0x1a000452   0x00000000   Code   RO          566    .ARM.Collect$$libinit$$00000004  c_w.l(libinit2.o)
    0x1a000452   0x1a000452   0x00000000   Code   RO          569    .ARM.Collect$$libinit$$0000000A  c_w.l(libinit2.o)
    0x1a000452   0x1a000452   0x00000000   Code   RO          571    .ARM.Collect$$libinit$$0000000C  c_w.l(libinit2.o)
    0x1a000452   0x1a000452   0x00000000   Code   RO          573    .ARM.Collect$$libinit$$0000000E  c_w.l(libinit2.o)
    0x1a000452   0x1a000452   0x00000006   Code   RO          574    .ARM.Collect$$libinit$$0000000F  c_w.l(libinit2.o)
    0x1a000458   0x1a000458   0x00000000   Code   RO          576    .ARM.Collect$$libinit$$00000011  c_w.l(libinit2.o)
    0x1a000458   0x1a000458   0x0000000c   Code   RO          577    .ARM.Collect$$libinit$$00000012  c_w.l(libinit2.o)
    0x1a000464   0x1a000464   0x00000000   Code   RO          578    .ARM.Collect$$libinit$$00000013  c_w.l(libinit2.o)
    0x1a000464   0x1a000464   0x00000000   Code   RO          580    .ARM.Collect$$libinit$$00000015  c_w.l(libinit2.o)
    0x1a000464   0x1a000464   0x0000000a   Code   RO          581    .ARM.Collect$$libinit$$00000016  c_w.l(libinit2.o)
    0x1a00046e   0x1a00046e   0x00000000   Code   RO          582    .ARM.Collect$$libinit$$00000017  c_w.l(libinit2.o)
    0x1a00046e   0x1a00046e   0x00000000   Code   RO          584    .ARM.Collect$$libinit$$00000019  c_w.l(libinit2.o)
    0x1a00046e   0x1a00046e   0x00000000   Code   RO          586    .ARM.Collect$$libinit$$0000001B  c_w.l(libinit2.o)
    0x1a00046e   0x1a00046e   0x00000000   Code   RO          588    .ARM.Collect$$libinit$$0000001D  c_w.l(libinit2.o)
    0x1a00046e   0x1a00046e   0x00000000   Code   RO          590    .ARM.Collect$$libinit$$0000001F  c_w.l(libinit2.o)
    0x1a00046e   0x1a00046e   0x00000000   Code   RO          592    .ARM.Collect$$libinit$$00000021  c_w.l(libinit2.o)
    0x1a00046e   0x1a00046e   0x00000000   Code   RO          594    .ARM.Collect$$libinit$$00000023  c_w.l(libinit2.o)
    0x1a00046e   0x1a00046e   0x00000000   Code   RO          596    .ARM.Collect$$libinit$$00000025  c_w.l(libinit2.o)
    0x1a00046e   0x1a00046e   0x00000000   Code   RO          600    .ARM.Collect$$libinit$$0000002C  c_w.l(libinit2.o)
    0x1a00046e   0x1a00046e   0x00000000   Code   RO          602    .ARM.Collect$$libinit$$0000002E  c_w.l(libinit2.o)
    0x1a00046e   0x1a00046e   0x00000000   Code   RO          604    .ARM.Collect$$libinit$$00000030  c_w.l(libinit2.o)
    0x1a00046e   0x1a00046e   0x00000000   Code   RO          606    .ARM.Collect$$libinit$$00000032  c_w.l(libinit2.o)
    0x1a00046e   0x1a00046e   0x00000002   Code   RO          607    .ARM.Collect$$libinit$$00000033  c_w.l(libinit2.o)
    0x1a000470   0x1a000470   0x00000002   Code   RO          644    .ARM.Collect$$libshutdown$$00000000  c_w.l(libshutdown.o)
    0x1a000472   0x1a000472   0x00000000   Code   RO          672    .ARM.Collect$$libshutdown$$00000002  c_w.l(libshutdown2.o)
    0x1a000472   0x1a000472   0x00000000   Code   RO          674    .ARM.Collect$$libshutdown$$00000004  c_w.l(libshutdown2.o)
    0x1a000472   0x1a000472   0x00000000   Code   RO          677    .ARM.Collect$$libshutdown$$00000007  c_w.l(libshutdown2.o)
    0x1a000472   0x1a000472   0x00000000   Code   RO          680    .ARM.Collect$$libshutdown$$0000000A  c_w.l(libshutdown2.o)
    0x1a000472   0x1a000472   0x00000000   Code   RO          682    .ARM.Collect$$libshutdown$$0000000C  c_w.l(libshutdown2.o)
    0x1a000472   0x1a000472   0x00000000   Code   RO          685    .ARM.Collect$$libshutdown$$0000000F  c_w.l(libshutdown2.o)
    0x1a000472   0x1a000472   0x00000002   Code   RO          686    .ARM.Collect$$libshutdown$$00000010  c_w.l(libshutdown2.o)
    0x1a000474   0x1a000474   0x00000000   Code   RO          342    .ARM.Collect$$rtentry$$00000000  c_w.l(__rtentry.o)
    0x1a000474   0x1a000474   0x00000000   Code   RO          451    .ARM.Collect$$rtentry$$00000002  c_w.l(__rtentry2.o)
    0x1a000474   0x1a000474   0x00000006   Code   RO          463    .ARM.Collect$$rtentry$$00000004  c_w.l(__rtentry4.o)
    0x1a00047a   0x1a00047a   0x00000000   Code   RO          453    .ARM.Collect$$rtentry$$00000009  c_w.l(__rtentry2.o)
    0x1a00047a   0x1a00047a   0x00000004   Code   RO          454    .ARM.Collect$$rtentry$$0000000A  c_w.l(__rtentry2.o)
    0x1a00047e   0x1a00047e   0x00000000   Code   RO          456    .ARM.Collect$$rtentry$$0000000C  c_w.l(__rtentry2.o)
    0x1a00047e   0x1a00047e   0x00000008   Code   RO          457    .ARM.Collect$$rtentry$$0000000D  c_w.l(__rtentry2.o)
    0x1a000486   0x1a000486   0x00000002   Code   RO          548    .ARM.Collect$$rtexit$$00000000  c_w.l(rtexit.o)
    0x1a000488   0x1a000488   0x00000000   Code   RO          613    .ARM.Collect$$rtexit$$00000002  c_w.l(rtexit2.o)
    0x1a000488   0x1a000488   0x00000004   Code   RO          614    .ARM.Collect$$rtexit$$00000003  c_w.l(rtexit2.o)
    0x1a00048c   0x1a00048c   0x00000006   Code   RO          615    .ARM.Collect$$rtexit$$00000004  c_w.l(rtexit2.o)
    0x1a000492   0x1a000492   0x00000002   PAD
    0x1a000494   0x1a000494   0x00000040   Code   RO          293    .text               startup_lpc43xx.o
    0x1a0004d4   0x1a0004d4   0x000000f0   Code   RO          328    .text               c_w.l(lludivv7m.o)
    0x1a0005c4   0x1a0005c4   0x0000002c   Code   RO          330    .text               c_w.l(sprintf.o)
    0x1a0005f0   0x1a0005f0   0x0000003e   Code   RO          332    .text               c_w.l(strlen.o)
    0x1a00062e   0x1a00062e   0x0000008a   Code   RO          334    .text               c_w.l(rt_memcpy_v6.o)
    0x1a0006b8   0x1a0006b8   0x00000044   Code   RO          336    .text               c_w.l(rt_memclr.o)
    0x1a0006fc   0x1a0006fc   0x00000006   Code   RO          338    .text               c_w.l(heapauxi.o)
    0x1a000702   0x1a000702   0x0000004e   Code   RO          349    .text               c_w.l(_printf_pad.o)
    0x1a000750   0x1a000750   0x00000024   Code   RO          351    .text               c_w.l(_printf_truncate.o)
    0x1a000774   0x1a000774   0x00000052   Code   RO          353    .text               c_w.l(_printf_str.o)
    0x1a0007c6   0x1a0007c6   0x00000002   PAD
    0x1a0007c8   0x1a0007c8   0x00000078   Code   RO          355    .text               c_w.l(_printf_dec.o)
    0x1a000840   0x1a000840   0x00000028   Code   RO          357    .text               c_w.l(_printf_charcount.o)
    0x1a000868   0x1a000868   0x00000030   Code   RO          359    .text               c_w.l(_printf_char_common.o)
    0x1a000898   0x1a000898   0x0000000a   Code   RO          361    .text               c_w.l(_sputc.o)
    0x1a0008a2   0x1a0008a2   0x00000002   PAD
    0x1a0008a4   0x1a0008a4   0x000000bc   Code   RO          363    .text               c_w.l(_printf_wctomb.o)
    0x1a000960   0x1a000960   0x0000007c   Code   RO          366    .text               c_w.l(_printf_longlong_dec.o)
    0x1a0009dc   0x1a0009dc   0x00000070   Code   RO          372    .text               c_w.l(_printf_oct_int_ll.o)
    0x1a000a4c   0x1a000a4c   0x00000094   Code   RO          392    .text               c_w.l(_printf_hex_int_ll_ptr.o)
    0x1a000ae0   0x1a000ae0   0x00000188   Code   RO          412    .text               c_w.l(__printf_flags_ss_wp.o)
    0x1a000c68   0x1a000c68   0x00000064   Code   RO          438    .text               c_w.l(rt_memcpy_w.o)
    0x1a000ccc   0x1a000ccc   0x0000004e   Code   RO          440    .text               c_w.l(rt_memclr_w.o)
    0x1a000d1a   0x1a000d1a   0x0000008a   Code   RO          467    .text               c_w.l(lludiv10.o)
    0x1a000da4   0x1a000da4   0x000000b2   Code   RO          469    .text               c_w.l(_printf_intcommon.o)
    0x1a000e56   0x1a000e56   0x0000041c   Code   RO          471    .text               c_w.l(_printf_fp_dec.o)
    0x1a001272   0x1a001272   0x00000002   PAD
    0x1a001274   0x1a001274   0x000002fc   Code   RO          475    .text               c_w.l(_printf_fp_hex.o)
    0x1a001570   0x1a001570   0x0000002c   Code   RO          480    .text               c_w.l(_printf_char.o)
    0x1a00159c   0x1a00159c   0x0000002c   Code   RO          482    .text               c_w.l(_printf_wchar.o)
    0x1a0015c8   0x1a0015c8   0x00000048   Code   RO          485    .text               c_w.l(_c16rtomb.o)
    0x1a001610   0x1a001610   0x0000004a   Code   RO          487    .text               c_w.l(sys_stackheap_outer.o)
    0x1a00165a   0x1a00165a   0x00000002   PAD
    0x1a00165c   0x1a00165c   0x00000010   Code   RO          489    .text               c_w.l(rt_ctype_table.o)
    0x1a00166c   0x1a00166c   0x00000008   Code   RO          494    .text               c_w.l(rt_locale_intlibspace.o)
    0x1a001674   0x1a001674   0x00000080   Code   RO          496    .text               c_w.l(_printf_fp_infnan.o)
    0x1a0016f4   0x1a0016f4   0x000000e4   Code   RO          498    .text               c_w.l(bigflt0.o)
    0x1a0017d8   0x1a0017d8   0x00000012   Code   RO          528    .text               c_w.l(exit.o)
    0x1a0017ea   0x1a0017ea   0x00000002   PAD
    0x1a0017ec   0x1a0017ec   0x00000008   Code   RO          545    .text               c_w.l(libspace.o)
    0x1a0017f4   0x1a0017f4   0x00000004   PAD
    0x1a0017f8   0x1a0017f8   0x0000007c   Code   RO          561    .text               c_w.l(strcmpv7em.o)
    0x1a001874   0x1a001874   0x0000000c   Code   RO          608    .text               c_w.l(sys_exit.o)
    0x1a001880   0x1a001880   0x00000002   Code   RO          633    .text               c_w.l(use_no_semi.o)
    0x1a001882   0x1a001882   0x00000000   Code   RO          635    .text               c_w.l(indicate_semi.o)
    0x1a001882   0x1a001882   0x00000002   PAD
    0x1a001884   0x1a001884   0x00000044   Code   RO          118    .text.Chip_IAP_CopyRamToFlash  iap_18xx_43xx.o
    0x1a0018c8   0x1a0018c8   0x00000048   Code   RO          120    .text.Chip_IAP_EraseSector  iap_18xx_43xx.o
    0x1a001910   0x1a001910   0x00000030   Code   RO          138    .text.Chip_IAP_Init  iap_18xx_43xx.o
    0x1a001940   0x1a001940   0x0000002e   Code   RO          114    .text.Chip_IAP_PreSectorForReadWrite  iap_18xx_43xx.o
    0x1a00196e   0x1a00196e   0x00000002   PAD
    0x1a001970   0x1a001970   0x00000016   Code   RO          124    .text.Chip_IAP_ReadPID  iap_18xx_43xx.o
    0x1a001986   0x1a001986   0x00000002   PAD
    0x1a001988   0x1a001988   0x0000003c   Code   RO          136    .text.Chip_IAP_SetBootFlashBank  iap_18xx_43xx.o
    0x1a0019c4   0x1a0019c4   0x0000002e   Code   RO          248    .text.Clear_Channel_active_flag  gpdma_lpc43xx.o
    0x1a0019f2   0x1a0019f2   0x00000002   PAD
    0x1a0019f4   0x1a0019f4   0x0000024a   Code   RO          258    .text.DMA_IRQHandler  gpdma_lpc43xx.o
    0x1a001c3e   0x1a001c3e   0x00000002   PAD
    0x1a001c40   0x1a001c40   0x000001c2   Code   RO          244    .text.GPDMA_ChannelConfigure  gpdma_lpc43xx.o
    0x1a001e02   0x1a001e02   0x00000002   PAD
    0x1a001e04   0x1a001e04   0x00000044   Code   RO          252    .text.GPDMA_ChannelDisable  gpdma_lpc43xx.o
    0x1a001e48   0x1a001e48   0x00000048   Code   RO          256    .text.GPDMA_ChannelGetCount  gpdma_lpc43xx.o
    0x1a001e90   0x1a001e90   0x00000110   Code   RO          232    .text.GPDMA_Initialize  gpdma_lpc43xx.o
    0x1a001fa0   0x1a001fa0   0x00000052   Code   RO          242    .text.GPDMA_PeripheralSelect  gpdma_lpc43xx.o
    0x1a001ff2   0x1a001ff2   0x00000002   PAD
    0x1a001ff4   0x1a001ff4   0x0000005e   Code   RO          238    .text.GPDMA_Uninitialize  gpdma_lpc43xx.o
    0x1a002052   0x1a002052   0x00000002   PAD
    0x1a002054   0x1a002054   0x00000106   Code   RO          306    .text.GetClkSel     system_lpc43xx.o
    0x1a00215a   0x1a00215a   0x00000002   PAD
    0x1a00215c   0x1a00215c   0x00000144   Code   RO          302    .text.GetClockFreq  system_lpc43xx.o
    0x1a0022a0   0x1a0022a0   0x00000082   Code   RO          304    .text.GetPLL1Param  system_lpc43xx.o
    0x1a002322   0x1a002322   0x00000002   PAD
    0x1a002324   0x1a002324   0x0000000c   Code   RO           48    .text.IPC_getM0RespFlag  samsat_queue.o
    0x1a002330   0x1a002330   0x0000000c   Code   RO           52    .text.IPC_getM4Flag  samsat_queue.o
    0x1a00233c   0x1a00233c   0x0000007c   Code   RO           62    .text.IPC_initMsgQueue  samsat_queue.o
    0x1a0023b8   0x1a0023b8   0x00000008   Code   RO           58    .text.IPC_msgNotify  samsat_queue.o
    0x1a0023c0   0x1a0023c0   0x0000016a   Code   RO           70    .text.IPC_popMsgTout  samsat_queue.o
    0x1a00252a   0x1a00252a   0x00000002   PAD
    0x1a00252c   0x1a00252c   0x00000180   Code   RO           68    .text.IPC_pushMsgTout  samsat_queue.o
    0x1a0026ac   0x1a0026ac   0x00000018   Code   RO           50    .text.IPC_setM0RespFlag  samsat_queue.o
    0x1a0026c4   0x1a0026c4   0x00000018   Code   RO           54    .text.IPC_setM4Flag  samsat_queue.o
    0x1a0026dc   0x1a0026dc   0x00000012   Code   RO           18    .text.IPC_tryPopMsg  cm4_main.o
    0x1a0026ee   0x1a0026ee   0x00000002   PAD
    0x1a0026f0   0x1a0026f0   0x00000012   Code   RO           16    .text.IPC_tryPushMsg  cm4_main.o
    0x1a002702   0x1a002702   0x00000002   PAD
    0x1a002704   0x1a002704   0x00000040   Code   RO            6    .text.Load_CM0_Image  cm4_main.o
    0x1a002744   0x1a002744   0x00000016   Code   RO           56    .text.M0APP_IRQHandler  samsat_queue.o
    0x1a00275a   0x1a00275a   0x00000002   PAD
    0x1a00275c   0x1a00275c   0x00000036   Code   RO          105    .text.Print_Uart    developer_kit_lpc4357_rev_c.o
    0x1a002792   0x1a002792   0x00000002   PAD
    0x1a002794   0x1a002794   0x0000004e   Code   RO          270    .text.SCU_PinConfigure  scu_lpc43xx.o
    0x1a0027e2   0x1a0027e2   0x00000002   PAD
    0x1a0027e4   0x1a0027e4   0x000001f8   Code   RO          312    .text.SetClock      system_lpc43xx.o
    0x1a0029dc   0x1a0029dc   0x0000005c   Code   RO          246    .text.Set_Channel_active_flag  gpdma_lpc43xx.o
    0x1a002a38   0x1a002a38   0x00000054   Code   RO           12    .text.SysTick_Config  cm4_main.o
    0x1a002a8c   0x1a002a8c   0x00000010   Code   RO            4    .text.SysTick_Handler  cm4_main.o
    0x1a002a9c   0x1a002a9c   0x00000026   Code   RO          308    .text.SystemCoreClockUpdate  system_lpc43xx.o
    0x1a002ac2   0x1a002ac2   0x00000002   PAD
    0x1a002ac4   0x1a002ac4   0x00000054   Code   RO          310    .text.SystemInit    system_lpc43xx.o
    0x1a002b18   0x1a002b18   0x000007b0   Code   RO          314    .text.SystemInit_ExtMemCtl  system_lpc43xx.o
    0x1a0032c8   0x1a0032c8   0x0000001c   Code   RO          174    .text.USART3_Control  usart_lpc43xx.o
    0x1a0032e4   0x1a0032e4   0x00000018   Code   RO          156    .text.USART3_GetCapabilities  usart_lpc43xx.o
    0x1a0032fc   0x1a0032fc   0x00000018   Code   RO          180    .text.USART3_GetModemStatus  usart_lpc43xx.o
    0x1a003314   0x1a003314   0x00000010   Code   RO          172    .text.USART3_GetRxCount  usart_lpc43xx.o
    0x1a003324   0x1a003324   0x00000018   Code   RO          176    .text.USART3_GetStatus  usart_lpc43xx.o
    0x1a00333c   0x1a00333c   0x00000010   Code   RO          170    .text.USART3_GetTxCount  usart_lpc43xx.o
    0x1a00334c   0x1a00334c   0x00000010   Code   RO          150    .text.USART3_IRQHandler  usart_lpc43xx.o
    0x1a00335c   0x1a00335c   0x00000018   Code   RO          158    .text.USART3_Initialize  usart_lpc43xx.o
    0x1a003374   0x1a003374   0x0000001c   Code   RO          162    .text.USART3_PowerControl  usart_lpc43xx.o
    0x1a003390   0x1a003390   0x0000001c   Code   RO          166    .text.USART3_Receive  usart_lpc43xx.o
    0x1a0033ac   0x1a0033ac   0x0000001c   Code   RO          164    .text.USART3_Send   usart_lpc43xx.o
    0x1a0033c8   0x1a0033c8   0x0000001c   Code   RO          178    .text.USART3_SetModemControl  usart_lpc43xx.o
    0x1a0033e4   0x1a0033e4   0x00000020   Code   RO          168    .text.USART3_Transfer  usart_lpc43xx.o
    0x1a003404   0x1a003404   0x00000010   Code   RO          160    .text.USART3_Uninitialize  usart_lpc43xx.o
    0x1a003414   0x1a003414   0x00000a66   Code   RO          192    .text.USART_Control  usart_lpc43xx.o
    0x1a003e7a   0x1a003e7a   0x00000002   PAD
    0x1a003e7c   0x1a003e7c   0x00000010   Code   RO          184    .text.USART_GetCapabilities  usart_lpc43xx.o
    0x1a003e8c   0x1a003e8c   0x000000bc   Code   RO          216    .text.USART_GetModemStatus  usart_lpc43xx.o
    0x1a003f48   0x1a003f48   0x0000002c   Code   RO          210    .text.USART_GetRxCount  usart_lpc43xx.o
    0x1a003f74   0x1a003f74   0x000000ae   Code   RO          212    .text.USART_GetStatus  usart_lpc43xx.o
    0x1a004022   0x1a004022   0x00000002   PAD
    0x1a004024   0x1a004024   0x0000002c   Code   RO          208    .text.USART_GetTxCount  usart_lpc43xx.o
    0x1a004050   0x1a004050   0x00000370   Code   RO          152    .text.USART_IRQHandler  usart_lpc43xx.o
    0x1a0043c0   0x1a0043c0   0x00000150   Code   RO          186    .text.USART_Initialize  usart_lpc43xx.o
    0x1a004510   0x1a004510   0x00000108   Code   RO          200    .text.USART_PIN_Configure  usart_lpc43xx.o
    0x1a004618   0x1a004618   0x0000038c   Code   RO          190    .text.USART_PowerControl  usart_lpc43xx.o
    0x1a0049a4   0x1a0049a4   0x00000190   Code   RO          204    .text.USART_Receive  usart_lpc43xx.o
    0x1a004b34   0x1a004b34   0x000000b8   Code   RO          182    .text.USART_RxLineIntHandler  usart_lpc43xx.o
    0x1a004bec   0x1a004bec   0x0000024a   Code   RO          202    .text.USART_Send    usart_lpc43xx.o
    0x1a004e36   0x1a004e36   0x00000002   PAD
    0x1a004e38   0x1a004e38   0x000005b0   Code   RO          148    .text.USART_SetBaudrate  usart_lpc43xx.o
    0x1a0053e8   0x1a0053e8   0x000000f2   Code   RO          214    .text.USART_SetModemControl  usart_lpc43xx.o
    0x1a0054da   0x1a0054da   0x00000002   PAD
    0x1a0054dc   0x1a0054dc   0x000000aa   Code   RO          206    .text.USART_Transfer  usart_lpc43xx.o
    0x1a005586   0x1a005586   0x00000002   PAD
    0x1a005588   0x1a005588   0x0000013c   Code   RO          188    .text.USART_Uninitialize  usart_lpc43xx.o
    0x1a0056c4   0x1a0056c4   0x00000014   Code   RO          154    .text.USARTx_GetVersion  usart_lpc43xx.o
    0x1a0056d8   0x1a0056d8   0x0000004c   Code   RO          316    .text.WaitUs        system_lpc43xx.o
    0x1a005724   0x1a005724   0x00000030   Code   RO          196    .text.__NVIC_ClearPendingIRQ  usart_lpc43xx.o
    0x1a005754   0x1a005754   0x00000030   Code   RO          234    .text.__NVIC_ClearPendingIRQ  gpdma_lpc43xx.o
    0x1a005784   0x1a005784   0x00000038   Code   RO           20    .text.__NVIC_DisableIRQ  cm4_main.o
    0x1a0057bc   0x1a0057bc   0x00000038   Code   RO          194    .text.__NVIC_DisableIRQ  usart_lpc43xx.o
    0x1a0057f4   0x1a0057f4   0x00000038   Code   RO          240    .text.__NVIC_DisableIRQ  gpdma_lpc43xx.o
    0x1a00582c   0x1a00582c   0x00000030   Code   RO           14    .text.__NVIC_EnableIRQ  cm4_main.o
    0x1a00585c   0x1a00585c   0x00000030   Code   RO           66    .text.__NVIC_EnableIRQ  samsat_queue.o
    0x1a00588c   0x1a00588c   0x00000030   Code   RO          198    .text.__NVIC_EnableIRQ  usart_lpc43xx.o
    0x1a0058bc   0x1a0058bc   0x00000030   Code   RO          236    .text.__NVIC_EnableIRQ  gpdma_lpc43xx.o
    0x1a0058ec   0x1a0058ec   0x00000042   Code   RO           22    .text.__NVIC_SetPriority  cm4_main.o
    0x1a00592e   0x1a00592e   0x00000002   PAD
    0x1a005930   0x1a005930   0x00000042   Code   RO           64    .text.__NVIC_SetPriority  samsat_queue.o
    0x1a005972   0x1a005972   0x00000002   PAD
    0x1a005974   0x1a005974   0x0000002e   Code   RO            2    .text._delay_ms     cm4_main.o
    0x1a0059a2   0x1a0059a2   0x00000002   PAD
    0x1a0059a4   0x1a0059a4   0x0000001c   Code   RO          116    .text.iap_entry     iap_18xx_43xx.o
    0x1a0059c0   0x1a0059c0   0x00000008   Code   RO           60    .text.ipc_send_signal  samsat_queue.o
    0x1a0059c8   0x1a0059c8   0x00000590   Code   RO           10    .text.main          cm4_main.o
    0x1a005f58   0x1a005f58   0x00000018   Code   RO           91    .text.myUSART_callback  samsat_uart.o
    0x1a005f70   0x1a005f70   0x00000134   Code   RO           89    .text.samsat_uart_init  samsat_uart.o
    0x1a0060a4   0x1a0060a4   0x000000e0   Code   RO           93    .text.samsat_uart_write  samsat_uart.o
    0x1a006184   0x1a006184   0x0000003e   Code   RO          501    CL$$btod_d2e        c_w.l(btod.o)
    0x1a0061c2   0x1a0061c2   0x00000046   Code   RO          503    CL$$btod_d2e_denorm_low  c_w.l(btod.o)
    0x1a006208   0x1a006208   0x00000060   Code   RO          502    CL$$btod_d2e_norm_op1  c_w.l(btod.o)
    0x1a006268   0x1a006268   0x00000338   Code   RO          511    CL$$btod_div_common  c_w.l(btod.o)
    0x1a0065a0   0x1a0065a0   0x000000dc   Code   RO          508    CL$$btod_e2e        c_w.l(btod.o)
    0x1a00667c   0x1a00667c   0x0000002a   Code   RO          505    CL$$btod_ediv       c_w.l(btod.o)
    0x1a0066a6   0x1a0066a6   0x0000002a   Code   RO          504    CL$$btod_emul       c_w.l(btod.o)
    0x1a0066d0   0x1a0066d0   0x00000244   Code   RO          510    CL$$btod_mult_common  c_w.l(btod.o)
    0x1a006914   0x1a006914   0x00000030   Code   RO          543    i.__ARM_fpclassify  m_wm.l(fpclassify.o)
    0x1a006944   0x1a006944   0x0000000e   Code   RO          405    i._is_digit         c_w.l(__printf_wp.o)
    0x1a006952   0x1a006952   0x00000002   PAD
    0x1a006954   0x1a006954   0x0000002c   Code   RO          526    locale$$code        c_w.l(lc_numeric_c.o)
    0x1a006980   0x1a006980   0x0000002c   Code   RO          555    locale$$code        c_w.l(lc_ctype_c.o)
    0x1a0069ac   0x1a0069ac   0x0000001a   Code   RO          627    x$fpl$fpinit        fz_wm.l(fpinit.o)
    0x1a0069c6   0x1a0069c6   0x00000004   Code   RO          442    x$fpl$printf1       fz_wm.l(printf1.o)
    0x1a0069ca   0x1a0069ca   0x00000004   Code   RO          444    x$fpl$printf2       fz_wm.l(printf2.o)
    0x1a0069ce   0x1a0069ce   0x00000000   Code   RO          542    x$fpl$usenofp       fz_wm.l(usenofp.o)
    0x1a0069ce   0x1a0069ce   0x00000002   PAD
    0x1a0069d0   0x1a0069d0   0x00000008   Data   RO          364    .constdata          c_w.l(_printf_wctomb.o)
    0x1a0069d8   0x1a0069d8   0x00000028   Data   RO          393    .constdata          c_w.l(_printf_hex_int_ll_ptr.o)
    0x1a006a00   0x1a006a00   0x00000011   Data   RO          413    .constdata          c_w.l(__printf_flags_ss_wp.o)
    0x1a006a11   0x1a006a11   0x00000026   Data   RO          476    .constdata          c_w.l(_printf_fp_hex.o)
    0x1a006a37   0x1a006a37   0x00000001   PAD
    0x1a006a38   0x1a006a38   0x00000094   Data   RO          499    .constdata          c_w.l(bigflt0.o)
    0x1a006acc   0x1a006acc   0x00000012   Data   RO           30    .rodata..L.str      cm4_main.o
    0x1a006ade   0x1a006ade   0x0000000b   Data   RO           31    .rodata..L.str.1    cm4_main.o
    0x1a006ae9   0x1a006ae9   0x00000011   Data   RO           33    .rodata..L.str.2    cm4_main.o
    0x1a006afa   0x1a006afa   0x0000000f   Data   RO           36    .rodata..L.str.3    cm4_main.o
    0x1a006b09   0x1a006b09   0x00000013   Data   RO           37    .rodata..L.str.4    cm4_main.o
    0x1a006b1c   0x1a006b1c   0x00000031   Data   RO           38    .rodata..L.str.5    cm4_main.o
    0x1a006b4d   0x1a006b4d   0x00000003   PAD
    0x1a006b50   0x1a006b50   0x00000038   Data   RO          219    .rodata.Driver_USART3  usart_lpc43xx.o
    0x1a006b88   0x1a006b88   0x00001800   Data   RO           24    .rodata.LR0         cm4_main.o
    0x1a008388   0x1a008388   0x00000068   Data   RO          223    .rodata.USART3_Resources  usart_lpc43xx.o
    0x1a0083f0   0x1a0083f0   0x00000008   Data   RO          221    .rodata.USART3_pin_rx  usart_lpc43xx.o
    0x1a0083f8   0x1a0083f8   0x00000008   Data   RO          220    .rodata.USART3_pin_tx  usart_lpc43xx.o
    0x1a008400   0x1a008400   0x00000010   Data   RO          140    .rodata.cst16       iap_18xx_43xx.o
    0x1a008410   0x1a008410   0x00000014   Data   RO          319    .rodata.emcdivby2_opc  system_lpc43xx.o
    0x1a008424   0x1a008424   0x00000120   Data   RO          218    .rodata.fract_div_lookup_table  usart_lpc43xx.o
    0x1a008544   0x1a008544   0x00000030   Data   RO           39    .rodata.str1.1      cm4_main.o
    0x1a008574   0x1a008574   0x00000004   Data   RO          224    .rodata.usart_driver_version  usart_lpc43xx.o
    0x1a008578   0x1a008578   0x00000020   Data   RO          688    Region$$Table       anon$$obj.o
    0x1a008598   0x1a008598   0x0000001c   Data   RO          525    locale$$data        c_w.l(lc_numeric_c.o)
    0x1a0085b4   0x1a0085b4   0x00000110   Data   RO          554    locale$$data        c_w.l(lc_ctype_c.o)


==============================================================================

Image component sizes


      Code (inc. data)   RO Data    RW Data    ZI Data      Debug   Object Name

      1840          0       6321       6144        376      11151   cm4_main.o
        54          0          0          0        150       3246   developer_kit_lpc4357_rev_c.o
      1914          0          0          0        168      13845   gpdma_lpc43xx.o
       344          0         16          0          0       3056   iap_18xx_43xx.o
      1094          0          0          8          2       6220   samsat_queue.o
       556          0          0          0          4       4829   samsat_uart.o
        78          0          0          0          0       6947   scu_lpc43xx.o
        64         26        768          0       3072        880   startup_lpc43xx.o
      3386         36         20          4          0      18594   system_lpc43xx.o
      9374         52        468          0         52      21804   usart_lpc43xx.o

    ----------------------------------------------------------------------
     18752        114       7628       6156       3836      90572   Object Totals
         0          0         32          0          0          0   (incl. Generated)
        48          0          3          0         12          0   (incl. Padding)

    ----------------------------------------------------------------------

      Code (inc. data)   RO Data    RW Data    ZI Data      Debug   Library Member Name

       100          0          0          0          0          0   __dclz77c.o
         8          0          0          0          0         68   __main.o
       392          4         17          0          0         92   __printf_flags_ss_wp.o
        14          0          0          0          0         68   __printf_wp.o
         0          0          0          0          0          0   __rtentry.o
        12          0          0          0          0          0   __rtentry2.o
         6          0          0          0          0          0   __rtentry4.o
        52          8          0          0          0          0   __scatter.o
        28          0          0          0          0          0   __scatter_zi.o
        72          0          0          0          0         96   _c16rtomb.o
         6          0          0          0          0          0   _printf_a.o
         6          0          0          0          0          0   _printf_c.o
        44          0          0          0          0        108   _printf_char.o
        48          6          0          0          0         96   _printf_char_common.o
        40          0          0          0          0         68   _printf_charcount.o
         6          0          0          0          0          0   _printf_d.o
       120         16          0          0          0         92   _printf_dec.o
         6          0          0          0          0          0   _printf_e.o
         6          0          0          0          0          0   _printf_f.o
      1052          0          0          0          0        148   _printf_fp_dec.o
       764          8         38          0          0        100   _printf_fp_hex.o
       128         16          0          0          0         84   _printf_fp_infnan.o
         6          0          0          0          0          0   _printf_g.o
       148          4         40          0          0        160   _printf_hex_int_ll_ptr.o
         6          0          0          0          0          0   _printf_i.o
       178          0          0          0          0         88   _printf_intcommon.o
        10          0          0          0          0          0   _printf_l.o
         6          0          0          0          0          0   _printf_lc.o
        10          0          0          0          0          0   _printf_ll.o
         6          0          0          0          0          0   _printf_lld.o
         6          0          0          0          0          0   _printf_lli.o
         6          0          0          0          0          0   _printf_llo.o
         6          0          0          0          0          0   _printf_llu.o
         6          0          0          0          0          0   _printf_llx.o
       124         16          0          0          0         92   _printf_longlong_dec.o
         6          0          0          0          0          0   _printf_ls.o
         6          0          0          0          0          0   _printf_n.o
         6          0          0          0          0          0   _printf_o.o
       112          8          0          0          0        124   _printf_oct_int_ll.o
         6          0          0          0          0          0   _printf_p.o
        78          0          0          0          0        108   _printf_pad.o
         0          0          0          0          0          0   _printf_percent.o
         4          0          0          0          0          0   _printf_percent_end.o
         6          0          0          0          0          0   _printf_s.o
        82          0          0          0          0         80   _printf_str.o
        36          0          0          0          0         84   _printf_truncate.o
         6          0          0          0          0          0   _printf_u.o
        44          0          0          0          0        108   _printf_wchar.o
       188          6          8          0          0         92   _printf_wctomb.o
         6          0          0          0          0          0   _printf_x.o
        10          0          0          0          0         68   _sputc.o
       228          4        148          0          0         96   bigflt0.o
      1936        128          0          0          0        668   btod.o
        18          0          0          0          0         80   exit.o
         6          0          0          0          0        152   heapauxi.o
         0          0          0          0          0          0   indicate_semi.o
        44         10        272          0          0         76   lc_ctype_c.o
        44         10         28          0          0         76   lc_numeric_c.o
         2          0          0          0          0          0   libinit.o
        34          0          0          0          0          0   libinit2.o
         2          0          0          0          0          0   libshutdown.o
         2          0          0          0          0          0   libshutdown2.o
         8          4          0          0         96         68   libspace.o
       138          0          0          0          0         80   lludiv10.o
       240          0          0          0          0        100   lludivv7m.o
        16          4          0          0          0         76   rt_ctype_table.o
         8          4          0          0          0         68   rt_locale_intlibspace.o
        68          0          0          0          0         68   rt_memclr.o
        78          0          0          0          0         80   rt_memclr_w.o
       138          0          0          0          0         68   rt_memcpy_v6.o
       100          0          0          0          0         80   rt_memcpy_w.o
         2          0          0          0          0          0   rtexit.o
        10          0          0          0          0          0   rtexit2.o
        44          6          0          0          0         84   sprintf.o
       124          0          0          0          0         88   strcmpv7em.o
        62          0          0          0          0         76   strlen.o
        12          4          0          0          0         68   sys_exit.o
        74          0          0          0          0         80   sys_stackheap_outer.o
         2          0          0          0          0         68   use_no_semi.o
        26          0          0          0          0        116   fpinit.o
         4          0          0          0          0        116   printf1.o
         4          0          0          0          0        116   printf2.o
         0          0          0          0          0          0   usenofp.o
        48          0          0          0          0        124   fpclassify.o

    ----------------------------------------------------------------------
      7568        270        552          0         96       4796   Library Totals
        22          4          1          0          0          0   (incl. Padding)

    ----------------------------------------------------------------------

      Code (inc. data)   RO Data    RW Data    ZI Data      Debug   Library Name

      7464        266        551          0         96       4324   c_w.l
        34          0          0          0          0        348   fz_wm.l
        48          0          0          0          0        124   m_wm.l

    ----------------------------------------------------------------------
      7568        270        552          0         96       4796   Library Totals

    ----------------------------------------------------------------------

==============================================================================


      Code (inc. data)   RO Data    RW Data    ZI Data      Debug   

     26320        384       8180       6156       3932      92668   Grand Totals
     26320        384       8180       5136       3932      92668   ELF Image Totals (compressed)
     26320        384       8180       5136          0          0   ROM Totals

==============================================================================

    Total RO  Size (Code + RO Data)                34500 (  33.69kB)
    Total RW  Size (RW Data + ZI Data)             10088 (   9.85kB)
    Total ROM Size (Code + RO Data + RW Data)      39636 (  38.71kB)

==============================================================================

