Component: ARM Compiler 6.16 Tool: armlink [5dfeaa00]

==============================================================================

Section Cross References

    cm4_main.o(.text._delay_ms) refers to cm4_main.o(.bss.m4_cycle_counter) for m4_cycle_counter
    cm4_main.o(.ARM.exidx.text._delay_ms) refers to cm4_main.o(.text._delay_ms) for [Anonymous Symbol]
    cm4_main.o(.text.SysTick_Handler) refers to cm4_main.o(.bss.m4_cycle_counter) for m4_cycle_counter
    cm4_main.o(.ARM.exidx.text.SysTick_Handler) refers to cm4_main.o(.text.SysTick_Handler) for [Anonymous Symbol]
    cm4_main.o(.ARM.exidx.text.Load_CM0_Image) refers to cm4_main.o(.text.Load_CM0_Image) for [Anonymous Symbol]
    cm4_main.o(.text.Receive_signal_from_CM0) refers to samsat_queue.o(.text.IPC_setM4Flag) for IPC_setM4Flag
    cm4_main.o(.text.Receive_signal_from_CM0) refers to samsat_queue.o(.text.IPC_getM0RespFlag) for IPC_getM0RespFlag
    cm4_main.o(.text.Receive_signal_from_CM0) refers to samsat_queue.o(.text.IPC_setM0RespFlag) for IPC_setM0RespFlag
    cm4_main.o(.ARM.exidx.text.Receive_signal_from_CM0) refers to cm4_main.o(.text.Receive_signal_from_CM0) for [Anonymous Symbol]
    cm4_main.o(.text.main) refers to system_lpc43xx.o(.text.SystemInit) for SystemInit
    cm4_main.o(.text.main) refers to system_lpc43xx.o(.data.SystemCoreClock) for SystemCoreClock
    cm4_main.o(.text.main) refers to cm4_main.o(.text.SysTick_Config) for SysTick_Config
    cm4_main.o(.text.main) refers to system_lpc43xx.o(.text.SystemCoreClockUpdate) for SystemCoreClockUpdate
    cm4_main.o(.text.main) refers to usart_lpc43xx.o(.rodata.Driver_USART3) for Driver_USART3
    cm4_main.o(.text.main) refers to samsat_uart.o(.text.samsat_uart_init) for samsat_uart_init
    cm4_main.o(.text.main) refers to cm4_main.o(.text.__NVIC_EnableIRQ) for __NVIC_EnableIRQ
    cm4_main.o(.text.main) refers to samsat_queue.o(.text.IPC_setM4Flag) for IPC_setM4Flag
    cm4_main.o(.text.main) refers to cm4_main.o(.rodata..L.str) for .L.str
    cm4_main.o(.text.main) refers to developer_kit_lpc4357_rev_c.o(.text.Print_Uart) for Print_Uart
    cm4_main.o(.text.main) refers to cm4_main.o(.rodata..L.str.1) for .L.str.1
    cm4_main.o(.text.main) refers to cm4_main.o(.rodata.LR0) for LR0
    cm4_main.o(.text.main) refers to cm4_main.o(.text.Load_CM0_Image) for Load_CM0_Image
    cm4_main.o(.text.main) refers to cm4_main.o(.bss.msg) for msg
    cm4_main.o(.text.main) refers to samsat_queue.o(.text.IPC_initMsgQueue) for IPC_initMsgQueue
    cm4_main.o(.text.main) refers to cm4_main.o(.rodata..L.str.2) for .L.str.2
    cm4_main.o(.text.main) refers to samsat_queue.o(.text.IPC_getM0RespFlag) for IPC_getM0RespFlag
    cm4_main.o(.text.main) refers to samsat_queue.o(.text.IPC_setM0RespFlag) for IPC_setM0RespFlag
    cm4_main.o(.text.main) refers to cm4_main.o(.bss.main.i) for main.i
    cm4_main.o(.text.main) refers to cm4_main.o(.bss.msg_m4) for msg_m4
    cm4_main.o(.text.main) refers to samsat_queue.o(.text.IPC_getM4Flag) for IPC_getM4Flag
    cm4_main.o(.text.main) refers to cm4_main.o(.text.IPC_tryPushMsg) for IPC_tryPushMsg
    cm4_main.o(.text.main) refers to samsat_queue.o(.text.IPC_msgNotify) for IPC_msgNotify
    cm4_main.o(.text.main) refers to cm4_main.o(.text._delay_ms) for _delay_ms
    cm4_main.o(.text.main) refers to cm4_main.o(.text.IPC_tryPopMsg) for IPC_tryPopMsg
    cm4_main.o(.text.main) refers to cm4_main.o(.bss.line) for line
    cm4_main.o(.text.main) refers to cm4_main.o(.rodata..L.str.3) for .L.str.3
    cm4_main.o(.text.main) refers to sprintf.o(.text) for sprintf
    cm4_main.o(.text.main) refers to rt_memclr.o(.text) for __aeabi_memclr
    cm4_main.o(.text.main) refers to rt_memcpy_v6.o(.text) for __aeabi_memcpy
    cm4_main.o(.text.main) refers to cm4_main.o(.bss.main.counter) for main.counter
    cm4_main.o(.ARM.exidx.text.main) refers to cm4_main.o(.text.main) for [Anonymous Symbol]
    cm4_main.o(.text.SysTick_Config) refers to cm4_main.o(.text.__NVIC_SetPriority) for __NVIC_SetPriority
    cm4_main.o(.ARM.exidx.text.SysTick_Config) refers to cm4_main.o(.text.SysTick_Config) for [Anonymous Symbol]
    cm4_main.o(.ARM.exidx.text.__NVIC_EnableIRQ) refers to cm4_main.o(.text.__NVIC_EnableIRQ) for [Anonymous Symbol]
    cm4_main.o(.text.IPC_tryPushMsg) refers to samsat_queue.o(.text.IPC_pushMsgTout) for IPC_pushMsgTout
    cm4_main.o(.ARM.exidx.text.IPC_tryPushMsg) refers to cm4_main.o(.text.IPC_tryPushMsg) for [Anonymous Symbol]
    cm4_main.o(.text.IPC_tryPopMsg) refers to samsat_queue.o(.text.IPC_popMsgTout) for IPC_popMsgTout
    cm4_main.o(.ARM.exidx.text.IPC_tryPopMsg) refers to cm4_main.o(.text.IPC_tryPopMsg) for [Anonymous Symbol]
    cm4_main.o(.ARM.exidx.text.__NVIC_SetPriority) refers to cm4_main.o(.text.__NVIC_SetPriority) for [Anonymous Symbol]
    samsat_queue.o(.text.IPC_getM0RespFlag) refers to samsat_queue.o(.bss.M0RespFlag) for M0RespFlag
[...]
    .text                                    0x1a000cd2   Section      138  lludiv10.o(.text)
    .text                                    0x1a000d5c   Section        0  _printf_intcommon.o(.text)
    _fp_digits                               0x1a000e0f   Thumb Code   432  _printf_fp_dec.o(.text)
    .text                                    0x1a000e0e   Section        0  _printf_fp_dec.o(.text)
    .text                                    0x1a00122c   Section        0  _printf_fp_hex.o(.text)
    .text                                    0x1a001528   Section        0  _printf_char.o(.text)
    .text                                    0x1a001554   Section        0  _printf_wchar.o(.text)
    .text                                    0x1a001580   Section        0  _c16rtomb.o(.text)
    .text                                    0x1a0015c8   Section       74  sys_stackheap_outer.o(.text)
    .text                                    0x1a001614   Section       16  rt_ctype_table.o(.text)
    .text                                    0x1a001624   Section        8  rt_locale_intlibspace.o(.text)
    .text                                    0x1a00162c   Section        0  _printf_fp_infnan.o(.text)
    .text                                    0x1a0016ac   Section        0  bigflt0.o(.text)
    .text                                    0x1a001790   Section        0  exit.o(.text)
    .text                                    0x1a0017a4   Section        8  libspace.o(.text)
    .text                                    0x1a0017b0   Section      124  strcmpv7em.o(.text)
    .text                                    0x1a00182c   Section        0  sys_exit.o(.text)
    .text                                    0x1a001838   Section        2  use_no_semi.o(.text)
    .text                                    0x1a00183a   Section        0  indicate_semi.o(.text)
    Clear_Channel_active_flag                0x1a00183d   Thumb Code    46  gpdma_lpc43xx.o(.text.Clear_Channel_active_flag)
    [Anonymous Symbol]                       0x1a00183c   Section        0  gpdma_lpc43xx.o(.text.Clear_Channel_active_flag)
    [Anonymous Symbol]                       0x1a00186c   Section        0  gpdma_lpc43xx.o(.text.DMA_IRQHandler)
    [Anonymous Symbol]                       0x1a001ab8   Section        0  gpdma_lpc43xx.o(.text.GPDMA_ChannelConfigure)
    [Anonymous Symbol]                       0x1a001c7c   Section        0  gpdma_lpc43xx.o(.text.GPDMA_ChannelDisable)
    [Anonymous Symbol]                       0x1a001cc0   Section        0  gpdma_lpc43xx.o(.text.GPDMA_ChannelGetCount)
    [Anonymous Symbol]                       0x1a001d08   Section        0  gpdma_lpc43xx.o(.text.GPDMA_Initialize)
    [Anonymous Symbol]                       0x1a001e18   Section        0  gpdma_lpc43xx.o(.text.GPDMA_PeripheralSelect)
    [Anonymous Symbol]                       0x1a001e6c   Section        0  gpdma_lpc43xx.o(.text.GPDMA_Uninitialize)
    GetClkSel                                0x1a001ecd   Thumb Code   262  system_lpc43xx.o(.text.GetClkSel)
    [Anonymous Symbol]                       0x1a001ecc   Section        0  system_lpc43xx.o(.text.GetClkSel)
    [Anonymous Symbol]                       0x1a001fd4   Section        0  system_lpc43xx.o(.text.GetClockFreq)
    GetPLL1Param                             0x1a002119   Thumb Code   130  system_lpc43xx.o(.text.GetPLL1Param)
    [Anonymous Symbol]                       0x1a002118   Section        0  system_lpc43xx.o(.text.GetPLL1Param)
    [Anonymous Symbol]                       0x1a00219c   Section        0  samsat_queue.o(.text.IPC_getM0RespFlag)
    [Anonymous Symbol]                       0x1a0021a8   Section        0  samsat_queue.o(.text.IPC_getM4Flag)
    [Anonymous Symbol]                       0x1a0021b4   Section        0  samsat_queue.o(.text.IPC_initMsgQueue)
    [Anonymous Symbol]                       0x1a002230   Section        0  samsat_queue.o(.text.IPC_msgNotify)
    [Anonymous Symbol]                       0x1a002238   Section        0  samsat_queue.o(.text.IPC_popMsgTout)
    [Anonymous Symbol]                       0x1a0023a4   Section        0  samsat_queue.o(.text.IPC_pushMsgTout)
    [Anonymous Symbol]                       0x1a002524   Section        0  samsat_queue.o(.text.IPC_setM0RespFlag)
    [Anonymous Symbol]                       0x1a00253c   Section        0  samsat_queue.o(.text.IPC_setM4Flag)
    IPC_tryPopMsg                            0x1a002555   Thumb Code    18  cm4_main.o(.text.IPC_tryPopMsg)
    [Anonymous Symbol]                       0x1a002554   Section        0  cm4_main.o(.text.IPC_tryPopMsg)
    IPC_tryPushMsg                           0x1a002569   Thumb Code    18  cm4_main.o(.text.IPC_tryPushMsg)
    [Anonymous Symbol]                       0x1a002568   Section        0  cm4_main.o(.text.IPC_tryPushMsg)
    [Anonymous Symbol]                       0x1a00257c   Section        0  cm4_main.o(.text.Load_CM0_Image)
    [Anonymous Symbol]                       0x1a0025bc   Section        0  samsat_queue.o(.text.M0APP_IRQHandler)
    [Anonymous Symbol]                       0x1a0025d4   Section        0  developer_kit_lpc4357_rev_c.o(.text.Print_Uart)
    [Anonymous Symbol]                       0x1a00260c   Section        0  scu_lpc43xx.o(.text.SCU_PinConfigure)
    SetClock                                 0x1a00265d   Thumb Code   504  system_lpc43xx.o(.text.SetClock)
    [Anonymous Symbol]                       0x1a00265c   Section        0  system_lpc43xx.o(.text.SetClock)
    Set_Channel_active_flag                  0x1a002855   Thumb Code    92  gpdma_lpc43xx.o(.text.Set_Channel_active_flag)
    [Anonymous Symbol]                       0x1a002854   Section        0  gpdma_lpc43xx.o(.text.Set_Channel_active_flag)
    SysTick_Config                           0x1a0028b1   Thumb Code    84  cm4_main.o(.text.SysTick_Config)
    [Anonymous Symbol]                       0x1a0028b0   Section        0  cm4_main.o(.text.SysTick_Config)
    [Anonymous Symbol]                       0x1a002904   Section        0  cm4_main.o(.text.SysTick_Handler)
    [Anonymous Symbol]                       0x1a002914   Section        0  system_lpc43xx.o(.text.SystemCoreClockUpdate)
    [Anonymous Symbol]                       0x1a00293c   Section        0  system_lpc43xx.o(.text.SystemInit)
    SystemInit_ExtMemCtl                     0x1a002991   Thumb Code  1968  system_lpc43xx.o(.text.SystemInit_ExtMemCtl)
    [Anonymous Symbol]                       0x1a002990   Section        0  system_lpc43xx.o(.text.SystemInit_ExtMemCtl)
    USART3_Control                           0x1a003141   Thumb Code    28  usart_lpc43xx.o(.text.USART3_Control)
    [Anonymous Symbol]                       0x1a003140   Section        0  usart_lpc43xx.o(.text.USART3_Control)
    USART3_GetCapabilities                   0x1a00315d   Thumb Code    24  usart_lpc43xx.o(.text.USART3_GetCapabilities)
    [Anonymous Symbol]                       0x1a00315c   Section        0  usart_lpc43xx.o(.text.USART3_GetCapabilities)
    USART3_GetModemStatus                    0x1a003175   Thumb Code    24  usart_lpc43xx.o(.text.USART3_GetModemStatus)
    [Anonymous Symbol]                       0x1a003174   Section        0  usart_lpc43xx.o(.text.USART3_GetModemStatus)
    USART3_GetRxCount                        0x1a00318d   Thumb Code    16  usart_lpc43xx.o(.text.USART3_GetRxCount)
    [Anonymous Symbol]                       0x1a00318c   Section        0  usart_lpc43xx.o(.text.USART3_GetRxCount)
    USART3_GetStatus                         0x1a00319d   Thumb Code    24  usart_lpc43xx.o(.text.USART3_GetStatus)
    [Anonymous Symbol]                       0x1a00319c   Section        0  usart_lpc43xx.o(.text.USART3_GetStatus)
    USART3_GetTxCount                        0x1a0031b5   Thumb Code    16  usart_lpc43xx.o(.text.USART3_GetTxCount)
    [Anonymous Symbol]                       0x1a0031b4   Section        0  usart_lpc43xx.o(.text.USART3_GetTxCount)
    [Anonymous Symbol]                       0x1a0031c4   Section        0  usart_lpc43xx.o(.text.USART3_IRQHandler)
    USART3_Initialize                        0x1a0031d5   Thumb Code    24  usart_lpc43xx.o(.text.USART3_Initialize)
    [Anonymous Symbol]                       0x1a0031d4   Section        0  usart_lpc43xx.o(.text.USART3_Initialize)
    USART3_PowerControl                      0x1a0031ed   Thumb Code    28  usart_lpc43xx.o(.text.USART3_PowerControl)
    [Anonymous Symbol]                       0x1a0031ec   Section        0  usart_lpc43xx.o(.text.USART3_PowerControl)
    USART3_Receive                           0x1a003209   Thumb Code    28  usart_lpc43xx.o(.text.USART3_Receive)
    [Anonymous Symbol]                       0x1a003208   Section        0  usart_lpc43xx.o(.text.USART3_Receive)
    USART3_Send                              0x1a003225   Thumb Code    28  usart_lpc43xx.o(.text.USART3_Send)
    [Anonymous Symbol]                       0x1a003224   Section        0  usart_lpc43xx.o(.text.USART3_Send)
    USART3_SetModemControl                   0x1a003241   Thumb Code    28  usart_lpc43xx.o(.text.USART3_SetModemControl)
    [Anonymous Symbol]                       0x1a003240   Section        0  usart_lpc43xx.o(.text.USART3_SetModemControl)
    USART3_Transfer                          0x1a00325d   Thumb Code    32  usart_lpc43xx.o(.text.USART3_Transfer)
    [Anonymous Symbol]                       0x1a00325c   Section        0  usart_lpc43xx.o(.text.USART3_Transfer)
    USART3_Uninitialize                      0x1a00327d   Thumb Code    16  usart_lpc43xx.o(.text.USART3_Uninitialize)
    [Anonymous Symbol]                       0x1a00327c   Section        0  usart_lpc43xx.o(.text.USART3_Uninitialize)
    USART_Control                            0x1a00328d   Thumb Code  2662  usart_lpc43xx.o(.text.USART_Control)
    [Anonymous Symbol]                       0x1a00328c   Section        0  usart_lpc43xx.o(.text.USART_Control)
    USART_GetCapabilities                    0x1a003cf5   Thumb Code    16  usart_lpc43xx.o(.text.USART_GetCapabilities)
    [Anonymous Symbol]                       0x1a003cf4   Section        0  usart_lpc43xx.o(.text.USART_GetCapabilities)
    USART_GetModemStatus                     0x1a003d05   Thumb Code   188  usart_lpc43xx.o(.text.USART_GetModemStatus)
    [Anonymous Symbol]                       0x1a003d04   Section        0  usart_lpc43xx.o(.text.USART_GetModemStatus)
    USART_GetRxCount                         0x1a003dc1   Thumb Code    44  usart_lpc43xx.o(.text.USART_GetRxCount)
    [Anonymous Symbol]                       0x1a003dc0   Section        0  usart_lpc43xx.o(.text.USART_GetRxCount)
    USART_GetStatus                          0x1a003ded   Thumb Code   174  usart_lpc43xx.o(.text.USART_GetStatus)
    [Anonymous Symbol]                       0x1a003dec   Section        0  usart_lpc43xx.o(.text.USART_GetStatus)
    USART_GetTxCount                         0x1a003e9d   Thumb Code    44  usart_lpc43xx.o(.text.USART_GetTxCount)
    [Anonymous Symbol]                       0x1a003e9c   Section        0  usart_lpc43xx.o(.text.USART_GetTxCount)
    USART_IRQHandler                         0x1a003ec9   Thumb Code   880  usart_lpc43xx.o(.text.USART_IRQHandler)
    [Anonymous Symbol]                       0x1a003ec8   Section        0  usart_lpc43xx.o(.text.USART_IRQHandler)
    USART_Initialize                         0x1a004239   Thumb Code   336  usart_lpc43xx.o(.text.USART_Initialize)
    [Anonymous Symbol]                       0x1a004238   Section        0  usart_lpc43xx.o(.text.USART_Initialize)
    USART_PIN_Configure                      0x1a004389   Thumb Code   264  usart_lpc43xx.o(.text.USART_PIN_Configure)
    [Anonymous Symbol]                       0x1a004388   Section        0  usart_lpc43xx.o(.text.USART_PIN_Configure)
    USART_PowerControl                       0x1a004491   Thumb Code   908  usart_lpc43xx.o(.text.USART_PowerControl)
    [Anonymous Symbol]                       0x1a004490   Section        0  usart_lpc43xx.o(.text.USART_PowerControl)
    USART_Receive                            0x1a00481d   Thumb Code   400  usart_lpc43xx.o(.text.USART_Receive)
    [Anonymous Symbol]                       0x1a00481c   Section        0  usart_lpc43xx.o(.text.USART_Receive)
    USART_RxLineIntHandler                   0x1a0049ad   Thumb Code   184  usart_lpc43xx.o(.text.USART_RxLineIntHandler)
    [Anonymous Symbol]                       0x1a0049ac   Section        0  usart_lpc43xx.o(.text.USART_RxLineIntHandler)
    USART_Send                               0x1a004a65   Thumb Code   586  usart_lpc43xx.o(.text.USART_Send)
    [Anonymous Symbol]                       0x1a004a64   Section        0  usart_lpc43xx.o(.text.USART_Send)
    [Anonymous Symbol]                       0x1a004cb0   Section        0  usart_lpc43xx.o(.text.USART_SetBaudrate)
    USART_SetModemControl                    0x1a005261   Thumb Code   242  usart_lpc43xx.o(.text.USART_SetModemControl)
    [Anonymous Symbol]                       0x1a005260   Section        0  usart_lpc43xx.o(.text.USART_SetModemControl)
    USART_Transfer                           0x1a005355   Thumb Code   170  usart_lpc43xx.o(.text.USART_Transfer)
    [Anonymous Symbol]                       0x1a005354   Section        0  usart_lpc43xx.o(.text.USART_Transfer)
    USART_Uninitialize                       0x1a005401   Thumb Code   316  usart_lpc43xx.o(.text.USART_Uninitialize)
    [Anonymous Symbol]                       0x1a005400   Section        0  usart_lpc43xx.o(.text.USART_Uninitialize)
    USARTx_GetVersion                        0x1a00553d   Thumb Code    20  usart_lpc43xx.o(.text.USARTx_GetVersion)
    [Anonymous Symbol]                       0x1a00553c   Section        0  usart_lpc43xx.o(.text.USARTx_GetVersion)
    WaitUs                                   0x1a005551   Thumb Code    76  system_lpc43xx.o(.text.WaitUs)
    [Anonymous Symbol]                       0x1a005550   Section        0  system_lpc43xx.o(.text.WaitUs)
    __NVIC_ClearPendingIRQ                   0x1a00559d   Thumb Code    48  usart_lpc43xx.o(.text.__NVIC_ClearPendingIRQ)
    [Anonymous Symbol]                       0x1a00559c   Section        0  usart_lpc43xx.o(.text.__NVIC_ClearPendingIRQ)
    __NVIC_ClearPendingIRQ                   0x1a0055cd   Thumb Code    48  gpdma_lpc43xx.o(.text.__NVIC_ClearPendingIRQ)
    [Anonymous Symbol]                       0x1a0055cc   Section        0  gpdma_lpc43xx.o(.text.__NVIC_ClearPendingIRQ)
    __NVIC_DisableIRQ                        0x1a0055fd   Thumb Code    56  usart_lpc43xx.o(.text.__NVIC_DisableIRQ)
    [Anonymous Symbol]                       0x1a0055fc   Section        0  usart_lpc43xx.o(.text.__NVIC_DisableIRQ)
    __NVIC_DisableIRQ                        0x1a005635   Thumb Code    56  gpdma_lpc43xx.o(.text.__NVIC_DisableIRQ)
    [Anonymous Symbol]                       0x1a005634   Section        0  gpdma_lpc43xx.o(.text.__NVIC_DisableIRQ)
    __NVIC_EnableIRQ                         0x1a00566d   Thumb Code    48  cm4_main.o(.text.__NVIC_EnableIRQ)
    [Anonymous Symbol]                       0x1a00566c   Section        0  cm4_main.o(.text.__NVIC_EnableIRQ)
    __NVIC_EnableIRQ                         0x1a00569d   Thumb Code    48  samsat_queue.o(.text.__NVIC_EnableIRQ)
    [Anonymous Symbol]                       0x1a00569c   Section        0  samsat_queue.o(.text.__NVIC_EnableIRQ)
    __NVIC_EnableIRQ                         0x1a0056cd   Thumb Code    48  usart_lpc43xx.o(.text.__NVIC_EnableIRQ)
    [Anonymous Symbol]                       0x1a0056cc   Section        0  usart_lpc43xx.o(.text.__NVIC_EnableIRQ)
    __NVIC_EnableIRQ                         0x1a0056fd   Thumb Code    48  gpdma_lpc43xx.o(.text.__NVIC_EnableIRQ)
    [Anonymous Symbol]                       0x1a0056fc   Section        0  gpdma_lpc43xx.o(.text.__NVIC_EnableIRQ)
    __NVIC_SetPriority                       0x1a00572d   Thumb Code    66  cm4_main.o(.text.__NVIC_SetPriority)
    [Anonymous Symbol]                       0x1a00572c   Section        0  cm4_main.o(.text.__NVIC_SetPriority)
    __NVIC_SetPriority                       0x1a005771   Thumb Code    66  samsat_queue.o(.text.__NVIC_SetPriority)
    [Anonymous Symbol]                       0x1a005770   Section        0  samsat_queue.o(.text.__NVIC_SetPriority)
    [Anonymous Symbol]                       0x1a0057b4   Section        0  cm4_main.o(.text._delay_ms)
    ipc_send_signal                          0x1a0057e5   Thumb Code     8  samsat_queue.o(.text.ipc_send_signal)
    [Anonymous Symbol]                       0x1a0057e4   Section        0  samsat_queue.o(.text.ipc_send_signal)
    [Anonymous Symbol]                       0x1a0057ec   Section        0  cm4_main.o(.text.main)
    myUSART_callback                         0x1a0059e5   Thumb Code    24  samsat_uart.o(.text.myUSART_callback)
    [Anonymous Symbol]                       0x1a0059e4   Section        0  samsat_uart.o(.text.myUSART_callback)
    [Anonymous Symbol]                       0x1a0059fc   Section        0  samsat_uart.o(.text.samsat_uart_init)
    [Anonymous Symbol]                       0x1a005b30   Section        0  samsat_uart.o(.text.samsat_uart_write)
    CL$$btod_d2e                             0x1a005c10   Section       62  btod.o(CL$$btod_d2e)
    CL$$btod_d2e_denorm_low                  0x1a005c4e   Section       70  btod.o(CL$$btod_d2e_denorm_low)
    CL$$btod_d2e_norm_op1                    0x1a005c94   Section       96  btod.o(CL$$btod_d2e_norm_op1)
    CL$$btod_div_common                      0x1a005cf4   Section      824  btod.o(CL$$btod_div_common)
    CL$$btod_e2e                             0x1a00602c   Section      220  btod.o(CL$$btod_e2e)
    CL$$btod_ediv                            0x1a006108   Section       42  btod.o(CL$$btod_ediv)
    CL$$btod_emul                            0x1a006132   Section       42  btod.o(CL$$btod_emul)
    CL$$btod_mult_common                     0x1a00615c   Section      580  btod.o(CL$$btod_mult_common)
    i.__ARM_fpclassify                       0x1a0063a0   Section        0  fpclassify.o(i.__ARM_fpclassify)
    i._is_digit                              0x1a0063d0   Section        0  __printf_wp.o(i._is_digit)
    locale$$code                             0x1a0063e0   Section       44  lc_numeric_c.o(locale$$code)
    locale$$code                             0x1a00640c   Section       44  lc_ctype_c.o(locale$$code)
    $v0                                      0x1a006438   Number         0  fpinit.o(x$fpl$fpinit)
    x$fpl$fpinit                             0x1a006438   Section       26  fpinit.o(x$fpl$fpinit)
    $v0                                      0x1a006452   Number         0  printf1.o(x$fpl$printf1)
    x$fpl$printf1                            0x1a006452   Section        4  printf1.o(x$fpl$printf1)
    $v0                                      0x1a006456   Number         0  printf2.o(x$fpl$printf2)
    x$fpl$printf2                            0x1a006456   Section        4  printf2.o(x$fpl$printf2)
    x$fpl$usenofp                            0x1a00645a   Section        0  usenofp.o(x$fpl$usenofp)
    initial_mbstate                          0x1a00645c   Data           8  _printf_wctomb.o(.constdata)
    .constdata                               0x1a00645c   Section        8  _printf_wctomb.o(.constdata)
    uc_hextab                                0x1a006464   Data          20  _printf_hex_int_ll_ptr.o(.constdata)
    .constdata                               0x1a006464   Section       40  _printf_hex_int_ll_ptr.o(.constdata)
    lc_hextab                                0x1a006478   Data          20  _printf_hex_int_ll_ptr.o(.constdata)
    maptable                                 0x1a00648c   Data          17  __printf_flags_ss_wp.o(.constdata)
    .constdata                               0x1a00648c   Section       17  __printf_flags_ss_wp.o(.constdata)
    lc_hextab                                0x1a00649d   Data          19  _printf_fp_hex.o(.constdata)
    .constdata                               0x1a00649d   Section       38  _printf_fp_hex.o(.constdata)
    uc_hextab                                0x1a0064b0   Data          19  _printf_fp_hex.o(.constdata)
    tenpwrs_x                                0x1a0064c4   Data          60  bigflt0.o(.constdata)
    .constdata                               0x1a0064c4   Section      148  bigflt0.o(.constdata)
    tenpwrs_i                                0x1a006500   Data          64  bigflt0.o(.constdata)
    .L.str                                   0x1a006558   Data          18  cm4_main.o(.rodata..L.str)
    .L.str.1                                 0x1a00656a   Data          11  cm4_main.o(.rodata..L.str.1)
    .L.str.2                                 0x1a006575   Data          17  cm4_main.o(.rodata..L.str.2)
    .L.str.3                                 0x1a006586   Data          15  cm4_main.o(.rodata..L.str.3)
    USART3_Resources                         0x1a007dd0   Data         104  usart_lpc43xx.o(.rodata.USART3_Resources)
    [Anonymous Symbol]                       0x1a007dd0   Section        0  usart_lpc43xx.o(.rodata.USART3_Resources)
    USART3_pin_rx                            0x1a007e38   Data           8  usart_lpc43xx.o(.rodata.USART3_pin_rx)
    [Anonymous Symbol]                       0x1a007e38   Section        0  usart_lpc43xx.o(.rodata.USART3_pin_rx)
    USART3_pin_tx                            0x1a007e40   Data           8  usart_lpc43xx.o(.rodata.USART3_pin_tx)
    [Anonymous Symbol]                       0x1a007e40   Section        0  usart_lpc43xx.o(.rodata.USART3_pin_tx)
    emcdivby2_opc                            0x1a007e48   Data          20  system_lpc43xx.o(.rodata.emcdivby2_opc)
    [Anonymous Symbol]                       0x1a007e48   Section        0  system_lpc43xx.o(.rodata.emcdivby2_opc)
    fract_div_lookup_table                   0x1a007e5c   Data         288  usart_lpc43xx.o(.rodata.fract_div_lookup_table)
    [Anonymous Symbol]                       0x1a007e5c   Section        0  usart_lpc43xx.o(.rodata.fract_div_lookup_table)
    usart_driver_version                     0x1a007f7c   Data           4  usart_lpc43xx.o(.rodata.usart_driver_version)
    [Anonymous Symbol]                       0x1a007f7c   Section        0  usart_lpc43xx.o(.rodata.usart_driver_version)
    locale$$data                             0x1a007fa0   Section       28  lc_numeric_c.o(locale$$data)
    __lcnum_c_name                           0x1a007fa4   Data           2  lc_numeric_c.o(locale$$data)
    __lcnum_c_start                          0x1a007fac   Data           0  lc_numeric_c.o(locale$$data)
    __lcnum_c_point                          0x1a007fb8   Data           0  lc_numeric_c.o(locale$$data)
    __lcnum_c_thousands                      0x1a007fba   Data           0  lc_numeric_c.o(locale$$data)
    __lcnum_c_grouping                       0x1a007fbb   Data           0  lc_numeric_c.o(locale$$data)
    __lcnum_c_end                            0x1a007fbc   Data           0  lc_numeric_c.o(locale$$data)
    locale$$data                             0x1a007fbc   Section      272  lc_ctype_c.o(locale$$data)
    __lcctype_c_name                         0x1a007fc0   Data           2  lc_ctype_c.o(locale$$data)
    __lcctype_c_start                        0x1a007fc8   Data           0  lc_ctype_c.o(locale$$data)
    __lcctype_c_end                          0x1a0080cc   Data           0  lc_ctype_c.o(locale$$data)

    Global Symbols

    Symbol Name                              Value     Ov Type        Size  Object(Section)

    BuildAttributes$$THM_ISAv4$E$P$D$K$B$S$7EM$VFPi3$EXTD16$VFPS$VFMA$PE$A:L22UL41UL21$X:L11$S22US41US21$IEEE1$IW$~IW$USESV6$~STKCKD$USESV7$~SHL$OTIME$ROPI$IEEEJ$EBA8$UX$STANDARDLIB$REQ8$PRES8$EABIv2 0x00000000   Number         0  anon$$obj.o ABSOLUTE
    _printf_flags                            0x00000000   Number         0  printf_stubs.o ABSOLUTE
    _printf_return_value                     0x00000000   Number         0  printf_stubs.o ABSOLUTE
    _printf_sizespec                         0x00000000   Number         0  printf_stubs.o ABSOLUTE
    _printf_widthprec                        0x00000000   Number         0  printf_stubs.o ABSOLUTE
    __ARM_exceptions_init                     - Undefined Weak Reference
    __alloca_initialize                       - Undefined Weak Reference
    __arm_preinit_                            - Undefined Weak Reference
    __cpp_initialize__aeabi_                  - Undefined Weak Reference
    __cxa_finalize                            - Undefined Weak Reference
    __sigvec_lookup                           - Undefined Weak Reference
    _atexit_init                              - Undefined Weak Reference
    _call_atexit_fns                          - Undefined Weak Reference
    _clock_init                               - Undefined Weak Reference
    _fp_trap_init                             - Undefined Weak Reference
    _fp_trap_shutdown                         - Undefined Weak Reference
    _get_lc_collate                           - Undefined Weak Reference
    _get_lc_monetary                          - Undefined Weak Reference
    _get_lc_time                              - Undefined Weak Reference
    _getenv_init                              - Undefined Weak Reference
    _handle_redirection                       - Undefined Weak Reference
    _init_alloc                               - Undefined Weak Reference
    _init_user_alloc                          - Undefined Weak Reference
    _initio                                   - Undefined Weak Reference
    _printf_mbtowc                            - Undefined Weak Reference
    _printf_wc                                - Undefined Weak Reference
    _rand_init                                - Undefined Weak Reference
    _signal_finish                            - Undefined Weak Reference
    _signal_init                              - Undefined Weak Reference
    _terminate_alloc                          - Undefined Weak Reference
    _terminate_user_alloc                     - Undefined Weak Reference
    _terminateio                              - Undefined Weak Reference
    SystemCoreClock                          0x10000000   Data           4  system_lpc43xx.o(.data.SystemCoreClock)
    __libspace_start                         0x10000010   Data          96  libspace.o(.bss)
    __temporary_stack_top$libspace           0x10000070   Data           0  libspace.o(.bss)
    line                                     0x10000154   Data         100  cm4_main.o(.bss.line)
    m4_cycle_counter                         0x100001b8   Data           4  cm4_main.o(.bss.m4_cycle_counter)
    msg                                      0x100001c4   Data         256  cm4_main.o(.bss.msg)
    msg_m4                                   0x100002c4   Data           8  cm4_main.o(.bss.msg_m4)
    string_to_print                          0x100002cc   Data         150  developer_kit_lpc4357_rev_c.o(.bss.string_to_print)
    __Vectors                                0x1a000000   Data           4  startup_lpc43xx.o(RESET)
    __main                                   0x1a000301   Thumb Code     8  __main.o(!!!main)
    __scatterload                            0x1a000309   Thumb Code     0  __scatter.o(!!!scatter)
    __scatterload_rt2                        0x1a000309   Thumb Code    44  __scatter.o(!!!scatter)
    __scatterload_rt2_thumb_only             0x1a000309   Thumb Code     0  __scatter.o(!!!scatter)
    __scatterload_null                       0x1a000317   Thumb Code     0  __scatter.o(!!!scatter)
    __scatterload_copy                       0x1a00033d   Thumb Code    26  __scatter_copy.o(!!handler_copy)
    __scatterload_zeroinit                   0x1a000359   Thumb Code    28  __scatter_zi.o(!!handler_zi)
    _printf_n                                0x1a000375   Thumb Code     0  _printf_n.o(.ARM.Collect$$_printf_percent$$00000001)
    _printf_percent                          0x1a000375   Thumb Code     0  _printf_percent.o(.ARM.Collect$$_printf_percent$$00000000)
    _printf_p                                0x1a00037b   Thumb Code     0  _printf_p.o(.ARM.Collect$$_printf_percent$$00000002)
    _printf_f                                0x1a000381   Thumb Code     0  _printf_f.o(.ARM.Collect$$_printf_percent$$00000003)
    _printf_e                                0x1a000387   Thumb Code     0  _printf_e.o(.ARM.Collect$$_printf_percent$$00000004)
    _printf_g                                0x1a00038d   Thumb Code     0  _printf_g.o(.ARM.Collect$$_printf_percent$$00000005)
    _printf_a                                0x1a000393   Thumb Code     0  _printf_a.o(.ARM.Collect$$_printf_percent$$00000006)
    _printf_ll                               0x1a000399   Thumb Code     0  _printf_ll.o(.ARM.Collect$$_printf_percent$$00000007)
    _printf_i                                0x1a0003a3   Thumb Code     0  _printf_i.o(.ARM.Collect$$_printf_percent$$00000008)
    _printf_d                                0x1a0003a9   Thumb Code     0  _printf_d.o(.ARM.Collect$$_printf_percent$$00000009)
    _printf_u                                0x1a0003af   Thumb Code     0  _printf_u.o(.ARM.Collect$$_printf_percent$$0000000A)
    _printf_o                                0x1a0003b5   Thumb Code     0  _printf_o.o(.ARM.Collect$$_printf_percent$$0000000B)
    _printf_x                                0x1a0003bb   Thumb Code     0  _printf_x.o(.ARM.Collect$$_printf_percent$$0000000C)
    _printf_lli                              0x1a0003c1   Thumb Code     0  _printf_lli.o(.ARM.Collect$$_printf_percent$$0000000D)
    _printf_lld                              0x1a0003c7   Thumb Code     0  _printf_lld.o(.ARM.Collect$$_printf_percent$$0000000E)
    _printf_llu                              0x1a0003cd   Thumb Code     0  _printf_llu.o(.ARM.Collect$$_printf_percent$$0000000F)
    _printf_llo                              0x1a0003d3   Thumb Code     0  _printf_llo.o(.ARM.Collect$$_printf_percent$$00000010)
    _printf_llx                              0x1a0003d9   Thumb Code     0  _printf_llx.o(.ARM.Collect$$_printf_percent$$00000011)
    _printf_l                                0x1a0003df   Thumb Code     0  _printf_l.o(.ARM.Collect$$_printf_percent$$00000012)
    _printf_c                                0x1a0003e9   Thumb Code     0  _printf_c.o(.ARM.Collect$$_printf_percent$$00000013)
    _printf_s                                0x1a0003ef   Thumb Code     0  _printf_s.o(.ARM.Collect$$_printf_percent$$00000014)
    _printf_lc                               0x1a0003f5   Thumb Code     0  _printf_lc.o(.ARM.Collect$$_printf_percent$$00000015)
    _printf_ls                               0x1a0003fb   Thumb Code     0  _printf_ls.o(.ARM.Collect$$_printf_percent$$00000016)
    _printf_percent_end                      0x1a000401   Thumb Code     0  _printf_percent_end.o(.ARM.Collect$$_printf_percent$$00000017)
    __rt_lib_init                            0x1a000405   Thumb Code     0  libinit.o(.ARM.Collect$$libinit$$00000000)
    __rt_lib_init_fp_1                       0x1a000407   Thumb Code     0  libinit2.o(.ARM.Collect$$libinit$$00000001)
    __rt_lib_init_heap_1                     0x1a00040b   Thumb Code     0  libinit2.o(.ARM.Collect$$libinit$$0000000A)
    __rt_lib_init_lc_common                  0x1a00040b   Thumb Code     0  libinit2.o(.ARM.Collect$$libinit$$0000000F)
    __rt_lib_init_preinit_1                  0x1a00040b   Thumb Code     0  libinit2.o(.ARM.Collect$$libinit$$00000004)
    __rt_lib_init_rand_1                     0x1a00040b   Thumb Code     0  libinit2.o(.ARM.Collect$$libinit$$0000000E)
    __rt_lib_init_user_alloc_1               0x1a00040b   Thumb Code     0  libinit2.o(.ARM.Collect$$libinit$$0000000C)
    __rt_lib_init_lc_collate_1               0x1a000411   Thumb Code     0  libinit2.o(.ARM.Collect$$libinit$$00000011)
    __rt_lib_init_lc_ctype_2                 0x1a000411   Thumb Code     0  libinit2.o(.ARM.Collect$$libinit$$00000012)
    __rt_lib_init_lc_ctype_1                 0x1a00041d   Thumb Code     0  libinit2.o(.ARM.Collect$$libinit$$00000013)
    __rt_lib_init_lc_monetary_1              0x1a00041d   Thumb Code     0  libinit2.o(.ARM.Collect$$libinit$$00000015)
    __rt_lib_init_lc_numeric_2               0x1a00041d   Thumb Code     0  libinit2.o(.ARM.Collect$$libinit$$00000016)
    __rt_lib_init_alloca_1                   0x1a000427   Thumb Code     0  libinit2.o(.ARM.Collect$$libinit$$0000002E)
    __rt_lib_init_argv_1                     0x1a000427   Thumb Code     0  libinit2.o(.ARM.Collect$$libinit$$0000002C)
    __rt_lib_init_atexit_1                   0x1a000427   Thumb Code     0  libinit2.o(.ARM.Collect$$libinit$$0000001B)
    __rt_lib_init_clock_1                    0x1a000427   Thumb Code     0  libinit2.o(.ARM.Collect$$libinit$$00000021)
    __rt_lib_init_cpp_1                      0x1a000427   Thumb Code     0  libinit2.o(.ARM.Collect$$libinit$$00000032)
    __rt_lib_init_exceptions_1               0x1a000427   Thumb Code     0  libinit2.o(.ARM.Collect$$libinit$$00000030)
    __rt_lib_init_fp_trap_1                  0x1a000427   Thumb Code     0  libinit2.o(.ARM.Collect$$libinit$$0000001F)
    __rt_lib_init_getenv_1                   0x1a000427   Thumb Code     0  libinit2.o(.ARM.Collect$$libinit$$00000023)
    __rt_lib_init_lc_numeric_1               0x1a000427   Thumb Code     0  libinit2.o(.ARM.Collect$$libinit$$00000017)
    __rt_lib_init_lc_time_1                  0x1a000427   Thumb Code     0  libinit2.o(.ARM.Collect$$libinit$$00000019)
    __rt_lib_init_return                     0x1a000427   Thumb Code     0  libinit2.o(.ARM.Collect$$libinit$$00000033)
    __rt_lib_init_signal_1                   0x1a000427   Thumb Code     0  libinit2.o(.ARM.Collect$$libinit$$0000001D)
    __rt_lib_init_stdio_1                    0x1a000427   Thumb Code     0  libinit2.o(.ARM.Collect$$libinit$$00000025)
    __rt_lib_shutdown                        0x1a000429   Thumb Code     0  libshutdown.o(.ARM.Collect$$libshutdown$$00000000)
    __rt_lib_shutdown_cpp_1                  0x1a00042b   Thumb Code     0  libshutdown2.o(.ARM.Collect$$libshutdown$$00000002)
    __rt_lib_shutdown_fp_trap_1              0x1a00042b   Thumb Code     0  libshutdown2.o(.ARM.Collect$$libshutdown$$00000007)
    __rt_lib_shutdown_heap_1                 0x1a00042b   Thumb Code     0  libshutdown2.o(.ARM.Collect$$libshutdown$$0000000F)
    __rt_lib_shutdown_return                 0x1a00042b   Thumb Code     0  libshutdown2.o(.ARM.Collect$$libshutdown$$00000010)
    __rt_lib_shutdown_signal_1               0x1a00042b   Thumb Code     0  libshutdown2.o(.ARM.Collect$$libshutdown$$0000000A)
    __rt_lib_shutdown_stdio_1                0x1a00042b   Thumb Code     0  libshutdown2.o(.ARM.Collect$$libshutdown$$00000004)
    __rt_lib_shutdown_user_alloc_1           0x1a00042b   Thumb Code     0  libshutdown2.o(.ARM.Collect$$libshutdown$$0000000C)
    __rt_entry                               0x1a00042d   Thumb Code     0  __rtentry.o(.ARM.Collect$$rtentry$$00000000)
    __rt_entry_presh_1                       0x1a00042d   Thumb Code     0  __rtentry2.o(.ARM.Collect$$rtentry$$00000002)
    __rt_entry_sh                            0x1a00042d   Thumb Code     0  __rtentry4.o(.ARM.Collect$$rtentry$$00000004)
    __rt_entry_li                            0x1a000433   Thumb Code     0  __rtentry2.o(.ARM.Collect$$rtentry$$0000000A)
    __rt_entry_postsh_1                      0x1a000433   Thumb Code     0  __rtentry2.o(.ARM.Collect$$rtentry$$00000009)
    __rt_entry_main                          0x1a000437   Thumb Code     0  __rtentry2.o(.ARM.Collect$$rtentry$$0000000D)
    __rt_entry_postli_1                      0x1a000437   Thumb Code     0  __rtentry2.o(.ARM.Collect$$rtentry$$0000000C)
    __rt_exit                                0x1a00043f   Thumb Code     0  rtexit.o(.ARM.Collect$$rtexit$$00000000)
    __rt_exit_ls                             0x1a000441   Thumb Code     0  rtexit2.o(.ARM.Collect$$rtexit$$00000003)
    __rt_exit_prels_1                        0x1a000441   Thumb Code     0  rtexit2.o(.ARM.Collect$$rtexit$$00000002)
    __rt_exit_exit                           0x1a000445   Thumb Code     0  rtexit2.o(.ARM.Collect$$rtexit$$00000004)
    Reset_Handler                            0x1a00044d   Thumb Code     8  startup_lpc43xx.o(.text)
    NMI_Handler                              0x1a000455   Thumb Code     2  startup_lpc43xx.o(.text)
    HardFault_Handler                        0x1a000457   Thumb Code     2  startup_lpc43xx.o(.text)
    MemManage_Handler                        0x1a000459   Thumb Code     2  startup_lpc43xx.o(.text)
    BusFault_Handler                         0x1a00045b   Thumb Code     2  startup_lpc43xx.o(.text)
    UsageFault_Handler                       0x1a00045d   Thumb Code     2  startup_lpc43xx.o(.text)
    SVC_Handler                              0x1a00045f   Thumb Code     2  startup_lpc43xx.o(.text)
    DebugMon_Handler                         0x1a000461   Thumb Code     2  startup_lpc43xx.o(.text)
    PendSV_Handler                           0x1a000463   Thumb Code     2  startup_lpc43xx.o(.text)
    ADC0_IRQHandler                          0x1a000467   Thumb Code     0  startup_lpc43xx.o(.text)
    ADC1_IRQHandler                          0x1a000467   Thumb Code     0  startup_lpc43xx.o(.text)
    ADCHS_IRQHandler                         0x1a000467   Thumb Code     0  startup_lpc43xx.o(.text)
    ATIMER_IRQHandler                        0x1a000467   Thumb Code     0  startup_lpc43xx.o(.text)
    C_CAN0_IRQHandler                        0x1a000467   Thumb Code     0  startup_lpc43xx.o(.text)
    C_CAN1_IRQHandler                        0x1a000467   Thumb Code     0  startup_lpc43xx.o(.text)
    DAC_IRQHandler                           0x1a000467   Thumb Code     0  startup_lpc43xx.o(.text)
    ETHERNET_IRQHandler                      0x1a000467   Thumb Code     0  startup_lpc43xx.o(.text)
    EVENTROUTER_IRQHandler                   0x1a000467   Thumb Code     0  startup_lpc43xx.o(.text)
    FLASHEEPROM_IRQHandler                   0x1a000467   Thumb Code     0  startup_lpc43xx.o(.text)
    GINT0_IRQHandler                         0x1a000467   Thumb Code     0  startup_lpc43xx.o(.text)
    GINT1_IRQHandler                         0x1a000467   Thumb Code     0  startup_lpc43xx.o(.text)
    I2C0_IRQHandler                          0x1a000467   Thumb Code     0  startup_lpc43xx.o(.text)
    I2C1_IRQHandler                          0x1a000467   Thumb Code     0  startup_lpc43xx.o(.text)
    I2S0_IRQHandler                          0x1a000467   Thumb Code     0  startup_lpc43xx.o(.text)
    I2S1_IRQHandler                          0x1a000467   Thumb Code     0  startup_lpc43xx.o(.text)
    LCD_IRQHandler                           0x1a000467   Thumb Code     0  startup_lpc43xx.o(.text)
    M0SUB_IRQHandler                         0x1a000467   Thumb Code     0  startup_lpc43xx.o(.text)
    MCPWM_IRQHandler                         0x1a000467   Thumb Code     0  startup_lpc43xx.o(.text)
    PIN_INT0_IRQHandler                      0x1a000467   Thumb Code     0  startup_lpc43xx.o(.text)
    PIN_INT1_IRQHandler                      0x1a000467   Thumb Code     0  startup_lpc43xx.o(.text)
    PIN_INT2_IRQHandler                      0x1a000467   Thumb Code     0  startup_lpc43xx.o(.text)
    PIN_INT3_IRQHandler                      0x1a000467   Thumb Code     0  startup_lpc43xx.o(.text)
    PIN_INT4_IRQHandler                      0x1a000467   Thumb Code     0  startup_lpc43xx.o(.text)
    PIN_INT5_IRQHandler                      0x1a000467   Thumb Code     0  startup_lpc43xx.o(.text)
    PIN_INT6_IRQHandler                      0x1a000467   Thumb Code     0  startup_lpc43xx.o(.text)
    PIN_INT7_IRQHandler                      0x1a000467   Thumb Code     0  startup_lpc43xx.o(.text)
    QEI_IRQHandler                           0x1a000467   Thumb Code     0  startup_lpc43xx.o(.text)
    RITIMER_IRQHandler                       0x1a000467   Thumb Code     0  startup_lpc43xx.o(.text)
    RTC_IRQHandler                           0x1a000467   Thumb Code     0  startup_lpc43xx.o(.text)
    SCT_IRQHandler                           0x1a000467   Thumb Code     0  startup_lpc43xx.o(.text)
    SDIO_IRQHandler                          0x1a000467   Thumb Code     0  startup_lpc43xx.o(.text)
    SGPIO_IRQHandler                         0x1a000467   Thumb Code     0  startup_lpc43xx.o(.text)
    SPIFI_IRQHandler                         0x1a000467   Thumb Code     0  startup_lpc43xx.o(.text)
    SPI_IRQHandler                           0x1a000467   Thumb Code     0  startup_lpc43xx.o(.text)
    SSP0_IRQHandler                          0x1a000467   Thumb Code     0  startup_lpc43xx.o(.text)
    SSP1_IRQHandler                          0x1a000467   Thumb Code     0  startup_lpc43xx.o(.text)
    TIMER0_IRQHandler                        0x1a000467   Thumb Code     0  startup_lpc43xx.o(.text)
    TIMER1_IRQHandler                        0x1a000467   Thumb Code     0  startup_lpc43xx.o(.text)
    TIMER2_IRQHandler                        0x1a000467   Thumb Code     0  startup_lpc43xx.o(.text)
    TIMER3_IRQHandler                        0x1a000467   Thumb Code     0  startup_lpc43xx.o(.text)
    UART1_IRQHandler                         0x1a000467   Thumb Code     0  startup_lpc43xx.o(.text)
    USART0_IRQHandler                        0x1a000467   Thumb Code     0  startup_lpc43xx.o(.text)
    USART2_IRQHandler                        0x1a000467   Thumb Code     0  startup_lpc43xx.o(.text)
    USB0_IRQHandler                          0x1a000467   Thumb Code     0  startup_lpc43xx.o(.text)
    USB1_IRQHandler                          0x1a000467   Thumb Code     0  startup_lpc43xx.o(.text)
    WWDT_IRQHandler                          0x1a000467   Thumb Code     0  startup_lpc43xx.o(.text)
    __user_initial_stackheap                 0x1a000469   Thumb Code     0  startup_lpc43xx.o(.text)
    __aeabi_uldivmod                         0x1a00048d   Thumb Code     0  lludivv7m.o(.text)
    _ll_udiv                                 0x1a00048d   Thumb Code   240  lludivv7m.o(.text)
    sprintf                                  0x1a00057d   Thumb Code    38  sprintf.o(.text)
    strlen                                   0x1a0005a9   Thumb Code    62  strlen.o(.text)
    __aeabi_memcpy                           0x1a0005e7   Thumb Code     0  rt_memcpy_v6.o(.text)
    __rt_memcpy                              0x1a0005e7   Thumb Code   138  rt_memcpy_v6.o(.text)
    _memcpy_lastbytes                        0x1a00064d   Thumb Code     0  rt_memcpy_v6.o(.text)
    __aeabi_memclr                           0x1a000671   Thumb Code     0  rt_memclr.o(.text)
    __rt_memclr                              0x1a000671   Thumb Code     0  rt_memclr.o(.text)
    _memset                                  0x1a000675   Thumb Code    64  rt_memclr.o(.text)
    __use_two_region_memory                  0x1a0006b5   Thumb Code     2  heapauxi.o(.text)
    __rt_heap_escrow$2region                 0x1a0006b7   Thumb Code     2  heapauxi.o(.text)
    __rt_heap_expand$2region                 0x1a0006b9   Thumb Code     2  heapauxi.o(.text)
    _printf_pre_padding                      0x1a0006bb   Thumb Code    44  _printf_pad.o(.text)
    _printf_post_padding                     0x1a0006e7   Thumb Code    34  _printf_pad.o(.text)
    _printf_truncate_signed                  0x1a000709   Thumb Code    18  _printf_truncate.o(.text)
    _printf_truncate_unsigned                0x1a00071b   Thumb Code    18  _printf_truncate.o(.text)
    _printf_str                              0x1a00072d   Thumb Code    82  _printf_str.o(.text)
    _printf_int_dec                          0x1a000781   Thumb Code   104  _printf_dec.o(.text)
    _printf_charcount                        0x1a0007f9   Thumb Code    40  _printf_charcount.o(.text)
    _printf_char_common                      0x1a00082b   Thumb Code    32  _printf_char_common.o(.text)
    _sputc                                   0x1a000851   Thumb Code    10  _sputc.o(.text)
    _printf_wctomb                           0x1a00085d   Thumb Code   182  _printf_wctomb.o(.text)
    _printf_longlong_dec                     0x1a000919   Thumb Code   108  _printf_longlong_dec.o(.text)
    _printf_longlong_oct                     0x1a000995   Thumb Code    68  _printf_oct_int_ll.o(.text)
    _printf_int_oct                          0x1a0009d9   Thumb Code    24  _printf_oct_int_ll.o(.text)
    _printf_ll_oct                           0x1a0009f1   Thumb Code    12  _printf_oct_int_ll.o(.text)
    _printf_longlong_hex                     0x1a000a05   Thumb Code    86  _printf_hex_int_ll_ptr.o(.text)
    _printf_int_hex                          0x1a000a5b   Thumb Code    28  _printf_hex_int_ll_ptr.o(.text)
    _printf_ll_hex                           0x1a000a77   Thumb Code    12  _printf_hex_int_ll_ptr.o(.text)
    _printf_hex_ptr                          0x1a000a83   Thumb Code    18  _printf_hex_int_ll_ptr.o(.text)
    __printf                                 0x1a000a99   Thumb Code   388  __printf_flags_ss_wp.o(.text)
    __aeabi_memcpy4                          0x1a000c21   Thumb Code     0  rt_memcpy_w.o(.text)
    __aeabi_memcpy8                          0x1a000c21   Thumb Code     0  rt_memcpy_w.o(.text)
    __rt_memcpy_w                            0x1a000c21   Thumb Code   100  rt_memcpy_w.o(.text)
    _memcpy_lastbytes_aligned                0x1a000c69   Thumb Code     0  rt_memcpy_w.o(.text)
    __aeabi_memclr4                          0x1a000c85   Thumb Code     0  rt_memclr_w.o(.text)
    __aeabi_memclr8                          0x1a000c85   Thumb Code     0  rt_memclr_w.o(.text)
    __rt_memclr_w                            0x1a000c85   Thumb Code     0  rt_memclr_w.o(.text)
    _memset_w                                0x1a000c89   Thumb Code    74  rt_memclr_w.o(.text)
    _ll_udiv10                               0x1a000cd3   Thumb Code   138  lludiv10.o(.text)
    _printf_int_common                       0x1a000d5d   Thumb Code   178  _printf_intcommon.o(.text)
    _printf_fp_dec_real                      0x1a000fbf   Thumb Code   620  _printf_fp_dec.o(.text)
    _printf_fp_hex_real                      0x1a00122d   Thumb Code   756  _printf_fp_hex.o(.text)
    _printf_cs_common                        0x1a001529   Thumb Code    20  _printf_char.o(.text)
    _printf_char                             0x1a00153d   Thumb Code    16  _printf_char.o(.text)
    _printf_string                           0x1a00154d   Thumb Code     8  _printf_char.o(.text)
    _printf_lcs_common                       0x1a001555   Thumb Code    20  _printf_wchar.o(.text)
    _printf_wchar                            0x1a001569   Thumb Code    16  _printf_wchar.o(.text)
    _printf_wstring                          0x1a001579   Thumb Code     8  _printf_wchar.o(.text)
    _c16rtomb                                0x1a001581   Thumb Code    72  _c16rtomb.o(.text)
    _wcrtomb                                 0x1a001581   Thumb Code     0  _c16rtomb.o(.text)
    __user_setup_stackheap                   0x1a0015c9   Thumb Code    74  sys_stackheap_outer.o(.text)
    __rt_ctype_table                         0x1a001615   Thumb Code    16  rt_ctype_table.o(.text)
    __rt_locale                              0x1a001625   Thumb Code     8  rt_locale_intlibspace.o(.text)
    _printf_fp_infnan                        0x1a00162d   Thumb Code   112  _printf_fp_infnan.o(.text)
    _btod_etento                             0x1a0016ad   Thumb Code   224  bigflt0.o(.text)
    exit                                     0x1a001791   Thumb Code    18  exit.o(.text)
    __user_libspace                          0x1a0017a5   Thumb Code     8  libspace.o(.text)
    __user_perproc_libspace                  0x1a0017a5   Thumb Code     0  libspace.o(.text)
    __user_perthread_libspace                0x1a0017a5   Thumb Code     0  libspace.o(.text)
    strcmp                                   0x1a0017b1   Thumb Code   124  strcmpv7em.o(.text)
    _sys_exit                                0x1a00182d   Thumb Code     8  sys_exit.o(.text)
    __I$use$semihosting                      0x1a001839   Thumb Code     0  use_no_semi.o(.text)
    __use_no_semihosting_swi                 0x1a001839   Thumb Code     2  use_no_semi.o(.text)
    __semihosting_library_function           0x1a00183b   Thumb Code     0  indicate_semi.o(.text)
    DMA_IRQHandler                           0x1a00186d   Thumb Code   586  gpdma_lpc43xx.o(.text.DMA_IRQHandler)
    GPDMA_ChannelConfigure                   0x1a001ab9   Thumb Code   450  gpdma_lpc43xx.o(.text.GPDMA_ChannelConfigure)
    GPDMA_ChannelDisable                     0x1a001c7d   Thumb Code    68  gpdma_lpc43xx.o(.text.GPDMA_ChannelDisable)
    GPDMA_ChannelGetCount                    0x1a001cc1   Thumb Code    72  gpdma_lpc43xx.o(.text.GPDMA_ChannelGetCount)
    GPDMA_Initialize                         0x1a001d09   Thumb Code   272  gpdma_lpc43xx.o(.text.GPDMA_Initialize)
    GPDMA_PeripheralSelect                   0x1a001e19   Thumb Code    82  gpdma_lpc43xx.o(.text.GPDMA_PeripheralSelect)
    GPDMA_Uninitialize                       0x1a001e6d   Thumb Code    94  gpdma_lpc43xx.o(.text.GPDMA_Uninitialize)
    GetClockFreq                             0x1a001fd5   Thumb Code   324  system_lpc43xx.o(.text.GetClockFreq)
    IPC_getM0RespFlag                        0x1a00219d   Thumb Code    12  samsat_queue.o(.text.IPC_getM0RespFlag)
    IPC_getM4Flag                            0x1a0021a9   Thumb Code    12  samsat_queue.o(.text.IPC_getM4Flag)
    IPC_initMsgQueue                         0x1a0021b5   Thumb Code   124  samsat_queue.o(.text.IPC_initMsgQueue)
    IPC_msgNotify                            0x1a002231   Thumb Code     8  samsat_queue.o(.text.IPC_msgNotify)
    IPC_popMsgTout                           0x1a002239   Thumb Code   362  samsat_queue.o(.text.IPC_popMsgTout)
    IPC_pushMsgTout                          0x1a0023a5   Thumb Code   384  samsat_queue.o(.text.IPC_pushMsgTout)
    IPC_setM0RespFlag                        0x1a002525   Thumb Code    24  samsat_queue.o(.text.IPC_setM0RespFlag)
    IPC_setM4Flag                            0x1a00253d   Thumb Code    24  samsat_queue.o(.text.IPC_setM4Flag)
    Load_CM0_Image                           0x1a00257d   Thumb Code    64  cm4_main.o(.text.Load_CM0_Image)
    M0APP_IRQHandler                         0x1a0025bd   Thumb Code    22  samsat_queue.o(.text.M0APP_IRQHandler)
    Print_Uart                               0x1a0025d5   Thumb Code    54  developer_kit_lpc4357_rev_c.o(.text.Print_Uart)
    SCU_PinConfigure                         0x1a00260d   Thumb Code    78  scu_lpc43xx.o(.text.SCU_PinConfigure)
    SysTick_Handler                          0x1a002905   Thumb Code    16  cm4_main.o(.text.SysTick_Handler)
    SystemCoreClockUpdate                    0x1a002915   Thumb Code    38  system_lpc43xx.o(.text.SystemCoreClockUpdate)
    SystemInit                               0x1a00293d   Thumb Code    84  system_lpc43xx.o(.text.SystemInit)
    USART3_IRQHandler                        0x1a0031c5   Thumb Code    16  usart_lpc43xx.o(.text.USART3_IRQHandler)
    USART_SetBaudrate                        0x1a004cb1   Thumb Code  1456  usart_lpc43xx.o(.text.USART_SetBaudrate)
    _delay_ms                                0x1a0057b5   Thumb Code    46  cm4_main.o(.text._delay_ms)
    main                                     0x1a0057ed   Thumb Code   502  cm4_main.o(.text.main)
    samsat_uart_init                         0x1a0059fd   Thumb Code   308  samsat_uart.o(.text.samsat_uart_init)
    samsat_uart_write                        0x1a005b31   Thumb Code   224  samsat_uart.o(.text.samsat_uart_write)
    _btod_d2e                                0x1a005c11   Thumb Code    62  btod.o(CL$$btod_d2e)
    _d2e_denorm_low                          0x1a005c4f   Thumb Code    70  btod.o(CL$$btod_d2e_denorm_low)
    _d2e_norm_op1                            0x1a005c95   Thumb Code    96  btod.o(CL$$btod_d2e_norm_op1)
    __btod_div_common                        0x1a005cf5   Thumb Code   696  btod.o(CL$$btod_div_common)
    _e2e                                     0x1a00602d   Thumb Code   220  btod.o(CL$$btod_e2e)
    _btod_ediv                               0x1a006109   Thumb Code    42  btod.o(CL$$btod_ediv)
    _btod_emul                               0x1a006133   Thumb Code    42  btod.o(CL$$btod_emul)
    __btod_mult_common                       0x1a00615d   Thumb Code   580  btod.o(CL$$btod_mult_common)
    __ARM_fpclassify                         0x1a0063a1   Thumb Code    48  fpclassify.o(i.__ARM_fpclassify)
    _is_digit                                0x1a0063d1   Thumb Code    14  __printf_wp.o(i._is_digit)
    _get_lc_numeric                          0x1a0063e1   Thumb Code    44  lc_numeric_c.o(locale$$code)
    _get_lc_ctype                            0x1a00640d   Thumb Code    44  lc_ctype_c.o(locale$$code)
    _fp_init                                 0x1a006439   Thumb Code    26  fpinit.o(x$fpl$fpinit)
    __fplib_config_fpu_vfp                   0x1a006451   Thumb Code     0  fpinit.o(x$fpl$fpinit)
    __fplib_config_pureend_doubles           0x1a006451   Thumb Code     0  fpinit.o(x$fpl$fpinit)
    _printf_fp_dec                           0x1a006453   Thumb Code     4  printf1.o(x$fpl$printf1)
    _printf_fp_hex                           0x1a006457   Thumb Code     4  printf2.o(x$fpl$printf2)
    __I$use$fp                               0x1a00645a   Number         0  usenofp.o(x$fpl$usenofp)
    Driver_USART3                            0x1a006598   Data          56  usart_lpc43xx.o(.rodata.Driver_USART3)
    LR0                                      0x1a0065d0   Data        6144  cm4_main.o(.rodata.LR0)
    Region$$Table$$Base                      0x1a007f80   Number         0  anon$$obj.o(Region$$Table)
    Region$$Table$$Limit                     0x1a007fa0   Number         0  anon$$obj.o(Region$$Table)
    __ctype                                  0x1a007fc9   Data           0  lc_ctype_c.o(locale$$data)



==============================================================================

Memory Map of the image

  Image Entry point : 0x1a000301

  Load Region LR_IROM1 (Base: 0x1a000000, Size: 0x000080e0, Max: 0x00080000, ABSOLUTE)

    Execution Region RW_IRAM1 (Exec base: 0x10000000, Load base: 0x1a0080d0, Size: 0x00000b68, Max: 0x00008000, ABSOLUTE)

    Exec Addr    Load Addr    Size         Type   Attr      Idx    E Section Name        Object

    0x10000000   0x1a0080d0   0x00000004   Data   RW          278    .data.SystemCoreClock  system_lpc43xx.o
    0x10000004   0x1a0080d4   0x00000004   Data   RW           73    .data.qrd           samsat_queue.o
    0x10000008   0x1a0080d8   0x00000004   Data   RW           72    .data.qwr           samsat_queue.o
    0x1000000c   0x1a0080dc   0x00000004   PAD
    0x10000010        -       0x00000060   Zero   RW          506    .bss                c_w.l(libspace.o)
    0x10000070        -       0x00000004   Zero   RW          222    .bss.Channel_active  gpdma_lpc43xx.o
    0x10000074        -       0x000000a0   Zero   RW          221    .bss.Channel_info   gpdma_lpc43xx.o
    0x10000114        -       0x00000004   Zero   RW          220    .bss.Init_cnt       gpdma_lpc43xx.o
    0x10000118        -       0x00000001   Zero   RW           70    .bss.M0RespFlag     samsat_queue.o
    0x10000119        -       0x00000001   Zero   RW           71    .bss.M4Flag         samsat_queue.o
    0x1000011a   0x1a0080dc   0x00000002   PAD
    0x1000011c        -       0x00000004   Zero   RW           91    .bss.UART_Event     samsat_uart.o
    0x10000120        -       0x00000034   Zero   RW          182    .bss.USART3_Info    usart_lpc43xx.o
    0x10000154        -       0x00000064   Zero   RW           32    .bss.line           cm4_main.o
    0x100001b8        -       0x00000004   Zero   RW           23    .bss.m4_cycle_counter  cm4_main.o
    0x100001bc        -       0x00000004   Zero   RW           30    .bss.main.counter   cm4_main.o
    0x100001c0        -       0x00000004   Zero   RW           28    .bss.main.i         cm4_main.o
    0x100001c4        -       0x00000100   Zero   RW           26    .bss.msg            cm4_main.o
    0x100002c4        -       0x00000008   Zero   RW           31    .bss.msg_m4         cm4_main.o
    0x100002cc        -       0x00000096   Zero   RW          101    .bss.string_to_print  developer_kit_lpc4357_rev_c.o
    0x10000362   0x1a0080dc   0x00000006   PAD
    0x10000368        -       0x00000200   Zero   RW          251    HEAP                startup_lpc43xx.o
    0x10000568        -       0x00000600   Zero   RW          250    STACK               startup_lpc43xx.o


    Execution Region ER_IROM1 (Exec base: 0x1a000000, Load base: 0x1a000000, Size: 0x000080cc, Max: 0x00080000, ABSOLUTE)

    Exec Addr    Load Addr    Size         Type   Attr      Idx    E Section Name        Object

    0x1a000000   0x1a000000   0x00000300   Data   RO          252    RESET               startup_lpc43xx.o
    0x1a000300   0x1a000300   0x00000008   Code   RO          300  * !!!main             c_w.l(__main.o)
    0x1a000308   0x1a000308   0x00000034   Code   RO          649    !!!scatter          c_w.l(__scatter.o)
    0x1a00033c   0x1a00033c   0x0000001a   Code   RO          651    !!handler_copy      c_w.l(__scatter_copy.o)
    0x1a000356   0x1a000356   0x00000002   PAD
    0x1a000358   0x1a000358   0x0000001c   Code   RO          653    !!handler_zi        c_w.l(__scatter_zi.o)
    0x1a000374   0x1a000374   0x00000000   Code   RO          388    .ARM.Collect$$_printf_percent$$00000000  c_w.l(_printf_percent.o)
    0x1a000374   0x1a000374   0x00000006   Code   RO          377    .ARM.Collect$$_printf_percent$$00000001  c_w.l(_printf_n.o)
    0x1a00037a   0x1a00037a   0x00000006   Code   RO          379    .ARM.Collect$$_printf_percent$$00000002  c_w.l(_printf_p.o)
    0x1a000380   0x1a000380   0x00000006   Code   RO          384    .ARM.Collect$$_printf_percent$$00000003  c_w.l(_printf_f.o)
    0x1a000386   0x1a000386   0x00000006   Code   RO          385    .ARM.Collect$$_printf_percent$$00000004  c_w.l(_printf_e.o)
    0x1a00038c   0x1a00038c   0x00000006   Code   RO          386    .ARM.Collect$$_printf_percent$$00000005  c_w.l(_printf_g.o)
    0x1a000392   0x1a000392   0x00000006   Code   RO          387    .ARM.Collect$$_printf_percent$$00000006  c_w.l(_printf_a.o)
    0x1a000398   0x1a000398   0x0000000a   Code   RO          392    .ARM.Collect$$_printf_percent$$00000007  c_w.l(_printf_ll.o)
    0x1a0003a2   0x1a0003a2   0x00000006   Code   RO          381    .ARM.Collect$$_printf_percent$$00000008  c_w.l(_printf_i.o)
    0x1a0003a8   0x1a0003a8   0x00000006   Code   RO          382    .ARM.Collect$$_printf_percent$$00000009  c_w.l(_printf_d.o)
    0x1a0003ae   0x1a0003ae   0x00000006   Code   RO          383    .ARM.Collect$$_printf_percent$$0000000A  c_w.l(_printf_u.o)
    0x1a0003b4   0x1a0003b4   0x00000006   Code   RO          380    .ARM.Collect$$_printf_percent$$0000000B  c_w.l(_printf_o.o)
    0x1a0003ba   0x1a0003ba   0x00000006   Code   RO          378    .ARM.Collect$$_printf_percent$$0000000C  c_w.l(_printf_x.o)
    0x1a0003c0   0x1a0003c0   0x00000006   Code   RO          389    .ARM.Collect$$_printf_percent$$0000000D  c_w.l(_printf_lli.o)
    0x1a0003c6   0x1a0003c6   0x00000006   Code   RO          390    .ARM.Collect$$_printf_percent$$0000000E  c_w.l(_printf_lld.o)
    0x1a0003cc   0x1a0003cc   0x00000006   Code   RO          391    .ARM.Collect$$_printf_percent$$0000000F  c_w.l(_printf_llu.o)
    0x1a0003d2   0x1a0003d2   0x00000006   Code   RO          396    .ARM.Collect$$_printf_percent$$00000010  c_w.l(_printf_llo.o)
    0x1a0003d8   0x1a0003d8   0x00000006   Code   RO          397    .ARM.Collect$$_printf_percent$$00000011  c_w.l(_printf_llx.o)
    0x1a0003de   0x1a0003de   0x0000000a   Code   RO          393    .ARM.Collect$$_printf_percent$$00000012  c_w.l(_printf_l.o)
    0x1a0003e8   0x1a0003e8   0x00000006   Code   RO          375    .ARM.Collect$$_printf_percent$$00000013  c_w.l(_printf_c.o)
    0x1a0003ee   0x1a0003ee   0x00000006   Code   RO          376    .ARM.Collect$$_printf_percent$$00000014  c_w.l(_printf_s.o)
    0x1a0003f4   0x1a0003f4   0x00000006   Code   RO          394    .ARM.Collect$$_printf_percent$$00000015  c_w.l(_printf_lc.o)
    0x1a0003fa   0x1a0003fa   0x00000006   Code   RO          395    .ARM.Collect$$_printf_percent$$00000016  c_w.l(_printf_ls.o)
    0x1a000400   0x1a000400   0x00000004   Code   RO          444    .ARM.Collect$$_printf_percent$$00000017  c_w.l(_printf_percent_end.o)
    0x1a000404   0x1a000404   0x00000002   Code   RO          499    .ARM.Collect$$libinit$$00000000  c_w.l(libinit.o)
    0x1a000406   0x1a000406   0x00000004   Code   RO          523    .ARM.Collect$$libinit$$00000001  c_w.l(libinit2.o)
    0x1a00040a   0x1a00040a   0x00000000   Code   RO          526    .ARM.Collect$$libinit$$00000004  c_w.l(libinit2.o)
    0x1a00040a   0x1a00040a   0x00000000   Code   RO          529    .ARM.Collect$$libinit$$0000000A  c_w.l(libinit2.o)
    0x1a00040a   0x1a00040a   0x00000000   Code   RO          531    .ARM.Collect$$libinit$$0000000C  c_w.l(libinit2.o)
    0x1a00040a   0x1a00040a   0x00000000   Code   RO          533    .ARM.Collect$$libinit$$0000000E  c_w.l(libinit2.o)
    0x1a00040a   0x1a00040a   0x00000006   Code   RO          534    .ARM.Collect$$libinit$$0000000F  c_w.l(libinit2.o)
    0x1a000410   0x1a000410   0x00000000   Code   RO          536    .ARM.Collect$$libinit$$00000011  c_w.l(libinit2.o)
    0x1a000410   0x1a000410   0x0000000c   Code   RO          537    .ARM.Collect$$libinit$$00000012  c_w.l(libinit2.o)
    0x1a00041c   0x1a00041c   0x00000000   Code   RO          538    .ARM.Collect$$libinit$$00000013  c_w.l(libinit2.o)
    0x1a00041c   0x1a00041c   0x00000000   Code   RO          540    .ARM.Collect$$libinit$$00000015  c_w.l(libinit2.o)
    0x1a00041c   0x1a00041c   0x0000000a   Code   RO          541    .ARM.Collect$$libinit$$00000016  c_w.l(libinit2.o)
    0x1a000426   0x1a000426   0x00000000   Code   RO          542    .ARM.Collect$$libinit$$00000017  c_w.l(libinit2.o)
    0x1a000426   0x1a000426   0x00000000   Code   RO          544    .ARM.Collect$$libinit$$00000019  c_w.l(libinit2.o)
    0x1a000426   0x1a000426   0x00000000   Code   RO          546    .ARM.Collect$$libinit$$0000001B  c_w.l(libinit2.o)
    0x1a000426   0x1a000426   0x00000000   Code   RO          548    .ARM.Collect$$libinit$$0000001D  c_w.l(libinit2.o)
    0x1a000426   0x1a000426   0x00000000   Code   RO          550    .ARM.Collect$$libinit$$0000001F  c_w.l(libinit2.o)
    0x1a000426   0x1a000426   0x00000000   Code   RO          552    .ARM.Collect$$libinit$$00000021  c_w.l(libinit2.o)
    0x1a000426   0x1a000426   0x00000000   Code   RO          554    .ARM.Collect$$libinit$$00000023  c_w.l(libinit2.o)
    0x1a000426   0x1a000426   0x00000000   Code   RO          556    .ARM.Collect$$libinit$$00000025  c_w.l(libinit2.o)
    0x1a000426   0x1a000426   0x00000000   Code   RO          560    .ARM.Collect$$libinit$$0000002C  c_w.l(libinit2.o)
    0x1a000426   0x1a000426   0x00000000   Code   RO          562    .ARM.Collect$$libinit$$0000002E  c_w.l(libinit2.o)
    0x1a000426   0x1a000426   0x00000000   Code   RO          564    .ARM.Collect$$libinit$$00000030  c_w.l(libinit2.o)
    0x1a000426   0x1a000426   0x00000000   Code   RO          566    .ARM.Collect$$libinit$$00000032  c_w.l(libinit2.o)
    0x1a000426   0x1a000426   0x00000002   Code   RO          567    .ARM.Collect$$libinit$$00000033  c_w.l(libinit2.o)
    0x1a000428   0x1a000428   0x00000002   Code   RO          604    .ARM.Collect$$libshutdown$$00000000  c_w.l(libshutdown.o)
    0x1a00042a   0x1a00042a   0x00000000   Code   RO          632    .ARM.Collect$$libshutdown$$00000002  c_w.l(libshutdown2.o)
    0x1a00042a   0x1a00042a   0x00000000   Code   RO          634    .ARM.Collect$$libshutdown$$00000004  c_w.l(libshutdown2.o)
    0x1a00042a   0x1a00042a   0x00000000   Code   RO          637    .ARM.Collect$$libshutdown$$00000007  c_w.l(libshutdown2.o)
    0x1a00042a   0x1a00042a   0x00000000   Code   RO          640    .ARM.Collect$$libshutdown$$0000000A  c_w.l(libshutdown2.o)
    0x1a00042a   0x1a00042a   0x00000000   Code   RO          642    .ARM.Collect$$libshutdown$$0000000C  c_w.l(libshutdown2.o)
    0x1a00042a   0x1a00042a   0x00000000   Code   RO          645    .ARM.Collect$$libshutdown$$0000000F  c_w.l(libshutdown2.o)
    0x1a00042a   0x1a00042a   0x00000002   Code   RO          646    .ARM.Collect$$libshutdown$$00000010  c_w.l(libshutdown2.o)
    0x1a00042c   0x1a00042c   0x00000000   Code   RO          302    .ARM.Collect$$rtentry$$00000000  c_w.l(__rtentry.o)
    0x1a00042c   0x1a00042c   0x00000000   Code   RO          411    .ARM.Collect$$rtentry$$00000002  c_w.l(__rtentry2.o)
    0x1a00042c   0x1a00042c   0x00000006   Code   RO          423    .ARM.Collect$$rtentry$$00000004  c_w.l(__rtentry4.o)
    0x1a000432   0x1a000432   0x00000000   Code   RO          413    .ARM.Collect$$rtentry$$00000009  c_w.l(__rtentry2.o)
    0x1a000432   0x1a000432   0x00000004   Code   RO          414    .ARM.Collect$$rtentry$$0000000A  c_w.l(__rtentry2.o)
    0x1a000436   0x1a000436   0x00000000   Code   RO          416    .ARM.Collect$$rtentry$$0000000C  c_w.l(__rtentry2.o)
    0x1a000436   0x1a000436   0x00000008   Code   RO          417    .ARM.Collect$$rtentry$$0000000D  c_w.l(__rtentry2.o)
    0x1a00043e   0x1a00043e   0x00000002   Code   RO          508    .ARM.Collect$$rtexit$$00000000  c_w.l(rtexit.o)
    0x1a000440   0x1a000440   0x00000000   Code   RO          573    .ARM.Collect$$rtexit$$00000002  c_w.l(rtexit2.o)
    0x1a000440   0x1a000440   0x00000004   Code   RO          574    .ARM.Collect$$rtexit$$00000003  c_w.l(rtexit2.o)
    0x1a000444   0x1a000444   0x00000006   Code   RO          575    .ARM.Collect$$rtexit$$00000004  c_w.l(rtexit2.o)
    0x1a00044a   0x1a00044a   0x00000002   PAD
    0x1a00044c   0x1a00044c   0x00000040   Code   RO          253    .text               startup_lpc43xx.o
    0x1a00048c   0x1a00048c   0x000000f0   Code   RO          288    .text               c_w.l(lludivv7m.o)
    0x1a00057c   0x1a00057c   0x0000002c   Code   RO          290    .text               c_w.l(sprintf.o)
    0x1a0005a8   0x1a0005a8   0x0000003e   Code   RO          292    .text               c_w.l(strlen.o)
    0x1a0005e6   0x1a0005e6   0x0000008a   Code   RO          294    .text               c_w.l(rt_memcpy_v6.o)
    0x1a000670   0x1a000670   0x00000044   Code   RO          296    .text               c_w.l(rt_memclr.o)
    0x1a0006b4   0x1a0006b4   0x00000006   Code   RO          298    .text               c_w.l(heapauxi.o)
    0x1a0006ba   0x1a0006ba   0x0000004e   Code   RO          309    .text               c_w.l(_printf_pad.o)
    0x1a000708   0x1a000708   0x00000024   Code   RO          311    .text               c_w.l(_printf_truncate.o)
    0x1a00072c   0x1a00072c   0x00000052   Code   RO          313    .text               c_w.l(_printf_str.o)
    0x1a00077e   0x1a00077e   0x00000002   PAD
    0x1a000780   0x1a000780   0x00000078   Code   RO          315    .text               c_w.l(_printf_dec.o)
    0x1a0007f8   0x1a0007f8   0x00000028   Code   RO          317    .text               c_w.l(_printf_charcount.o)
    0x1a000820   0x1a000820   0x00000030   Code   RO          319    .text               c_w.l(_printf_char_common.o)
    0x1a000850   0x1a000850   0x0000000a   Code   RO          321    .text               c_w.l(_sputc.o)
    0x1a00085a   0x1a00085a   0x00000002   PAD
    0x1a00085c   0x1a00085c   0x000000bc   Code   RO          323    .text               c_w.l(_printf_wctomb.o)
    0x1a000918   0x1a000918   0x0000007c   Code   RO          326    .text               c_w.l(_printf_longlong_dec.o)
    0x1a000994   0x1a000994   0x00000070   Code   RO          332    .text               c_w.l(_printf_oct_int_ll.o)
    0x1a000a04   0x1a000a04   0x00000094   Code   RO          352    .text               c_w.l(_printf_hex_int_ll_ptr.o)
    0x1a000a98   0x1a000a98   0x00000188   Code   RO          372    .text               c_w.l(__printf_flags_ss_wp.o)
    0x1a000c20   0x1a000c20   0x00000064   Code   RO          398    .text               c_w.l(rt_memcpy_w.o)
    0x1a000c84   0x1a000c84   0x0000004e   Code   RO          400    .text               c_w.l(rt_memclr_w.o)
    0x1a000cd2   0x1a000cd2   0x0000008a   Code   RO          427    .text               c_w.l(lludiv10.o)
    0x1a000d5c   0x1a000d5c   0x000000b2   Code   RO          429    .text               c_w.l(_printf_intcommon.o)
    0x1a000e0e   0x1a000e0e   0x0000041c   Code   RO          431    .text               c_w.l(_printf_fp_dec.o)
    0x1a00122a   0x1a00122a   0x00000002   PAD
    0x1a00122c   0x1a00122c   0x000002fc   Code   RO          435    .text               c_w.l(_printf_fp_hex.o)
    0x1a001528   0x1a001528   0x0000002c   Code   RO          440    .text               c_w.l(_printf_char.o)
    0x1a001554   0x1a001554   0x0000002c   Code   RO          442    .text               c_w.l(_printf_wchar.o)
    0x1a001580   0x1a001580   0x00000048   Code   RO          445    .text               c_w.l(_c16rtomb.o)
    0x1a0015c8   0x1a0015c8   0x0000004a   Code   RO          447    .text               c_w.l(sys_stackheap_outer.o)
    0x1a001612   0x1a001612   0x00000002   PAD
    0x1a001614   0x1a001614   0x00000010   Code   RO          449    .text               c_w.l(rt_ctype_table.o)
    0x1a001624   0x1a001624   0x00000008   Code   RO          454    .text               c_w.l(rt_locale_intlibspace.o)
    0x1a00162c   0x1a00162c   0x00000080   Code   RO          456    .text               c_w.l(_printf_fp_infnan.o)
    0x1a0016ac   0x1a0016ac   0x000000e4   Code   RO          458    .text               c_w.l(bigflt0.o)
    0x1a001790   0x1a001790   0x00000012   Code   RO          488    .text               c_w.l(exit.o)
    0x1a0017a2   0x1a0017a2   0x00000002   PAD
    0x1a0017a4   0x1a0017a4   0x00000008   Code   RO          505    .text               c_w.l(libspace.o)
    0x1a0017ac   0x1a0017ac   0x00000004   PAD
    0x1a0017b0   0x1a0017b0   0x0000007c   Code   RO          521    .text               c_w.l(strcmpv7em.o)
    0x1a00182c   0x1a00182c   0x0000000c   Code   RO          568    .text               c_w.l(sys_exit.o)
    0x1a001838   0x1a001838   0x00000002   Code   RO          593    .text               c_w.l(use_no_semi.o)
    0x1a00183a   0x1a00183a   0x00000000   Code   RO          595    .text               c_w.l(indicate_semi.o)
    0x1a00183a   0x1a00183a   0x00000002   PAD
    0x1a00183c   0x1a00183c   0x0000002e   Code   RO          208    .text.Clear_Channel_active_flag  gpdma_lpc43xx.o
    0x1a00186a   0x1a00186a   0x00000002   PAD
    0x1a00186c   0x1a00186c   0x0000024a   Code   RO          218    .text.DMA_IRQHandler  gpdma_lpc43xx.o
    0x1a001ab6   0x1a001ab6   0x00000002   PAD
    0x1a001ab8   0x1a001ab8   0x000001c2   Code   RO          204    .text.GPDMA_ChannelConfigure  gpdma_lpc43xx.o
    0x1a001c7a   0x1a001c7a   0x00000002   PAD
    0x1a001c7c   0x1a001c7c   0x00000044   Code   RO          212    .text.GPDMA_ChannelDisable  gpdma_lpc43xx.o
    0x1a001cc0   0x1a001cc0   0x00000048   Code   RO          216    .text.GPDMA_ChannelGetCount  gpdma_lpc43xx.o
    0x1a001d08   0x1a001d08   0x00000110   Code   RO          192    .text.GPDMA_Initialize  gpdma_lpc43xx.o
    0x1a001e18   0x1a001e18   0x00000052   Code   RO          202    .text.GPDMA_PeripheralSelect  gpdma_lpc43xx.o
    0x1a001e6a   0x1a001e6a   0x00000002   PAD
    0x1a001e6c   0x1a001e6c   0x0000005e   Code   RO          198    .text.GPDMA_Uninitialize  gpdma_lpc43xx.o
    0x1a001eca   0x1a001eca   0x00000002   PAD
    0x1a001ecc   0x1a001ecc   0x00000106   Code   RO          266    .text.GetClkSel     system_lpc43xx.o
    0x1a001fd2   0x1a001fd2   0x00000002   PAD
    0x1a001fd4   0x1a001fd4   0x00000144   Code   RO          262    .text.GetClockFreq  system_lpc43xx.o
    0x1a002118   0x1a002118   0x00000082   Code   RO          264    .text.GetPLL1Param  system_lpc43xx.o
    0x1a00219a   0x1a00219a   0x00000002   PAD
    0x1a00219c   0x1a00219c   0x0000000c   Code   RO           42    .text.IPC_getM0RespFlag  samsat_queue.o
    0x1a0021a8   0x1a0021a8   0x0000000c   Code   RO           46    .text.IPC_getM4Flag  samsat_queue.o
    0x1a0021b4   0x1a0021b4   0x0000007c   Code   RO           56    .text.IPC_initMsgQueue  samsat_queue.o
    0x1a002230   0x1a002230   0x00000008   Code   RO           52    .text.IPC_msgNotify  samsat_queue.o
    0x1a002238   0x1a002238   0x0000016a   Code   RO           64    .text.IPC_popMsgTout  samsat_queue.o
    0x1a0023a2   0x1a0023a2   0x00000002   PAD
    0x1a0023a4   0x1a0023a4   0x00000180   Code   RO           62    .text.IPC_pushMsgTout  samsat_queue.o
    0x1a002524   0x1a002524   0x00000018   Code   RO           44    .text.IPC_setM0RespFlag  samsat_queue.o
    0x1a00253c   0x1a00253c   0x00000018   Code   RO           48    .text.IPC_setM4Flag  samsat_queue.o
    0x1a002554   0x1a002554   0x00000012   Code   RO           18    .text.IPC_tryPopMsg  cm4_main.o
    0x1a002566   0x1a002566   0x00000002   PAD
    0x1a002568   0x1a002568   0x00000012   Code   RO           16    .text.IPC_tryPushMsg  cm4_main.o
    0x1a00257a   0x1a00257a   0x00000002   PAD
    0x1a00257c   0x1a00257c   0x00000040   Code   RO            6    .text.Load_CM0_Image  cm4_main.o
    0x1a0025bc   0x1a0025bc   0x00000016   Code   RO           50    .text.M0APP_IRQHandler  samsat_queue.o
    0x1a0025d2   0x1a0025d2   0x00000002   PAD
    0x1a0025d4   0x1a0025d4   0x00000036   Code   RO           99    .text.Print_Uart    developer_kit_lpc4357_rev_c.o
    0x1a00260a   0x1a00260a   0x00000002   PAD
    0x1a00260c   0x1a00260c   0x0000004e   Code   RO          230    .text.SCU_PinConfigure  scu_lpc43xx.o
    0x1a00265a   0x1a00265a   0x00000002   PAD
    0x1a00265c   0x1a00265c   0x000001f8   Code   RO          272    .text.SetClock      system_lpc43xx.o
    0x1a002854   0x1a002854   0x0000005c   Code   RO          206    .text.Set_Channel_active_flag  gpdma_lpc43xx.o
    0x1a0028b0   0x1a0028b0   0x00000054   Code   RO           12    .text.SysTick_Config  cm4_main.o
    0x1a002904   0x1a002904   0x00000010   Code   RO            4    .text.SysTick_Handler  cm4_main.o
    0x1a002914   0x1a002914   0x00000026   Code   RO          268    .text.SystemCoreClockUpdate  system_lpc43xx.o
    0x1a00293a   0x1a00293a   0x00000002   PAD
    0x1a00293c   0x1a00293c   0x00000054   Code   RO          270    .text.SystemInit    system_lpc43xx.o
    0x1a002990   0x1a002990   0x000007b0   Code   RO          274    .text.SystemInit_ExtMemCtl  system_lpc43xx.o
    0x1a003140   0x1a003140   0x0000001c   Code   RO          134    .text.USART3_Control  usart_lpc43xx.o
    0x1a00315c   0x1a00315c   0x00000018   Code   RO          116    .text.USART3_GetCapabilities  usart_lpc43xx.o
    0x1a003174   0x1a003174   0x00000018   Code   RO          140    .text.USART3_GetModemStatus  usart_lpc43xx.o
    0x1a00318c   0x1a00318c   0x00000010   Code   RO          132    .text.USART3_GetRxCount  usart_lpc43xx.o
    0x1a00319c   0x1a00319c   0x00000018   Code   RO          136    .text.USART3_GetStatus  usart_lpc43xx.o
    0x1a0031b4   0x1a0031b4   0x00000010   Code   RO          130    .text.USART3_GetTxCount  usart_lpc43xx.o
    0x1a0031c4   0x1a0031c4   0x00000010   Code   RO          110    .text.USART3_IRQHandler  usart_lpc43xx.o
    0x1a0031d4   0x1a0031d4   0x00000018   Code   RO          118    .text.USART3_Initialize  usart_lpc43xx.o
    0x1a0031ec   0x1a0031ec   0x0000001c   Code   RO          122    .text.USART3_PowerControl  usart_lpc43xx.o
    0x1a003208   0x1a003208   0x0000001c   Code   RO          126    .text.USART3_Receive  usart_lpc43xx.o
    0x1a003224   0x1a003224   0x0000001c   Code   RO          124    .text.USART3_Send   usart_lpc43xx.o
    0x1a003240   0x1a003240   0x0000001c   Code   RO          138    .text.USART3_SetModemControl  usart_lpc43xx.o
    0x1a00325c   0x1a00325c   0x00000020   Code   RO          128    .text.USART3_Transfer  usart_lpc43xx.o
    0x1a00327c   0x1a00327c   0x00000010   Code   RO          120    .text.USART3_Uninitialize  usart_lpc43xx.o
    0x1a00328c   0x1a00328c   0x00000a66   Code   RO          152    .text.USART_Control  usart_lpc43xx.o
    0x1a003cf2   0x1a003cf2   0x00000002   PAD
    0x1a003cf4   0x1a003cf4   0x00000010   Code   RO          144    .text.USART_GetCapabilities  usart_lpc43xx.o
    0x1a003d04   0x1a003d04   0x000000bc   Code   RO          176    .text.USART_GetModemStatus  usart_lpc43xx.o
    0x1a003dc0   0x1a003dc0   0x0000002c   Code   RO          170    .text.USART_GetRxCount  usart_lpc43xx.o
    0x1a003dec   0x1a003dec   0x000000ae   Code   RO          172    .text.USART_GetStatus  usart_lpc43xx.o
    0x1a003e9a   0x1a003e9a   0x00000002   PAD
    0x1a003e9c   0x1a003e9c   0x0000002c   Code   RO          168    .text.USART_GetTxCount  usart_lpc43xx.o
    0x1a003ec8   0x1a003ec8   0x00000370   Code   RO          112    .text.USART_IRQHandler  usart_lpc43xx.o
    0x1a004238   0x1a004238   0x00000150   Code   RO          146    .text.USART_Initialize  usart_lpc43xx.o
    0x1a004388   0x1a004388   0x00000108   Code   RO          160    .text.USART_PIN_Configure  usart_lpc43xx.o
    0x1a004490   0x1a004490   0x0000038c   Code   RO          150    .text.USART_PowerControl  usart_lpc43xx.o
    0x1a00481c   0x1a00481c   0x00000190   Code   RO          164    .text.USART_Receive  usart_lpc43xx.o
    0x1a0049ac   0x1a0049ac   0x000000b8   Code   RO          142    .text.USART_RxLineIntHandler  usart_lpc43xx.o
    0x1a004a64   0x1a004a64   0x0000024a   Code   RO          162    .text.USART_Send    usart_lpc43xx.o
    0x1a004cae   0x1a004cae   0x00000002   PAD
    0x1a004cb0   0x1a004cb0   0x000005b0   Code   RO          108    .text.USART_SetBaudrate  usart_lpc43xx.o
    0x1a005260   0x1a005260   0x000000f2   Code   RO          174    .text.USART_SetModemControl  usart_lpc43xx.o
    0x1a005352   0x1a005352   0x00000002   PAD
    0x1a005354   0x1a005354   0x000000aa   Code   RO          166    .text.USART_Transfer  usart_lpc43xx.o
    0x1a0053fe   0x1a0053fe   0x00000002   PAD
    0x1a005400   0x1a005400   0x0000013c   Code   RO          148    .text.USART_Uninitialize  usart_lpc43xx.o
    0x1a00553c   0x1a00553c   0x00000014   Code   RO          114    .text.USARTx_GetVersion  usart_lpc43xx.o
    0x1a005550   0x1a005550   0x0000004c   Code   RO          276    .text.WaitUs        system_lpc43xx.o
    0x1a00559c   0x1a00559c   0x00000030   Code   RO          156    .text.__NVIC_ClearPendingIRQ  usart_lpc43xx.o
    0x1a0055cc   0x1a0055cc   0x00000030   Code   RO          194    .text.__NVIC_ClearPendingIRQ  gpdma_lpc43xx.o
    0x1a0055fc   0x1a0055fc   0x00000038   Code   RO          154    .text.__NVIC_DisableIRQ  usart_lpc43xx.o
    0x1a005634   0x1a005634   0x00000038   Code   RO          200    .text.__NVIC_DisableIRQ  gpdma_lpc43xx.o
    0x1a00566c   0x1a00566c   0x00000030   Code   RO           14    .text.__NVIC_EnableIRQ  cm4_main.o
    0x1a00569c   0x1a00569c   0x00000030   Code   RO           60    .text.__NVIC_EnableIRQ  samsat_queue.o
    0x1a0056cc   0x1a0056cc   0x00000030   Code   RO          158    .text.__NVIC_EnableIRQ  usart_lpc43xx.o
    0x1a0056fc   0x1a0056fc   0x00000030   Code   RO          196    .text.__NVIC_EnableIRQ  gpdma_lpc43xx.o
    0x1a00572c   0x1a00572c   0x00000042   Code   RO           20    .text.__NVIC_SetPriority  cm4_main.o
    0x1a00576e   0x1a00576e   0x00000002   PAD
    0x1a005770   0x1a005770   0x00000042   Code   RO           58    .text.__NVIC_SetPriority  samsat_queue.o
    0x1a0057b2   0x1a0057b2   0x00000002   PAD
    0x1a0057b4   0x1a0057b4   0x0000002e   Code   RO            2    .text._delay_ms     cm4_main.o
    0x1a0057e2   0x1a0057e2   0x00000002   PAD
    0x1a0057e4   0x1a0057e4   0x00000008   Code   RO           54    .text.ipc_send_signal  samsat_queue.o
    0x1a0057ec   0x1a0057ec   0x000001f6   Code   RO           10    .text.main          cm4_main.o
    0x1a0059e2   0x1a0059e2   0x00000002   PAD
    0x1a0059e4   0x1a0059e4   0x00000018   Code   RO           85    .text.myUSART_callback  samsat_uart.o
    0x1a0059fc   0x1a0059fc   0x00000134   Code   RO           83    .text.samsat_uart_init  samsat_uart.o
    0x1a005b30   0x1a005b30   0x000000e0   Code   RO           87    .text.samsat_uart_write  samsat_uart.o
    0x1a005c10   0x1a005c10   0x0000003e   Code   RO          461    CL$$btod_d2e        c_w.l(btod.o)
    0x1a005c4e   0x1a005c4e   0x00000046   Code   RO          463    CL$$btod_d2e_denorm_low  c_w.l(btod.o)
    0x1a005c94   0x1a005c94   0x00000060   Code   RO          462    CL$$btod_d2e_norm_op1  c_w.l(btod.o)
    0x1a005cf4   0x1a005cf4   0x00000338   Code   RO          471    CL$$btod_div_common  c_w.l(btod.o)
    0x1a00602c   0x1a00602c   0x000000dc   Code   RO          468    CL$$btod_e2e        c_w.l(btod.o)
    0x1a006108   0x1a006108   0x0000002a   Code   RO          465    CL$$btod_ediv       c_w.l(btod.o)
    0x1a006132   0x1a006132   0x0000002a   Code   RO          464    CL$$btod_emul       c_w.l(btod.o)
    0x1a00615c   0x1a00615c   0x00000244   Code   RO          470    CL$$btod_mult_common  c_w.l(btod.o)
    0x1a0063a0   0x1a0063a0   0x00000030   Code   RO          503    i.__ARM_fpclassify  m_wm.l(fpclassify.o)
    0x1a0063d0   0x1a0063d0   0x0000000e   Code   RO          365    i._is_digit         c_w.l(__printf_wp.o)
    0x1a0063de   0x1a0063de   0x00000002   PAD
    0x1a0063e0   0x1a0063e0   0x0000002c   Code   RO          486    locale$$code        c_w.l(lc_numeric_c.o)
    0x1a00640c   0x1a00640c   0x0000002c   Code   RO          515    locale$$code        c_w.l(lc_ctype_c.o)
    0x1a006438   0x1a006438   0x0000001a   Code   RO          587    x$fpl$fpinit        fz_wm.l(fpinit.o)
    0x1a006452   0x1a006452   0x00000004   Code   RO          402    x$fpl$printf1       fz_wm.l(printf1.o)
    0x1a006456   0x1a006456   0x00000004   Code   RO          404    x$fpl$printf2       fz_wm.l(printf2.o)
    0x1a00645a   0x1a00645a   0x00000000   Code   RO          502    x$fpl$usenofp       fz_wm.l(usenofp.o)
    0x1a00645a   0x1a00645a   0x00000002   PAD
    0x1a00645c   0x1a00645c   0x00000008   Data   RO          324    .constdata          c_w.l(_printf_wctomb.o)
    0x1a006464   0x1a006464   0x00000028   Data   RO          353    .constdata          c_w.l(_printf_hex_int_ll_ptr.o)
    0x1a00648c   0x1a00648c   0x00000011   Data   RO          373    .constdata          c_w.l(__printf_flags_ss_wp.o)
    0x1a00649d   0x1a00649d   0x00000026   Data   RO          436    .constdata          c_w.l(_printf_fp_hex.o)
    0x1a0064c3   0x1a0064c3   0x00000001   PAD
    0x1a0064c4   0x1a0064c4   0x00000094   Data   RO          459    .constdata          c_w.l(bigflt0.o)
    0x1a006558   0x1a006558   0x00000012   Data   RO           24    .rodata..L.str      cm4_main.o
    0x1a00656a   0x1a00656a   0x0000000b   Data   RO           25    .rodata..L.str.1    cm4_main.o
    0x1a006575   0x1a006575   0x00000011   Data   RO           27    .rodata..L.str.2    cm4_main.o
    0x1a006586   0x1a006586   0x0000000f   Data   RO           33    .rodata..L.str.3    cm4_main.o
    0x1a006595   0x1a006595   0x00000003   PAD
    0x1a006598   0x1a006598   0x00000038   Data   RO          179    .rodata.Driver_USART3  usart_lpc43xx.o
    0x1a0065d0   0x1a0065d0   0x00001800   Data   RO           22    .rodata.LR0         cm4_main.o
    0x1a007dd0   0x1a007dd0   0x00000068   Data   RO          183    .rodata.USART3_Resources  usart_lpc43xx.o
    0x1a007e38   0x1a007e38   0x00000008   Data   RO          181    .rodata.USART3_pin_rx  usart_lpc43xx.o
    0x1a007e40   0x1a007e40   0x00000008   Data   RO          180    .rodata.USART3_pin_tx  usart_lpc43xx.o
    0x1a007e48   0x1a007e48   0x00000014   Data   RO          279    .rodata.emcdivby2_opc  system_lpc43xx.o
    0x1a007e5c   0x1a007e5c   0x00000120   Data   RO          178    .rodata.fract_div_lookup_table  usart_lpc43xx.o
    0x1a007f7c   0x1a007f7c   0x00000004   Data   RO          184    .rodata.usart_driver_version  usart_lpc43xx.o
    0x1a007f80   0x1a007f80   0x00000020   Data   RO          648    Region$$Table       anon$$obj.o
    0x1a007fa0   0x1a007fa0   0x0000001c   Data   RO          485    locale$$data        c_w.l(lc_numeric_c.o)
    0x1a007fbc   0x1a007fbc   0x00000110   Data   RO          514    locale$$data        c_w.l(lc_ctype_c.o)


==============================================================================

Image component sizes


      Code (inc. data)   RO Data    RW Data    ZI Data      Debug   Object Name

       862          0       6205          0        376      10107   cm4_main.o
        54          0          0          0        150       3245   developer_kit_lpc4357_rev_c.o
      1914          0          0          0        168      13844   gpdma_lpc43xx.o
      1094          0          0          8          2       6219   samsat_queue.o
       556          0          0          0          4       4828   samsat_uart.o
        78          0          0          0          0       6946   scu_lpc43xx.o
        64         26        768          0       2048        880   startup_lpc43xx.o
      3386         36         20          4          0      18593   system_lpc43xx.o
      9374         52        468          0         52      21803   usart_lpc43xx.o

    ----------------------------------------------------------------------
     17428        114       7496         12       2812      86465   Object Totals
         0          0         32          0          0          0   (incl. Generated)
        46          0          3          0         12          0   (incl. Padding)

    ----------------------------------------------------------------------

      Code (inc. data)   RO Data    RW Data    ZI Data      Debug   Library Member Name

         8          0          0          0          0         68   __main.o
       392          4         17          0          0         92   __printf_flags_ss_wp.o
        14          0          0          0          0         68   __printf_wp.o
         0          0          0          0          0          0   __rtentry.o
        12          0          0          0          0          0   __rtentry2.o
         6          0          0          0          0          0   __rtentry4.o
        52          8          0          0          0          0   __scatter.o
        26          0          0          0          0          0   __scatter_copy.o
        28          0          0          0          0          0   __scatter_zi.o
        72          0          0          0          0         96   _c16rtomb.o
         6          0          0          0          0          0   _printf_a.o
         6          0          0          0          0          0   _printf_c.o
        44          0          0          0          0        108   _printf_char.o
        48          6          0          0          0         96   _printf_char_common.o
        40          0          0          0          0         68   _printf_charcount.o
         6          0          0          0          0          0   _printf_d.o
       120         16          0          0          0         92   _printf_dec.o
         6          0          0          0          0          0   _printf_e.o
         6          0          0          0          0          0   _printf_f.o
      1052          0          0          0          0        148   _printf_fp_dec.o
       764          8         38          0          0        100   _printf_fp_hex.o
       128         16          0          0          0         84   _printf_fp_infnan.o
         6          0          0          0          0          0   _printf_g.o
       148          4         40          0          0        160   _printf_hex_int_ll_ptr.o
         6          0          0          0          0          0   _printf_i.o
       178          0          0          0          0         88   _printf_intcommon.o
        10          0          0          0          0          0   _printf_l.o
         6          0          0          0          0          0   _printf_lc.o
        10          0          0          0          0          0   _printf_ll.o
         6          0          0          0          0          0   _printf_lld.o
         6          0          0          0          0          0   _printf_lli.o
         6          0          0          0          0          0   _printf_llo.o
         6          0          0          0          0          0   _printf_llu.o
         6          0          0          0          0          0   _printf_llx.o
       124         16          0          0          0         92   _printf_longlong_dec.o
         6          0          0          0          0          0   _printf_ls.o
         6          0          0          0          0          0   _printf_n.o
         6          0          0          0          0          0   _printf_o.o
       112          8          0          0          0        124   _printf_oct_int_ll.o
         6          0          0          0          0          0   _printf_p.o
        78          0          0          0          0        108   _printf_pad.o
         0          0          0          0          0          0   _printf_percent.o
         4          0          0          0          0          0   _printf_percent_end.o
         6          0          0          0          0          0   _printf_s.o
        82          0          0          0          0         80   _printf_str.o
        36          0          0          0          0         84   _printf_truncate.o
         6          0          0          0          0          0   _printf_u.o
        44          0          0          0          0        108   _printf_wchar.o
       188          6          8          0          0         92   _printf_wctomb.o
         6          0          0          0          0          0   _printf_x.o
        10          0          0          0          0         68   _sputc.o
       228          4        148          0          0         96   bigflt0.o
      1936        128          0          0          0        668   btod.o
        18          0          0          0          0         80   exit.o
         6          0          0          0          0        152   heapauxi.o
         0          0          0          0          0          0   indicate_semi.o
        44         10        272          0          0         76   lc_ctype_c.o
        44         10         28          0          0         76   lc_numeric_c.o
         2          0          0          0          0          0   libinit.o
        34          0          0          0          0          0   libinit2.o
         2          0          0          0          0          0   libshutdown.o
         2          0          0          0          0          0   libshutdown2.o
         8          4          0          0         96         68   libspace.o
       138          0          0          0          0         80   lludiv10.o
       240          0          0          0          0        100   lludivv7m.o
        16          4          0          0          0         76   rt_ctype_table.o
         8          4          0          0          0         68   rt_locale_intlibspace.o
        68          0          0          0          0         68   rt_memclr.o
        78          0          0          0          0         80   rt_memclr_w.o
       138          0          0          0          0         68   rt_memcpy_v6.o
       100          0          0          0          0         80   rt_memcpy_w.o
         2          0          0          0          0          0   rtexit.o
        10          0          0          0          0          0   rtexit2.o
        44          6          0          0          0         84   sprintf.o
       124          0          0          0          0         88   strcmpv7em.o
        62          0          0          0          0         76   strlen.o
        12          4          0          0          0         68   sys_exit.o
        74          0          0          0          0         80   sys_stackheap_outer.o
         2          0          0          0          0         68   use_no_semi.o
        26          0          0          0          0        116   fpinit.o
         4          0          0          0          0        116   printf1.o
         4          0          0          0          0        116   printf2.o
         0          0          0          0          0          0   usenofp.o
        48          0          0          0          0        124   fpclassify.o

    ----------------------------------------------------------------------
      7496        270        552          0         96       4796   Library Totals
        24          4          1          0          0          0   (incl. Padding)

    ----------------------------------------------------------------------

      Code (inc. data)   RO Data    RW Data    ZI Data      Debug   Library Name

      7390        266        551          0         96       4324   c_w.l
        34          0          0          0          0        348   fz_wm.l
        48          0          0          0          0        124   m_wm.l

    ----------------------------------------------------------------------
      7496        270        552          0         96       4796   Library Totals

    ----------------------------------------------------------------------

==============================================================================


      Code (inc. data)   RO Data    RW Data    ZI Data      Debug   

     24924        384       8048         12       2908      88581   Grand Totals
     24924        384       8048         12       2908      88581   ELF Image Totals
     24924        384       8048         12          0          0   ROM Totals

==============================================================================

    Total RO  Size (Code + RO Data)                32972 (  32.20kB)
    Total RW  Size (RW Data + ZI Data)              2920 (   2.85kB)
    Total ROM Size (Code + RO Data + RW Data)      32984 (  32.21kB)

==============================================================================

