<!doctype html public "-//w3c//dtd html 4.0 transitional//en">
<html><head>
<title>Static Call Graph - [.\Objects\OBC_CM0.axf]</title></head>
<body><HR>
<H1>Static Call Graph for image .\Objects\OBC_CM0.axf</H1><HR>
<BR><P>#&#060CALLGRAPH&#062# ARM Linker, 6160001: Last Updated: Fri Feb 10 18:31:39 2023
<BR><P>
<H3>Maximum Stack Usage =        176 bytes + Unknown(Cycles, Untraceable Function Pointers)</H3><H3>
Call chain for Maximum Stack Depth:</H3>
main &rArr; IPC_tryPushMsg &rArr; IPC_pushMsgTout &rArr; __aeabi_uidiv
<P>
<H3>
Mutually Recursive functions
</H3> <LI><a href="#[1]">M0_NMI_Handler</a>&nbsp;&nbsp;&nbsp;&rArr;&nbsp;&nbsp;&nbsp;<a href="#[1]">M0_NMI_Handler</a><BR>
 <LI><a href="#[2]">M0_HardFault_Handler</a>&nbsp;&nbsp;&nbsp;&rArr;&nbsp;&nbsp;&nbsp;<a href="#[2]">M0_HardFault_Handler</a><BR>
 <LI><a href="#[3]">M0_SVC_Handler</a>&nbsp;&nbsp;&nbsp;&rArr;&nbsp;&nbsp;&nbsp;<a href="#[3]">M0_SVC_Handler</a><BR>
 <LI><a href="#[4]">M0_DebugMon_Handler</a>&nbsp;&nbsp;&nbsp;&rArr;&nbsp;&nbsp;&nbsp;<a href="#[4]">M0_DebugMon_Handler</a><BR>
 <LI><a href="#[5]">M0_PendSV_Handler</a>&nbsp;&nbsp;&nbsp;&rArr;&nbsp;&nbsp;&nbsp;<a href="#[5]">M0_PendSV_Handler</a><BR>
 <LI><a href="#[6]">M0_SysTick_Handler</a>&nbsp;&nbsp;&nbsp;&rArr;&nbsp;&nbsp;&nbsp;<a href="#[6]">M0_SysTick_Handler</a><BR>
 <LI><a href="#[17]">M0_ADC0_IRQHandler</a>&nbsp;&nbsp;&nbsp;&rArr;&nbsp;&nbsp;&nbsp;<a href="#[17]">M0_ADC0_IRQHandler</a><BR>
</UL>
<P>
<H3>
Function Pointers
</H3><UL>
 <LI><a href="#[17]">M0_ADC0_IRQHandler</a> from startup_lpc43xx_m0.o(.text) referenced from startup_lpc43xx_m0.o(RESET)
 <LI><a href="#[1b]">M0_ADC1_IRQHandler</a> from startup_lpc43xx_m0.o(.text) referenced from startup_lpc43xx_m0.o(RESET)
 <LI><a href="#[23]">M0_C_CAN0_IRQHandler</a> from startup_lpc43xx_m0.o(.text) referenced from startup_lpc43xx_m0.o(RESET)
 <LI><a href="#[9]">M0_DMA_IRQHandler</a> from startup_lpc43xx_m0.o(.text) referenced from startup_lpc43xx_m0.o(RESET)
 <LI><a href="#[4]">M0_DebugMon_Handler</a> from startup_lpc43xx_m0.o(.text) referenced from startup_lpc43xx_m0.o(RESET)
 <LI><a href="#[b]">M0_ETHERNET_IRQHandler</a> from startup_lpc43xx_m0.o(.text) referenced from startup_lpc43xx_m0.o(RESET)
 <LI><a href="#[1d]">M0_EVENTROUTER_IRQHandler</a> from startup_lpc43xx_m0.o(.text) referenced from startup_lpc43xx_m0.o(RESET)
 <LI><a href="#[a]">M0_FLASHEEPROMAT_IRQHandler</a> from startup_lpc43xx_m0.o(.text) referenced from startup_lpc43xx_m0.o(RESET)
 <LI><a href="#[13]">M0_GINT1_IRQHandler</a> from startup_lpc43xx_m0.o(.text) referenced from startup_lpc43xx_m0.o(RESET)
 <LI><a href="#[2]">M0_HardFault_Handler</a> from startup_lpc43xx_m0.o(.text) referenced from startup_lpc43xx_m0.o(RESET)
 <LI><a href="#[18]">M0_I2C0_OR_I2C1_IRQHandler</a> from startup_lpc43xx_m0.o(.text) referenced from startup_lpc43xx_m0.o(RESET)
 <LI><a href="#[22]">M0_I2S0_OR_I2S1_QEI_IRQHandler</a> from startup_lpc43xx_m0.o(.text) referenced from startup_lpc43xx_m0.o(RESET)
 <LI><a href="#[d]">M0_LCD_IRQHandler</a> from startup_lpc43xx_m0.o(.text) referenced from startup_lpc43xx_m0.o(RESET)
 <LI><a href="#[25]">M0_M0SUB_IRQHandler</a> from startup_lpc43xx_m0.o(.text) referenced from startup_lpc43xx_m0.o(RESET)
 <LI><a href="#[8]">M0_M4CORE_IRQHandler</a> from samsat_queue.o(.text) referenced from startup_lpc43xx_m0.o(RESET)
 <LI><a href="#[16]">M0_MCPWM_IRQHandler</a> from startup_lpc43xx_m0.o(.text) referenced from startup_lpc43xx_m0.o(RESET)
 <LI><a href="#[1]">M0_NMI_Handler</a> from startup_lpc43xx_m0.o(.text) referenced from startup_lpc43xx_m0.o(RESET)
 <LI><a href="#[14]">M0_PIN_INT4_IRQHandler</a> from startup_lpc43xx_m0.o(.text) referenced from startup_lpc43xx_m0.o(RESET)
 <LI><a href="#[5]">M0_PendSV_Handler</a> from startup_lpc43xx_m0.o(.text) referenced from startup_lpc43xx_m0.o(RESET)
 <LI><a href="#[11]">M0_RITIMER_OR_WWDT_IRQHandler</a> from cm0_main.o(.text) referenced from startup_lpc43xx_m0.o(RESET)
 <LI><a href="#[7]">M0_RTC_IRQHandler</a> from startup_lpc43xx_m0.o(.text) referenced from startup_lpc43xx_m0.o(RESET)
 <LI><a href="#[0]">M0_Reset_Handler</a> from startup_lpc43xx_m0.o(.text) referenced from startup_lpc43xx_m0.o(RESET)
 <LI><a href="#[10]">M0_SCT_IRQHandler</a> from startup_lpc43xx_m0.o(.text) referenced from startup_lpc43xx_m0.o(RESET)
 <LI><a href="#[c]">M0_SDIO_IRQHandler</a> from startup_lpc43xx_m0.o(.text) referenced from startup_lpc43xx_m0.o(RESET)
 <LI><a href="#[19]">M0_SGPIO_IRQHandler</a> from startup_lpc43xx_m0.o(.text) referenced from startup_lpc43xx_m0.o(RESET)
 <LI><a href="#[24]">M0_SPIFI_OR_ADCHS_IRQHandler</a> from startup_lpc43xx_m0.o(.text) referenced from startup_lpc43xx_m0.o(RESET)
 <LI><a href="#[1a]">M0_SPI_OR_DAC_IRQHandler</a> from startup_lpc43xx_m0.o(.text) referenced from startup_lpc43xx_m0.o(RESET)
 <LI><a href="#[1c]">M0_SSP0_OR_SSP1_IRQHandler</a> from startup_lpc43xx_m0.o(.text) referenced from startup_lpc43xx_m0.o(RESET)
 <LI><a href="#[3]">M0_SVC_Handler</a> from startup_lpc43xx_m0.o(.text) referenced from startup_lpc43xx_m0.o(RESET)
 <LI><a href="#[6]">M0_SysTick_Handler</a> from startup_lpc43xx_m0.o(.text) referenced from startup_lpc43xx_m0.o(RESET)
 <LI><a href="#[12]">M0_TIMER0_IRQHandler</a> from startup_lpc43xx_m0.o(.text) referenced from startup_lpc43xx_m0.o(RESET)
 <LI><a href="#[15]">M0_TIMER3_IRQHandler</a> from startup_lpc43xx_m0.o(.text) referenced from startup_lpc43xx_m0.o(RESET)
 <LI><a href="#[1f]">M0_UART1_IRQHandler</a> from startup_lpc43xx_m0.o(.text) referenced from startup_lpc43xx_m0.o(RESET)
 <LI><a href="#[1e]">M0_USART0_IRQHandler</a> from startup_lpc43xx_m0.o(.text) referenced from startup_lpc43xx_m0.o(RESET)
 <LI><a href="#[20]">M0_USART2_OR_C_CAN1_IRQHandler</a> from startup_lpc43xx_m0.o(.text) referenced from startup_lpc43xx_m0.o(RESET)
 <LI><a href="#[21]">M0_USART3_IRQHandler</a> from startup_lpc43xx_m0.o(.text) referenced from startup_lpc43xx_m0.o(RESET)
 <LI><a href="#[e]">M0_USB0_IRQHandler</a> from startup_lpc43xx_m0.o(.text) referenced from startup_lpc43xx_m0.o(RESET)
 <LI><a href="#[f]">M0_USB1_IRQHandler</a> from startup_lpc43xx_m0.o(.text) referenced from startup_lpc43xx_m0.o(RESET)
 <LI><a href="#[27]">__main</a> from entry.o(.ARM.Collect$$$$00000000) referenced from startup_lpc43xx_m0.o(.text)
 <LI><a href="#[28]">_sputc</a> from printfa.o(i._sputc) referenced from printfa.o(i.__0sprintf)
 <LI><a href="#[26]">main</a> from cm0_main.o(.text) referenced from entry9a.o(.ARM.Collect$$$$0000000B)
</UL>
<P>
<H3>
Global Symbols
</H3>
<P><STRONG><a name="[27]"></a>__main</STRONG> (Thumb, 0 bytes, Stack size unknown bytes, entry.o(.ARM.Collect$$$$00000000))
<BR>[Address Reference Count : 1]<UL><LI> startup_lpc43xx_m0.o(.text)
</UL>
<P><STRONG><a name="[54]"></a>_main_stk</STRONG> (Thumb, 0 bytes, Stack size unknown bytes, entry2.o(.ARM.Collect$$$$00000001))

<P><STRONG><a name="[29]"></a>_main_scatterload</STRONG> (Thumb, 0 bytes, Stack size unknown bytes, entry5.o(.ARM.Collect$$$$00000004))
<BR><BR>[Calls]<UL><LI><a href="#[2a]">&gt;&gt;</a>&nbsp;&nbsp;&nbsp;__scatterload
</UL>

<P><STRONG><a name="[4c]"></a>__main_after_scatterload</STRONG> (Thumb, 0 bytes, Stack size unknown bytes, entry5.o(.ARM.Collect$$$$00000004))
<BR><BR>[Called By]<UL><LI><a href="#[2a]">&gt;&gt;</a>&nbsp;&nbsp;&nbsp;__scatterload
</UL>

<P><STRONG><a name="[55]"></a>_main_clock</STRONG> (Thumb, 0 bytes, Stack size unknown bytes, entry7b.o(.ARM.Collect$$$$00000008))

<P><STRONG><a name="[56]"></a>_main_cpp_init</STRONG> (Thumb, 0 bytes, Stack size unknown bytes, entry8b.o(.ARM.Collect$$$$0000000A))

<P><STRONG><a name="[57]"></a>_main_init</STRONG> (Thumb, 0 bytes, Stack size unknown bytes, entry9a.o(.ARM.Collect$$$$0000000B))

<P><STRONG><a name="[58]"></a>__rt_final_cpp</STRONG> (Thumb, 0 bytes, Stack size unknown bytes, entry10a.o(.ARM.Collect$$$$0000000D))

<P><STRONG><a name="[59]"></a>__rt_final_exit</STRONG> (Thumb, 0 bytes, Stack size unknown bytes, entry11a.o(.ARM.Collect$$$$0000000F))

<P><STRONG><a name="[5a]"></a>_delay_ms</STRONG> (Thumb, 36 bytes, Stack size 8 bytes, cm0_main.o(.text), UNUSED)

<P><STRONG><a name="[2b]"></a>RIT_Config</STRONG> (Thumb, 52 bytes, Stack size 16 bytes, cm0_main.o(.text))
<BR><BR>[Stack]<UL><LI>Max Depth = 40<LI>Call Chain = RIT_Config &rArr; __NVIC_SetPriority
</UL>
<BR>[Calls]<UL><LI><a href="#[2c]">&gt;&gt;</a>&nbsp;&nbsp;&nbsp;__NVIC_SetPriority
<LI><a href="#[2d]">&gt;&gt;</a>&nbsp;&nbsp;&nbsp;__NVIC_EnableIRQ
</UL>
<BR>[Called By]<UL><LI><a href="#[26]">&gt;&gt;</a>&nbsp;&nbsp;&nbsp;main
</UL>

<P><STRONG><a name="[11]"></a>M0_RITIMER_OR_WWDT_IRQHandler</STRONG> (Thumb, 20 bytes, Stack size 0 bytes, cm0_main.o(.text))
<BR>[Address Reference Count : 1]<UL><LI> startup_lpc43xx_m0.o(RESET)
</UL>
<P><STRONG><a name="[26]"></a>main</STRONG> (Thumb, 252 bytes, Stack size 96 bytes, cm0_main.o(.text))
<BR><BR>[Stack]<UL><LI>Max Depth = 176<LI>Call Chain = main &rArr; IPC_tryPushMsg &rArr; IPC_pushMsgTout &rArr; __aeabi_uidiv
</UL>
<BR>[Calls]<UL><LI><a href="#[35]">&gt;&gt;</a>&nbsp;&nbsp;&nbsp;__aeabi_uidivmod
<LI><a href="#[2e]">&gt;&gt;</a>&nbsp;&nbsp;&nbsp;__aeabi_uidiv
<LI><a href="#[36]">&gt;&gt;</a>&nbsp;&nbsp;&nbsp;sprintf
<LI><a href="#[33]">&gt;&gt;</a>&nbsp;&nbsp;&nbsp;__aeabi_memset
<LI><a href="#[2b]">&gt;&gt;</a>&nbsp;&nbsp;&nbsp;RIT_Config
<LI><a href="#[32]">&gt;&gt;</a>&nbsp;&nbsp;&nbsp;IPC_setM4Flag
<LI><a href="#[30]">&gt;&gt;</a>&nbsp;&nbsp;&nbsp;IPC_msgNotify
<LI><a href="#[2f]">&gt;&gt;</a>&nbsp;&nbsp;&nbsp;IPC_initMsgQueue
<LI><a href="#[31]">&gt;&gt;</a>&nbsp;&nbsp;&nbsp;IPC_getM4Flag
<LI><a href="#[2d]">&gt;&gt;</a>&nbsp;&nbsp;&nbsp;__NVIC_EnableIRQ
<LI><a href="#[37]">&gt;&gt;</a>&nbsp;&nbsp;&nbsp;IPC_tryPushMsg
<LI><a href="#[34]">&gt;&gt;</a>&nbsp;&nbsp;&nbsp;IPC_tryPopMsg
</UL>
<BR>[Address Reference Count : 1]<UL><LI> entry9a.o(.ARM.Collect$$$$0000000B)
</UL>
<P><STRONG><a name="[31]"></a>IPC_getM4Flag</STRONG> (Thumb, 8 bytes, Stack size 0 bytes, samsat_queue.o(.text))
<BR><BR>[Called By]<UL><LI><a href="#[26]">&gt;&gt;</a>&nbsp;&nbsp;&nbsp;main
</UL>

<P><STRONG><a name="[32]"></a>IPC_setM4Flag</STRONG> (Thumb, 16 bytes, Stack size 4 bytes, samsat_queue.o(.text))
<BR><BR>[Stack]<UL><LI>Max Depth = 4<LI>Call Chain = IPC_setM4Flag
</UL>
<BR>[Called By]<UL><LI><a href="#[8]">&gt;&gt;</a>&nbsp;&nbsp;&nbsp;M0_M4CORE_IRQHandler
<LI><a href="#[26]">&gt;&gt;</a>&nbsp;&nbsp;&nbsp;main
</UL>

<P><STRONG><a name="[8]"></a>M0_M4CORE_IRQHandler</STRONG> (Thumb, 16 bytes, Stack size 8 bytes, samsat_queue.o(.text))
<BR><BR>[Stack]<UL><LI>Max Depth = 12<LI>Call Chain = M0_M4CORE_IRQHandler &rArr; IPC_setM4Flag
</UL>
<BR>[Calls]<UL><LI><a href="#[32]">&gt;&gt;</a>&nbsp;&nbsp;&nbsp;IPC_setM4Flag
</UL>
<BR>[Address Reference Count : 1]<UL><LI> startup_lpc43xx_m0.o(RESET)
</UL>
<P><STRONG><a name="[30]"></a>IPC_msgNotify</STRONG> (Thumb, 8 bytes, Stack size 8 bytes, samsat_queue.o(.text))
<BR><BR>[Stack]<UL><LI>Max Depth = 8<LI>Call Chain = IPC_msgNotify
</UL>
<BR>[Calls]<UL><LI><a href="#[3a]">&gt;&gt;</a>&nbsp;&nbsp;&nbsp;ipc_send_signal
</UL>
<BR>[Called By]<UL><LI><a href="#[26]">&gt;&gt;</a>&nbsp;&nbsp;&nbsp;main
</UL>

<P><STRONG><a name="[2f]"></a>IPC_initMsgQueue</STRONG> (Thumb, 120 bytes, Stack size 24 bytes, samsat_queue.o(.text))
<BR><BR>[Stack]<UL><LI>Max Depth = 48<LI>Call Chain = IPC_initMsgQueue &rArr; __NVIC_SetPriority
</UL>
<BR>[Calls]<UL><LI><a href="#[3b]">&gt;&gt;</a>&nbsp;&nbsp;&nbsp;__NVIC_SetPriority
<LI><a href="#[3c]">&gt;&gt;</a>&nbsp;&nbsp;&nbsp;__NVIC_EnableIRQ
</UL>
<BR>[Called By]<UL><LI><a href="#[26]">&gt;&gt;</a>&nbsp;&nbsp;&nbsp;main
</UL>

<P><STRONG><a name="[39]"></a>IPC_pushMsgTout</STRONG> (Thumb, 344 bytes, Stack size 48 bytes, samsat_queue.o(.text))
<BR><BR>[Stack]<UL><LI>Max Depth = 64<LI>Call Chain = IPC_pushMsgTout &rArr; __aeabi_uidiv
</UL>
<BR>[Calls]<UL><LI><a href="#[2e]">&gt;&gt;</a>&nbsp;&nbsp;&nbsp;__aeabi_uidiv
<LI><a href="#[3d]">&gt;&gt;</a>&nbsp;&nbsp;&nbsp;__aeabi_memcpy
</UL>
<BR>[Called By]<UL><LI><a href="#[37]">&gt;&gt;</a>&nbsp;&nbsp;&nbsp;IPC_tryPushMsg
</UL>

<P><STRONG><a name="[38]"></a>IPC_popMsgTout</STRONG> (Thumb, 320 bytes, Stack size 48 bytes, samsat_queue.o(.text))
<BR><BR>[Stack]<UL><LI>Max Depth = 64<LI>Call Chain = IPC_popMsgTout &rArr; __aeabi_uidiv
</UL>
<BR>[Calls]<UL><LI><a href="#[2e]">&gt;&gt;</a>&nbsp;&nbsp;&nbsp;__aeabi_uidiv
<LI><a href="#[3d]">&gt;&gt;</a>&nbsp;&nbsp;&nbsp;__aeabi_memcpy
</UL>
<BR>[Called By]<UL><LI><a href="#[34]">&gt;&gt;</a>&nbsp;&nbsp;&nbsp;IPC_tryPopMsg
</UL>

<P><STRONG><a name="[5b]"></a>IPC_msgPending</STRONG> (Thumb, 72 bytes, Stack size 16 bytes, samsat_queue.o(.text), UNUSED)

<P><STRONG><a name="[5c]"></a>IPC_strerror</STRONG> (Thumb, 36 bytes, Stack size 4 bytes, samsat_queue.o(.text), UNUSED)

<P><STRONG><a name="[0]"></a>M0_Reset_Handler</STRONG> (Thumb, 4 bytes, Stack size 0 bytes, startup_lpc43xx_m0.o(.text))
<BR>[Address Reference Count : 1]<UL><LI> startup_lpc43xx_m0.o(RESET)
</UL>
<P><STRONG><a name="[1]"></a>M0_NMI_Handler</STRONG> (Thumb, 2 bytes, Stack size 0 bytes, startup_lpc43xx_m0.o(.text))
<BR><BR>[Calls]<UL><LI><a href="#[1]">&gt;&gt;</a>&nbsp;&nbsp;&nbsp;M0_NMI_Handler
</UL>
<BR>[Called By]<UL><LI><a href="#[1]">&gt;&gt;</a>&nbsp;&nbsp;&nbsp;M0_NMI_Handler
</UL>
<BR>[Address Reference Count : 1]<UL><LI> startup_lpc43xx_m0.o(RESET)
</UL>
<P><STRONG><a name="[2]"></a>M0_HardFault_Handler</STRONG> (Thumb, 2 bytes, Stack size 0 bytes, startup_lpc43xx_m0.o(.text))
<BR><BR>[Calls]<UL><LI><a href="#[2]">&gt;&gt;</a>&nbsp;&nbsp;&nbsp;M0_HardFault_Handler
</UL>
<BR>[Called By]<UL><LI><a href="#[2]">&gt;&gt;</a>&nbsp;&nbsp;&nbsp;M0_HardFault_Handler
</UL>
<BR>[Address Reference Count : 1]<UL><LI> startup_lpc43xx_m0.o(RESET)
</UL>
<P><STRONG><a name="[3]"></a>M0_SVC_Handler</STRONG> (Thumb, 2 bytes, Stack size 0 bytes, startup_lpc43xx_m0.o(.text))
<BR><BR>[Calls]<UL><LI><a href="#[3]">&gt;&gt;</a>&nbsp;&nbsp;&nbsp;M0_SVC_Handler
</UL>
<BR>[Called By]<UL><LI><a href="#[3]">&gt;&gt;</a>&nbsp;&nbsp;&nbsp;M0_SVC_Handler
</UL>
<BR>[Address Reference Count : 1]<UL><LI> startup_lpc43xx_m0.o(RESET)
</UL>
<P><STRONG><a name="[4]"></a>M0_DebugMon_Handler</STRONG> (Thumb, 2 bytes, Stack size 0 bytes, startup_lpc43xx_m0.o(.text))
<BR><BR>[Calls]<UL><LI><a href="#[4]">&gt;&gt;</a>&nbsp;&nbsp;&nbsp;M0_DebugMon_Handler
</UL>
<BR>[Called By]<UL><LI><a href="#[4]">&gt;&gt;</a>&nbsp;&nbsp;&nbsp;M0_DebugMon_Handler
</UL>
<BR>[Address Reference Count : 1]<UL><LI> startup_lpc43xx_m0.o(RESET)
</UL>
<P><STRONG><a name="[5]"></a>M0_PendSV_Handler</STRONG> (Thumb, 2 bytes, Stack size 0 bytes, startup_lpc43xx_m0.o(.text))
<BR><BR>[Calls]<UL><LI><a href="#[5]">&gt;&gt;</a>&nbsp;&nbsp;&nbsp;M0_PendSV_Handler
</UL>
<BR>[Called By]<UL><LI><a href="#[5]">&gt;&gt;</a>&nbsp;&nbsp;&nbsp;M0_PendSV_Handler
</UL>
<BR>[Address Reference Count : 1]<UL><LI> startup_lpc43xx_m0.o(RESET)
</UL>
<P><STRONG><a name="[6]"></a>M0_SysTick_Handler</STRONG> (Thumb, 2 bytes, Stack size 0 bytes, startup_lpc43xx_m0.o(.text))
<BR><BR>[Calls]<UL><LI><a href="#[6]">&gt;&gt;</a>&nbsp;&nbsp;&nbsp;M0_SysTick_Handler
</UL>
<BR>[Called By]<UL><LI><a href="#[6]">&gt;&gt;</a>&nbsp;&nbsp;&nbsp;M0_SysTick_Handler
</UL>
<BR>[Address Reference Count : 1]<UL><LI> startup_lpc43xx_m0.o(RESET)
</UL>
<P><STRONG><a name="[17]"></a>M0_ADC0_IRQHandler</STRONG> (Thumb, 0 bytes, Stack size 0 bytes, startup_lpc43xx_m0.o(.text))
<BR><BR>[Calls]<UL><LI><a href="#[17]">&gt;&gt;</a>&nbsp;&nbsp;&nbsp;M0_ADC0_IRQHandler
</UL>
<BR>[Called By]<UL><LI><a href="#[17]">&gt;&gt;</a>&nbsp;&nbsp;&nbsp;M0_ADC0_IRQHandler
</UL>
<BR>[Address Reference Count : 1]<UL><LI> startup_lpc43xx_m0.o(RESET)
</UL>
<P><STRONG><a name="[1b]"></a>M0_ADC1_IRQHandler</STRONG> (Thumb, 0 bytes, Stack size 0 bytes, startup_lpc43xx_m0.o(.text))
<BR>[Address Reference Count : 1]<UL><LI> startup_lpc43xx_m0.o(RESET)
</UL>
<P><STRONG><a name="[23]"></a>M0_C_CAN0_IRQHandler</STRONG> (Thumb, 0 bytes, Stack size 0 bytes, startup_lpc43xx_m0.o(.text))
<BR>[Address Reference Count : 1]<UL><LI> startup_lpc43xx_m0.o(RESET)
</UL>
<P><STRONG><a name="[9]"></a>M0_DMA_IRQHandler</STRONG> (Thumb, 0 bytes, Stack size 0 bytes, startup_lpc43xx_m0.o(.text))
<BR>[Address Reference Count : 1]<UL><LI> startup_lpc43xx_m0.o(RESET)
</UL>
<P><STRONG><a name="[b]"></a>M0_ETHERNET_IRQHandler</STRONG> (Thumb, 0 bytes, Stack size 0 bytes, startup_lpc43xx_m0.o(.text))
<BR>[Address Reference Count : 1]<UL><LI> startup_lpc43xx_m0.o(RESET)
</UL>
<P><STRONG><a name="[1d]"></a>M0_EVENTROUTER_IRQHandler</STRONG> (Thumb, 0 bytes, Stack size 0 bytes, startup_lpc43xx_m0.o(.text))
<BR>[Address Reference Count : 1]<UL><LI> startup_lpc43xx_m0.o(RESET)
</UL>
<P><STRONG><a name="[a]"></a>M0_FLASHEEPROMAT_IRQHandler</STRONG> (Thumb, 0 bytes, Stack size 0 bytes, startup_lpc43xx_m0.o(.text))
<BR>[Address Reference Count : 1]<UL><LI> startup_lpc43xx_m0.o(RESET)
</UL>
<P><STRONG><a name="[13]"></a>M0_GINT1_IRQHandler</STRONG> (Thumb, 0 bytes, Stack size 0 bytes, startup_lpc43xx_m0.o(.text))
<BR>[Address Reference Count : 1]<UL><LI> startup_lpc43xx_m0.o(RESET)
</UL>
<P><STRONG><a name="[18]"></a>M0_I2C0_OR_I2C1_IRQHandler</STRONG> (Thumb, 0 bytes, Stack size 0 bytes, startup_lpc43xx_m0.o(.text))
<BR>[Address Reference Count : 1]<UL><LI> startup_lpc43xx_m0.o(RESET)
</UL>
<P><STRONG><a name="[22]"></a>M0_I2S0_OR_I2S1_QEI_IRQHandler</STRONG> (Thumb, 0 bytes, Stack size 0 bytes, startup_lpc43xx_m0.o(.text))
<BR>[Address Reference Count : 1]<UL><LI> startup_lpc43xx_m0.o(RESET)
</UL>
<P><STRONG><a name="[d]"></a>M0_LCD_IRQHandler</STRONG> (Thumb, 0 bytes, Stack size 0 bytes, startup_lpc43xx_m0.o(.text))
<BR>[Address Reference Count : 1]<UL><LI> startup_lpc43xx_m0.o(RESET)
</UL>
<P><STRONG><a name="[25]"></a>M0_M0SUB_IRQHandler</STRONG> (Thumb, 0 bytes, Stack size 0 bytes, startup_lpc43xx_m0.o(.text))
<BR>[Address Reference Count : 1]<UL><LI> startup_lpc43xx_m0.o(RESET)
</UL>
<P><STRONG><a name="[16]"></a>M0_MCPWM_IRQHandler</STRONG> (Thumb, 0 bytes, Stack size 0 bytes, startup_lpc43xx_m0.o(.text))
<BR>[Address Reference Count : 1]<UL><LI> startup_lpc43xx_m0.o(RESET)
</UL>
<P><STRONG><a name="[14]"></a>M0_PIN_INT4_IRQHandler</STRONG> (Thumb, 0 bytes, Stack size 0 bytes, startup_lpc43xx_m0.o(.text))
<BR>[Address Reference Count : 1]<UL><LI> startup_lpc43xx_m0.o(RESET)
</UL>
<P><STRONG><a name="[7]"></a>M0_RTC_IRQHandler</STRONG> (Thumb, 0 bytes, Stack size 0 bytes, startup_lpc43xx_m0.o(.text))
<BR>[Address Reference Count : 1]<UL><LI> startup_lpc43xx_m0.o(RESET)
</UL>
<P><STRONG><a name="[10]"></a>M0_SCT_IRQHandler</STRONG> (Thumb, 0 bytes, Stack size 0 bytes, startup_lpc43xx_m0.o(.text))
<BR>[Address Reference Count : 1]<UL><LI> startup_lpc43xx_m0.o(RESET)
</UL>
<P><STRONG><a name="[c]"></a>M0_SDIO_IRQHandler</STRONG> (Thumb, 0 bytes, Stack size 0 bytes, startup_lpc43xx_m0.o(.text))
<BR>[Address Reference Count : 1]<UL><LI> startup_lpc43xx_m0.o(RESET)
</UL>
<P><STRONG><a name="[19]"></a>M0_SGPIO_IRQHandler</STRONG> (Thumb, 0 bytes, Stack size 0 bytes, startup_lpc43xx_m0.o(.text))
<BR>[Address Reference Count : 1]<UL><LI> startup_lpc43xx_m0.o(RESET)
</UL>
<P><STRONG><a name="[24]"></a>M0_SPIFI_OR_ADCHS_IRQHandler</STRONG> (Thumb, 0 bytes, Stack size 0 bytes, startup_lpc43xx_m0.o(.text))
<BR>[Address Reference Count : 1]<UL><LI> startup_lpc43xx_m0.o(RESET)
</UL>
<P><STRONG><a name="[1a]"></a>M0_SPI_OR_DAC_IRQHandler</STRONG> (Thumb, 0 bytes, Stack size 0 bytes, startup_lpc43xx_m0.o(.text))
<BR>[Address Reference Count : 1]<UL><LI> startup_lpc43xx_m0.o(RESET)
</UL>
<P><STRONG><a name="[1c]"></a>M0_SSP0_OR_SSP1_IRQHandler</STRONG> (Thumb, 0 bytes, Stack size 0 bytes, startup_lpc43xx_m0.o(.text))
<BR>[Address Reference Count : 1]<UL><LI> startup_lpc43xx_m0.o(RESET)
</UL>
<P><STRONG><a name="[12]"></a>M0_TIMER0_IRQHandler</STRONG> (Thumb, 0 bytes, Stack size 0 bytes, startup_lpc43xx_m0.o(.text))
<BR>[Address Reference Count : 1]<UL><LI> startup_lpc43xx_m0.o(RESET)
</UL>
<P><STRONG><a name="[15]"></a>M0_TIMER3_IRQHandler</STRONG> (Thumb, 0 bytes, Stack size 0 bytes, startup_lpc43xx_m0.o(.text))
<BR>[Address Reference Count : 1]<UL><LI> startup_lpc43xx_m0.o(RESET)
</UL>
<P><STRONG><a name="[1f]"></a>M0_UART1_IRQHandler</STRONG> (Thumb, 0 bytes, Stack size 0 bytes, startup_lpc43xx_m0.o(.text))
<BR>[Address Reference Count : 1]<UL><LI> startup_lpc43xx_m0.o(RESET)
</UL>
<P><STRONG><a name="[1e]"></a>M0_USART0_IRQHandler</STRONG> (Thumb, 0 bytes, Stack size 0 bytes, startup_lpc43xx_m0.o(.text))
<BR>[Address Reference Count : 1]<UL><LI> startup_lpc43xx_m0.o(RESET)
</UL>
<P><STRONG><a name="[20]"></a>M0_USART2_OR_C_CAN1_IRQHandler</STRONG> (Thumb, 0 bytes, Stack size 0 bytes, startup_lpc43xx_m0.o(.text))
<BR>[Address Reference Count : 1]<UL><LI> startup_lpc43xx_m0.o(RESET)
</UL>
<P><STRONG><a name="[21]"></a>M0_USART3_IRQHandler</STRONG> (Thumb, 0 bytes, Stack size 0 bytes, startup_lpc43xx_m0.o(.text))
<BR>[Address Reference Count : 1]<UL><LI> startup_lpc43xx_m0.o(RESET)
</UL>
<P><STRONG><a name="[e]"></a>M0_USB0_IRQHandler</STRONG> (Thumb, 0 bytes, Stack size 0 bytes, startup_lpc43xx_m0.o(.text))
<BR>[Address Reference Count : 1]<UL><LI> startup_lpc43xx_m0.o(RESET)
</UL>
<P><STRONG><a name="[f]"></a>M0_USB1_IRQHandler</STRONG> (Thumb, 0 bytes, Stack size 0 bytes, startup_lpc43xx_m0.o(.text))
<BR>[Address Reference Count : 1]<UL><LI> startup_lpc43xx_m0.o(RESET)
</UL>
<P><STRONG><a name="[5d]"></a>getPC</STRONG> (Thumb, 4 bytes, Stack size 0 bytes, startup_lpc43xx_m0.o(.text), UNUSED)

<P><STRONG><a name="[3d]"></a>__aeabi_memcpy</STRONG> (Thumb, 36 bytes, Stack size 0 bytes, memcpya.o(.text))
<BR><BR>[Called By]<UL><LI><a href="#[39]">&gt;&gt;</a>&nbsp;&nbsp;&nbsp;IPC_pushMsgTout
<LI><a href="#[38]">&gt;&gt;</a>&nbsp;&nbsp;&nbsp;IPC_popMsgTout
</UL>

<P><STRONG><a name="[5e]"></a>__aeabi_memcpy4</STRONG> (Thumb, 0 bytes, Stack size 0 bytes, memcpya.o(.text), UNUSED)

<P><STRONG><a name="[5f]"></a>__aeabi_memcpy8</STRONG> (Thumb, 0 bytes, Stack size 0 bytes, memcpya.o(.text), UNUSED)

<P><STRONG><a name="[33]"></a>__aeabi_memset</STRONG> (Thumb, 14 bytes, Stack size 0 bytes, memseta.o(.text))
<BR><BR>[Called By]<UL><LI><a href="#[3f]">&gt;&gt;</a>&nbsp;&nbsp;&nbsp;_memset$wrapper
<LI><a href="#[3e]">&gt;&gt;</a>&nbsp;&nbsp;&nbsp;__aeabi_memclr
<LI><a href="#[26]">&gt;&gt;</a>&nbsp;&nbsp;&nbsp;main
</UL>

<P><STRONG><a name="[60]"></a>__aeabi_memset4</STRONG> (Thumb, 0 bytes, Stack size 0 bytes, memseta.o(.text), UNUSED)

<P><STRONG><a name="[61]"></a>__aeabi_memset8</STRONG> (Thumb, 0 bytes, Stack size 0 bytes, memseta.o(.text), UNUSED)

<P><STRONG><a name="[3e]"></a>__aeabi_memclr</STRONG> (Thumb, 4 bytes, Stack size 0 bytes, memseta.o(.text), UNUSED)
<BR><BR>[Calls]<UL><LI><a href="#[33]">&gt;&gt;</a>&nbsp;&nbsp;&nbsp;__aeabi_memset
</UL>

<P><STRONG><a name="[62]"></a>__aeabi_memclr4</STRONG> (Thumb, 0 bytes, Stack size 0 bytes, memseta.o(.text), UNUSED)

<P><STRONG><a name="[63]"></a>__aeabi_memclr8</STRONG> (Thumb, 0 bytes, Stack size 0 bytes, memseta.o(.text), UNUSED)

<P><STRONG><a name="[3f]"></a>_memset$wrapper</STRONG> (Thumb, 18 bytes, Stack size 8 bytes, memseta.o(.text), UNUSED)
<BR><BR>[Calls]<UL><LI><a href="#[33]">&gt;&gt;</a>&nbsp;&nbsp;&nbsp;__aeabi_memset
</UL>

<P><STRONG><a name="[2e]"></a>__aeabi_uidiv</STRONG> (Thumb, 0 bytes, Stack size 16 bytes, uidiv_div0.o(.text))
<BR><BR>[Stack]<UL><LI>Max Depth = 16<LI>Call Chain = __aeabi_uidiv
</UL>
<BR>[Called By]<UL><LI><a href="#[26]">&gt;&gt;</a>&nbsp;&nbsp;&nbsp;main
<LI><a href="#[39]">&gt;&gt;</a>&nbsp;&nbsp;&nbsp;IPC_pushMsgTout
<LI><a href="#[38]">&gt;&gt;</a>&nbsp;&nbsp;&nbsp;IPC_popMsgTout
</UL>

<P><STRONG><a name="[35]"></a>__aeabi_uidivmod</STRONG> (Thumb, 62 bytes, Stack size 16 bytes, uidiv_div0.o(.text))
<BR><BR>[Stack]<UL><LI>Max Depth = 16<LI>Call Chain = __aeabi_uidivmod
</UL>
<BR>[Called By]<UL><LI><a href="#[4f]">&gt;&gt;</a>&nbsp;&nbsp;&nbsp;_printf_core
<LI><a href="#[26]">&gt;&gt;</a>&nbsp;&nbsp;&nbsp;main
</UL>

<P><STRONG><a name="[40]"></a>__aeabi_uldivmod</STRONG> (Thumb, 96 bytes, Stack size 48 bytes, uldiv.o(.text), UNUSED)
<BR><BR>[Calls]<UL><LI><a href="#[41]">&gt;&gt;</a>&nbsp;&nbsp;&nbsp;__aeabi_llsr
<LI><a href="#[42]">&gt;&gt;</a>&nbsp;&nbsp;&nbsp;__aeabi_llsl
</UL>
<BR>[Called By]<UL><LI><a href="#[4f]">&gt;&gt;</a>&nbsp;&nbsp;&nbsp;_printf_core
<LI><a href="#[50]">&gt;&gt;</a>&nbsp;&nbsp;&nbsp;_fp_digits
</UL>

<P><STRONG><a name="[64]"></a>__I$use$fp</STRONG> (Thumb, 0 bytes, Stack size unknown bytes, iusefp.o(.text), UNUSED)

<P><STRONG><a name="[43]"></a>__aeabi_dadd</STRONG> (Thumb, 328 bytes, Stack size 48 bytes, dadd.o(.text), UNUSED)
<BR><BR>[Calls]<UL><LI><a href="#[44]">&gt;&gt;</a>&nbsp;&nbsp;&nbsp;__aeabi_lasr
<LI><a href="#[42]">&gt;&gt;</a>&nbsp;&nbsp;&nbsp;__aeabi_llsl
<LI><a href="#[46]">&gt;&gt;</a>&nbsp;&nbsp;&nbsp;_double_round
<LI><a href="#[45]">&gt;&gt;</a>&nbsp;&nbsp;&nbsp;_double_epilogue
</UL>
<BR>[Called By]<UL><LI><a href="#[48]">&gt;&gt;</a>&nbsp;&nbsp;&nbsp;__aeabi_drsub
<LI><a href="#[47]">&gt;&gt;</a>&nbsp;&nbsp;&nbsp;__aeabi_dsub
<LI><a href="#[50]">&gt;&gt;</a>&nbsp;&nbsp;&nbsp;_fp_digits
</UL>

<P><STRONG><a name="[47]"></a>__aeabi_dsub</STRONG> (Thumb, 12 bytes, Stack size 8 bytes, dadd.o(.text), UNUSED)
<BR><BR>[Calls]<UL><LI><a href="#[43]">&gt;&gt;</a>&nbsp;&nbsp;&nbsp;__aeabi_dadd
</UL>

<P><STRONG><a name="[48]"></a>__aeabi_drsub</STRONG> (Thumb, 12 bytes, Stack size 8 bytes, dadd.o(.text), UNUSED)
<BR><BR>[Calls]<UL><LI><a href="#[43]">&gt;&gt;</a>&nbsp;&nbsp;&nbsp;__aeabi_dadd
</UL>

<P><STRONG><a name="[49]"></a>__aeabi_dmul</STRONG> (Thumb, 202 bytes, Stack size 72 bytes, dmul.o(.text), UNUSED)
<BR><BR>[Calls]<UL><LI><a href="#[45]">&gt;&gt;</a>&nbsp;&nbsp;&nbsp;_double_epilogue
</UL>
<BR>[Called By]<UL><LI><a href="#[50]">&gt;&gt;</a>&nbsp;&nbsp;&nbsp;_fp_digits
</UL>

<P><STRONG><a name="[4a]"></a>__aeabi_ddiv</STRONG> (Thumb, 234 bytes, Stack size 40 bytes, ddiv.o(.text), UNUSED)
<BR><BR>[Calls]<UL><LI><a href="#[46]">&gt;&gt;</a>&nbsp;&nbsp;&nbsp;_double_round
</UL>
<BR>[Called By]<UL><LI><a href="#[50]">&gt;&gt;</a>&nbsp;&nbsp;&nbsp;_fp_digits
</UL>

<P><STRONG><a name="[4b]"></a>__aeabi_d2ulz</STRONG> (Thumb, 54 bytes, Stack size 8 bytes, dfixul.o(.text), UNUSED)
<BR><BR>[Calls]<UL><LI><a href="#[41]">&gt;&gt;</a>&nbsp;&nbsp;&nbsp;__aeabi_llsr
<LI><a href="#[42]">&gt;&gt;</a>&nbsp;&nbsp;&nbsp;__aeabi_llsl
</UL>
<BR>[Called By]<UL><LI><a href="#[50]">&gt;&gt;</a>&nbsp;&nbsp;&nbsp;_fp_digits
</UL>

<P><STRONG><a name="[51]"></a>__aeabi_cdrcmple</STRONG> (Thumb, 38 bytes, Stack size 0 bytes, cdrcmple.o(.text), UNUSED)
<BR><BR>[Called By]<UL><LI><a href="#[50]">&gt;&gt;</a>&nbsp;&nbsp;&nbsp;_fp_digits
</UL>

<P><STRONG><a name="[2a]"></a>__scatterload</STRONG> (Thumb, 28 bytes, Stack size 0 bytes, init.o(.text))
<BR><BR>[Calls]<UL><LI><a href="#[4c]">&gt;&gt;</a>&nbsp;&nbsp;&nbsp;__main_after_scatterload
</UL>
<BR>[Called By]<UL><LI><a href="#[29]">&gt;&gt;</a>&nbsp;&nbsp;&nbsp;_main_scatterload
</UL>

<P><STRONG><a name="[65]"></a>__scatterload_rt2</STRONG> (Thumb, 0 bytes, Stack size 0 bytes, init.o(.text), UNUSED)

<P><STRONG><a name="[42]"></a>__aeabi_llsl</STRONG> (Thumb, 32 bytes, Stack size 8 bytes, llshl.o(.text), UNUSED)
<BR><BR>[Called By]<UL><LI><a href="#[45]">&gt;&gt;</a>&nbsp;&nbsp;&nbsp;_double_epilogue
<LI><a href="#[40]">&gt;&gt;</a>&nbsp;&nbsp;&nbsp;__aeabi_uldivmod
<LI><a href="#[43]">&gt;&gt;</a>&nbsp;&nbsp;&nbsp;__aeabi_dadd
<LI><a href="#[4b]">&gt;&gt;</a>&nbsp;&nbsp;&nbsp;__aeabi_d2ulz
</UL>

<P><STRONG><a name="[66]"></a>_ll_shift_l</STRONG> (Thumb, 0 bytes, Stack size 8 bytes, llshl.o(.text), UNUSED)

<P><STRONG><a name="[41]"></a>__aeabi_llsr</STRONG> (Thumb, 34 bytes, Stack size 8 bytes, llushr.o(.text), UNUSED)
<BR><BR>[Called By]<UL><LI><a href="#[45]">&gt;&gt;</a>&nbsp;&nbsp;&nbsp;_double_epilogue
<LI><a href="#[40]">&gt;&gt;</a>&nbsp;&nbsp;&nbsp;__aeabi_uldivmod
<LI><a href="#[4b]">&gt;&gt;</a>&nbsp;&nbsp;&nbsp;__aeabi_d2ulz
</UL>

<P><STRONG><a name="[67]"></a>_ll_ushift_r</STRONG> (Thumb, 0 bytes, Stack size 8 bytes, llushr.o(.text), UNUSED)

<P><STRONG><a name="[44]"></a>__aeabi_lasr</STRONG> (Thumb, 38 bytes, Stack size 8 bytes, llsshr.o(.text), UNUSED)
<BR><BR>[Called By]<UL><LI><a href="#[43]">&gt;&gt;</a>&nbsp;&nbsp;&nbsp;__aeabi_dadd
</UL>

<P><STRONG><a name="[68]"></a>_ll_sshift_r</STRONG> (Thumb, 0 bytes, Stack size 8 bytes, llsshr.o(.text), UNUSED)

<P><STRONG><a name="[46]"></a>_double_round</STRONG> (Thumb, 26 bytes, Stack size 8 bytes, depilogue.o(.text), UNUSED)
<BR><BR>[Called By]<UL><LI><a href="#[45]">&gt;&gt;</a>&nbsp;&nbsp;&nbsp;_double_epilogue
<LI><a href="#[4a]">&gt;&gt;</a>&nbsp;&nbsp;&nbsp;__aeabi_ddiv
<LI><a href="#[43]">&gt;&gt;</a>&nbsp;&nbsp;&nbsp;__aeabi_dadd
</UL>

<P><STRONG><a name="[45]"></a>_double_epilogue</STRONG> (Thumb, 164 bytes, Stack size 48 bytes, depilogue.o(.text), UNUSED)
<BR><BR>[Calls]<UL><LI><a href="#[4d]">&gt;&gt;</a>&nbsp;&nbsp;&nbsp;__ARM_clz
<LI><a href="#[41]">&gt;&gt;</a>&nbsp;&nbsp;&nbsp;__aeabi_llsr
<LI><a href="#[42]">&gt;&gt;</a>&nbsp;&nbsp;&nbsp;__aeabi_llsl
<LI><a href="#[46]">&gt;&gt;</a>&nbsp;&nbsp;&nbsp;_double_round
</UL>
<BR>[Called By]<UL><LI><a href="#[49]">&gt;&gt;</a>&nbsp;&nbsp;&nbsp;__aeabi_dmul
<LI><a href="#[43]">&gt;&gt;</a>&nbsp;&nbsp;&nbsp;__aeabi_dadd
</UL>

<P><STRONG><a name="[4e]"></a>__0sprintf</STRONG> (Thumb, 36 bytes, Stack size 24 bytes, printfa.o(i.__0sprintf), UNUSED)
<BR><BR>[Calls]<UL><LI><a href="#[28]">&gt;&gt;</a>&nbsp;&nbsp;&nbsp;_sputc
<LI><a href="#[4f]">&gt;&gt;</a>&nbsp;&nbsp;&nbsp;_printf_core
</UL>

<P><STRONG><a name="[69]"></a>__1sprintf</STRONG> (Thumb, 0 bytes, Stack size 24 bytes, printfa.o(i.__0sprintf), UNUSED)

<P><STRONG><a name="[6a]"></a>__2sprintf</STRONG> (Thumb, 0 bytes, Stack size 24 bytes, printfa.o(i.__0sprintf), UNUSED)

<P><STRONG><a name="[6b]"></a>__c89sprintf</STRONG> (Thumb, 0 bytes, Stack size 24 bytes, printfa.o(i.__0sprintf), UNUSED)

<P><STRONG><a name="[36]"></a>sprintf</STRONG> (Thumb, 0 bytes, Stack size 24 bytes, printfa.o(i.__0sprintf))
<BR><BR>[Stack]<UL><LI>Max Depth = 24<LI>Call Chain = sprintf
</UL>
<BR>[Called By]<UL><LI><a href="#[26]">&gt;&gt;</a>&nbsp;&nbsp;&nbsp;main
</UL>

<P><STRONG><a name="[4d]"></a>__ARM_clz</STRONG> (Thumb, 46 bytes, Stack size 0 bytes, depilogue.o(i.__ARM_clz), UNUSED)
<BR><BR>[Called By]<UL><LI><a href="#[45]">&gt;&gt;</a>&nbsp;&nbsp;&nbsp;_double_epilogue
</UL>

<P><STRONG><a name="[6c]"></a>__scatterload_copy</STRONG> (Thumb, 14 bytes, Stack size unknown bytes, handlers.o(i.__scatterload_copy), UNUSED)

<P><STRONG><a name="[6d]"></a>__scatterload_null</STRONG> (Thumb, 2 bytes, Stack size unknown bytes, handlers.o(i.__scatterload_null), UNUSED)

<P><STRONG><a name="[6e]"></a>__scatterload_zeroinit</STRONG> (Thumb, 14 bytes, Stack size unknown bytes, handlers.o(i.__scatterload_zeroinit), UNUSED)
<P>
<H3>
Local Symbols
</H3>
<P><STRONG><a name="[34]"></a>IPC_tryPopMsg</STRONG> (Thumb, 18 bytes, Stack size 16 bytes, cm0_main.o(.text))
<BR><BR>[Stack]<UL><LI>Max Depth = 80<LI>Call Chain = IPC_tryPopMsg &rArr; IPC_popMsgTout &rArr; __aeabi_uidiv
</UL>
<BR>[Calls]<UL><LI><a href="#[38]">&gt;&gt;</a>&nbsp;&nbsp;&nbsp;IPC_popMsgTout
</UL>
<BR>[Called By]<UL><LI><a href="#[26]">&gt;&gt;</a>&nbsp;&nbsp;&nbsp;main
</UL>

<P><STRONG><a name="[37]"></a>IPC_tryPushMsg</STRONG> (Thumb, 18 bytes, Stack size 16 bytes, cm0_main.o(.text))
<BR><BR>[Stack]<UL><LI>Max Depth = 80<LI>Call Chain = IPC_tryPushMsg &rArr; IPC_pushMsgTout &rArr; __aeabi_uidiv
</UL>
<BR>[Calls]<UL><LI><a href="#[39]">&gt;&gt;</a>&nbsp;&nbsp;&nbsp;IPC_pushMsgTout
</UL>
<BR>[Called By]<UL><LI><a href="#[26]">&gt;&gt;</a>&nbsp;&nbsp;&nbsp;main
</UL>

<P><STRONG><a name="[2d]"></a>__NVIC_EnableIRQ</STRONG> (Thumb, 40 bytes, Stack size 4 bytes, cm0_main.o(.text))
<BR><BR>[Stack]<UL><LI>Max Depth = 4<LI>Call Chain = __NVIC_EnableIRQ
</UL>
<BR>[Called By]<UL><LI><a href="#[26]">&gt;&gt;</a>&nbsp;&nbsp;&nbsp;main
<LI><a href="#[2b]">&gt;&gt;</a>&nbsp;&nbsp;&nbsp;RIT_Config
</UL>

<P><STRONG><a name="[2c]"></a>__NVIC_SetPriority</STRONG> (Thumb, 128 bytes, Stack size 24 bytes, cm0_main.o(.text))
<BR><BR>[Stack]<UL><LI>Max Depth = 24<LI>Call Chain = __NVIC_SetPriority
</UL>
<BR>[Called By]<UL><LI><a href="#[2b]">&gt;&gt;</a>&nbsp;&nbsp;&nbsp;RIT_Config
</UL>

<P><STRONG><a name="[3c]"></a>__NVIC_EnableIRQ</STRONG> (Thumb, 40 bytes, Stack size 4 bytes, samsat_queue.o(.text))
<BR><BR>[Stack]<UL><LI>Max Depth = 4<LI>Call Chain = __NVIC_EnableIRQ
</UL>
<BR>[Called By]<UL><LI><a href="#[2f]">&gt;&gt;</a>&nbsp;&nbsp;&nbsp;IPC_initMsgQueue
</UL>

<P><STRONG><a name="[3b]"></a>__NVIC_SetPriority</STRONG> (Thumb, 128 bytes, Stack size 24 bytes, samsat_queue.o(.text))
<BR><BR>[Stack]<UL><LI>Max Depth = 24<LI>Call Chain = __NVIC_SetPriority
</UL>
<BR>[Called By]<UL><LI><a href="#[2f]">&gt;&gt;</a>&nbsp;&nbsp;&nbsp;IPC_initMsgQueue
</UL>

<P><STRONG><a name="[3a]"></a>ipc_send_signal</STRONG> (Thumb, 8 bytes, Stack size 0 bytes, samsat_queue.o(.text))
<BR><BR>[Called By]<UL><LI><a href="#[30]">&gt;&gt;</a>&nbsp;&nbsp;&nbsp;IPC_msgNotify
</UL>

<P><STRONG><a name="[50]"></a>_fp_digits</STRONG> (Thumb, 344 bytes, Stack size 64 bytes, printfa.o(i._fp_digits), UNUSED)
<BR><BR>[Calls]<UL><LI><a href="#[40]">&gt;&gt;</a>&nbsp;&nbsp;&nbsp;__aeabi_uldivmod
<LI><a href="#[49]">&gt;&gt;</a>&nbsp;&nbsp;&nbsp;__aeabi_dmul
<LI><a href="#[4a]">&gt;&gt;</a>&nbsp;&nbsp;&nbsp;__aeabi_ddiv
<LI><a href="#[43]">&gt;&gt;</a>&nbsp;&nbsp;&nbsp;__aeabi_dadd
<LI><a href="#[4b]">&gt;&gt;</a>&nbsp;&nbsp;&nbsp;__aeabi_d2ulz
<LI><a href="#[51]">&gt;&gt;</a>&nbsp;&nbsp;&nbsp;__aeabi_cdrcmple
</UL>
<BR>[Called By]<UL><LI><a href="#[4f]">&gt;&gt;</a>&nbsp;&nbsp;&nbsp;_printf_core
</UL>

<P><STRONG><a name="[4f]"></a>_printf_core</STRONG> (Thumb, 1754 bytes, Stack size 128 bytes, printfa.o(i._printf_core), UNUSED)
<BR><BR>[Calls]<UL><LI><a href="#[40]">&gt;&gt;</a>&nbsp;&nbsp;&nbsp;__aeabi_uldivmod
<LI><a href="#[35]">&gt;&gt;</a>&nbsp;&nbsp;&nbsp;__aeabi_uidivmod
<LI><a href="#[52]">&gt;&gt;</a>&nbsp;&nbsp;&nbsp;_printf_pre_padding
<LI><a href="#[53]">&gt;&gt;</a>&nbsp;&nbsp;&nbsp;_printf_post_padding
<LI><a href="#[50]">&gt;&gt;</a>&nbsp;&nbsp;&nbsp;_fp_digits
</UL>
<BR>[Called By]<UL><LI><a href="#[4e]">&gt;&gt;</a>&nbsp;&nbsp;&nbsp;__0sprintf
</UL>

<P><STRONG><a name="[53]"></a>_printf_post_padding</STRONG> (Thumb, 32 bytes, Stack size 24 bytes, printfa.o(i._printf_post_padding), UNUSED)
<BR><BR>[Called By]<UL><LI><a href="#[4f]">&gt;&gt;</a>&nbsp;&nbsp;&nbsp;_printf_core
</UL>

<P><STRONG><a name="[52]"></a>_printf_pre_padding</STRONG> (Thumb, 44 bytes, Stack size 40 bytes, printfa.o(i._printf_pre_padding), UNUSED)
<BR><BR>[Called By]<UL><LI><a href="#[4f]">&gt;&gt;</a>&nbsp;&nbsp;&nbsp;_printf_core
</UL>

<P><STRONG><a name="[28]"></a>_sputc</STRONG> (Thumb, 10 bytes, Stack size 0 bytes, printfa.o(i._sputc))
<BR><BR>[Called By]<UL><LI><a href="#[4e]">&gt;&gt;</a>&nbsp;&nbsp;&nbsp;__0sprintf
</UL>
<BR>[Address Reference Count : 1]<UL><LI> printfa.o(i.__0sprintf)
</UL><P>
<H3>
Undefined Global Symbols
</H3><HR></body></html>
