<html>
<body>
<pre>
<h1>µVision Build Log</h1>
<h2>Tool Versions:</h2>
IDE-Version: µVision V5.36.0.0
Copyright (C) 2021 ARM Ltd and ARM Germany GmbH. All rights reserved.
License Information: V V, S, LIC=SDA0P-MAKCX-GK6BG-V8DZA-47UG9-NFRGX
 
Tool Versions:
Toolchain:       MDK-ARM Plus  Version: 5.36.0.0
Toolchain Path:  C:\Keil_v5\ARM\ARMCLANG\Bin
C Compiler:      ArmClang.exe V6.16
Assembler:       Armasm.exe V6.16
Linker/Locator:  ArmLink.exe V6.16
Library Manager: ArmAr.exe V6.16
Hex Converter:   FromElf.exe V6.16
CPU DLL:         SARMCM3.DLL V5.36.0.0
Dialog DLL:      DARMCM1.DLL V1.19.4.0
Target DLL:      Segger\JL2CM3.dll V2.99.40.0
Dialog DLL:      TARMCM1.DLL V1.14.4.0
 
<h2>Project:</h2>
D:\GitHub\CortexFlashing\Cproject\DualCore\CM0\CM0.uvprojx
Project File Date:  01/28/2023

<h2>Output:</h2>
*** Using Compiler 'V6.16', folder: 'C:\Keil_v5\ARM\ARMCLANG\Bin'
Build Project 'CM0' - Target 'Target 1'
compiling cm0_main.c...
linking...
Program Size: Code=5706 RO-data=394 RW-data=36 ZI-data=1308  
FromELF: creating hex file...
After Build - User command #2: fromelf --cadcombined --output="..\CM4\M0_Image.c" ".\Objects\CM0.axf"
".\Objects\OBC_CM0.axf" - 0 Error(s), 0 Warning(s).

<h2>Software Packages used:</h2>

Package Vendor: ARM
                http://www.keil.com/pack/ARM.CMSIS.5.9.0.pack
                ARM.CMSIS.5.9.0
                CMSIS (Common Microcontroller Software Interface Standard)
   * Component: CORE Version: 5.6.0

Package Vendor: Keil
                http://www.keil.com/pack/Keil.LPC4300_DFP.2.10.0.pack
                Keil.LPC4300_DFP.2.10.0
                NXP LPC4300 Series Device Support, Drivers and Examples
   * Component: SCU Version: 1.2
   * Component: Startup Version: 1.0.0

<h2>Collection of Component include folders:</h2>
  .\RTE\Device\LPC4357_Cortex-M0
  .\RTE\_Target_1
  C:\Keil_packs\ARM\CMSIS\5.9.0\CMSIS\Core\Include
  C:\Keil_packs\Keil\LPC4300_DFP\2.10.0\Device\Include
  C:\Keil_packs\Keil\LPC4300_DFP\2.10.0\RTE_Driver

<h2>Collection of Component Files used:</h2>

   * Component: ARM::CMSIS:CORE:5.6.0

   * Component: Keil::Device:SCU:1.2
      Source file:   RTE_Driver\SCU_LPC43xx.c
      Include file:  RTE_Driver\SCU_LPC43xx.h

   * Component: Keil::Device:Startup:1.0.0
      Include file:  RTE_Driver\Config\RTE_Device.h
      Source file:   Device\Source\system_LPC43xx_M0.c
      Include file:  Device\Include\LPC43xx.h
      Source file:   Device\Source\ARM\startup_LPC43xx_M0.s
Build Time Elapsed:  00:00:02
</pre>
</body>
</html>
