<html>
<body>
<pre>
<h1>µVision Build Log</h1>
<h2>Tool Versions:</h2>
IDE-Version: µVision V5.36.0.0
Copyright (C) 2021 ARM Ltd and ARM Germany GmbH. All rights reserved.
License Information: V V, S, LIC=SDA0P-MAKCX-GK6BG-V8DZA-47UG9-NFRGX
 
Tool Versions:
Toolchain:       MDK-ARM Plus  Version: 5.36.0.0
Toolchain Path:  C:\Keil_v5\ARM\ARMCLANG\Bin
C Compiler:      ArmClang.exe V6.16
Assembler:       Armasm.exe V6.16
Linker/Locator:  ArmLink.exe V6.16
Library Manager: ArmAr.exe V6.16
Hex Converter:   FromElf.exe V6.16
CPU DLL:         SARMCM3.DLL V5.36.0.0
Dialog DLL:      DCM.DLL V1.17.3.0
Target DLL:      Segger\JL2CM3.dll V2.99.40.0
Dialog DLL:      TCM.DLL V1.53.0.0
 
<h2>Project:</h2>
D:\GitHub\CortexFlashing\Cproject\DualCore\CM4\CM4.uvprojx
Project File Date:  11/30/2022

<h2>Output:</h2>
*** Using Compiler 'V6.16', folder: 'C:\Keil_v5\ARM\ARMCLANG\Bin'
Build Project 'CM4' - Target 'Target 1'
compiling Developer_Kit_LPC4357_rev_C.c...
compiling SCU_LPC43xx.c...
compiling samsat_queue.c...
compiling samsat_uart.c...
compiling GPDMA_LPC43xx.c...
compiling system_LPC43xx.c...
compiling cm4_main.c...
compiling USART_LPC43xx.c...
linking...
Program Size: Code=24924 RO-data=8048 RW-data=12 ZI-data=2908  
FromELF: creating hex file...
After Build - User command #1: C:\Keil_v5\/ARM/BIN/ElfDwT.exe .\Objects\CM4.axf BASEADDRESS(0x1A000000)
ELFDWT - Signature Creator V1.4.0.0
COPYRIGHT Copyright (C) 2014-2018, ARM Ldt. and  ARM Germany GmbH
*** Updated Signature over Range[32] (0x1A000000 - 0x1A000018): @0x1A00001C = 0x53FFDA8E
*** Processing completed, no Errors.
".\Objects\CM4.axf" - 0 Error(s), 0 Warning(s).

<h2>Software Packages used:</h2>

Package Vendor: ARM
                http://www.keil.com/pack/ARM.CMSIS.5.9.0.pack
                ARM.CMSIS.5.9.0
                CMSIS (Common Microcontroller Software Interface Standard)
   * Component: USART Version: 2.4.0
   * Component: CORE Version: 5.6.0

Package Vendor: Keil
                http://www.keil.com/pack/Keil.LPC4300_DFP.2.10.0.pack
                Keil.LPC4300_DFP.2.10.0
                NXP LPC4300 Series Device Support, Drivers and Examples
   * Component: USART Version: 2.17
   * Component: GPDMA Version: 1.6
   * Component: SCU Version: 1.2
   * Component: Startup Version: 1.0.0

<h2>Collection of Component include folders:</h2>
  .\RTE\Device\LPC4357_Cortex-M4
  .\RTE\_Target_1
  C:\Keil_packs\ARM\CMSIS\5.9.0\CMSIS\Core\Include
  C:\Keil_packs\ARM\CMSIS\5.9.0\CMSIS\Driver\Include
  C:\Keil_packs\Keil\LPC4300_DFP\2.10.0\Device\Include
  C:\Keil_packs\Keil\LPC4300_DFP\2.10.0\RTE_Driver

<h2>Collection of Component Files used:</h2>

   * Component: ::CMSIS Driver:USART:2.4.0 (API)
      Include file:  CMSIS\Driver\Include\Driver_USART.h

   * Component: ARM::CMSIS:CORE:5.6.0

   * Component: Keil::CMSIS Driver:USART:2.17
      Source file:   RTE_Driver\USART_LPC43xx.c
      Include file:  RTE_Driver\USART_LPC43xx.h

   * Component: Keil::Device:GPDMA:1.6
      Include file:  RTE_Driver\GPDMA_LPC43xx.h
      Source file:   RTE_Driver\GPDMA_LPC43xx.c

   * Component: Keil::Device:SCU:1.2
      Source file:   RTE_Driver\SCU_LPC43xx.c
      Include file:  RTE_Driver\SCU_LPC43xx.h

   * Component: Keil::Device:Startup:1.0.0
      Include file:  Device\Include\LPC43xx.h
      Source file:   Device\Source\ARM\startup_LPC43xx.s
      Source file:   Device\Source\system_LPC43xx.c
      Include file:  RTE_Driver\Config\RTE_Device.h
Build Time Elapsed:  00:00:02
</pre>
</body>
</html>
