Component: ARM Compiler 6.16 Tool: armlink [5dfeaa00]

==============================================================================

Section Cross References

    cm4_sd_main.o(.ARM.exidx.text.main) refers to cm4_sd_main.o(.text.main) for [Anonymous Symbol]
    ssp_lpc43xx.o(.ARM.exidx.text.SSPx_GPDMA_Tx_SignalEvent) refers to ssp_lpc43xx.o(.text.SSPx_GPDMA_Tx_SignalEvent) for [Anonymous Symbol]
    ssp_lpc43xx.o(.ARM.exidx.text.SSPx_GPDMA_Rx_SignalEvent) refers to ssp_lpc43xx.o(.text.SSPx_GPDMA_Rx_SignalEvent) for [Anonymous Symbol]
    ssp_lpc43xx.o(.text.SSP0_GPDMA_Tx_SignalEvent) refers to ssp_lpc43xx.o(.rodata.SSP0_Resources) for SSP0_Resources
    ssp_lpc43xx.o(.text.SSP0_GPDMA_Tx_SignalEvent) refers to ssp_lpc43xx.o(.text.SSPx_GPDMA_Tx_SignalEvent) for SSPx_GPDMA_Tx_SignalEvent
    ssp_lpc43xx.o(.ARM.exidx.text.SSP0_GPDMA_Tx_SignalEvent) refers to ssp_lpc43xx.o(.text.SSP0_GPDMA_Tx_SignalEvent) for [Anonymous Symbol]
    ssp_lpc43xx.o(.text.SSP0_GPDMA_Rx_SignalEvent) refers to ssp_lpc43xx.o(.rodata.SSP0_Resources) for SSP0_Resources
    ssp_lpc43xx.o(.text.SSP0_GPDMA_Rx_SignalEvent) refers to ssp_lpc43xx.o(.text.SSPx_GPDMA_Rx_SignalEvent) for SSPx_GPDMA_Rx_SignalEvent
    ssp_lpc43xx.o(.ARM.exidx.text.SSP0_GPDMA_Rx_SignalEvent) refers to ssp_lpc43xx.o(.text.SSP0_GPDMA_Rx_SignalEvent) for [Anonymous Symbol]
    ssp_lpc43xx.o(.text.SSP0_IRQHandler) refers to ssp_lpc43xx.o(.rodata.SSP0_Resources) for SSP0_Resources
    ssp_lpc43xx.o(.text.SSP0_IRQHandler) refers to ssp_lpc43xx.o(.text.SSPx_IRQHandler) for SSPx_IRQHandler
    ssp_lpc43xx.o(.ARM.exidx.text.SSP0_IRQHandler) refers to ssp_lpc43xx.o(.text.SSP0_IRQHandler) for [Anonymous Symbol]
    ssp_lpc43xx.o(.ARM.exidx.text.SSPx_IRQHandler) refers to ssp_lpc43xx.o(.text.SSPx_IRQHandler) for [Anonymous Symbol]
    ssp_lpc43xx.o(.text.SSP_GetVersion) refers to ssp_lpc43xx.o(.rodata.DriverVersion) for DriverVersion
    ssp_lpc43xx.o(.ARM.exidx.text.SSP_GetVersion) refers to ssp_lpc43xx.o(.text.SSP_GetVersion) for [Anonymous Symbol]
    ssp_lpc43xx.o(.text.SSP_GetCapabilities) refers to ssp_lpc43xx.o(.rodata.DriverCapabilities) for DriverCapabilities
    ssp_lpc43xx.o(.ARM.exidx.text.SSP_GetCapabilities) refers to ssp_lpc43xx.o(.text.SSP_GetCapabilities) for [Anonymous Symbol]
    ssp_lpc43xx.o(.text.SSP0_Initialize) refers to ssp_lpc43xx.o(.rodata.SSP0_Resources) for SSP0_Resources
    ssp_lpc43xx.o(.text.SSP0_Initialize) refers to ssp_lpc43xx.o(.text.SSPx_Initialize) for SSPx_Initialize
    ssp_lpc43xx.o(.ARM.exidx.text.SSP0_Initialize) refers to ssp_lpc43xx.o(.text.SSP0_Initialize) for [Anonymous Symbol]
    ssp_lpc43xx.o(.text.SSP0_Uninitialize) refers to ssp_lpc43xx.o(.rodata.SSP0_Resources) for SSP0_Resources
    ssp_lpc43xx.o(.text.SSP0_Uninitialize) refers to ssp_lpc43xx.o(.text.SSPx_Uninitialize) for SSPx_Uninitialize
    ssp_lpc43xx.o(.ARM.exidx.text.SSP0_Uninitialize) refers to ssp_lpc43xx.o(.text.SSP0_Uninitialize) for [Anonymous Symbol]
    ssp_lpc43xx.o(.text.SSP0_PowerControl) refers to ssp_lpc43xx.o(.rodata.SSP0_Resources) for SSP0_Resources
    ssp_lpc43xx.o(.text.SSP0_PowerControl) refers to ssp_lpc43xx.o(.text.SSPx_PowerControl) for SSPx_PowerControl
    ssp_lpc43xx.o(.ARM.exidx.text.SSP0_PowerControl) refers to ssp_lpc43xx.o(.text.SSP0_PowerControl) for [Anonymous Symbol]
    ssp_lpc43xx.o(.text.SSP0_Send) refers to ssp_lpc43xx.o(.rodata.SSP0_Resources) for SSP0_Resources
    ssp_lpc43xx.o(.text.SSP0_Send) refers to ssp_lpc43xx.o(.text.SSPx_Send) for SSPx_Send
    ssp_lpc43xx.o(.ARM.exidx.text.SSP0_Send) refers to ssp_lpc43xx.o(.text.SSP0_Send) for [Anonymous Symbol]
    ssp_lpc43xx.o(.text.SSP0_Receive) refers to ssp_lpc43xx.o(.rodata.SSP0_Resources) for SSP0_Resources
    ssp_lpc43xx.o(.text.SSP0_Receive) refers to ssp_lpc43xx.o(.text.SSPx_Receive) for SSPx_Receive
    ssp_lpc43xx.o(.ARM.exidx.text.SSP0_Receive) refers to ssp_lpc43xx.o(.text.SSP0_Receive) for [Anonymous Symbol]
    ssp_lpc43xx.o(.text.SSP0_Transfer) refers to ssp_lpc43xx.o(.rodata.SSP0_Resources) for SSP0_Resources
    ssp_lpc43xx.o(.text.SSP0_Transfer) refers to ssp_lpc43xx.o(.text.SSPx_Transfer) for SSPx_Transfer
    ssp_lpc43xx.o(.ARM.exidx.text.SSP0_Transfer) refers to ssp_lpc43xx.o(.text.SSP0_Transfer) for [Anonymous Symbol]
    ssp_lpc43xx.o(.text.SSP0_GetDataCount) refers to ssp_lpc43xx.o(.rodata.SSP0_Resources) for SSP0_Resources
    ssp_lpc43xx.o(.text.SSP0_GetDataCount) refers to ssp_lpc43xx.o(.text.SSPx_GetDataCount) for SSPx_GetDataCount
    ssp_lpc43xx.o(.ARM.exidx.text.SSP0_GetDataCount) refers to ssp_lpc43xx.o(.text.SSP0_GetDataCount) for [Anonymous Symbol]
    ssp_lpc43xx.o(.text.SSP0_Control) refers to ssp_lpc43xx.o(.rodata.SSP0_Resources) for SSP0_Resources
    ssp_lpc43xx.o(.text.SSP0_Control) refers to ssp_lpc43xx.o(.text.SSPx_Control) for SSPx_Control
    ssp_lpc43xx.o(.ARM.exidx.text.SSP0_Control) refers to ssp_lpc43xx.o(.text.SSP0_Control) for [Anonymous Symbol]
    ssp_lpc43xx.o(.text.SSP0_GetStatus) refers to ssp_lpc43xx.o(.rodata.SSP0_Resources) for SSP0_Resources
    ssp_lpc43xx.o(.text.SSP0_GetStatus) refers to ssp_lpc43xx.o(.text.SSPx_GetStatus) for SSPx_GetStatus
    ssp_lpc43xx.o(.ARM.exidx.text.SSP0_GetStatus) refers to ssp_lpc43xx.o(.text.SSP0_GetStatus) for [Anonymous Symbol]
    ssp_lpc43xx.o(.text.SSPx_Initialize) refers to scu_lpc43xx.o(.text.SCU_PinConfigure) for SCU_PinConfigure
    ssp_lpc43xx.o(.text.SSPx_Initialize) refers to scu_lpc43xx.o(.text.SCU_CLK_PinConfigure) for SCU_CLK_PinConfigure
    ssp_lpc43xx.o(.text.SSPx_Initialize) refers to gpdma_lpc43xx.o(.text.GPDMA_Initialize) for GPDMA_Initialize
    ssp_lpc43xx.o(.text.SSPx_Initialize) refers to gpdma_lpc43xx.o(.text.GPDMA_PeripheralSelect) for GPDMA_PeripheralSelect
    ssp_lpc43xx.o(.ARM.exidx.text.SSPx_Initialize) refers to ssp_lpc43xx.o(.text.SSPx_Initialize) for [Anonymous Symbol]
    ssp_lpc43xx.o(.text.SSPx_Uninitialize) refers to scu_lpc43xx.o(.text.SCU_PinConfigure) for SCU_PinConfigure
    ssp_lpc43xx.o(.text.SSPx_Uninitialize) refers to scu_lpc43xx.o(.text.SCU_CLK_PinConfigure) for SCU_CLK_PinConfigure
    ssp_lpc43xx.o(.text.SSPx_Uninitialize) refers to gpdma_lpc43xx.o(.text.GPDMA_Uninitialize) for GPDMA_Uninitialize
    ssp_lpc43xx.o(.ARM.exidx.text.SSPx_Uninitialize) refers to ssp_lpc43xx.o(.text.SSPx_Uninitialize) for [Anonymous Symbol]
    ssp_lpc43xx.o(.text.SSPx_PowerControl) refers to ssp_lpc43xx.o(.text.__NVIC_DisableIRQ) for __NVIC_DisableIRQ
    ssp_lpc43xx.o(.text.SSPx_PowerControl) refers to gpdma_lpc43xx.o(.text.GPDMA_ChannelDisable) for GPDMA_ChannelDisable
    ssp_lpc43xx.o(.text.SSPx_PowerControl) refers to system_lpc43xx.o(.data.SystemCoreClock) for SystemCoreClock
    ssp_lpc43xx.o(.text.SSPx_PowerControl) refers to ssp_lpc43xx.o(.text.__NVIC_ClearPendingIRQ) for __NVIC_ClearPendingIRQ
    ssp_lpc43xx.o(.text.SSPx_PowerControl) refers to ssp_lpc43xx.o(.text.__NVIC_EnableIRQ) for __NVIC_EnableIRQ
    ssp_lpc43xx.o(.ARM.exidx.text.SSPx_PowerControl) refers to ssp_lpc43xx.o(.text.SSPx_PowerControl) for [Anonymous Symbol]
    ssp_lpc43xx.o(.ARM.exidx.text.__NVIC_DisableIRQ) refers to ssp_lpc43xx.o(.text.__NVIC_DisableIRQ) for [Anonymous Symbol]
    ssp_lpc43xx.o(.ARM.exidx.text.__NVIC_ClearPendingIRQ) refers to ssp_lpc43xx.o(.text.__NVIC_ClearPendingIRQ) for [Anonymous Symbol]
    ssp_lpc43xx.o(.ARM.exidx.text.__NVIC_EnableIRQ) refers to ssp_lpc43xx.o(.text.__NVIC_EnableIRQ) for [Anonymous Symbol]
    ssp_lpc43xx.o(.text.SSPx_Send) refers to ssp_lpc43xx.o(.bss.SSPx_Send.dummy_data) for SSPx_Send.dummy_data
    ssp_lpc43xx.o(.text.SSPx_Send) refers to gpdma_lpc43xx.o(.text.GPDMA_ChannelConfigure) for GPDMA_ChannelConfigure
    ssp_lpc43xx.o(.ARM.exidx.text.SSPx_Send) refers to ssp_lpc43xx.o(.text.SSPx_Send) for [Anonymous Symbol]
    ssp_lpc43xx.o(.text.SSPx_Receive) refers to ssp_lpc43xx.o(.bss.SSPx_Receive.dummy_data) for SSPx_Receive.dummy_data
    ssp_lpc43xx.o(.text.SSPx_Receive) refers to gpdma_lpc43xx.o(.text.GPDMA_ChannelConfigure) for GPDMA_ChannelConfigure
    ssp_lpc43xx.o(.ARM.exidx.text.SSPx_Receive) refers to ssp_lpc43xx.o(.text.SSPx_Receive) for [Anonymous Symbol]
    ssp_lpc43xx.o(.text.SSPx_Transfer) refers to gpdma_lpc43xx.o(.text.GPDMA_ChannelConfigure) for GPDMA_ChannelConfigure
    ssp_lpc43xx.o(.ARM.exidx.text.SSPx_Transfer) refers to ssp_lpc43xx.o(.text.SSPx_Transfer) for [Anonymous Symbol]
    ssp_lpc43xx.o(.text.SSPx_GetDataCount) refers to gpdma_lpc43xx.o(.text.GPDMA_ChannelGetCount) for GPDMA_ChannelGetCount
    ssp_lpc43xx.o(.ARM.exidx.text.SSPx_GetDataCount) refers to ssp_lpc43xx.o(.text.SSPx_GetDataCount) for [Anonymous Symbol]
    ssp_lpc43xx.o(.text.SSPx_Control) refers to gpdma_lpc43xx.o(.text.GPDMA_ChannelDisable) for GPDMA_ChannelDisable
    ssp_lpc43xx.o(.text.SSPx_Control) refers to system_lpc43xx.o(.text.GetClockFreq) for GetClockFreq
    ssp_lpc43xx.o(.text.SSPx_Control) refers to gpio_lpc43xx.o(.text.GPIO_PinWrite) for GPIO_PinWrite
    ssp_lpc43xx.o(.text.SSPx_Control) refers to scu_lpc43xx.o(.text.SCU_PinConfigure) for SCU_PinConfigure
    ssp_lpc43xx.o(.text.SSPx_Control) refers to gpio_lpc43xx.o(.text.GPIO_SetDir) for GPIO_SetDir
    ssp_lpc43xx.o(.ARM.exidx.text.SSPx_Control) refers to ssp_lpc43xx.o(.text.SSPx_Control) for [Anonymous Symbol]
    ssp_lpc43xx.o(.ARM.exidx.text.SSPx_GetStatus) refers to ssp_lpc43xx.o(.text.SSPx_GetStatus) for [Anonymous Symbol]
    ssp_lpc43xx.o(.rodata.SSP0_Resources) refers to ssp_lpc43xx.o(.rodata.SSP0_pin_sck) for [Anonymous Symbol]
    ssp_lpc43xx.o(.rodata.SSP0_Resources) refers to ssp_lpc43xx.o(.rodata.SSP0_pin_miso) for [Anonymous Symbol]
    ssp_lpc43xx.o(.rodata.SSP0_Resources) refers to ssp_lpc43xx.o(.rodata.SSP0_pin_mosi) for [Anonymous Symbol]
    ssp_lpc43xx.o(.rodata.SSP0_Resources) refers to ssp_lpc43xx.o(.rodata.SSP0_pin_ssel) for [Anonymous Symbol]
    ssp_lpc43xx.o(.rodata.SSP0_Resources) refers to ssp_lpc43xx.o(.rodata.SSP0_gpio_ssel) for [Anonymous Symbol]
    ssp_lpc43xx.o(.rodata.SSP0_Resources) refers to ssp_lpc43xx.o(.text.SSP0_GPDMA_Tx_SignalEvent) for SSP0_GPDMA_Tx_SignalEvent
    ssp_lpc43xx.o(.rodata.SSP0_Resources) refers to ssp_lpc43xx.o(.text.SSP0_GPDMA_Rx_SignalEvent) for SSP0_GPDMA_Rx_SignalEvent
    ssp_lpc43xx.o(.rodata.SSP0_Resources) refers to ssp_lpc43xx.o(.bss.SSP0_Info) for [Anonymous Symbol]
    ssp_lpc43xx.o(.rodata.SSP0_Resources) refers to ssp_lpc43xx.o(.bss.SSP0_Xfer) for [Anonymous Symbol]
    ssp_lpc43xx.o(.rodata.Driver_SPI0) refers to ssp_lpc43xx.o(.text.SSP_GetVersion) for SSP_GetVersion
    ssp_lpc43xx.o(.rodata.Driver_SPI0) refers to ssp_lpc43xx.o(.text.SSP_GetCapabilities) for SSP_GetCapabilities
    ssp_lpc43xx.o(.rodata.Driver_SPI0) refers to ssp_lpc43xx.o(.text.SSP0_Initialize) for SSP0_Initialize
    ssp_lpc43xx.o(.rodata.Driver_SPI0) refers to ssp_lpc43xx.o(.text.SSP0_Uninitialize) for SSP0_Uninitialize
    ssp_lpc43xx.o(.rodata.Driver_SPI0) refers to ssp_lpc43xx.o(.text.SSP0_PowerControl) for SSP0_PowerControl
    ssp_lpc43xx.o(.rodata.Driver_SPI0) refers to ssp_lpc43xx.o(.text.SSP0_Send) for SSP0_Send
    ssp_lpc43xx.o(.rodata.Driver_SPI0) refers to ssp_lpc43xx.o(.text.SSP0_Receive) for SSP0_Receive
    ssp_lpc43xx.o(.rodata.Driver_SPI0) refers to ssp_lpc43xx.o(.text.SSP0_Transfer) for SSP0_Transfer
    ssp_lpc43xx.o(.rodata.Driver_SPI0) refers to ssp_lpc43xx.o(.text.SSP0_GetDataCount) for SSP0_GetDataCount
    ssp_lpc43xx.o(.rodata.Driver_SPI0) refers to ssp_lpc43xx.o(.text.SSP0_Control) for SSP0_Control
    ssp_lpc43xx.o(.rodata.Driver_SPI0) refers to ssp_lpc43xx.o(.text.SSP0_GetStatus) for SSP0_GetStatus
    gpdma_lpc43xx.o(.text.GPDMA_Initialize) refers to gpdma_lpc43xx.o(.bss.Init_cnt) for Init_cnt
    gpdma_lpc43xx.o(.text.GPDMA_Initialize) refers to system_lpc43xx.o(.data.SystemCoreClock) for SystemCoreClock
    gpdma_lpc43xx.o(.text.GPDMA_Initialize) refers to gpdma_lpc43xx.o(.bss.Channel_info) for Channel_info
    gpdma_lpc43xx.o(.text.GPDMA_Initialize) refers to gpdma_lpc43xx.o(.text.__NVIC_ClearPendingIRQ) for __NVIC_ClearPendingIRQ
    gpdma_lpc43xx.o(.text.GPDMA_Initialize) refers to gpdma_lpc43xx.o(.text.__NVIC_EnableIRQ) for __NVIC_EnableIRQ
    gpdma_lpc43xx.o(.ARM.exidx.text.GPDMA_Initialize) refers to gpdma_lpc43xx.o(.text.GPDMA_Initialize) for [Anonymous Symbol]
    gpdma_lpc43xx.o(.ARM.exidx.text.__NVIC_ClearPendingIRQ) refers to gpdma_lpc43xx.o(.text.__NVIC_ClearPendingIRQ) for [Anonymous Symbol]
    gpdma_lpc43xx.o(.ARM.exidx.text.__NVIC_EnableIRQ) refers to gpdma_lpc43xx.o(.text.__NVIC_EnableIRQ) for [Anonymous Symbol]
    gpdma_lpc43xx.o(.text.GPDMA_Uninitialize) refers to gpdma_lpc43xx.o(.bss.Init_cnt) for Init_cnt
    gpdma_lpc43xx.o(.text.GPDMA_Uninitialize) refers to gpdma_lpc43xx.o(.text.__NVIC_DisableIRQ) for __NVIC_DisableIRQ
    gpdma_lpc43xx.o(.text.GPDMA_Uninitialize) refers to gpdma_lpc43xx.o(.text.__NVIC_ClearPendingIRQ) for __NVIC_ClearPendingIRQ
    gpdma_lpc43xx.o(.ARM.exidx.text.GPDMA_Uninitialize) refers to gpdma_lpc43xx.o(.text.GPDMA_Uninitialize) for [Anonymous Symbol]
    gpdma_lpc43xx.o(.ARM.exidx.text.__NVIC_DisableIRQ) refers to gpdma_lpc43xx.o(.text.__NVIC_DisableIRQ) for [Anonymous Symbol]
    gpdma_lpc43xx.o(.ARM.exidx.text.GPDMA_PeripheralSelect) refers to gpdma_lpc43xx.o(.text.GPDMA_PeripheralSelect) for [Anonymous Symbol]
    gpdma_lpc43xx.o(.text.GPDMA_ChannelConfigure) refers to gpdma_lpc43xx.o(.text.Set_Channel_active_flag) for Set_Channel_active_flag
    gpdma_lpc43xx.o(.text.GPDMA_ChannelConfigure) refers to gpdma_lpc43xx.o(.bss.Channel_info) for Channel_info
    gpdma_lpc43xx.o(.text.GPDMA_ChannelConfigure) refers to system_lpc43xx.o(.data.SystemCoreClock) for SystemCoreClock
    gpdma_lpc43xx.o(.text.GPDMA_ChannelConfigure) refers to gpdma_lpc43xx.o(.text.Clear_Channel_active_flag) for Clear_Channel_active_flag
    gpdma_lpc43xx.o(.ARM.exidx.text.GPDMA_ChannelConfigure) refers to gpdma_lpc43xx.o(.text.GPDMA_ChannelConfigure) for [Anonymous Symbol]
    gpdma_lpc43xx.o(.text.Set_Channel_active_flag) refers to gpdma_lpc43xx.o(.bss.Channel_active) for Channel_active
    gpdma_lpc43xx.o(.ARM.exidx.text.Set_Channel_active_flag) refers to gpdma_lpc43xx.o(.text.Set_Channel_active_flag) for [Anonymous Symbol]
    gpdma_lpc43xx.o(.text.Clear_Channel_active_flag) refers to gpdma_lpc43xx.o(.bss.Channel_active) for Channel_active
    gpdma_lpc43xx.o(.ARM.exidx.text.Clear_Channel_active_flag) refers to gpdma_lpc43xx.o(.text.Clear_Channel_active_flag) for [Anonymous Symbol]
    gpdma_lpc43xx.o(.text.GPDMA_ChannelEnable) refers to gpdma_lpc43xx.o(.text.Set_Channel_active_flag) for Set_Channel_active_flag
    gpdma_lpc43xx.o(.ARM.exidx.text.GPDMA_ChannelEnable) refers to gpdma_lpc43xx.o(.text.GPDMA_ChannelEnable) for [Anonymous Symbol]
    gpdma_lpc43xx.o(.text.GPDMA_ChannelDisable) refers to gpdma_lpc43xx.o(.text.Clear_Channel_active_flag) for Clear_Channel_active_flag
    gpdma_lpc43xx.o(.ARM.exidx.text.GPDMA_ChannelDisable) refers to gpdma_lpc43xx.o(.text.GPDMA_ChannelDisable) for [Anonymous Symbol]
    gpdma_lpc43xx.o(.text.GPDMA_ChannelGetStatus) refers to gpdma_lpc43xx.o(.bss.Channel_active) for Channel_active
    gpdma_lpc43xx.o(.ARM.exidx.text.GPDMA_ChannelGetStatus) refers to gpdma_lpc43xx.o(.text.GPDMA_ChannelGetStatus) for [Anonymous Symbol]
    gpdma_lpc43xx.o(.text.GPDMA_ChannelGetCount) refers to gpdma_lpc43xx.o(.bss.Channel_info) for Channel_info
    gpdma_lpc43xx.o(.ARM.exidx.text.GPDMA_ChannelGetCount) refers to gpdma_lpc43xx.o(.text.GPDMA_ChannelGetCount) for [Anonymous Symbol]
    gpdma_lpc43xx.o(.text.DMA_IRQHandler) refers to gpdma_lpc43xx.o(.bss.Channel_info) for Channel_info
    gpdma_lpc43xx.o(.text.DMA_IRQHandler) refers to gpdma_lpc43xx.o(.text.Clear_Channel_active_flag) for Clear_Channel_active_flag
    gpdma_lpc43xx.o(.ARM.exidx.text.DMA_IRQHandler) refers to gpdma_lpc43xx.o(.text.DMA_IRQHandler) for [Anonymous Symbol]
    gpio_lpc43xx.o(.text.GPIO_PortClock) refers to system_lpc43xx.o(.data.SystemCoreClock) for SystemCoreClock
    gpio_lpc43xx.o(.ARM.exidx.text.GPIO_PortClock) refers to gpio_lpc43xx.o(.text.GPIO_PortClock) for [Anonymous Symbol]
    gpio_lpc43xx.o(.ARM.exidx.text.GPIO_SetDir) refers to gpio_lpc43xx.o(.text.GPIO_SetDir) for [Anonymous Symbol]
    gpio_lpc43xx.o(.ARM.exidx.text.GPIO_PinWrite) refers to gpio_lpc43xx.o(.text.GPIO_PinWrite) for [Anonymous Symbol]
    gpio_lpc43xx.o(.ARM.exidx.text.GPIO_PinRead) refers to gpio_lpc43xx.o(.text.GPIO_PinRead) for [Anonymous Symbol]
    gpio_lpc43xx.o(.ARM.exidx.text.GPIO_PortWrite) refers to gpio_lpc43xx.o(.text.GPIO_PortWrite) for [Anonymous Symbol]
    gpio_lpc43xx.o(.ARM.exidx.text.GPIO_PortRead) refers to gpio_lpc43xx.o(.text.GPIO_PortRead) for [Anonymous Symbol]
    scu_lpc43xx.o(.ARM.exidx.text.SCU_PinConfigure) refers to scu_lpc43xx.o(.text.SCU_PinConfigure) for [Anonymous Symbol]
    scu_lpc43xx.o(.ARM.exidx.text.SCU_CLK_PinConfigure) refers to scu_lpc43xx.o(.text.SCU_CLK_PinConfigure) for [Anonymous Symbol]
    scu_lpc43xx.o(.ARM.exidx.text.SCU_USB1_PinConfigure) refers to scu_lpc43xx.o(.text.SCU_USB1_PinConfigure) for [Anonymous Symbol]
    scu_lpc43xx.o(.ARM.exidx.text.SCU_I2C_PinConfigure) refers to scu_lpc43xx.o(.text.SCU_I2C_PinConfigure) for [Anonymous Symbol]
    scu_lpc43xx.o(.ARM.exidx.text.SCU_ADC_ChannelPinConfigure) refers to scu_lpc43xx.o(.text.SCU_ADC_ChannelPinConfigure) for [Anonymous Symbol]
    scu_lpc43xx.o(.ARM.exidx.text.SCU_DAC_PinConfigure) refers to scu_lpc43xx.o(.text.SCU_DAC_PinConfigure) for [Anonymous Symbol]
    scu_lpc43xx.o(.ARM.exidx.text.SCU_PinInterruptSourceSelect) refers to scu_lpc43xx.o(.text.SCU_PinInterruptSourceSelect) for [Anonymous Symbol]
    startup_lpc43xx.o(STACK) refers (Special) to heapauxi.o(.text) for __use_two_region_memory
    startup_lpc43xx.o(HEAP) refers (Special) to heapauxi.o(.text) for __use_two_region_memory
    startup_lpc43xx.o(RESET) refers (Special) to heapauxi.o(.text) for __use_two_region_memory
    startup_lpc43xx.o(RESET) refers to startup_lpc43xx.o(STACK) for __initial_sp
    startup_lpc43xx.o(RESET) refers to startup_lpc43xx.o(.text) for Reset_Handler
    startup_lpc43xx.o(RESET) refers to gpdma_lpc43xx.o(.text.DMA_IRQHandler) for DMA_IRQHandler
    startup_lpc43xx.o(RESET) refers to ssp_lpc43xx.o(.text.SSP0_IRQHandler) for SSP0_IRQHandler
    startup_lpc43xx.o(.text) refers (Special) to heapauxi.o(.text) for __use_two_region_memory
    startup_lpc43xx.o(.text) refers to system_lpc43xx.o(.text.SystemInit) for SystemInit
    startup_lpc43xx.o(.text) refers to __main.o(!!!main) for __main
    startup_lpc43xx.o(.text) refers to startup_lpc43xx.o(HEAP) for Heap_Mem
    startup_lpc43xx.o(.text) refers to startup_lpc43xx.o(STACK) for Stack_Mem
    system_lpc43xx.o(.ARM.exidx.text.MeasureFreq) refers to system_lpc43xx.o(.text.MeasureFreq) for [Anonymous Symbol]
    system_lpc43xx.o(.text.GetClockFreq) refers to system_lpc43xx.o(.text.GetPLL1Param) for GetPLL1Param
    system_lpc43xx.o(.text.GetClockFreq) refers to system_lpc43xx.o(.text.GetClkSel) for GetClkSel
    system_lpc43xx.o(.ARM.exidx.text.GetClockFreq) refers to system_lpc43xx.o(.text.GetClockFreq) for [Anonymous Symbol]
    system_lpc43xx.o(.ARM.exidx.text.GetPLL1Param) refers to system_lpc43xx.o(.text.GetPLL1Param) for [Anonymous Symbol]
    system_lpc43xx.o(.ARM.exidx.text.GetClkSel) refers to system_lpc43xx.o(.text.GetClkSel) for [Anonymous Symbol]
    system_lpc43xx.o(.text.SystemCoreClockUpdate) refers to system_lpc43xx.o(.text.GetClockFreq) for GetClockFreq
    system_lpc43xx.o(.text.SystemCoreClockUpdate) refers to system_lpc43xx.o(.data.SystemCoreClock) for SystemCoreClock
    system_lpc43xx.o(.ARM.exidx.text.SystemCoreClockUpdate) refers to system_lpc43xx.o(.text.SystemCoreClockUpdate) for [Anonymous Symbol]
    system_lpc43xx.o(.text.SystemInit) refers to startup_lpc43xx.o(RESET) for __Vectors
    system_lpc43xx.o(.text.SystemInit) refers to system_lpc43xx.o(.text.SetClock) for SetClock
    system_lpc43xx.o(.text.SystemInit) refers to system_lpc43xx.o(.text.SystemCoreClockUpdate) for SystemCoreClockUpdate
    system_lpc43xx.o(.text.SystemInit) refers to system_lpc43xx.o(.text.SystemInit_ExtMemCtl) for SystemInit_ExtMemCtl
    system_lpc43xx.o(.ARM.exidx.text.SystemInit) refers to system_lpc43xx.o(.text.SystemInit) for [Anonymous Symbol]
    system_lpc43xx.o(.ARM.exidx.text.SetClock) refers to system_lpc43xx.o(.text.SetClock) for [Anonymous Symbol]
    system_lpc43xx.o(.text.SystemInit_ExtMemCtl) refers to system_lpc43xx.o(.data.SystemCoreClock) for SystemCoreClock
    system_lpc43xx.o(.text.SystemInit_ExtMemCtl) refers to system_lpc43xx.o(.rodata.emcdivby2_opc) for emcdivby2_opc
    system_lpc43xx.o(.text.SystemInit_ExtMemCtl) refers to lludivv7m.o(.text) for __aeabi_uldivmod
    system_lpc43xx.o(.text.SystemInit_ExtMemCtl) refers to system_lpc43xx.o(.text.WaitUs) for WaitUs
    system_lpc43xx.o(.ARM.exidx.text.SystemInit_ExtMemCtl) refers to system_lpc43xx.o(.text.SystemInit_ExtMemCtl) for [Anonymous Symbol]
    system_lpc43xx.o(.text.WaitUs) refers to system_lpc43xx.o(.data.SystemCoreClock) for SystemCoreClock
    system_lpc43xx.o(.text.WaitUs) refers to lludivv7m.o(.text) for __aeabi_uldivmod
    system_lpc43xx.o(.ARM.exidx.text.WaitUs) refers to system_lpc43xx.o(.text.WaitUs) for [Anonymous Symbol]
    __main.o(!!!main) refers to __rtentry.o(.ARM.Collect$$rtentry$$00000000) for __rt_entry
    __rtentry.o(.ARM.Collect$$rtentry$$00000000) refers (Special) to __rtentry2.o(.ARM.Collect$$rtentry$$0000000A) for __rt_entry_li
    __rtentry.o(.ARM.Collect$$rtentry$$00000000) refers (Special) to __rtentry2.o(.ARM.Collect$$rtentry$$0000000D) for __rt_entry_main
    __rtentry.o(.ARM.Collect$$rtentry$$00000000) refers (Special) to __rtentry2.o(.ARM.Collect$$rtentry$$0000000C) for __rt_entry_postli_1
    __rtentry.o(.ARM.Collect$$rtentry$$00000000) refers (Special) to __rtentry2.o(.ARM.Collect$$rtentry$$00000009) for __rt_entry_postsh_1
    __rtentry.o(.ARM.Collect$$rtentry$$00000000) refers (Special) to __rtentry2.o(.ARM.Collect$$rtentry$$00000002) for __rt_entry_presh_1
    __rtentry.o(.ARM.Collect$$rtentry$$00000000) refers (Special) to __rtentry4.o(.ARM.Collect$$rtentry$$00000004) for __rt_entry_sh
    aeabi_ldiv0_sigfpe.o(.text) refers to rt_div0.o(.text) for __rt_div0
    __rtentry2.o(.ARM.Collect$$rtentry$$00000008) refers to boardinit2.o(.text) for _platform_post_stackheap_init
    __rtentry2.o(.ARM.Collect$$rtentry$$0000000A) refers to libinit.o(.ARM.Collect$$libinit$$00000000) for __rt_lib_init
    __rtentry2.o(.ARM.Collect$$rtentry$$0000000B) refers to boardinit3.o(.text) for _platform_post_lib_init
    __rtentry2.o(.ARM.Collect$$rtentry$$0000000D) refers to cm4_sd_main.o(.text.main) for main
    __rtentry2.o(.ARM.Collect$$rtentry$$0000000D) refers to exit.o(.text) for exit
    __rtentry2.o(.ARM.exidx) refers to __rtentry2.o(.ARM.Collect$$rtentry$$00000001) for .ARM.Collect$$rtentry$$00000001
    __rtentry2.o(.ARM.exidx) refers to __rtentry2.o(.ARM.Collect$$rtentry$$00000008) for .ARM.Collect$$rtentry$$00000008
    __rtentry2.o(.ARM.exidx) refers to __rtentry2.o(.ARM.Collect$$rtentry$$0000000A) for .ARM.Collect$$rtentry$$0000000A
    __rtentry2.o(.ARM.exidx) refers to __rtentry2.o(.ARM.Collect$$rtentry$$0000000B) for .ARM.Collect$$rtentry$$0000000B
    __rtentry2.o(.ARM.exidx) refers to __rtentry2.o(.ARM.Collect$$rtentry$$0000000D) for .ARM.Collect$$rtentry$$0000000D
    __rtentry4.o(.ARM.Collect$$rtentry$$00000004) refers to sys_stackheap_outer.o(.text) for __user_setup_stackheap
    __rtentry4.o(.ARM.exidx) refers to __rtentry4.o(.ARM.Collect$$rtentry$$00000004) for .ARM.Collect$$rtentry$$00000004
    rt_div0.o(.text) refers to defsig_fpe_outer.o(.text) for __rt_SIGFPE
    sys_stackheap_outer.o(.text) refers to libspace.o(.text) for __user_perproc_libspace
    sys_stackheap_outer.o(.text) refers to startup_lpc43xx.o(.text) for __user_initial_stackheap
    exit.o(.text) refers to rtexit.o(.ARM.Collect$$rtexit$$00000000) for __rt_exit
    defsig_fpe_outer.o(.text) refers to defsig_fpe_inner.o(.text) for __rt_SIGFPE_inner
    defsig_fpe_outer.o(.text) refers to defsig_exit.o(.text) for __sig_exit
    defsig_fpe_formal.o(.text) refers to rt_raise.o(.text) for __rt_raise
    libinit.o(.ARM.Collect$$libinit$$00000000) refers (Special) to libinit2.o(.ARM.Collect$$libinit$$0000002E) for __rt_lib_init_alloca_1
    libinit.o(.ARM.Collect$$libinit$$00000000) refers (Special) to libinit2.o(.ARM.Collect$$libinit$$0000002C) for __rt_lib_init_argv_1
    libinit.o(.ARM.Collect$$libinit$$00000000) refers (Special) to libinit2.o(.ARM.Collect$$libinit$$0000001B) for __rt_lib_init_atexit_1
    libinit.o(.ARM.Collect$$libinit$$00000000) refers (Special) to libinit2.o(.ARM.Collect$$libinit$$00000021) for __rt_lib_init_clock_1
    libinit.o(.ARM.Collect$$libinit$$00000000) refers (Special) to libinit2.o(.ARM.Collect$$libinit$$00000032) for __rt_lib_init_cpp_1
    libinit.o(.ARM.Collect$$libinit$$00000000) refers (Special) to libinit2.o(.ARM.Collect$$libinit$$00000030) for __rt_lib_init_exceptions_1
    libinit.o(.ARM.Collect$$libinit$$00000000) refers (Special) to libinit2.o(.ARM.Collect$$libinit$$00000001) for __rt_lib_init_fp_1
    libinit.o(.ARM.Collect$$libinit$$00000000) refers (Special) to libinit2.o(.ARM.Collect$$libinit$$0000001F) for __rt_lib_init_fp_trap_1
    libinit.o(.ARM.Collect$$libinit$$00000000) refers (Special) to libinit2.o(.ARM.Collect$$libinit$$00000023) for __rt_lib_init_getenv_1
    libinit.o(.ARM.Collect$$libinit$$00000000) refers (Special) to libinit2.o(.ARM.Collect$$libinit$$0000000A) for __rt_lib_init_heap_1
    libinit.o(.ARM.Collect$$libinit$$00000000) refers (Special) to libinit2.o(.ARM.Collect$$libinit$$00000011) for __rt_lib_init_lc_collate_1
    libinit.o(.ARM.Collect$$libinit$$00000000) refers (Special) to libinit2.o(.ARM.Collect$$libinit$$00000013) for __rt_lib_init_lc_ctype_1
    libinit.o(.ARM.Collect$$libinit$$00000000) refers (Special) to libinit2.o(.ARM.Collect$$libinit$$00000015) for __rt_lib_init_lc_monetary_1
    libinit.o(.ARM.Collect$$libinit$$00000000) refers (Special) to libinit2.o(.ARM.Collect$$libinit$$00000017) for __rt_lib_init_lc_numeric_1
    libinit.o(.ARM.Collect$$libinit$$00000000) refers (Special) to libinit2.o(.ARM.Collect$$libinit$$00000019) for __rt_lib_init_lc_time_1
    libinit.o(.ARM.Collect$$libinit$$00000000) refers (Special) to libinit2.o(.ARM.Collect$$libinit$$00000004) for __rt_lib_init_preinit_1
    libinit.o(.ARM.Collect$$libinit$$00000000) refers (Special) to libinit2.o(.ARM.Collect$$libinit$$0000000E) for __rt_lib_init_rand_1
    libinit.o(.ARM.Collect$$libinit$$00000000) refers (Special) to libinit2.o(.ARM.Collect$$libinit$$00000033) for __rt_lib_init_return
    libinit.o(.ARM.Collect$$libinit$$00000000) refers (Special) to libinit2.o(.ARM.Collect$$libinit$$0000001D) for __rt_lib_init_signal_1
    libinit.o(.ARM.Collect$$libinit$$00000000) refers (Special) to libinit2.o(.ARM.Collect$$libinit$$00000025) for __rt_lib_init_stdio_1
    libinit.o(.ARM.Collect$$libinit$$00000000) refers (Special) to libinit2.o(.ARM.Collect$$libinit$$0000000C) for __rt_lib_init_user_alloc_1
    libspace.o(.text) refers to libspace.o(.bss) for __libspace_start
    rtexit.o(.ARM.Collect$$rtexit$$00000000) refers (Special) to rtexit2.o(.ARM.Collect$$rtexit$$00000004) for __rt_exit_exit
    rtexit.o(.ARM.Collect$$rtexit$$00000000) refers (Special) to rtexit2.o(.ARM.Collect$$rtexit$$00000003) for __rt_exit_ls
    rtexit.o(.ARM.Collect$$rtexit$$00000000) refers (Special) to rtexit2.o(.ARM.Collect$$rtexit$$00000002) for __rt_exit_prels_1
    rtexit.o(.ARM.exidx) refers (Special) to rtexit2.o(.ARM.Collect$$rtexit$$00000004) for __rt_exit_exit
    rtexit.o(.ARM.exidx) refers (Special) to rtexit2.o(.ARM.Collect$$rtexit$$00000003) for __rt_exit_ls
    rtexit.o(.ARM.exidx) refers (Special) to rtexit2.o(.ARM.Collect$$rtexit$$00000002) for __rt_exit_prels_1
    rtexit.o(.ARM.exidx) refers to rtexit.o(.ARM.Collect$$rtexit$$00000000) for .ARM.Collect$$rtexit$$00000000
    rt_raise.o(.text) refers to __raise.o(.text) for __raise
    rt_raise.o(.text) refers to sys_exit.o(.text) for _sys_exit
    defsig_exit.o(.text) refers to sys_exit.o(.text) for _sys_exit
    defsig_fpe_inner.o(.text) refers to defsig_general.o(.text) for __default_signal_display
    libinit2.o(.ARM.Collect$$libinit$$00000001) refers to fpinit.o(x$fpl$fpinit) for _fp_init
    libinit2.o(.ARM.Collect$$libinit$$00000010) refers to libinit2.o(.ARM.Collect$$libinit$$0000000F) for .ARM.Collect$$libinit$$0000000F
    libinit2.o(.ARM.Collect$$libinit$$00000012) refers to libinit2.o(.ARM.Collect$$libinit$$0000000F) for .ARM.Collect$$libinit$$0000000F
    libinit2.o(.ARM.Collect$$libinit$$00000014) refers to libinit2.o(.ARM.Collect$$libinit$$0000000F) for .ARM.Collect$$libinit$$0000000F
    libinit2.o(.ARM.Collect$$libinit$$00000016) refers to libinit2.o(.ARM.Collect$$libinit$$0000000F) for .ARM.Collect$$libinit$$0000000F
    libinit2.o(.ARM.Collect$$libinit$$00000018) refers to libinit2.o(.ARM.Collect$$libinit$$0000000F) for .ARM.Collect$$libinit$$0000000F
    libinit2.o(.ARM.Collect$$libinit$$00000026) refers to argv_veneer.o(.emb_text) for __ARM_argv_veneer
    libinit2.o(.ARM.Collect$$libinit$$00000027) refers to argv_veneer.o(.emb_text) for __ARM_argv_veneer
    sys_exit.o(.text) refers (Special) to use_no_semi.o(.text) for __I$use$semihosting
    sys_exit.o(.text) refers (Special) to indicate_semi.o(.text) for __semihosting_library_function
    sys_exit_hlt.o(.text) refers (Special) to use_no_semi.o(.text) for __I$use$semihosting
    sys_exit_hlt.o(.text) refers (Special) to indicate_semi.o(.text) for __semihosting_library_function
    rtexit2.o(.ARM.Collect$$rtexit$$00000003) refers to libshutdown.o(.ARM.Collect$$libshutdown$$00000000) for __rt_lib_shutdown
    rtexit2.o(.ARM.Collect$$rtexit$$00000004) refers to sys_exit.o(.text) for _sys_exit
    rtexit2.o(.ARM.exidx) refers to rtexit2.o(.ARM.Collect$$rtexit$$00000001) for .ARM.Collect$$rtexit$$00000001
    rtexit2.o(.ARM.exidx) refers to rtexit2.o(.ARM.Collect$$rtexit$$00000003) for .ARM.Collect$$rtexit$$00000003
    rtexit2.o(.ARM.exidx) refers to rtexit2.o(.ARM.Collect$$rtexit$$00000004) for .ARM.Collect$$rtexit$$00000004
    __raise.o(.text) refers to defsig.o(CL$$defsig) for __default_signal_handler
    defsig_general.o(.text) refers to sys_wrch.o(.text) for _ttywrch
    argv_veneer.o(.emb_text) refers to no_argv.o(.text) for __ARM_get_argv
    sys_wrch.o(.text) refers (Special) to use_no_semi.o(.text) for __I$use$semihosting
    sys_wrch.o(.text) refers (Special) to indicate_semi.o(.text) for __semihosting_library_function
    sys_wrch_hlt.o(.text) refers (Special) to use_no_semi.o(.text) for __I$use$semihosting
    sys_wrch_hlt.o(.text) refers (Special) to indicate_semi.o(.text) for __semihosting_library_function
    defsig.o(CL$$defsig) refers to defsig_fpe_inner.o(.text) for __rt_SIGFPE_inner
    defsig.o(CL$$defsig) refers to defsig_rtmem_inner.o(.text) for __rt_SIGRTMEM_inner
    _get_argv_nomalloc.o(.text) refers (Special) to hrguard.o(.text) for __heap_region$guard
    _get_argv_nomalloc.o(.text) refers to defsig_rtmem_outer.o(.text) for __rt_SIGRTMEM
    _get_argv_nomalloc.o(.text) refers to sys_command.o(.text) for _sys_command_string
    libshutdown.o(.ARM.Collect$$libshutdown$$00000000) refers (Special) to libshutdown2.o(.ARM.Collect$$libshutdown$$00000002) for __rt_lib_shutdown_cpp_1
    libshutdown.o(.ARM.Collect$$libshutdown$$00000000) refers (Special) to libshutdown2.o(.ARM.Collect$$libshutdown$$00000007) for __rt_lib_shutdown_fp_trap_1
    libshutdown.o(.ARM.Collect$$libshutdown$$00000000) refers (Special) to libshutdown2.o(.ARM.Collect$$libshutdown$$0000000F) for __rt_lib_shutdown_heap_1
    libshutdown.o(.ARM.Collect$$libshutdown$$00000000) refers (Special) to libshutdown2.o(.ARM.Collect$$libshutdown$$00000010) for __rt_lib_shutdown_return
    libshutdown.o(.ARM.Collect$$libshutdown$$00000000) refers (Special) to libshutdown2.o(.ARM.Collect$$libshutdown$$0000000A) for __rt_lib_shutdown_signal_1
    libshutdown.o(.ARM.Collect$$libshutdown$$00000000) refers (Special) to libshutdown2.o(.ARM.Collect$$libshutdown$$00000004) for __rt_lib_shutdown_stdio_1
    libshutdown.o(.ARM.Collect$$libshutdown$$00000000) refers (Special) to libshutdown2.o(.ARM.Collect$$libshutdown$$0000000C) for __rt_lib_shutdown_user_alloc_1
    sys_command.o(.text) refers (Special) to use_no_semi.o(.text) for __I$use$semihosting
    sys_command.o(.text) refers (Special) to indicate_semi.o(.text) for __semihosting_library_function
    sys_command_hlt.o(.text) refers (Special) to use_no_semi.o(.text) for __I$use$semihosting
    sys_command_hlt.o(.text) refers (Special) to indicate_semi.o(.text) for __semihosting_library_function
    defsig_abrt_inner.o(.text) refers to defsig_general.o(.text) for __default_signal_display
    defsig_rtred_inner.o(.text) refers to defsig_general.o(.text) for __default_signal_display
    defsig_rtmem_inner.o(.text) refers to defsig_general.o(.text) for __default_signal_display
    defsig_rtmem_outer.o(.text) refers to defsig_rtmem_inner.o(.text) for __rt_SIGRTMEM_inner
    defsig_rtmem_outer.o(.text) refers to defsig_exit.o(.text) for __sig_exit
    defsig_rtmem_formal.o(.text) refers to rt_raise.o(.text) for __rt_raise
    defsig_stak_inner.o(.text) refers to defsig_general.o(.text) for __default_signal_display
    defsig_pvfn_inner.o(.text) refers to defsig_general.o(.text) for __default_signal_display
    defsig_cppl_inner.o(.text) refers to defsig_general.o(.text) for __default_signal_display
    defsig_segv_inner.o(.text) refers to defsig_general.o(.text) for __default_signal_display
    defsig_other.o(.text) refers to defsig_general.o(.text) for __default_signal_display


==============================================================================

Removing Unused input sections from the image.

    Removing cm4_sd_main.o(.text), (0 bytes).
    Removing cm4_sd_main.o(.ARM.exidx.text.main), (8 bytes).
    Removing cm4_sd_main.o(.ARM.use_no_argv), (4 bytes).
    Removing ssp_lpc43xx.o(.text), (0 bytes).
    Removing ssp_lpc43xx.o(.ARM.exidx.text.SSPx_GPDMA_Tx_SignalEvent), (8 bytes).
    Removing ssp_lpc43xx.o(.ARM.exidx.text.SSPx_GPDMA_Rx_SignalEvent), (8 bytes).
    Removing ssp_lpc43xx.o(.ARM.exidx.text.SSP0_GPDMA_Tx_SignalEvent), (8 bytes).
    Removing ssp_lpc43xx.o(.ARM.exidx.text.SSP0_GPDMA_Rx_SignalEvent), (8 bytes).
    Removing ssp_lpc43xx.o(.ARM.exidx.text.SSP0_IRQHandler), (8 bytes).
    Removing ssp_lpc43xx.o(.ARM.exidx.text.SSPx_IRQHandler), (8 bytes).
    Removing ssp_lpc43xx.o(.text.SSP_GetVersion), (20 bytes).
    Removing ssp_lpc43xx.o(.ARM.exidx.text.SSP_GetVersion), (8 bytes).
    Removing ssp_lpc43xx.o(.text.SSP_GetCapabilities), (20 bytes).
    Removing ssp_lpc43xx.o(.ARM.exidx.text.SSP_GetCapabilities), (8 bytes).
    Removing ssp_lpc43xx.o(.text.SSP0_Initialize), (24 bytes).
    Removing ssp_lpc43xx.o(.ARM.exidx.text.SSP0_Initialize), (8 bytes).
    Removing ssp_lpc43xx.o(.text.SSP0_Uninitialize), (16 bytes).
    Removing ssp_lpc43xx.o(.ARM.exidx.text.SSP0_Uninitialize), (8 bytes).
    Removing ssp_lpc43xx.o(.text.SSP0_PowerControl), (28 bytes).
    Removing ssp_lpc43xx.o(.ARM.exidx.text.SSP0_PowerControl), (8 bytes).
    Removing ssp_lpc43xx.o(.text.SSP0_Send), (28 bytes).
    Removing ssp_lpc43xx.o(.ARM.exidx.text.SSP0_Send), (8 bytes).
    Removing ssp_lpc43xx.o(.text.SSP0_Receive), (28 bytes).
    Removing ssp_lpc43xx.o(.ARM.exidx.text.SSP0_Receive), (8 bytes).
    Removing ssp_lpc43xx.o(.text.SSP0_Transfer), (32 bytes).
    Removing ssp_lpc43xx.o(.ARM.exidx.text.SSP0_Transfer), (8 bytes).
    Removing ssp_lpc43xx.o(.text.SSP0_GetDataCount), (16 bytes).
    Removing ssp_lpc43xx.o(.ARM.exidx.text.SSP0_GetDataCount), (8 bytes).
    Removing ssp_lpc43xx.o(.text.SSP0_Control), (28 bytes).
    Removing ssp_lpc43xx.o(.ARM.exidx.text.SSP0_Control), (8 bytes).
    Removing ssp_lpc43xx.o(.text.SSP0_GetStatus), (24 bytes).
    Removing ssp_lpc43xx.o(.ARM.exidx.text.SSP0_GetStatus), (8 bytes).
    Removing ssp_lpc43xx.o(.text.SSPx_Initialize), (300 bytes).
    Removing ssp_lpc43xx.o(.ARM.exidx.text.SSPx_Initialize), (8 bytes).
    Removing ssp_lpc43xx.o(.text.SSPx_Uninitialize), (158 bytes).
    Removing ssp_lpc43xx.o(.ARM.exidx.text.SSPx_Uninitialize), (8 bytes).
    Removing ssp_lpc43xx.o(.text.SSPx_PowerControl), (662 bytes).
    Removing ssp_lpc43xx.o(.ARM.exidx.text.SSPx_PowerControl), (8 bytes).
    Removing ssp_lpc43xx.o(.text.__NVIC_DisableIRQ), (56 bytes).
    Removing ssp_lpc43xx.o(.ARM.exidx.text.__NVIC_DisableIRQ), (8 bytes).
    Removing ssp_lpc43xx.o(.text.__NVIC_ClearPendingIRQ), (48 bytes).
    Removing ssp_lpc43xx.o(.ARM.exidx.text.__NVIC_ClearPendingIRQ), (8 bytes).
    Removing ssp_lpc43xx.o(.text.__NVIC_EnableIRQ), (48 bytes).
    Removing ssp_lpc43xx.o(.ARM.exidx.text.__NVIC_EnableIRQ), (8 bytes).
    Removing ssp_lpc43xx.o(.text.SSPx_Send), (378 bytes).
    Removing ssp_lpc43xx.o(.ARM.exidx.text.SSPx_Send), (8 bytes).
    Removing ssp_lpc43xx.o(.text.SSPx_Receive), (396 bytes).
    Removing ssp_lpc43xx.o(.ARM.exidx.text.SSPx_Receive), (8 bytes).
    Removing ssp_lpc43xx.o(.text.SSPx_Transfer), (380 bytes).
    Removing ssp_lpc43xx.o(.ARM.exidx.text.SSPx_Transfer), (8 bytes).
    Removing ssp_lpc43xx.o(.text.SSPx_GetDataCount), (72 bytes).
    Removing ssp_lpc43xx.o(.ARM.exidx.text.SSPx_GetDataCount), (8 bytes).
    Removing ssp_lpc43xx.o(.text.SSPx_Control), (1582 bytes).
    Removing ssp_lpc43xx.o(.ARM.exidx.text.SSPx_Control), (8 bytes).
    Removing ssp_lpc43xx.o(.text.SSPx_GetStatus), (68 bytes).
    Removing ssp_lpc43xx.o(.ARM.exidx.text.SSPx_GetStatus), (8 bytes).
    Removing ssp_lpc43xx.o(.rodata.Driver_SPI0), (44 bytes).
    Removing ssp_lpc43xx.o(.rodata.DriverVersion), (4 bytes).
    Removing ssp_lpc43xx.o(.rodata.DriverCapabilities), (4 bytes).
    Removing ssp_lpc43xx.o(.bss.SSPx_Send.dummy_data), (4 bytes).
    Removing ssp_lpc43xx.o(.bss.SSPx_Receive.dummy_data), (4 bytes).
    Removing gpdma_lpc43xx.o(.text), (0 bytes).
    Removing gpdma_lpc43xx.o(.text.GPDMA_Initialize), (272 bytes).
    Removing gpdma_lpc43xx.o(.ARM.exidx.text.GPDMA_Initialize), (8 bytes).
    Removing gpdma_lpc43xx.o(.text.__NVIC_ClearPendingIRQ), (48 bytes).
    Removing gpdma_lpc43xx.o(.ARM.exidx.text.__NVIC_ClearPendingIRQ), (8 bytes).
    Removing gpdma_lpc43xx.o(.text.__NVIC_EnableIRQ), (48 bytes).
    Removing gpdma_lpc43xx.o(.ARM.exidx.text.__NVIC_EnableIRQ), (8 bytes).
    Removing gpdma_lpc43xx.o(.text.GPDMA_Uninitialize), (94 bytes).
    Removing gpdma_lpc43xx.o(.ARM.exidx.text.GPDMA_Uninitialize), (8 bytes).
    Removing gpdma_lpc43xx.o(.text.__NVIC_DisableIRQ), (56 bytes).
    Removing gpdma_lpc43xx.o(.ARM.exidx.text.__NVIC_DisableIRQ), (8 bytes).
    Removing gpdma_lpc43xx.o(.text.GPDMA_PeripheralSelect), (82 bytes).
    Removing gpdma_lpc43xx.o(.ARM.exidx.text.GPDMA_PeripheralSelect), (8 bytes).
    Removing gpdma_lpc43xx.o(.text.GPDMA_ChannelConfigure), (450 bytes).
    Removing gpdma_lpc43xx.o(.ARM.exidx.text.GPDMA_ChannelConfigure), (8 bytes).
    Removing gpdma_lpc43xx.o(.text.Set_Channel_active_flag), (92 bytes).
    Removing gpdma_lpc43xx.o(.ARM.exidx.text.Set_Channel_active_flag), (8 bytes).
    Removing gpdma_lpc43xx.o(.ARM.exidx.text.Clear_Channel_active_flag), (8 bytes).
    Removing gpdma_lpc43xx.o(.text.GPDMA_ChannelEnable), (82 bytes).
    Removing gpdma_lpc43xx.o(.ARM.exidx.text.GPDMA_ChannelEnable), (8 bytes).
    Removing gpdma_lpc43xx.o(.text.GPDMA_ChannelDisable), (68 bytes).
    Removing gpdma_lpc43xx.o(.ARM.exidx.text.GPDMA_ChannelDisable), (8 bytes).
    Removing gpdma_lpc43xx.o(.text.GPDMA_ChannelGetStatus), (62 bytes).
    Removing gpdma_lpc43xx.o(.ARM.exidx.text.GPDMA_ChannelGetStatus), (8 bytes).
    Removing gpdma_lpc43xx.o(.text.GPDMA_ChannelGetCount), (72 bytes).
    Removing gpdma_lpc43xx.o(.ARM.exidx.text.GPDMA_ChannelGetCount), (8 bytes).
    Removing gpdma_lpc43xx.o(.ARM.exidx.text.DMA_IRQHandler), (8 bytes).
    Removing gpdma_lpc43xx.o(.bss.Init_cnt), (4 bytes).
    Removing gpio_lpc43xx.o(.text), (0 bytes).
    Removing gpio_lpc43xx.o(.text.GPIO_PortClock), (132 bytes).
    Removing gpio_lpc43xx.o(.ARM.exidx.text.GPIO_PortClock), (8 bytes).
    Removing gpio_lpc43xx.o(.text.GPIO_SetDir), (78 bytes).
    Removing gpio_lpc43xx.o(.ARM.exidx.text.GPIO_SetDir), (8 bytes).
    Removing gpio_lpc43xx.o(.text.GPIO_PinWrite), (62 bytes).
    Removing gpio_lpc43xx.o(.ARM.exidx.text.GPIO_PinWrite), (8 bytes).
    Removing gpio_lpc43xx.o(.text.GPIO_PinRead), (32 bytes).
    Removing gpio_lpc43xx.o(.ARM.exidx.text.GPIO_PinRead), (8 bytes).
    Removing gpio_lpc43xx.o(.text.GPIO_PortWrite), (46 bytes).
    Removing gpio_lpc43xx.o(.ARM.exidx.text.GPIO_PortWrite), (8 bytes).
    Removing gpio_lpc43xx.o(.text.GPIO_PortRead), (22 bytes).
    Removing gpio_lpc43xx.o(.ARM.exidx.text.GPIO_PortRead), (8 bytes).
    Removing scu_lpc43xx.o(.text), (0 bytes).
    Removing scu_lpc43xx.o(.text.SCU_PinConfigure), (78 bytes).
    Removing scu_lpc43xx.o(.ARM.exidx.text.SCU_PinConfigure), (8 bytes).
    Removing scu_lpc43xx.o(.text.SCU_CLK_PinConfigure), (56 bytes).
    Removing scu_lpc43xx.o(.ARM.exidx.text.SCU_CLK_PinConfigure), (8 bytes).
    Removing scu_lpc43xx.o(.text.SCU_USB1_PinConfigure), (22 bytes).
    Removing scu_lpc43xx.o(.ARM.exidx.text.SCU_USB1_PinConfigure), (8 bytes).
    Removing scu_lpc43xx.o(.text.SCU_I2C_PinConfigure), (74 bytes).
    Removing scu_lpc43xx.o(.ARM.exidx.text.SCU_I2C_PinConfigure), (8 bytes).
    Removing scu_lpc43xx.o(.text.SCU_ADC_ChannelPinConfigure), (134 bytes).
    Removing scu_lpc43xx.o(.ARM.exidx.text.SCU_ADC_ChannelPinConfigure), (8 bytes).
    Removing scu_lpc43xx.o(.text.SCU_DAC_PinConfigure), (74 bytes).
    Removing scu_lpc43xx.o(.ARM.exidx.text.SCU_DAC_PinConfigure), (8 bytes).
    Removing scu_lpc43xx.o(.text.SCU_PinInterruptSourceSelect), (196 bytes).
    Removing scu_lpc43xx.o(.ARM.exidx.text.SCU_PinInterruptSourceSelect), (8 bytes).
    Removing system_lpc43xx.o(.text), (0 bytes).
    Removing system_lpc43xx.o(.text.MeasureFreq), (132 bytes).
    Removing system_lpc43xx.o(.ARM.exidx.text.MeasureFreq), (8 bytes).
    Removing system_lpc43xx.o(.ARM.exidx.text.GetClockFreq), (8 bytes).
    Removing system_lpc43xx.o(.ARM.exidx.text.GetPLL1Param), (8 bytes).
    Removing system_lpc43xx.o(.ARM.exidx.text.GetClkSel), (8 bytes).
    Removing system_lpc43xx.o(.ARM.exidx.text.SystemCoreClockUpdate), (8 bytes).
    Removing system_lpc43xx.o(.ARM.exidx.text.SystemInit), (8 bytes).
    Removing system_lpc43xx.o(.ARM.exidx.text.SetClock), (8 bytes).
    Removing system_lpc43xx.o(.ARM.exidx.text.SystemInit_ExtMemCtl), (8 bytes).
    Removing system_lpc43xx.o(.ARM.exidx.text.WaitUs), (8 bytes).

128 unused section(s) (total 7572 bytes) removed from the image.

==============================================================================

Image Symbol Table

    Local Symbols

    Symbol Name                              Value     Ov Type        Size  Object(Section)

    ../clib/angel/boardlib.s                 0x00000000   Number         0  boardinit1.o ABSOLUTE
    ../clib/angel/boardlib.s                 0x00000000   Number         0  boardinit2.o ABSOLUTE
    ../clib/angel/boardlib.s                 0x00000000   Number         0  boardinit3.o ABSOLUTE
    ../clib/angel/boardlib.s                 0x00000000   Number         0  boardshut.o ABSOLUTE
    ../clib/angel/handlers.s                 0x00000000   Number         0  __scatter_copy.o ABSOLUTE
    ../clib/angel/handlers.s                 0x00000000   Number         0  __scatter_zi.o ABSOLUTE
    ../clib/angel/kernel.s                   0x00000000   Number         0  __rtentry.o ABSOLUTE
    ../clib/angel/kernel.s                   0x00000000   Number         0  __rtentry2.o ABSOLUTE
    ../clib/angel/kernel.s                   0x00000000   Number         0  __rtentry4.o ABSOLUTE
    ../clib/angel/kernel.s                   0x00000000   Number         0  rtexit.o ABSOLUTE
    ../clib/angel/kernel.s                   0x00000000   Number         0  rtexit2.o ABSOLUTE
    ../clib/angel/rt.s                       0x00000000   Number         0  aeabi_ldiv0.o ABSOLUTE
    ../clib/angel/rt.s                       0x00000000   Number         0  aeabi_ldiv0_sigfpe.o ABSOLUTE
    ../clib/angel/rt.s                       0x00000000   Number         0  rt_div0.o ABSOLUTE
    ../clib/angel/rt.s                       0x00000000   Number         0  rt_raise.o ABSOLUTE
    ../clib/angel/scatter.s                  0x00000000   Number         0  __scatter.o ABSOLUTE
    ../clib/angel/startup.s                  0x00000000   Number         0  __main.o ABSOLUTE
    ../clib/angel/sys.s                      0x00000000   Number         0  sys_stackheap_outer.o ABSOLUTE
    ../clib/angel/sys.s                      0x00000000   Number         0  libspace.o ABSOLUTE
    ../clib/angel/sys.s                      0x00000000   Number         0  use_no_semi.o ABSOLUTE
    ../clib/angel/sys.s                      0x00000000   Number         0  indicate_semi.o ABSOLUTE
    ../clib/angel/sysapp.c                   0x00000000   Number         0  sys_exit.o ABSOLUTE
    ../clib/angel/sysapp.c                   0x00000000   Number         0  sys_exit_hlt.o ABSOLUTE
    ../clib/angel/sysapp.c                   0x00000000   Number         0  sys_wrch.o ABSOLUTE
    ../clib/angel/sysapp.c                   0x00000000   Number         0  sys_wrch_hlt.o ABSOLUTE
    ../clib/angel/sysapp.c                   0x00000000   Number         0  sys_command.o ABSOLUTE
    ../clib/angel/sysapp.c                   0x00000000   Number         0  sys_command_hlt.o ABSOLUTE
    ../clib/armsys.c                         0x00000000   Number         0  argv_veneer.o ABSOLUTE
    ../clib/armsys.c                         0x00000000   Number         0  argv_veneer.o ABSOLUTE
    ../clib/armsys.c                         0x00000000   Number         0  _get_argv_nomalloc.o ABSOLUTE
    ../clib/armsys.c                         0x00000000   Number         0  no_argv.o ABSOLUTE
    ../clib/heapalloc.c                      0x00000000   Number         0  hrguard.o ABSOLUTE
    ../clib/heapaux.c                        0x00000000   Number         0  heapauxi.o ABSOLUTE
    ../clib/libinit.s                        0x00000000   Number         0  libinit.o ABSOLUTE
    ../clib/libinit.s                        0x00000000   Number         0  libinit2.o ABSOLUTE
    ../clib/libinit.s                        0x00000000   Number         0  libshutdown.o ABSOLUTE
    ../clib/libinit.s                        0x00000000   Number         0  libshutdown2.o ABSOLUTE
    ../clib/longlong.s                       0x00000000   Number         0  lludivv7m.o ABSOLUTE
    ../clib/signal.c                         0x00000000   Number         0  defsig_fpe_outer.o ABSOLUTE
    ../clib/signal.c                         0x00000000   Number         0  defsig_fpe_formal.o ABSOLUTE
    ../clib/signal.c                         0x00000000   Number         0  defsig_exit.o ABSOLUTE
    ../clib/signal.c                         0x00000000   Number         0  defsig_fpe_inner.o ABSOLUTE
    ../clib/signal.c                         0x00000000   Number         0  __raise.o ABSOLUTE
    ../clib/signal.c                         0x00000000   Number         0  defsig_general.o ABSOLUTE
    ../clib/signal.c                         0x00000000   Number         0  defsig_abrt_inner.o ABSOLUTE
    ../clib/signal.c                         0x00000000   Number         0  defsig_rtred_inner.o ABSOLUTE
    ../clib/signal.c                         0x00000000   Number         0  defsig_rtmem_inner.o ABSOLUTE
    ../clib/signal.c                         0x00000000   Number         0  defsig_rtmem_outer.o ABSOLUTE
    ../clib/signal.c                         0x00000000   Number         0  defsig_rtmem_formal.o ABSOLUTE
    ../clib/signal.c                         0x00000000   Number         0  defsig_stak_inner.o ABSOLUTE
    ../clib/signal.c                         0x00000000   Number         0  defsig_pvfn_inner.o ABSOLUTE
    ../clib/signal.c                         0x00000000   Number         0  defsig_cppl_inner.o ABSOLUTE
    ../clib/signal.c                         0x00000000   Number         0  defsig_segv_inner.o ABSOLUTE
    ../clib/signal.c                         0x00000000   Number         0  defsig_other.o ABSOLUTE
    ../clib/signal.s                         0x00000000   Number         0  defsig.o ABSOLUTE
    ../clib/stdlib.c                         0x00000000   Number         0  exit.o ABSOLUTE
    ../fplib/fpinit.s                        0x00000000   Number         0  fpinit.o ABSOLUTE
    GPDMA_LPC43xx.c                          0x00000000   Number         0  gpdma_lpc43xx.o ABSOLUTE
    GPIO_LPC43xx.c                           0x00000000   Number         0  gpio_lpc43xx.o ABSOLUTE
    RTE/Device/LPC4357_Cortex-M4/startup_LPC43xx.s 0x00000000   Number         0  startup_lpc43xx.o ABSOLUTE
    SCU_LPC43xx.c                            0x00000000   Number         0  scu_lpc43xx.o ABSOLUTE
    SSP_LPC43xx.c                            0x00000000   Number         0  ssp_lpc43xx.o ABSOLUTE
    cm4_sd_main.c                            0x00000000   Number         0  cm4_sd_main.o ABSOLUTE
    dc.s                                     0x00000000   Number         0  dc.o ABSOLUTE
    system_LPC43xx.c                         0x00000000   Number         0  system_lpc43xx.o ABSOLUTE
    RESET                                    0x1b000000   Section      768  startup_lpc43xx.o(RESET)
    !!!main                                  0x1b000300   Section        8  __main.o(!!!main)
    !!!scatter                               0x1b000308   Section       52  __scatter.o(!!!scatter)
    !!handler_copy                           0x1b00033c   Section       26  __scatter_copy.o(!!handler_copy)
    !!handler_zi                             0x1b000358   Section       28  __scatter_zi.o(!!handler_zi)
    .ARM.Collect$$libinit$$00000000          0x1b000374   Section        2  libinit.o(.ARM.Collect$$libinit$$00000000)
    .ARM.Collect$$libinit$$00000001          0x1b000376   Section        4  libinit2.o(.ARM.Collect$$libinit$$00000001)
    .ARM.Collect$$libinit$$00000004          0x1b00037a   Section        0  libinit2.o(.ARM.Collect$$libinit$$00000004)
    .ARM.Collect$$libinit$$0000000A          0x1b00037a   Section        0  libinit2.o(.ARM.Collect$$libinit$$0000000A)
    .ARM.Collect$$libinit$$0000000C          0x1b00037a   Section        0  libinit2.o(.ARM.Collect$$libinit$$0000000C)
    .ARM.Collect$$libinit$$0000000E          0x1b00037a   Section        0  libinit2.o(.ARM.Collect$$libinit$$0000000E)
    .ARM.Collect$$libinit$$00000011          0x1b00037a   Section        0  libinit2.o(.ARM.Collect$$libinit$$00000011)
    .ARM.Collect$$libinit$$00000013          0x1b00037a   Section        0  libinit2.o(.ARM.Collect$$libinit$$00000013)
    .ARM.Collect$$libinit$$00000015          0x1b00037a   Section        0  libinit2.o(.ARM.Collect$$libinit$$00000015)
    .ARM.Collect$$libinit$$00000017          0x1b00037a   Section        0  libinit2.o(.ARM.Collect$$libinit$$00000017)
    .ARM.Collect$$libinit$$00000019          0x1b00037a   Section        0  libinit2.o(.ARM.Collect$$libinit$$00000019)
    .ARM.Collect$$libinit$$0000001B          0x1b00037a   Section        0  libinit2.o(.ARM.Collect$$libinit$$0000001B)
    .ARM.Collect$$libinit$$0000001D          0x1b00037a   Section        0  libinit2.o(.ARM.Collect$$libinit$$0000001D)
    .ARM.Collect$$libinit$$0000001F          0x1b00037a   Section        0  libinit2.o(.ARM.Collect$$libinit$$0000001F)
    .ARM.Collect$$libinit$$00000021          0x1b00037a   Section        0  libinit2.o(.ARM.Collect$$libinit$$00000021)
    .ARM.Collect$$libinit$$00000023          0x1b00037a   Section        0  libinit2.o(.ARM.Collect$$libinit$$00000023)
    .ARM.Collect$$libinit$$00000025          0x1b00037a   Section        0  libinit2.o(.ARM.Collect$$libinit$$00000025)
    .ARM.Collect$$libinit$$0000002C          0x1b00037a   Section        0  libinit2.o(.ARM.Collect$$libinit$$0000002C)
    .ARM.Collect$$libinit$$0000002E          0x1b00037a   Section        0  libinit2.o(.ARM.Collect$$libinit$$0000002E)
    .ARM.Collect$$libinit$$00000030          0x1b00037a   Section        0  libinit2.o(.ARM.Collect$$libinit$$00000030)
    .ARM.Collect$$libinit$$00000032          0x1b00037a   Section        0  libinit2.o(.ARM.Collect$$libinit$$00000032)
    .ARM.Collect$$libinit$$00000033          0x1b00037a   Section        2  libinit2.o(.ARM.Collect$$libinit$$00000033)
    .ARM.Collect$$libshutdown$$00000000      0x1b00037c   Section        2  libshutdown.o(.ARM.Collect$$libshutdown$$00000000)
    .ARM.Collect$$libshutdown$$00000002      0x1b00037e   Section        0  libshutdown2.o(.ARM.Collect$$libshutdown$$00000002)
    .ARM.Collect$$libshutdown$$00000004      0x1b00037e   Section        0  libshutdown2.o(.ARM.Collect$$libshutdown$$00000004)
    .ARM.Collect$$libshutdown$$00000007      0x1b00037e   Section        0  libshutdown2.o(.ARM.Collect$$libshutdown$$00000007)
    .ARM.Collect$$libshutdown$$0000000A      0x1b00037e   Section        0  libshutdown2.o(.ARM.Collect$$libshutdown$$0000000A)
    .ARM.Collect$$libshutdown$$0000000C      0x1b00037e   Section        0  libshutdown2.o(.ARM.Collect$$libshutdown$$0000000C)
    .ARM.Collect$$libshutdown$$0000000F      0x1b00037e   Section        0  libshutdown2.o(.ARM.Collect$$libshutdown$$0000000F)
    .ARM.Collect$$libshutdown$$00000010      0x1b00037e   Section        2  libshutdown2.o(.ARM.Collect$$libshutdown$$00000010)
    .ARM.Collect$$rtentry$$00000000          0x1b000380   Section        0  __rtentry.o(.ARM.Collect$$rtentry$$00000000)
    .ARM.Collect$$rtentry$$00000002          0x1b000380   Section        0  __rtentry2.o(.ARM.Collect$$rtentry$$00000002)
    .ARM.Collect$$rtentry$$00000004          0x1b000380   Section        6  __rtentry4.o(.ARM.Collect$$rtentry$$00000004)
    .ARM.Collect$$rtentry$$00000009          0x1b000386   Section        0  __rtentry2.o(.ARM.Collect$$rtentry$$00000009)
    .ARM.Collect$$rtentry$$0000000A          0x1b000386   Section        4  __rtentry2.o(.ARM.Collect$$rtentry$$0000000A)
    .ARM.Collect$$rtentry$$0000000C          0x1b00038a   Section        0  __rtentry2.o(.ARM.Collect$$rtentry$$0000000C)
    .ARM.Collect$$rtentry$$0000000D          0x1b00038a   Section        8  __rtentry2.o(.ARM.Collect$$rtentry$$0000000D)
    .ARM.Collect$$rtexit$$00000000           0x1b000392   Section        2  rtexit.o(.ARM.Collect$$rtexit$$00000000)
    .ARM.Collect$$rtexit$$00000002           0x1b000394   Section        0  rtexit2.o(.ARM.Collect$$rtexit$$00000002)
    .ARM.Collect$$rtexit$$00000003           0x1b000394   Section        4  rtexit2.o(.ARM.Collect$$rtexit$$00000003)
    .ARM.Collect$$rtexit$$00000004           0x1b000398   Section        6  rtexit2.o(.ARM.Collect$$rtexit$$00000004)
    $v0                                      0x1b0003a0   Number         0  startup_lpc43xx.o(.text)
    .text                                    0x1b0003a0   Section       64  startup_lpc43xx.o(.text)
    .text                                    0x1b0003e0   Section      240  lludivv7m.o(.text)
    .text                                    0x1b0004d0   Section        0  heapauxi.o(.text)
    .text                                    0x1b0004d6   Section       74  sys_stackheap_outer.o(.text)
    .text                                    0x1b000520   Section        0  exit.o(.text)
    .text                                    0x1b000534   Section        8  libspace.o(.text)
    .text                                    0x1b00053c   Section        0  sys_exit.o(.text)
    .text                                    0x1b000548   Section        2  use_no_semi.o(.text)
    .text                                    0x1b00054a   Section        0  indicate_semi.o(.text)
    Clear_Channel_active_flag                0x1b00054d   Thumb Code    46  gpdma_lpc43xx.o(.text.Clear_Channel_active_flag)
    [Anonymous Symbol]                       0x1b00054c   Section        0  gpdma_lpc43xx.o(.text.Clear_Channel_active_flag)
    [Anonymous Symbol]                       0x1b00057c   Section        0  gpdma_lpc43xx.o(.text.DMA_IRQHandler)
    GetClkSel                                0x1b0007c9   Thumb Code   262  system_lpc43xx.o(.text.GetClkSel)
    [Anonymous Symbol]                       0x1b0007c8   Section        0  system_lpc43xx.o(.text.GetClkSel)
    [Anonymous Symbol]                       0x1b0008d0   Section        0  system_lpc43xx.o(.text.GetClockFreq)
    GetPLL1Param                             0x1b000a15   Thumb Code   130  system_lpc43xx.o(.text.GetPLL1Param)
    [Anonymous Symbol]                       0x1b000a14   Section        0  system_lpc43xx.o(.text.GetPLL1Param)
    [Anonymous Symbol]                       0x1b000a98   Section        0  ssp_lpc43xx.o(.text.SSP0_GPDMA_Rx_SignalEvent)
    [Anonymous Symbol]                       0x1b000ab0   Section        0  ssp_lpc43xx.o(.text.SSP0_GPDMA_Tx_SignalEvent)
    [Anonymous Symbol]                       0x1b000ac8   Section        0  ssp_lpc43xx.o(.text.SSP0_IRQHandler)
    [Anonymous Symbol]                       0x1b000ad8   Section        0  ssp_lpc43xx.o(.text.SSPx_GPDMA_Rx_SignalEvent)
    [Anonymous Symbol]                       0x1b000b24   Section        0  ssp_lpc43xx.o(.text.SSPx_GPDMA_Tx_SignalEvent)
    SSPx_IRQHandler                          0x1b000b51   Thumb Code   376  ssp_lpc43xx.o(.text.SSPx_IRQHandler)
    [Anonymous Symbol]                       0x1b000b50   Section        0  ssp_lpc43xx.o(.text.SSPx_IRQHandler)
    SetClock                                 0x1b000cc9   Thumb Code   504  system_lpc43xx.o(.text.SetClock)
    [Anonymous Symbol]                       0x1b000cc8   Section        0  system_lpc43xx.o(.text.SetClock)
    [Anonymous Symbol]                       0x1b000ec0   Section        0  system_lpc43xx.o(.text.SystemCoreClockUpdate)
    [Anonymous Symbol]                       0x1b000ee8   Section        0  system_lpc43xx.o(.text.SystemInit)
    SystemInit_ExtMemCtl                     0x1b000f3d   Thumb Code  1968  system_lpc43xx.o(.text.SystemInit_ExtMemCtl)
    [Anonymous Symbol]                       0x1b000f3c   Section        0  system_lpc43xx.o(.text.SystemInit_ExtMemCtl)
    WaitUs                                   0x1b0016ed   Thumb Code    76  system_lpc43xx.o(.text.WaitUs)
    [Anonymous Symbol]                       0x1b0016ec   Section        0  system_lpc43xx.o(.text.WaitUs)
    [Anonymous Symbol]                       0x1b001738   Section        0  cm4_sd_main.o(.text.main)
    $v0                                      0x1b001742   Number         0  fpinit.o(x$fpl$fpinit)
    x$fpl$fpinit                             0x1b001742   Section       26  fpinit.o(x$fpl$fpinit)
    SSP0_Resources                           0x1b00175c   Data          96  ssp_lpc43xx.o(.rodata.SSP0_Resources)
    [Anonymous Symbol]                       0x1b00175c   Section        0  ssp_lpc43xx.o(.rodata.SSP0_Resources)
    SSP0_gpio_ssel                           0x1b0017bc   Data           2  ssp_lpc43xx.o(.rodata.SSP0_gpio_ssel)
    [Anonymous Symbol]                       0x1b0017bc   Section        0  ssp_lpc43xx.o(.rodata.SSP0_gpio_ssel)
    SSP0_pin_miso                            0x1b0017c0   Data           8  ssp_lpc43xx.o(.rodata.SSP0_pin_miso)
    [Anonymous Symbol]                       0x1b0017c0   Section        0  ssp_lpc43xx.o(.rodata.SSP0_pin_miso)
    SSP0_pin_mosi                            0x1b0017c8   Data           8  ssp_lpc43xx.o(.rodata.SSP0_pin_mosi)
    [Anonymous Symbol]                       0x1b0017c8   Section        0  ssp_lpc43xx.o(.rodata.SSP0_pin_mosi)
    SSP0_pin_sck                             0x1b0017d0   Data           8  ssp_lpc43xx.o(.rodata.SSP0_pin_sck)
    [Anonymous Symbol]                       0x1b0017d0   Section        0  ssp_lpc43xx.o(.rodata.SSP0_pin_sck)
    SSP0_pin_ssel                            0x1b0017d8   Data           8  ssp_lpc43xx.o(.rodata.SSP0_pin_ssel)
    [Anonymous Symbol]                       0x1b0017d8   Section        0  ssp_lpc43xx.o(.rodata.SSP0_pin_ssel)
    emcdivby2_opc                            0x1b0017e0   Data          20  system_lpc43xx.o(.rodata.emcdivby2_opc)
    [Anonymous Symbol]                       0x1b0017e0   Section        0  system_lpc43xx.o(.rodata.emcdivby2_opc)
    .bss                                     0x20000008   Section       96  libspace.o(.bss)
    Channel_active                           0x20000068   Data           4  gpdma_lpc43xx.o(.bss.Channel_active)
    [Anonymous Symbol]                       0x20000068   Section        0  gpdma_lpc43xx.o(.bss.Channel_active)
    Channel_info                             0x2000006c   Data         160  gpdma_lpc43xx.o(.bss.Channel_info)
    [Anonymous Symbol]                       0x2000006c   Section        0  gpdma_lpc43xx.o(.bss.Channel_info)
    SSP0_Info                                0x2000010c   Data          16  ssp_lpc43xx.o(.bss.SSP0_Info)
    [Anonymous Symbol]                       0x2000010c   Section        0  ssp_lpc43xx.o(.bss.SSP0_Info)
    SSP0_Xfer                                0x2000011c   Data          28  ssp_lpc43xx.o(.bss.SSP0_Xfer)
    [Anonymous Symbol]                       0x2000011c   Section        0  ssp_lpc43xx.o(.bss.SSP0_Xfer)
    Heap_Mem                                 0x20000138   Data         512  startup_lpc43xx.o(HEAP)
    HEAP                                     0x20000138   Section      512  startup_lpc43xx.o(HEAP)
    Stack_Mem                                0x20000338   Data        1024  startup_lpc43xx.o(STACK)
    STACK                                    0x20000338   Section     1024  startup_lpc43xx.o(STACK)
    __initial_sp                             0x20000738   Data           0  startup_lpc43xx.o(STACK)

    Global Symbols

    Symbol Name                              Value     Ov Type        Size  Object(Section)

    BuildAttributes$$THM_ISAv4$E$P$D$K$B$S$7EM$VFPi3$EXTD16$VFPS$VFMA$PE$A:L22UL41UL21$X:L11$S22US41US21$IEEE1$IW$~IW$USESV6$~STKCKD$USESV7$~SHL$OSPACE$ROPI$EBA8$UX$STANDARDLIB$REQ8$PRES8$EABIv2 0x00000000   Number         0  anon$$obj.o ABSOLUTE
    __ARM_exceptions_init                     - Undefined Weak Reference
    __alloca_initialize                       - Undefined Weak Reference
    __arm_preinit_                            - Undefined Weak Reference
    __cpp_initialize__aeabi_                  - Undefined Weak Reference
    __cxa_finalize                            - Undefined Weak Reference
    __rt_locale                               - Undefined Weak Reference
    __sigvec_lookup                           - Undefined Weak Reference
    _atexit_init                              - Undefined Weak Reference
    _call_atexit_fns                          - Undefined Weak Reference
    _clock_init                               - Undefined Weak Reference
    _fp_trap_init                             - Undefined Weak Reference
    _fp_trap_shutdown                         - Undefined Weak Reference
    _get_lc_collate                           - Undefined Weak Reference
    _get_lc_ctype                             - Undefined Weak Reference
    _get_lc_monetary                          - Undefined Weak Reference
    _get_lc_numeric                           - Undefined Weak Reference
    _get_lc_time                              - Undefined Weak Reference
    _getenv_init                              - Undefined Weak Reference
    _handle_redirection                       - Undefined Weak Reference
    _init_alloc                               - Undefined Weak Reference
    _init_user_alloc                          - Undefined Weak Reference
    _initio                                   - Undefined Weak Reference
    _rand_init                                - Undefined Weak Reference
    _signal_finish                            - Undefined Weak Reference
    _signal_init                              - Undefined Weak Reference
    _terminate_alloc                          - Undefined Weak Reference
    _terminate_user_alloc                     - Undefined Weak Reference
    _terminateio                              - Undefined Weak Reference
    __Vectors                                0x1b000000   Data           4  startup_lpc43xx.o(RESET)
    __main                                   0x1b000301   Thumb Code     8  __main.o(!!!main)
    __scatterload                            0x1b000309   Thumb Code     0  __scatter.o(!!!scatter)
    __scatterload_rt2                        0x1b000309   Thumb Code    44  __scatter.o(!!!scatter)
    __scatterload_rt2_thumb_only             0x1b000309   Thumb Code     0  __scatter.o(!!!scatter)
    __scatterload_null                       0x1b000317   Thumb Code     0  __scatter.o(!!!scatter)
    __scatterload_copy                       0x1b00033d   Thumb Code    26  __scatter_copy.o(!!handler_copy)
    __scatterload_zeroinit                   0x1b000359   Thumb Code    28  __scatter_zi.o(!!handler_zi)
    __rt_lib_init                            0x1b000375   Thumb Code     0  libinit.o(.ARM.Collect$$libinit$$00000000)
    __rt_lib_init_fp_1                       0x1b000377   Thumb Code     0  libinit2.o(.ARM.Collect$$libinit$$00000001)
    __rt_lib_init_alloca_1                   0x1b00037b   Thumb Code     0  libinit2.o(.ARM.Collect$$libinit$$0000002E)
    __rt_lib_init_argv_1                     0x1b00037b   Thumb Code     0  libinit2.o(.ARM.Collect$$libinit$$0000002C)
    __rt_lib_init_atexit_1                   0x1b00037b   Thumb Code     0  libinit2.o(.ARM.Collect$$libinit$$0000001B)
    __rt_lib_init_clock_1                    0x1b00037b   Thumb Code     0  libinit2.o(.ARM.Collect$$libinit$$00000021)
    __rt_lib_init_cpp_1                      0x1b00037b   Thumb Code     0  libinit2.o(.ARM.Collect$$libinit$$00000032)
    __rt_lib_init_exceptions_1               0x1b00037b   Thumb Code     0  libinit2.o(.ARM.Collect$$libinit$$00000030)
    __rt_lib_init_fp_trap_1                  0x1b00037b   Thumb Code     0  libinit2.o(.ARM.Collect$$libinit$$0000001F)
    __rt_lib_init_getenv_1                   0x1b00037b   Thumb Code     0  libinit2.o(.ARM.Collect$$libinit$$00000023)
    __rt_lib_init_heap_1                     0x1b00037b   Thumb Code     0  libinit2.o(.ARM.Collect$$libinit$$0000000A)
    __rt_lib_init_lc_collate_1               0x1b00037b   Thumb Code     0  libinit2.o(.ARM.Collect$$libinit$$00000011)
    __rt_lib_init_lc_ctype_1                 0x1b00037b   Thumb Code     0  libinit2.o(.ARM.Collect$$libinit$$00000013)
    __rt_lib_init_lc_monetary_1              0x1b00037b   Thumb Code     0  libinit2.o(.ARM.Collect$$libinit$$00000015)
    __rt_lib_init_lc_numeric_1               0x1b00037b   Thumb Code     0  libinit2.o(.ARM.Collect$$libinit$$00000017)
    __rt_lib_init_lc_time_1                  0x1b00037b   Thumb Code     0  libinit2.o(.ARM.Collect$$libinit$$00000019)
    __rt_lib_init_preinit_1                  0x1b00037b   Thumb Code     0  libinit2.o(.ARM.Collect$$libinit$$00000004)
    __rt_lib_init_rand_1                     0x1b00037b   Thumb Code     0  libinit2.o(.ARM.Collect$$libinit$$0000000E)
    __rt_lib_init_return                     0x1b00037b   Thumb Code     0  libinit2.o(.ARM.Collect$$libinit$$00000033)
    __rt_lib_init_signal_1                   0x1b00037b   Thumb Code     0  libinit2.o(.ARM.Collect$$libinit$$0000001D)
    __rt_lib_init_stdio_1                    0x1b00037b   Thumb Code     0  libinit2.o(.ARM.Collect$$libinit$$00000025)
    __rt_lib_init_user_alloc_1               0x1b00037b   Thumb Code     0  libinit2.o(.ARM.Collect$$libinit$$0000000C)
    __rt_lib_shutdown                        0x1b00037d   Thumb Code     0  libshutdown.o(.ARM.Collect$$libshutdown$$00000000)
    __rt_lib_shutdown_cpp_1                  0x1b00037f   Thumb Code     0  libshutdown2.o(.ARM.Collect$$libshutdown$$00000002)
    __rt_lib_shutdown_fp_trap_1              0x1b00037f   Thumb Code     0  libshutdown2.o(.ARM.Collect$$libshutdown$$00000007)
    __rt_lib_shutdown_heap_1                 0x1b00037f   Thumb Code     0  libshutdown2.o(.ARM.Collect$$libshutdown$$0000000F)
    __rt_lib_shutdown_return                 0x1b00037f   Thumb Code     0  libshutdown2.o(.ARM.Collect$$libshutdown$$00000010)
    __rt_lib_shutdown_signal_1               0x1b00037f   Thumb Code     0  libshutdown2.o(.ARM.Collect$$libshutdown$$0000000A)
    __rt_lib_shutdown_stdio_1                0x1b00037f   Thumb Code     0  libshutdown2.o(.ARM.Collect$$libshutdown$$00000004)
    __rt_lib_shutdown_user_alloc_1           0x1b00037f   Thumb Code     0  libshutdown2.o(.ARM.Collect$$libshutdown$$0000000C)
    __rt_entry                               0x1b000381   Thumb Code     0  __rtentry.o(.ARM.Collect$$rtentry$$00000000)
    __rt_entry_presh_1                       0x1b000381   Thumb Code     0  __rtentry2.o(.ARM.Collect$$rtentry$$00000002)
    __rt_entry_sh                            0x1b000381   Thumb Code     0  __rtentry4.o(.ARM.Collect$$rtentry$$00000004)
    __rt_entry_li                            0x1b000387   Thumb Code     0  __rtentry2.o(.ARM.Collect$$rtentry$$0000000A)
    __rt_entry_postsh_1                      0x1b000387   Thumb Code     0  __rtentry2.o(.ARM.Collect$$rtentry$$00000009)
    __rt_entry_main                          0x1b00038b   Thumb Code     0  __rtentry2.o(.ARM.Collect$$rtentry$$0000000D)
    __rt_entry_postli_1                      0x1b00038b   Thumb Code     0  __rtentry2.o(.ARM.Collect$$rtentry$$0000000C)
    __rt_exit                                0x1b000393   Thumb Code     0  rtexit.o(.ARM.Collect$$rtexit$$00000000)
    __rt_exit_ls                             0x1b000395   Thumb Code     0  rtexit2.o(.ARM.Collect$$rtexit$$00000003)
    __rt_exit_prels_1                        0x1b000395   Thumb Code     0  rtexit2.o(.ARM.Collect$$rtexit$$00000002)
    __rt_exit_exit                           0x1b000399   Thumb Code     0  rtexit2.o(.ARM.Collect$$rtexit$$00000004)
    Reset_Handler                            0x1b0003a1   Thumb Code     8  startup_lpc43xx.o(.text)
    NMI_Handler                              0x1b0003a9   Thumb Code     2  startup_lpc43xx.o(.text)
    HardFault_Handler                        0x1b0003ab   Thumb Code     2  startup_lpc43xx.o(.text)
    MemManage_Handler                        0x1b0003ad   Thumb Code     2  startup_lpc43xx.o(.text)
    BusFault_Handler                         0x1b0003af   Thumb Code     2  startup_lpc43xx.o(.text)
    UsageFault_Handler                       0x1b0003b1   Thumb Code     2  startup_lpc43xx.o(.text)
    SVC_Handler                              0x1b0003b3   Thumb Code     2  startup_lpc43xx.o(.text)
    DebugMon_Handler                         0x1b0003b5   Thumb Code     2  startup_lpc43xx.o(.text)
    PendSV_Handler                           0x1b0003b7   Thumb Code     2  startup_lpc43xx.o(.text)
    SysTick_Handler                          0x1b0003b9   Thumb Code     2  startup_lpc43xx.o(.text)
    ADC0_IRQHandler                          0x1b0003bb   Thumb Code     0  startup_lpc43xx.o(.text)
    ADC1_IRQHandler                          0x1b0003bb   Thumb Code     0  startup_lpc43xx.o(.text)
    ADCHS_IRQHandler                         0x1b0003bb   Thumb Code     0  startup_lpc43xx.o(.text)
    ATIMER_IRQHandler                        0x1b0003bb   Thumb Code     0  startup_lpc43xx.o(.text)
    C_CAN0_IRQHandler                        0x1b0003bb   Thumb Code     0  startup_lpc43xx.o(.text)
    C_CAN1_IRQHandler                        0x1b0003bb   Thumb Code     0  startup_lpc43xx.o(.text)
    DAC_IRQHandler                           0x1b0003bb   Thumb Code     0  startup_lpc43xx.o(.text)
    ETHERNET_IRQHandler                      0x1b0003bb   Thumb Code     0  startup_lpc43xx.o(.text)
    EVENTROUTER_IRQHandler                   0x1b0003bb   Thumb Code     0  startup_lpc43xx.o(.text)
    FLASHEEPROM_IRQHandler                   0x1b0003bb   Thumb Code     0  startup_lpc43xx.o(.text)
    GINT0_IRQHandler                         0x1b0003bb   Thumb Code     0  startup_lpc43xx.o(.text)
    GINT1_IRQHandler                         0x1b0003bb   Thumb Code     0  startup_lpc43xx.o(.text)
    I2C0_IRQHandler                          0x1b0003bb   Thumb Code     0  startup_lpc43xx.o(.text)
    I2C1_IRQHandler                          0x1b0003bb   Thumb Code     0  startup_lpc43xx.o(.text)
    I2S0_IRQHandler                          0x1b0003bb   Thumb Code     0  startup_lpc43xx.o(.text)
    I2S1_IRQHandler                          0x1b0003bb   Thumb Code     0  startup_lpc43xx.o(.text)
    LCD_IRQHandler                           0x1b0003bb   Thumb Code     0  startup_lpc43xx.o(.text)
    M0APP_IRQHandler                         0x1b0003bb   Thumb Code     0  startup_lpc43xx.o(.text)
    M0SUB_IRQHandler                         0x1b0003bb   Thumb Code     0  startup_lpc43xx.o(.text)
    MCPWM_IRQHandler                         0x1b0003bb   Thumb Code     0  startup_lpc43xx.o(.text)
    PIN_INT0_IRQHandler                      0x1b0003bb   Thumb Code     0  startup_lpc43xx.o(.text)
    PIN_INT1_IRQHandler                      0x1b0003bb   Thumb Code     0  startup_lpc43xx.o(.text)
    PIN_INT2_IRQHandler                      0x1b0003bb   Thumb Code     0  startup_lpc43xx.o(.text)
    PIN_INT3_IRQHandler                      0x1b0003bb   Thumb Code     0  startup_lpc43xx.o(.text)
    PIN_INT4_IRQHandler                      0x1b0003bb   Thumb Code     0  startup_lpc43xx.o(.text)
    PIN_INT5_IRQHandler                      0x1b0003bb   Thumb Code     0  startup_lpc43xx.o(.text)
    PIN_INT6_IRQHandler                      0x1b0003bb   Thumb Code     0  startup_lpc43xx.o(.text)
    PIN_INT7_IRQHandler                      0x1b0003bb   Thumb Code     0  startup_lpc43xx.o(.text)
    QEI_IRQHandler                           0x1b0003bb   Thumb Code     0  startup_lpc43xx.o(.text)
    RITIMER_IRQHandler                       0x1b0003bb   Thumb Code     0  startup_lpc43xx.o(.text)
    RTC_IRQHandler                           0x1b0003bb   Thumb Code     0  startup_lpc43xx.o(.text)
    SCT_IRQHandler                           0x1b0003bb   Thumb Code     0  startup_lpc43xx.o(.text)
    SDIO_IRQHandler                          0x1b0003bb   Thumb Code     0  startup_lpc43xx.o(.text)
    SGPIO_IRQHandler                         0x1b0003bb   Thumb Code     0  startup_lpc43xx.o(.text)
    SPIFI_IRQHandler                         0x1b0003bb   Thumb Code     0  startup_lpc43xx.o(.text)
    SPI_IRQHandler                           0x1b0003bb   Thumb Code     0  startup_lpc43xx.o(.text)
    SSP1_IRQHandler                          0x1b0003bb   Thumb Code     0  startup_lpc43xx.o(.text)
    TIMER0_IRQHandler                        0x1b0003bb   Thumb Code     0  startup_lpc43xx.o(.text)
    TIMER1_IRQHandler                        0x1b0003bb   Thumb Code     0  startup_lpc43xx.o(.text)
    TIMER2_IRQHandler                        0x1b0003bb   Thumb Code     0  startup_lpc43xx.o(.text)
    TIMER3_IRQHandler                        0x1b0003bb   Thumb Code     0  startup_lpc43xx.o(.text)
    UART1_IRQHandler                         0x1b0003bb   Thumb Code     0  startup_lpc43xx.o(.text)
    USART0_IRQHandler                        0x1b0003bb   Thumb Code     0  startup_lpc43xx.o(.text)
    USART2_IRQHandler                        0x1b0003bb   Thumb Code     0  startup_lpc43xx.o(.text)
    USART3_IRQHandler                        0x1b0003bb   Thumb Code     0  startup_lpc43xx.o(.text)
    USB0_IRQHandler                          0x1b0003bb   Thumb Code     0  startup_lpc43xx.o(.text)
    USB1_IRQHandler                          0x1b0003bb   Thumb Code     0  startup_lpc43xx.o(.text)
    WWDT_IRQHandler                          0x1b0003bb   Thumb Code     0  startup_lpc43xx.o(.text)
    __user_initial_stackheap                 0x1b0003bd   Thumb Code     0  startup_lpc43xx.o(.text)
    __aeabi_uldivmod                         0x1b0003e1   Thumb Code     0  lludivv7m.o(.text)
    _ll_udiv                                 0x1b0003e1   Thumb Code   240  lludivv7m.o(.text)
    __use_two_region_memory                  0x1b0004d1   Thumb Code     2  heapauxi.o(.text)
    __rt_heap_escrow$2region                 0x1b0004d3   Thumb Code     2  heapauxi.o(.text)
    __rt_heap_expand$2region                 0x1b0004d5   Thumb Code     2  heapauxi.o(.text)
    __user_setup_stackheap                   0x1b0004d7   Thumb Code    74  sys_stackheap_outer.o(.text)
    exit                                     0x1b000521   Thumb Code    18  exit.o(.text)
    __user_libspace                          0x1b000535   Thumb Code     8  libspace.o(.text)
    __user_perproc_libspace                  0x1b000535   Thumb Code     0  libspace.o(.text)
    __user_perthread_libspace                0x1b000535   Thumb Code     0  libspace.o(.text)
    _sys_exit                                0x1b00053d   Thumb Code     8  sys_exit.o(.text)
    __I$use$semihosting                      0x1b000549   Thumb Code     0  use_no_semi.o(.text)
    __use_no_semihosting_swi                 0x1b000549   Thumb Code     2  use_no_semi.o(.text)
    __semihosting_library_function           0x1b00054b   Thumb Code     0  indicate_semi.o(.text)
    DMA_IRQHandler                           0x1b00057d   Thumb Code   586  gpdma_lpc43xx.o(.text.DMA_IRQHandler)
    GetClockFreq                             0x1b0008d1   Thumb Code   324  system_lpc43xx.o(.text.GetClockFreq)
    SSP0_GPDMA_Rx_SignalEvent                0x1b000a99   Thumb Code    24  ssp_lpc43xx.o(.text.SSP0_GPDMA_Rx_SignalEvent)
    SSP0_GPDMA_Tx_SignalEvent                0x1b000ab1   Thumb Code    24  ssp_lpc43xx.o(.text.SSP0_GPDMA_Tx_SignalEvent)
    SSP0_IRQHandler                          0x1b000ac9   Thumb Code    16  ssp_lpc43xx.o(.text.SSP0_IRQHandler)
    SSPx_GPDMA_Rx_SignalEvent                0x1b000ad9   Thumb Code    74  ssp_lpc43xx.o(.text.SSPx_GPDMA_Rx_SignalEvent)
    SSPx_GPDMA_Tx_SignalEvent                0x1b000b25   Thumb Code    42  ssp_lpc43xx.o(.text.SSPx_GPDMA_Tx_SignalEvent)
    SystemCoreClockUpdate                    0x1b000ec1   Thumb Code    38  system_lpc43xx.o(.text.SystemCoreClockUpdate)
    SystemInit                               0x1b000ee9   Thumb Code    84  system_lpc43xx.o(.text.SystemInit)
    main                                     0x1b001739   Thumb Code    10  cm4_sd_main.o(.text.main)
    _fp_init                                 0x1b001743   Thumb Code    26  fpinit.o(x$fpl$fpinit)
    __fplib_config_fpu_vfp                   0x1b00175b   Thumb Code     0  fpinit.o(x$fpl$fpinit)
    __fplib_config_pureend_doubles           0x1b00175b   Thumb Code     0  fpinit.o(x$fpl$fpinit)
    Region$$Table$$Base                      0x1b0017f4   Number         0  anon$$obj.o(Region$$Table)
    Region$$Table$$Limit                     0x1b001814   Number         0  anon$$obj.o(Region$$Table)
    SystemCoreClock                          0x20000000   Data           4  system_lpc43xx.o(.data.SystemCoreClock)
    __libspace_start                         0x20000008   Data          96  libspace.o(.bss)
    __temporary_stack_top$libspace           0x20000068   Data           0  libspace.o(.bss)



==============================================================================

Memory Map of the image

  Image Entry point : 0x1b000301

  Load Region LR_IROM2 (Base: 0x1b000000, Size: 0x00001820, Max: 0x00080000, ABSOLUTE)

    Execution Region ER_IROM2 (Exec base: 0x1b000000, Load base: 0x1b000000, Size: 0x00001814, Max: 0x00080000, ABSOLUTE)

    Exec Addr    Load Addr    Size         Type   Attr      Idx    E Section Name        Object

    0x1b000000   0x1b000000   0x00000300   Data   RO          168    RESET               startup_lpc43xx.o
    0x1b000300   0x1b000300   0x00000008   Code   RO          208  * !!!main             c_w.l(__main.o)
    0x1b000308   0x1b000308   0x00000034   Code   RO          381    !!!scatter          c_w.l(__scatter.o)
    0x1b00033c   0x1b00033c   0x0000001a   Code   RO          383    !!handler_copy      c_w.l(__scatter_copy.o)
    0x1b000356   0x1b000356   0x00000002   PAD
    0x1b000358   0x1b000358   0x0000001c   Code   RO          385    !!handler_zi        c_w.l(__scatter_zi.o)
    0x1b000374   0x1b000374   0x00000002   Code   RO          245    .ARM.Collect$$libinit$$00000000  c_w.l(libinit.o)
    0x1b000376   0x1b000376   0x00000004   Code   RO          257    .ARM.Collect$$libinit$$00000001  c_w.l(libinit2.o)
    0x1b00037a   0x1b00037a   0x00000000   Code   RO          260    .ARM.Collect$$libinit$$00000004  c_w.l(libinit2.o)
    0x1b00037a   0x1b00037a   0x00000000   Code   RO          263    .ARM.Collect$$libinit$$0000000A  c_w.l(libinit2.o)
    0x1b00037a   0x1b00037a   0x00000000   Code   RO          265    .ARM.Collect$$libinit$$0000000C  c_w.l(libinit2.o)
    0x1b00037a   0x1b00037a   0x00000000   Code   RO          267    .ARM.Collect$$libinit$$0000000E  c_w.l(libinit2.o)
    0x1b00037a   0x1b00037a   0x00000000   Code   RO          270    .ARM.Collect$$libinit$$00000011  c_w.l(libinit2.o)
    0x1b00037a   0x1b00037a   0x00000000   Code   RO          272    .ARM.Collect$$libinit$$00000013  c_w.l(libinit2.o)
    0x1b00037a   0x1b00037a   0x00000000   Code   RO          274    .ARM.Collect$$libinit$$00000015  c_w.l(libinit2.o)
    0x1b00037a   0x1b00037a   0x00000000   Code   RO          276    .ARM.Collect$$libinit$$00000017  c_w.l(libinit2.o)
    0x1b00037a   0x1b00037a   0x00000000   Code   RO          278    .ARM.Collect$$libinit$$00000019  c_w.l(libinit2.o)
    0x1b00037a   0x1b00037a   0x00000000   Code   RO          280    .ARM.Collect$$libinit$$0000001B  c_w.l(libinit2.o)
    0x1b00037a   0x1b00037a   0x00000000   Code   RO          282    .ARM.Collect$$libinit$$0000001D  c_w.l(libinit2.o)
    0x1b00037a   0x1b00037a   0x00000000   Code   RO          284    .ARM.Collect$$libinit$$0000001F  c_w.l(libinit2.o)
    0x1b00037a   0x1b00037a   0x00000000   Code   RO          286    .ARM.Collect$$libinit$$00000021  c_w.l(libinit2.o)
    0x1b00037a   0x1b00037a   0x00000000   Code   RO          288    .ARM.Collect$$libinit$$00000023  c_w.l(libinit2.o)
    0x1b00037a   0x1b00037a   0x00000000   Code   RO          290    .ARM.Collect$$libinit$$00000025  c_w.l(libinit2.o)
    0x1b00037a   0x1b00037a   0x00000000   Code   RO          294    .ARM.Collect$$libinit$$0000002C  c_w.l(libinit2.o)
    0x1b00037a   0x1b00037a   0x00000000   Code   RO          296    .ARM.Collect$$libinit$$0000002E  c_w.l(libinit2.o)
    0x1b00037a   0x1b00037a   0x00000000   Code   RO          298    .ARM.Collect$$libinit$$00000030  c_w.l(libinit2.o)
    0x1b00037a   0x1b00037a   0x00000000   Code   RO          300    .ARM.Collect$$libinit$$00000032  c_w.l(libinit2.o)
    0x1b00037a   0x1b00037a   0x00000002   Code   RO          301    .ARM.Collect$$libinit$$00000033  c_w.l(libinit2.o)
    0x1b00037c   0x1b00037c   0x00000002   Code   RO          336    .ARM.Collect$$libshutdown$$00000000  c_w.l(libshutdown.o)
    0x1b00037e   0x1b00037e   0x00000000   Code   RO          364    .ARM.Collect$$libshutdown$$00000002  c_w.l(libshutdown2.o)
    0x1b00037e   0x1b00037e   0x00000000   Code   RO          366    .ARM.Collect$$libshutdown$$00000004  c_w.l(libshutdown2.o)
    0x1b00037e   0x1b00037e   0x00000000   Code   RO          369    .ARM.Collect$$libshutdown$$00000007  c_w.l(libshutdown2.o)
    0x1b00037e   0x1b00037e   0x00000000   Code   RO          372    .ARM.Collect$$libshutdown$$0000000A  c_w.l(libshutdown2.o)
    0x1b00037e   0x1b00037e   0x00000000   Code   RO          374    .ARM.Collect$$libshutdown$$0000000C  c_w.l(libshutdown2.o)
    0x1b00037e   0x1b00037e   0x00000000   Code   RO          377    .ARM.Collect$$libshutdown$$0000000F  c_w.l(libshutdown2.o)
    0x1b00037e   0x1b00037e   0x00000002   Code   RO          378    .ARM.Collect$$libshutdown$$00000010  c_w.l(libshutdown2.o)
    0x1b000380   0x1b000380   0x00000000   Code   RO          210    .ARM.Collect$$rtentry$$00000000  c_w.l(__rtentry.o)
    0x1b000380   0x1b000380   0x00000000   Code   RO          216    .ARM.Collect$$rtentry$$00000002  c_w.l(__rtentry2.o)
    0x1b000380   0x1b000380   0x00000006   Code   RO          228    .ARM.Collect$$rtentry$$00000004  c_w.l(__rtentry4.o)
    0x1b000386   0x1b000386   0x00000000   Code   RO          218    .ARM.Collect$$rtentry$$00000009  c_w.l(__rtentry2.o)
    0x1b000386   0x1b000386   0x00000004   Code   RO          219    .ARM.Collect$$rtentry$$0000000A  c_w.l(__rtentry2.o)
    0x1b00038a   0x1b00038a   0x00000000   Code   RO          221    .ARM.Collect$$rtentry$$0000000C  c_w.l(__rtentry2.o)
    0x1b00038a   0x1b00038a   0x00000008   Code   RO          222    .ARM.Collect$$rtentry$$0000000D  c_w.l(__rtentry2.o)
    0x1b000392   0x1b000392   0x00000002   Code   RO          249    .ARM.Collect$$rtexit$$00000000  c_w.l(rtexit.o)
    0x1b000394   0x1b000394   0x00000000   Code   RO          307    .ARM.Collect$$rtexit$$00000002  c_w.l(rtexit2.o)
    0x1b000394   0x1b000394   0x00000004   Code   RO          308    .ARM.Collect$$rtexit$$00000003  c_w.l(rtexit2.o)
    0x1b000398   0x1b000398   0x00000006   Code   RO          309    .ARM.Collect$$rtexit$$00000004  c_w.l(rtexit2.o)
    0x1b00039e   0x1b00039e   0x00000002   PAD
    0x1b0003a0   0x1b0003a0   0x00000040   Code   RO          169    .text               startup_lpc43xx.o
    0x1b0003e0   0x1b0003e0   0x000000f0   Code   RO          204    .text               c_w.l(lludivv7m.o)
    0x1b0004d0   0x1b0004d0   0x00000006   Code   RO          206    .text               c_w.l(heapauxi.o)
    0x1b0004d6   0x1b0004d6   0x0000004a   Code   RO          232    .text               c_w.l(sys_stackheap_outer.o)
    0x1b000520   0x1b000520   0x00000012   Code   RO          234    .text               c_w.l(exit.o)
    0x1b000532   0x1b000532   0x00000002   PAD
    0x1b000534   0x1b000534   0x00000008   Code   RO          246    .text               c_w.l(libspace.o)
    0x1b00053c   0x1b00053c   0x0000000c   Code   RO          302    .text               c_w.l(sys_exit.o)
    0x1b000548   0x1b000548   0x00000002   Code   RO          325    .text               c_w.l(use_no_semi.o)
    0x1b00054a   0x1b00054a   0x00000000   Code   RO          327    .text               c_w.l(indicate_semi.o)
    0x1b00054a   0x1b00054a   0x00000002   PAD
    0x1b00054c   0x1b00054c   0x0000002e   Code   RO          105    .text.Clear_Channel_active_flag  gpdma_lpc43xx.o
    0x1b00057a   0x1b00057a   0x00000002   PAD
    0x1b00057c   0x1b00057c   0x0000024a   Code   RO          115    .text.DMA_IRQHandler  gpdma_lpc43xx.o
    0x1b0007c6   0x1b0007c6   0x00000002   PAD
    0x1b0007c8   0x1b0007c8   0x00000106   Code   RO          182    .text.GetClkSel     system_lpc43xx.o
    0x1b0008ce   0x1b0008ce   0x00000002   PAD
    0x1b0008d0   0x1b0008d0   0x00000144   Code   RO          178    .text.GetClockFreq  system_lpc43xx.o
    0x1b000a14   0x1b000a14   0x00000082   Code   RO          180    .text.GetPLL1Param  system_lpc43xx.o
    0x1b000a96   0x1b000a96   0x00000002   PAD
    0x1b000a98   0x1b000a98   0x00000018   Code   RO           17    .text.SSP0_GPDMA_Rx_SignalEvent  ssp_lpc43xx.o
    0x1b000ab0   0x1b000ab0   0x00000018   Code   RO           15    .text.SSP0_GPDMA_Tx_SignalEvent  ssp_lpc43xx.o
    0x1b000ac8   0x1b000ac8   0x00000010   Code   RO           19    .text.SSP0_IRQHandler  ssp_lpc43xx.o
    0x1b000ad8   0x1b000ad8   0x0000004a   Code   RO           13    .text.SSPx_GPDMA_Rx_SignalEvent  ssp_lpc43xx.o
    0x1b000b22   0x1b000b22   0x00000002   PAD
    0x1b000b24   0x1b000b24   0x0000002a   Code   RO           11    .text.SSPx_GPDMA_Tx_SignalEvent  ssp_lpc43xx.o
    0x1b000b4e   0x1b000b4e   0x00000002   PAD
    0x1b000b50   0x1b000b50   0x00000178   Code   RO           21    .text.SSPx_IRQHandler  ssp_lpc43xx.o
    0x1b000cc8   0x1b000cc8   0x000001f8   Code   RO          188    .text.SetClock      system_lpc43xx.o
    0x1b000ec0   0x1b000ec0   0x00000026   Code   RO          184    .text.SystemCoreClockUpdate  system_lpc43xx.o
    0x1b000ee6   0x1b000ee6   0x00000002   PAD
    0x1b000ee8   0x1b000ee8   0x00000054   Code   RO          186    .text.SystemInit    system_lpc43xx.o
    0x1b000f3c   0x1b000f3c   0x000007b0   Code   RO          190    .text.SystemInit_ExtMemCtl  system_lpc43xx.o
    0x1b0016ec   0x1b0016ec   0x0000004c   Code   RO          192    .text.WaitUs        system_lpc43xx.o
    0x1b001738   0x1b001738   0x0000000a   Code   RO            2    .text.main          cm4_sd_main.o
    0x1b001742   0x1b001742   0x0000001a   Code   RO          319    x$fpl$fpinit        fz_wm.l(fpinit.o)
    0x1b00175c   0x1b00175c   0x00000060   Data   RO           69    .rodata.SSP0_Resources  ssp_lpc43xx.o
    0x1b0017bc   0x1b0017bc   0x00000002   Data   RO           75    .rodata.SSP0_gpio_ssel  ssp_lpc43xx.o
    0x1b0017be   0x1b0017be   0x00000002   PAD
    0x1b0017c0   0x1b0017c0   0x00000008   Data   RO           72    .rodata.SSP0_pin_miso  ssp_lpc43xx.o
    0x1b0017c8   0x1b0017c8   0x00000008   Data   RO           73    .rodata.SSP0_pin_mosi  ssp_lpc43xx.o
    0x1b0017d0   0x1b0017d0   0x00000008   Data   RO           71    .rodata.SSP0_pin_sck  ssp_lpc43xx.o
    0x1b0017d8   0x1b0017d8   0x00000008   Data   RO           74    .rodata.SSP0_pin_ssel  ssp_lpc43xx.o
    0x1b0017e0   0x1b0017e0   0x00000014   Data   RO          195    .rodata.emcdivby2_opc  system_lpc43xx.o
    0x1b0017f4   0x1b0017f4   0x00000020   Data   RO          380    Region$$Table       anon$$obj.o


    Execution Region RW_IRAM2 (Exec base: 0x20000000, Load base: 0x1b001818, Size: 0x00000738, Max: 0x00010000, ABSOLUTE)

    Exec Addr    Load Addr    Size         Type   Attr      Idx    E Section Name        Object

    0x20000000   0x1b001818   0x00000004   Data   RW          194    .data.SystemCoreClock  system_lpc43xx.o
    0x20000004   0x1b00181c   0x00000004   PAD
    0x20000008        -       0x00000060   Zero   RW          247    .bss                c_w.l(libspace.o)
    0x20000068        -       0x00000004   Zero   RW          119    .bss.Channel_active  gpdma_lpc43xx.o
    0x2000006c        -       0x000000a0   Zero   RW          118    .bss.Channel_info   gpdma_lpc43xx.o
    0x2000010c        -       0x00000010   Zero   RW           76    .bss.SSP0_Info      ssp_lpc43xx.o
    0x2000011c        -       0x0000001c   Zero   RW           77    .bss.SSP0_Xfer      ssp_lpc43xx.o
    0x20000138        -       0x00000200   Zero   RW          167    HEAP                startup_lpc43xx.o
    0x20000338        -       0x00000400   Zero   RW          166    STACK               startup_lpc43xx.o


==============================================================================

Image component sizes


      Code (inc. data)   RO Data    RW Data    ZI Data      Debug   Object Name

        10          0          0          0          0        370   cm4_sd_main.o
       632          0          0          0        164      13862   gpdma_lpc43xx.o
       556          0        130          0         44      14462   ssp_lpc43xx.o
        64         26        768          0       1536        896   startup_lpc43xx.o
      3386         36         20          4          0      18611   system_lpc43xx.o

    ----------------------------------------------------------------------
      4662         62        952          4       1748      48201   Object Totals
         0          0         32          0          0          0   (incl. Generated)
        14          0          2          0          4          0   (incl. Padding)

    ----------------------------------------------------------------------

      Code (inc. data)   RO Data    RW Data    ZI Data      Debug   Library Member Name

         8          0          0          0          0         68   __main.o
         0          0          0          0          0          0   __rtentry.o
        12          0          0          0          0          0   __rtentry2.o
         6          0          0          0          0          0   __rtentry4.o
        52          8          0          0          0          0   __scatter.o
        26          0          0          0          0          0   __scatter_copy.o
        28          0          0          0          0          0   __scatter_zi.o
        18          0          0          0          0         80   exit.o
         6          0          0          0          0        152   heapauxi.o
         0          0          0          0          0          0   indicate_semi.o
         2          0          0          0          0          0   libinit.o
         6          0          0          0          0          0   libinit2.o
         2          0          0          0          0          0   libshutdown.o
         2          0          0          0          0          0   libshutdown2.o
         8          4          0          0         96         68   libspace.o
       240          0          0          0          0        100   lludivv7m.o
         2          0          0          0          0          0   rtexit.o
        10          0          0          0          0          0   rtexit2.o
        12          4          0          0          0         68   sys_exit.o
        74          0          0          0          0         80   sys_stackheap_outer.o
         2          0          0          0          0         68   use_no_semi.o
        26          0          0          0          0        116   fpinit.o

    ----------------------------------------------------------------------
       550         16          0          0         96        800   Library Totals
         8          0          0          0          0          0   (incl. Padding)

    ----------------------------------------------------------------------

      Code (inc. data)   RO Data    RW Data    ZI Data      Debug   Library Name

       516         16          0          0         96        684   c_w.l
        26          0          0          0          0        116   fz_wm.l

    ----------------------------------------------------------------------
       550         16          0          0         96        800   Library Totals

    ----------------------------------------------------------------------

==============================================================================


      Code (inc. data)   RO Data    RW Data    ZI Data      Debug   

      5212         78        952          4       1844      48733   Grand Totals
      5212         78        952          4       1844      48733   ELF Image Totals
      5212         78        952          4          0          0   ROM Totals

==============================================================================

    Total RO  Size (Code + RO Data)                 6164 (   6.02kB)
    Total RW  Size (RW Data + ZI Data)              1848 (   1.80kB)
    Total ROM Size (Code + RO Data + RW Data)       6168 (   6.02kB)

==============================================================================

